05-27 22:49:59.580  2054  8799 D WindowManager: Collecting in transition 1738: ActivityRecord{f6df3d5 u0 org.kffs.habilisdatalogger/org.kivy.android.PythonActivity init visibleRequested:false
05-27 22:49:59.582  2054  8799 I WindowManager: When perf version lower than 2.3, MiGTStub result: false, gameType: 1, packageName: org.kffs.habilisdatalogger
05-27 22:49:59.587  2054  8799 D WindowManager: setLockTaskAuth: task=Task{dd9e7ea #53596 type=standard A=10276:org.kffs.habilisdatalogger} mLockTaskAuth=LOCK_TASK_AUTH_PINNABLE
05-27 22:49:59.587  2054  8799 D WindowManager: Collecting in transition 1738: Task{dd9e7ea #53596 type=standard A=10276:org.kffs.habilisdatalogger} init visibleRequested:false
05-27 22:49:59.589  2054  8799 D WindowManager: setLockTaskAuth: task=Task{dd9e7ea #53596 type=standard A=10276:org.kffs.habilisdatalogger} mLockTaskAuth=LOCK_TASK_AUTH_PINNABLE
05-27 22:49:59.589  2054  8799 D MiuiFreeFormManagerService: onStartActivityInner as = Task{dd9e7ea #53596 type=standard A=10276:org.kffs.habilisdatalogger} op = ActivityOptions(231930232), mPackageName=null, mAnimationType=13, mStartX=0, mStartY=0, mWidth=0, mHeight=0, mLaunchDisplayId=-1, activityOptionsInjector=ActivityOptionsInjector={freeformScale: -1.0, miniFreeformMode: false, needAnimation: true, useCustomLaunchBounds:false}
05-27 22:49:59.591  2054  8799 I ActivityTaskManager: resumeTopActivityInnerLocked topActivity:ActivityRecord{f6df3d5 u0 org.kffs.habilisdatalogger/org.kivy.android.PythonActivity t53596} isFocusable:true this:Task{dd9e7ea #53596 type=standard A=10276:org.kffs.habilisdatalogger}
05-27 22:49:59.594  2054  8799 D WindowManager: Collecting in transition 1738: ActivityRecord{f6df3d5 u0 org.kffs.habilisdatalogger/org.kivy.android.PythonActivity t53596} init visibleRequested:false
05-27 22:49:59.594  2054  8799 I ActivityRecordImpl: setReadyForStartingWindow activityRecord = ActivityRecord{f6df3d5 u0 org.kffs.habilisdatalogger/org.kivy.android.PythonActivity t53596}
05-27 22:49:59.596  2054  8799 D WindowManager: Collecting in transition 1738: ActivityRecord{f6df3d5 u0 org.kffs.habilisdatalogger/org.kivy.android.PythonActivity t53596} init visibleRequested:true
05-27 22:49:59.600  2054  8799 I ActivityTaskManager: START u0 {act=android.intent.action.MAIN cat=[android.intent.category.LAUNCHER] flg=0x10200000 cmp=org.kffs.habilisdatalogger/org.kivy.android.PythonActivity bnds=[330,1738][510,1918] (has extras)} with LAUNCH_SINGLE_TASK from uid 10080 from pid 4050 callingPackage com.miui.home (BAL_ALLOW_ALLOWLISTED_COMPONENT) result code=0
05-27 22:49:59.607  2054  2363 I BLASTSyncEngine: SyncGroup 1738:  Unfinished container:ActivityRecord{f6df3d5 u0 org.kffs.habilisdatalogger/org.kivy.android.PythonActivity t53596}
05-27 22:49:59.607  2054  2363 I ActivityRecordImpl: isReadyForStartingWindow topActivity = ActivityRecord{f6df3d5 u0 org.kffs.habilisdatalogger/org.kivy.android.PythonActivity t53596} isLaunchSourceTypeHome = true topActivity.mStartingWindow = null
05-27 22:49:59.607  2054  2363 I BLASTSyncEngine: isActivitySyncFinished isSyncFinished false ActivityRecord{f6df3d5 u0 org.kffs.habilisdatalogger/org.kivy.android.PythonActivity t53596}
05-27 22:49:59.613  2054  2363 I BLASTSyncEngine: SyncGroup 1738:  Unfinished container:ActivityRecord{f6df3d5 u0 org.kffs.habilisdatalogger/org.kivy.android.PythonActivity t53596}
05-27 22:49:59.614  2054  2363 I ActivityRecordImpl: isReadyForStartingWindow topActivity = ActivityRecord{f6df3d5 u0 org.kffs.habilisdatalogger/org.kivy.android.PythonActivity t53596} isLaunchSourceTypeHome = true topActivity.mStartingWindow = Window{bfaa9b7 u0 Splash Screen org.kffs.habilisdatalogger}
05-27 22:49:59.614  2054  2363 I BLASTSyncEngine: SyncGroup 1738:  Unfinished container:Task{dd9e7ea #53596 type=standard A=10276:org.kffs.habilisdatalogger}
05-27 22:49:59.614  2054  2363 I ActivityRecordImpl: isReadyForStartingWindow topActivity = ActivityRecord{f6df3d5 u0 org.kffs.habilisdatalogger/org.kivy.android.PythonActivity t53596} isLaunchSourceTypeHome = true topActivity.mStartingWindow = Window{bfaa9b7 u0 Splash Screen org.kffs.habilisdatalogger}
05-27 22:49:59.614  2054  2363 I SmartPower: org.kffs.habilisdatalogger/10276(0): died->visible(79769ms) R(become visible) adj=-10000.
05-27 22:49:59.614  2054  2363 D WindowManager: Final targets: [Task{dd9e7ea #53596 type=standard A=10276:org.kffs.habilisdatalogger}, Task{8b7be85 #1 type=home}]
05-27 22:49:59.618  2054  2363 D WindowManager: Calling onTransitionReady info={id=1738 t=OPEN f=0x0 trk=0 r=[0@Point(0, 0)] c=[{WCT{RemoteToken{6df6089 Task{dd9e7ea #53596 type=standard A=10276:org.kffs.habilisdatalogger}}} m=OPEN f=NONE leash=Surface(name=Task=53596#28730)/@0x8862a53 sb=Rect(0, 0 - 1080, 2400) eb=Rect(0, 0 - 1080, 2400) d=0},{WCT{RemoteToken{c90cabe Task{8b7be85 #1 type=home}}} m=TO_BACK f=SHOW_WALLPAPER leash=Surface(name=Task=1#45)/@0x9160a40 sb=Rect(0, 0 - 1080, 2400) eb=Rect(0, 0 - 1080, 2400) d=0}] noAni=[false]}, mToken=Token{f7c088e TransitionRecord{5a6f851 id=1738 type=OPEN flags=0x0}}
05-27 22:49:59.641  2054  2385 I ActivityManager: Start proc 25440:org.kffs.habilisdatalogger/u0a276 for top-activity {org.kffs.habilisdatalogger/org.kivy.android.PythonActivity} caller=com.miui.home
05-27 22:49:59.645  2054  2819 D CoreBackPreview: Window{bfaa9b7 u0 Splash Screen org.kffs.habilisdatalogger}: Setting back callback OnBackInvokedCallbackInfo{mCallback=android.window.IOnBackInvokedCallback$Stub$Proxy@c249b66, mPriority=0, mIsAnimationCallback=false}
05-27 22:49:59.656  2054  2363 I WindowManager: wms.showSurfaceRobustly mWin:Window{bfaa9b7 u0 Splash Screen org.kffs.habilisdatalogger}
05-27 22:49:59.658  4004  4239 D MiuiFullScreenTaskRepository: addOrUpdateFullScreenTaskInfo taskId=53596, topActivity=ComponentInfo{org.kffs.habilisdatalogger/org.kivy.android.PythonActivity}
05-27 22:49:59.723  4004  4239 D MiuiFullScreenTaskRepository: addOrUpdateFullScreenTaskInfo taskId=53596, topActivity=ComponentInfo{org.kffs.habilisdatalogger/org.kivy.android.PythonActivity}
05-27 22:49:59.736  4004  4239 D MiuiFullScreenTaskRepository: setFocusedTask taskId=53596, displayId=0, topActivity=ComponentInfo{org.kffs.habilisdatalogger/org.kivy.android.PythonActivity}
05-27 22:49:59.736  4004  4239 D MiuiFullScreenTaskRepository: addOrUpdateFullScreenTaskInfo taskId=53596, topActivity=ComponentInfo{org.kffs.habilisdatalogger/org.kivy.android.PythonActivity}
05-27 22:49:59.737  4004  4239 D MiuiFreeformModeController: onFocusTaskChanged taskInfo: TaskInfo{userId=0 taskId=53596 displayId=0 isRunning=true baseIntent=Intent { act=android.intent.action.MAIN cat=[android.intent.category.LAUNCHER] flg=0x10200000 cmp=org.kffs.habilisdatalogger/org.kivy.android.PythonActivity } baseActivity=ComponentInfo{org.kffs.habilisdatalogger/org.kivy.android.PythonActivity} topActivity=ComponentInfo{org.kffs.habilisdatalogger/org.kivy.android.PythonActivity} origActivity=null realActivity=ComponentInfo{org.kffs.habilisdatalogger/org.kivy.android.PythonActivity} numActivities=1 lastActiveTime=267273280 supportsSplitScreenMultiWindow=true supportsMultiWindow=true resizeMode=1 isResizeable=true minWidth=-1 minHeight=-1 defaultMinSize=200 token=WCT{android.window.IWindowContainerToken$Stub$Proxy@8211089} topActivityType=1 pictureInPictureParams=null shouldDockBigOverlays=false launchIntoPipHostTaskId=-1 lastParentTaskIdBeforePip=-1 displayCutoutSafeInsets=Rect(0, 98 - 0, 0) topActivityInfo=ActivityInfo{c13f88e org.kivy.android.PythonActivity} launchCookies=[] positionInParent=Point(0, 0) parentTaskId=-1 isFocused=true isVisible=true isVisibleRequested=true isSleeping=false topActivityInSizeCompat=false topActivityInMiuiSizeCompat=false topActivityEligibleForLetterboxEducation= false topActivityLetterboxed= false isFromDoubleTap= false topActivityLetterboxVerticalPosition= -1 topActivityLetterboxHorizontalPosition= -1 topActivityLetterboxWidth=-1 topActivityLetterboxHeight=-1 locusId=null displayAreaFeatureId=1 cameraCompatControlState=hidden mIsCastMode=false mTopActivityMediaSize=null mTopActivityRecordName=ActivityRecord{f6df3d5 u0 org.kffs.habilisdatalogger/org.kivy.android.PythonActivity t53596} mTopActivityOrientation=1 mTopActivityWindowIsNowVisible=false isTranslucent=false isEmbedded=false shouldBeVisible=true mBehindAppLockPkg=null mOriginatingUid=0}
05-27 22:49:59.809  2054  2819 I UiModeManager: systemserver package:org.kffs.habilisdatalogger null
05-27 22:49:59.849  4004  4239 D MiuiFullScreenTaskRepository: setFocusedTask taskId=53596, displayId=0, topActivity=ComponentInfo{org.kffs.habilisdatalogger/org.kivy.android.PythonActivity}
05-27 22:49:59.849  4004  4239 D MiuiFullScreenTaskRepository: addOrUpdateFullScreenTaskInfo taskId=53596, topActivity=ComponentInfo{org.kffs.habilisdatalogger/org.kivy.android.PythonActivity}
05-27 22:49:59.904 25440 25440 I ForceDarkHelperStubImpl: setViewRootImplForceDark: false for org.kivy.android.PythonActivity@18f6e8, reason: AppDarkModeEnable
05-27 22:49:59.915  4004  6123 D MiuiFreeformModeObserver: activityResumed() intent： Intent { cmp=org.kffs.habilisdatalogger/org.kivy.android.PythonActivity (has extras) }
05-27 22:50:00.071  2054  8827 D CoreBackPreview: Window{5dae5ee u0 org.kffs.habilisdatalogger/org.kivy.android.PythonActivity}: Setting back callback OnBackInvokedCallbackInfo{mCallback=android.window.IOnBackInvokedCallback$Stub$Proxy@b5d4c87, mPriority=0, mIsAnimationCallback=false}
05-27 22:50:00.083  2054  8827 D WindowManager: wms.Input focus has changed to Window{5dae5ee u0 org.kffs.habilisdatalogger/org.kivy.android.PythonActivity} display=0 updateInputWindows = true
05-27 22:50:00.154  2054  4731 D WindowManager: wms.finishDrawingLocked: mDrawState=COMMIT_DRAW_PENDING Window{5dae5ee u0 org.kffs.habilisdatalogger/org.kivy.android.PythonActivity} in Surface(name=org.kffs.habilisdatalogger/org.kivy.android.PythonActivity#28743)/@0xe52cb20
05-27 22:50:00.158  2054  2363 I WindowManager: wms.showSurfaceRobustly mWin:Window{5dae5ee u0 org.kffs.habilisdatalogger/org.kivy.android.PythonActivity}
05-27 22:50:00.181  2054  4731 D CoreBackPreview: Window{bfaa9b7 u0 Splash Screen org.kffs.habilisdatalogger}: Setting back callback null
05-27 22:50:00.187  2054  3094 D tsched_scene: handleWindowChanged: pkgName: org.kffs.habilisdatalogger, mForegroundAppName: com.miui.home
05-27 22:50:00.217  2054  4731 W PackageConfigPersister: App-specific configuration not found for packageName: org.kffs.habilisdatalogger and userId: 0
05-27 22:50:00.266  2054  4731 I Transition: finishTransition: updateLastSurfacePosition tf=Task{dd9e7ea #53596 type=standard A=10276:org.kffs.habilisdatalogger}
05-27 22:50:00.757  2054  7686 I PowerManagerServiceImpl: Acquire wakelock: SCREEN_BRIGHT_WAKE_LOCK        'WindowManager/displayId:0' ON_AFTER_RELEASE (uid=1000 pid=2054 pkg=android ws=WorkSource{10276 org.kffs.habilisdatalogger})
05-27 22:50:00.772  2054  7686 I PowerManagerServiceImpl: Release wakelock: SCREEN_BRIGHT_WAKE_LOCK        'WindowManager/displayId:0' ON_AFTER_RELEASE DISABLED ACQ=-13ms (uid=1000 pid=2054 pkg=android ws=WorkSource{10276 org.kffs.habilisdatalogger})
05-27 22:50:00.875  2054  4100 I ActivityManager: Process org.kffs.habilisdatalogger (pid 25440) has died: fg  TOP 
05-27 22:50:00.876  2054  2910 I WindowManager: WIN DEATH: Window{5dae5ee u0 org.kffs.habilisdatalogger/org.kivy.android.PythonActivity}
05-27 22:50:00.885  2054  4100 W ActivityTaskManager: Force removing ActivityRecord{f6df3d5 u0 org.kffs.habilisdatalogger/org.kivy.android.PythonActivity t53596}: app died, no saved state
05-27 22:50:00.886  2054  4100 D WindowManager: Collecting in transition 1739: Task{dd9e7ea #53596 type=standard A=10276:org.kffs.habilisdatalogger} init visibleRequested:true
05-27 22:50:00.887  2054  4100 D WindowManager: Collecting in transition 1739: ActivityRecord{f6df3d5 u0 org.kffs.habilisdatalogger/org.kivy.android.PythonActivity t53596 f}} init visibleRequested:false
05-27 22:50:00.887  2054  4100 W WindowManager: onSyncReparent mSyncState =2, mSyncGroup = com.android.server.wm.BLASTSyncEngine$SyncGroup@a865014 this: ActivityRecord{f6df3d5 u0 org.kffs.habilisdatalogger/org.kivy.android.PythonActivity t53596 f}}
05-27 22:50:00.887  2054  4100 I ActivityTaskManager: Do not migrate a removing Task! Task{dd9e7ea #53596 type=standard A=10276:org.kffs.habilisdatalogger}
05-27 22:50:00.887  2054  4100 W WindowManager: onSyncReparent mSyncState =2, mSyncGroup = com.android.server.wm.BLASTSyncEngine$SyncGroup@a865014 this: Task{dd9e7ea #53596 type=standard A=10276:org.kffs.habilisdatalogger}
05-27 22:50:00.955  2054  3094 D tsched_scene: handleWindowChanged: pkgName: com.miui.home, mForegroundAppName: org.kffs.habilisdatalogger
05-27 22:50:00.962  2054  7684 I Transition: finishTransition: updateLastSurfacePosition tf=Task{dd9e7ea #53596 type=standard A=10276:org.kffs.habilisdatalogger}
05-27 22:51:48.201  2054  4100 D WindowManager: Collecting in transition 1742: ActivityRecord{2ded553 u0 org.kffs.habilisdatalogger/org.kivy.android.PythonActivity init visibleRequested:false
05-27 22:51:48.202  2054  4100 I WindowManager: When perf version lower than 2.3, MiGTStub result: false, gameType: 1, packageName: org.kffs.habilisdatalogger
05-27 22:51:48.206  2054  4100 D WindowManager: setLockTaskAuth: task=Task{f124e90 #53597 type=standard A=10276:org.kffs.habilisdatalogger} mLockTaskAuth=LOCK_TASK_AUTH_PINNABLE
05-27 22:51:48.206  2054  4100 D WindowManager: Collecting in transition 1742: Task{f124e90 #53597 type=standard A=10276:org.kffs.habilisdatalogger} init visibleRequested:false
05-27 22:51:48.209  2054  4100 D WindowManager: setLockTaskAuth: task=Task{f124e90 #53597 type=standard A=10276:org.kffs.habilisdatalogger} mLockTaskAuth=LOCK_TASK_AUTH_PINNABLE
05-27 22:51:48.209  2054  4100 D MiuiFreeFormManagerService: onStartActivityInner as = Task{f124e90 #53597 type=standard A=10276:org.kffs.habilisdatalogger} op = ActivityOptions(213970830), mPackageName=null, mAnimationType=13, mStartX=0, mStartY=0, mWidth=0, mHeight=0, mLaunchDisplayId=-1, activityOptionsInjector=ActivityOptionsInjector={freeformScale: -1.0, miniFreeformMode: false, needAnimation: true, useCustomLaunchBounds:false}
05-27 22:51:48.211  2054  4100 I ActivityTaskManager: resumeTopActivityInnerLocked topActivity:ActivityRecord{2ded553 u0 org.kffs.habilisdatalogger/org.kivy.android.PythonActivity t53597} isFocusable:true this:Task{f124e90 #53597 type=standard A=10276:org.kffs.habilisdatalogger}
05-27 22:51:48.212  2054  4100 D WindowManager: Collecting in transition 1742: ActivityRecord{2ded553 u0 org.kffs.habilisdatalogger/org.kivy.android.PythonActivity t53597} init visibleRequested:false
05-27 22:51:48.212  2054  4100 I ActivityRecordImpl: setReadyForStartingWindow activityRecord = ActivityRecord{2ded553 u0 org.kffs.habilisdatalogger/org.kivy.android.PythonActivity t53597}
05-27 22:51:48.214  2054  4100 D WindowManager: Collecting in transition 1742: ActivityRecord{2ded553 u0 org.kffs.habilisdatalogger/org.kivy.android.PythonActivity t53597} init visibleRequested:true
05-27 22:51:48.217  2054  4100 I ActivityTaskManager: START u0 {act=android.intent.action.MAIN cat=[android.intent.category.LAUNCHER] flg=0x10200000 cmp=org.kffs.habilisdatalogger/org.kivy.android.PythonActivity bnds=[326,1733][506,1913] (has extras)} with LAUNCH_SINGLE_TASK from uid 10080 from pid 4050 callingPackage com.miui.home (BAL_ALLOW_ALLOWLISTED_COMPONENT) result code=0
05-27 22:51:48.222  2054  2363 I BLASTSyncEngine: SyncGroup 1742:  Unfinished container:Task{f124e90 #53597 type=standard A=10276:org.kffs.habilisdatalogger}
05-27 22:51:48.222  2054  2363 I ActivityRecordImpl: isReadyForStartingWindow topActivity = ActivityRecord{2ded553 u0 org.kffs.habilisdatalogger/org.kivy.android.PythonActivity t53597} isLaunchSourceTypeHome = true topActivity.mStartingWindow = null
05-27 22:51:48.223  2054  2363 I BLASTSyncEngine: isActivitySyncFinished isSyncFinished false Task{f124e90 #53597 type=standard A=10276:org.kffs.habilisdatalogger}
05-27 22:51:48.240  2054  2363 I BLASTSyncEngine: SyncGroup 1742:  Unfinished container:Task{f124e90 #53597 type=standard A=10276:org.kffs.habilisdatalogger}
05-27 22:51:48.240  2054  2363 I ActivityRecordImpl: isReadyForStartingWindow topActivity = ActivityRecord{2ded553 u0 org.kffs.habilisdatalogger/org.kivy.android.PythonActivity t53597} isLaunchSourceTypeHome = true topActivity.mStartingWindow = Window{3395fa8 u0 Splash Screen org.kffs.habilisdatalogger}
05-27 22:51:48.240  2054  2363 I BLASTSyncEngine: SyncGroup 1742:  Unfinished container:ActivityRecord{2ded553 u0 org.kffs.habilisdatalogger/org.kivy.android.PythonActivity t53597}
05-27 22:51:48.240  2054  2363 I ActivityRecordImpl: isReadyForStartingWindow topActivity = ActivityRecord{2ded553 u0 org.kffs.habilisdatalogger/org.kivy.android.PythonActivity t53597} isLaunchSourceTypeHome = true topActivity.mStartingWindow = Window{3395fa8 u0 Splash Screen org.kffs.habilisdatalogger}
05-27 22:51:48.240  2054  2363 I SmartPower: org.kffs.habilisdatalogger/10276(25440): died->visible(81111ms) R(become visible) adj=0.
05-27 22:51:48.240  2054  2363 D WindowManager: Final targets: [Task{f124e90 #53597 type=standard A=10276:org.kffs.habilisdatalogger}, Task{8b7be85 #1 type=home}]
05-27 22:51:48.242  2054  2363 D WindowManager: Calling onTransitionReady info={id=1742 t=OPEN f=0x0 trk=0 r=[0@Point(0, 0)] c=[{WCT{RemoteToken{493ba4a Task{f124e90 #53597 type=standard A=10276:org.kffs.habilisdatalogger}}} m=OPEN f=NONE leash=Surface(name=Task=53597#28778)/@0x80f93ec sb=Rect(0, 0 - 1080, 2400) eb=Rect(0, 0 - 1080, 2400) d=0},{WCT{RemoteToken{c90cabe Task{8b7be85 #1 type=home}}} m=TO_BACK f=SHOW_WALLPAPER leash=Surface(name=Task=1#45)/@0x9160a40 sb=Rect(0, 0 - 1080, 2400) eb=Rect(0, 0 - 1080, 2400) d=0}] noAni=[false]}, mToken=Token{4e50dbb TransitionRecord{cf773af id=1742 type=OPEN flags=0x0}}
05-27 22:51:48.286  2054  2385 I ActivityManager: Start proc 26499:org.kffs.habilisdatalogger/u0a276 for top-activity {org.kffs.habilisdatalogger/org.kivy.android.PythonActivity} caller=com.miui.home
05-27 22:51:48.301  2054  4248 D CoreBackPreview: Window{3395fa8 u0 Splash Screen org.kffs.habilisdatalogger}: Setting back callback OnBackInvokedCallbackInfo{mCallback=android.window.IOnBackInvokedCallback$Stub$Proxy@47625aa, mPriority=0, mIsAnimationCallback=false}
05-27 22:51:48.320  2054  2363 I WindowManager: wms.showSurfaceRobustly mWin:Window{3395fa8 u0 Splash Screen org.kffs.habilisdatalogger}
05-27 22:51:48.323  4004  4239 D MiuiFullScreenTaskRepository: addOrUpdateFullScreenTaskInfo taskId=53597, topActivity=ComponentInfo{org.kffs.habilisdatalogger/org.kivy.android.PythonActivity}
05-27 22:51:48.403  4004  4239 D MiuiFullScreenTaskRepository: addOrUpdateFullScreenTaskInfo taskId=53597, topActivity=ComponentInfo{org.kffs.habilisdatalogger/org.kivy.android.PythonActivity}
05-27 22:51:48.429  4004  4239 D MiuiFullScreenTaskRepository: setFocusedTask taskId=53597, displayId=0, topActivity=ComponentInfo{org.kffs.habilisdatalogger/org.kivy.android.PythonActivity}
05-27 22:51:48.429  4004  4239 D MiuiFullScreenTaskRepository: addOrUpdateFullScreenTaskInfo taskId=53597, topActivity=ComponentInfo{org.kffs.habilisdatalogger/org.kivy.android.PythonActivity}
05-27 22:51:48.429  4004  4239 D MiuiFreeformModeController: onFocusTaskChanged taskInfo: TaskInfo{userId=0 taskId=53597 displayId=0 isRunning=true baseIntent=Intent { act=android.intent.action.MAIN cat=[android.intent.category.LAUNCHER] flg=0x10200000 cmp=org.kffs.habilisdatalogger/org.kivy.android.PythonActivity } baseActivity=ComponentInfo{org.kffs.habilisdatalogger/org.kivy.android.PythonActivity} topActivity=ComponentInfo{org.kffs.habilisdatalogger/org.kivy.android.PythonActivity} origActivity=null realActivity=ComponentInfo{org.kffs.habilisdatalogger/org.kivy.android.PythonActivity} numActivities=1 lastActiveTime=267381960 supportsSplitScreenMultiWindow=true supportsMultiWindow=true resizeMode=1 isResizeable=true minWidth=-1 minHeight=-1 defaultMinSize=200 token=WCT{android.window.IWindowContainerToken$Stub$Proxy@1a86de0} topActivityType=1 pictureInPictureParams=null shouldDockBigOverlays=false launchIntoPipHostTaskId=-1 lastParentTaskIdBeforePip=-1 displayCutoutSafeInsets=Rect(0, 98 - 0, 0) topActivityInfo=ActivityInfo{1713899 org.kivy.android.PythonActivity} launchCookies=[] positionInParent=Point(0, 0) parentTaskId=-1 isFocused=true isVisible=true isVisibleRequested=true isSleeping=false topActivityInSizeCompat=false topActivityInMiuiSizeCompat=false topActivityEligibleForLetterboxEducation= false topActivityLetterboxed= false isFromDoubleTap= false topActivityLetterboxVerticalPosition= -1 topActivityLetterboxHorizontalPosition= -1 topActivityLetterboxWidth=-1 topActivityLetterboxHeight=-1 locusId=null displayAreaFeatureId=1 cameraCompatControlState=hidden mIsCastMode=false mTopActivityMediaSize=null mTopActivityRecordName=ActivityRecord{2ded553 u0 org.kffs.habilisdatalogger/org.kivy.android.PythonActivity t53597} mTopActivityOrientation=1 mTopActivityWindowIsNowVisible=false isTranslucent=false isEmbedded=false shouldBeVisible=true mBehindAppLockPkg=null mOriginatingUid=0}
05-27 22:51:48.492  2054  7150 I UiModeManager: systemserver package:org.kffs.habilisdatalogger null
05-27 22:51:48.560  4004  4239 D MiuiFullScreenTaskRepository: setFocusedTask taskId=53597, displayId=0, topActivity=ComponentInfo{org.kffs.habilisdatalogger/org.kivy.android.PythonActivity}
05-27 22:51:48.561  4004  4239 D MiuiFullScreenTaskRepository: addOrUpdateFullScreenTaskInfo taskId=53597, topActivity=ComponentInfo{org.kffs.habilisdatalogger/org.kivy.android.PythonActivity}
05-27 22:51:48.596 26499 26499 I ForceDarkHelperStubImpl: setViewRootImplForceDark: false for org.kivy.android.PythonActivity@18f6e8, reason: AppDarkModeEnable
05-27 22:51:48.605  4004  4732 D MiuiFreeformModeObserver: activityResumed() intent： Intent { cmp=org.kffs.habilisdatalogger/org.kivy.android.PythonActivity (has extras) }
05-27 22:51:48.750  2054  7153 D CoreBackPreview: Window{21e181d u0 org.kffs.habilisdatalogger/org.kivy.android.PythonActivity}: Setting back callback OnBackInvokedCallbackInfo{mCallback=android.window.IOnBackInvokedCallback$Stub$Proxy@b3f1b80, mPriority=0, mIsAnimationCallback=false}
05-27 22:51:48.772  2054  4100 D WindowManager: wms.Input focus has changed to Window{21e181d u0 org.kffs.habilisdatalogger/org.kivy.android.PythonActivity} display=0 updateInputWindows = true
05-27 22:51:48.847  2054  4100 D WindowManager: wms.finishDrawingLocked: mDrawState=COMMIT_DRAW_PENDING Window{21e181d u0 org.kffs.habilisdatalogger/org.kivy.android.PythonActivity} in Surface(name=org.kffs.habilisdatalogger/org.kivy.android.PythonActivity#28791)/@0xceffa2b
05-27 22:51:48.857  2054  2363 I WindowManager: wms.showSurfaceRobustly mWin:Window{21e181d u0 org.kffs.habilisdatalogger/org.kivy.android.PythonActivity}
05-27 22:51:48.871  2054  7153 D CoreBackPreview: Window{3395fa8 u0 Splash Screen org.kffs.habilisdatalogger}: Setting back callback null
05-27 22:51:48.881  2054  3094 D tsched_scene: handleWindowChanged: pkgName: org.kffs.habilisdatalogger, mForegroundAppName: com.miui.home
05-27 22:51:48.894  2054  7153 I Transition: finishTransition: updateLastSurfacePosition tf=Task{f124e90 #53597 type=standard A=10276:org.kffs.habilisdatalogger}
05-27 22:51:48.940  2054  2910 W PackageConfigPersister: App-specific configuration not found for packageName: org.kffs.habilisdatalogger and userId: 0
05-27 22:51:49.482  2054  2150 I PowerManagerServiceImpl: Acquire wakelock: SCREEN_BRIGHT_WAKE_LOCK        'WindowManager/displayId:0' ON_AFTER_RELEASE (uid=1000 pid=2054 pkg=android ws=WorkSource{10276 org.kffs.habilisdatalogger})
05-27 22:51:49.517  2054  2150 I PowerManagerServiceImpl: Release wakelock: SCREEN_BRIGHT_WAKE_LOCK        'WindowManager/displayId:0' ON_AFTER_RELEASE DISABLED ACQ=-32ms (uid=1000 pid=2054 pkg=android ws=WorkSource{10276 org.kffs.habilisdatalogger})
05-27 22:51:49.624  2054  2150 I WindowManager: WIN DEATH: Window{21e181d u0 org.kffs.habilisdatalogger/org.kivy.android.PythonActivity}
05-27 22:51:49.625  2054  4731 I ActivityManager: Process org.kffs.habilisdatalogger (pid 26499) has died: fg  TOP 
05-27 22:51:49.636  2054  4731 W ActivityTaskManager: Force removing ActivityRecord{2ded553 u0 org.kffs.habilisdatalogger/org.kivy.android.PythonActivity t53597}: app died, no saved state
05-27 22:51:49.637  2054  4731 D WindowManager: Collecting in transition 1743: Task{f124e90 #53597 type=standard A=10276:org.kffs.habilisdatalogger} init visibleRequested:true
05-27 22:51:49.637  2054  4731 D WindowManager: Collecting in transition 1743: ActivityRecord{2ded553 u0 org.kffs.habilisdatalogger/org.kivy.android.PythonActivity t53597 f}} init visibleRequested:false
05-27 22:51:49.638  2054  4731 W WindowManager: onSyncReparent mSyncState =2, mSyncGroup = com.android.server.wm.BLASTSyncEngine$SyncGroup@88cc26a this: ActivityRecord{2ded553 u0 org.kffs.habilisdatalogger/org.kivy.android.PythonActivity t53597 f}}
05-27 22:51:49.638  2054  4731 I ActivityTaskManager: Do not migrate a removing Task! Task{f124e90 #53597 type=standard A=10276:org.kffs.habilisdatalogger}
05-27 22:51:49.638  2054  4731 W WindowManager: onSyncReparent mSyncState =2, mSyncGroup = com.android.server.wm.BLASTSyncEngine$SyncGroup@88cc26a this: Task{f124e90 #53597 type=standard A=10276:org.kffs.habilisdatalogger}
05-27 22:51:49.704  2054  3094 D tsched_scene: handleWindowChanged: pkgName: com.miui.home, mForegroundAppName: org.kffs.habilisdatalogger
05-27 22:51:49.718  2054  2819 I Transition: finishTransition: updateLastSurfacePosition tf=Task{f124e90 #53597 type=standard A=10276:org.kffs.habilisdatalogger}
05-27 22:59:30.356  2054  7685 D PackageManager: Uninstall pkg: org.kffs.habilisdatalogger u0 flags:4 from u10080/4050 of com.miui.home
05-27 22:59:30.365  2054  2384 I ActivityManager: Force stopping org.kffs.habilisdatalogger appid=10276 user=0: deletePackageX
05-27 22:59:30.368  2054  2781 I AppsFilter: interaction: PackageSetting{e8b2717 com.fido.asm/10106} -> PackageSetting{5f18677 org.kffs.habilisdatalogger/10276} BLOCKED
05-27 22:59:30.870  2054  2781 W PackageManager: java.lang.IllegalArgumentException: Unable to get package org.kffs.habilisdatalogger
05-27 22:59:30.875  2054  2781 I PermissionManager: Removing permission org.kffs.habilisdatalogger.DYNAMIC_RECEIVER_NOT_EXPORTED_PERMISSION that used to be declared by org.kffs.habilisdatalogger
05-27 22:59:30.989  2054  2781 W PackageFreezer: Freeze package org.kffs.habilisdatalogger about 0.624 seconds for reason: deletePackageX
05-27 22:59:31.016  2054  2781 I ActivityManager: Force stopping org.kffs.habilisdatalogger appid=10276 user=0: pkg removed
05-27 22:59:31.034  2054  2781 I ActivityManager: Force stopping org.kffs.habilisdatalogger appid=10276 user=0: pkg removed
05-27 22:59:32.319  2054  2834 I RollbackManager: broadcast=ACTION_PACKAGE_FULLY_REMOVED pkg=org.kffs.habilisdatalogger
05-27 22:59:32.484  2054  2054 I Telecom : CarModeTracker: Package org.kffs.habilisdatalogger is not tracked.: SSH.oR@HZA
05-27 22:59:32.537  2054  2054 I ConditionProviders: Disallowing condition provider org.kffs.habilisdatalogger (userSet: true)
05-27 23:02:35.243 31343 31343 I IconCustomizer: find better bitmap : 128, for org.kffs.habilisdatalogger
05-27 23:02:35.243 31343 31343 I IconCustomizer: find better bitmap : 128, for org.kffs.habilisdatalogger
05-27 23:02:35.244 31343 31343 I IconCustomizer: find better bitmap : 128, for org.kffs.habilisdatalogger
05-27 23:02:35.248 31343 31343 D IconCustomizer: Generate customized icon for org.kffs.habilisdatalogger.png, true
05-27 23:02:35.248 31343 31343 I IconCustomizer: composeIconWithTrans FullMask: for org.kffs.habilisdatalogger.png
05-27 23:02:37.261 13794 13794 I Finsky  : [2] VerifyApps: Install-time verification requested for package org.kffs.habilisdatalogger, PackageManager id = 26, Verifier id = e4037da5-f535-4b48-8f56-025aac9c868f
05-27 23:02:37.389 13794 31649 I Finsky  : [662] VerifyApps: Anti-malware verification task started for package=org.kffs.habilisdatalogger
05-27 23:02:37.503 13794 31649 I Finsky  : [662] VerifyApps: chooseScanResult for package=org.kffs.habilisdatalogger with timeout=15000ms
05-27 23:02:37.516 13794 13828 I Finsky  : [124] VerifyApps: Starting APK Analysis scan for org.kffs.habilisdatalogger.
05-27 23:02:37.519 13794 13828 I Finsky  : [124] Scanning package org.kffs.habilisdatalogger contents with client side protections. File: [UmHBxrk1GJTosUjMEvUPs4sugVEX82uwu_rjuz9EIKA]
05-27 23:02:38.017 13794 31657 I Finsky  : [665] VerifyApps: Verification package=org.kffs.habilisdatalogger, id=26, response=3, upload_requested=false, enable_ecm=true
05-27 23:02:38.024 13794 31657 I Finsky  : [665] VerifyApps: PAM result saving to datastore delayed for package: org.kffs.habilisdatalogger
05-27 23:02:38.026 13794 31649 I Finsky  : [662] VerifyApps: firstScanResult for package=org.kffs.habilisdatalogger: 3
05-27 23:02:38.027 13794 31649 I Finsky  : [662] VerifyApps: chooseScanResult returning verdict 3 for package=org.kffs.habilisdatalogger
05-27 23:02:38.030 13794 31657 E Finsky  : [665] VerifyApps: Unable to get APK Analysis scan result. package=org.kffs.habilisdatalogger
05-27 23:02:38.032 13794 13833 W Finsky  : [129] VerifyApps: APK Analysis scan cancelled for org.kffs.habilisdatalogger.
05-27 23:02:38.032 13794 13833 I Finsky  : [129] VerifyApps: APK Analysis scan finished for org.kffs.habilisdatalogger. Verdict: 0
05-27 23:02:43.292 13794 13831 I Finsky  : [127] VerifyApps: waiting for app installation for org.kffs.habilisdatalogger
05-27 23:02:43.368 13794 13794 I Finsky  : [2] VerifyApps: Install-time verification complete: id=26, package_name=org.kffs.habilisdatalogger
05-27 23:02:43.629  2054  2781 W PackageFreezer: Freeze package org.kffs.habilisdatalogger about 0.191 seconds for reason: installPackageLI
05-27 23:02:43.630  2054  2781 I BackupManagerService: [UserID:0] restoreAtInstall pkg=org.kffs.habilisdatalogger token=1b restoreSet=0
05-27 23:02:43.630  2054  2781 I InstallationTiming: org.kffs.habilisdatalogger|com.google.android.packageinstaller|12870|5795|52|559|0|6191|0
05-27 23:02:43.631  2054  2781 I AppsFilter: interaction: PackageSetting{33304a5 com.fido.asm/10106} -> PackageSetting{cafa5d0 org.kffs.habilisdatalogger/10278} BLOCKED
05-27 23:02:43.811  6404 21861 D MediaGrants: Removed 0 media_grants for 0 user for [org.kffs.habilisdatalogger]. Reason: Mode changed: android:read_external_storage
05-27 23:02:43.812  6404 21861 D MediaGrants: Removed 0 media_grants for 0 user for [org.kffs.habilisdatalogger]. Reason: Mode changed: android:read_external_storage
05-27 23:02:43.814  6404 21859 D MediaGrants: Removed 0 media_grants for 0 user for [org.kffs.habilisdatalogger]. Reason: Mode changed: android:read_external_storage
05-27 23:02:43.884  2054  2380 I MiuiCompatModePackages: package org.kffs.habilisdatalogger updated, removing config
05-27 23:02:43.886  3972  3972 D CarrierSvcBindHelper: onPackageAdded: org.kffs.habilisdatalogger
05-27 23:02:43.894  2054  2905 D MiuiNetworkPolicyAppBuckets: updateAppPN packageName=org.kffs.habilisdatalogger,uid=10278,installed=true
05-27 23:02:43.905  2054  3351 E AppScanObserverService: Try to add a invalid package: org.kffs.habilisdatalogger | 10278 | 0
05-27 23:02:43.921  2054  3280 I SdkSandboxManager: No SDKs used. Skipping SDK data reconcilation for CallingInfo{mUid=10278, mPackageName='org.kffs.habilisdatalogger, mAppProcessToken='null'}
05-27 23:02:43.932  3876  4798 D Avrcp_ext: AvrcpServiceBroadcastReceiver-> packageName: org.kffs.habilisdatalogger
05-27 23:02:43.936  3972  4634 D ImsResolver: maybeAddedImsService, packageName: org.kffs.habilisdatalogger
05-27 23:02:43.939  3876  4798 D Avrcp_ext: packageName: org.kffs.habilisdatalogger removed: false
05-27 23:02:43.942  2054  2054 E SLM-SRV-SLAAppLib: initBroadcastReceiverorg.kffs.habilisdatalogger
05-27 23:02:43.942  2054  2054 I SLM-SRV-SLAAppLib: ACTION_PACKAGE_ADDED uid = 10278org.kffs.habilisdatalogger
05-27 23:02:44.011  3876  3876 D BluetoothMapAppObserver: The installed package is: org.kffs.habilisdatalogger
05-27 23:02:44.042  8252  8787 D AppInstalledReceiver: packageName: org.kffs.habilisdatalogger
05-27 23:02:44.052  2054  2054 I AppsFilter: interaction: PackageSetting{27fa617 com.fido.asm/10106} -> PackageSetting{1beea04 org.kffs.habilisdatalogger/10278} BLOCKED
05-27 23:02:44.069  3972  3972 D CarrierSvcBindHelper: onPackageModified: org.kffs.habilisdatalogger
05-27 23:02:44.072  3972  4634 D ImsResolver: maybeAddedImsService, packageName: org.kffs.habilisdatalogger
05-27 23:02:44.073  8252  8252 I InstalledAppMonitor: org.kffs.habilisdataloggeronReceive add pkg=org.kffs.habilisdatalogger
05-27 23:02:44.090  3876  4798 D Avrcp_ext: AvrcpServiceBroadcastReceiver-> packageName: org.kffs.habilisdatalogger
05-27 23:02:44.091  3876  4798 D Avrcp_ext: packageName: org.kffs.habilisdatalogger removed: false
05-27 23:02:44.151  8252  9555 I GameBoosterNewApp: org.kffs.habilisdatalogger isGameFromJson false
05-27 23:02:44.164 28737 28737 I SafetyLabelChangedBroadcastReceiver: received broadcast packageName: org.kffs.habilisdatalogger, current user: UserHandle{0}, packageChangeEvent: NEW_INSTALL, intent user: UserHandle{0}
05-27 23:02:44.165  8252  8674 I FireWallService: set mobile rule for org.kffs.habilisdatalogger:0:true
05-27 23:02:44.167  8252  8674 I FireWallService: set wifi rule for org.kffs.habilisdatalogger:0
05-27 23:02:44.186  8252  9555 I GameBoosterNewApp: org.kffs.habilisdatalogger isGameFromLocal false
05-27 23:02:44.425 16404 16404 I PackageInstallReceiver: action = android.intent.action.PACKAGE_ADDED packageName = org.kffs.habilisdatalogger
05-27 23:02:44.441 16404 16404 I PackageInstallReceiver: action = android.intent.action.PACKAGE_CHANGED packageName = org.kffs.habilisdatalogger
05-27 23:02:44.456 16404 16518 D AppFinder:PackageUpdatedTask: app enable status changed: org.kffs.habilisdatalogger
05-27 23:02:44.492 13794 13829 I Finsky  : [125] AIM: AppInfoManager-Perf > OnDeviceAppInfo > cacheHitCount=0, cacheMissCount=1. Missed  in cache (limit 10) : [org.kffs.habilisdatalogger]
05-27 23:02:44.545 13794 13794 I Finsky  : [2] AIM: AppInfoCacheUpdater -> invalidating apps: [org.kffs.habilisdatalogger]
05-27 23:02:44.550 13794 13828 I Finsky  : [124] AIM: AppInfoManager-Perf > OnDeviceAppInfo > cacheHitCount=0, cacheMissCount=1. Missed  in cache (limit 10) : [org.kffs.habilisdatalogger]
05-27 23:02:44.560 13794 13794 I Finsky  : [2] VerifyApps: app installation complete for org.kffs.habilisdatalogger
05-27 23:02:44.571 31704 31704 I PI-ScanDispatch: service bind, pkgName = org.kffs.habilisdatalogger, installer = com.google.android.packageinstaller, isReplace = false, firstGoogleTime = 1660842401279
05-27 23:02:44.599  6605 11737 W SQLiteLog: (28) double-quoted string literal: "org.kffs.habilisdatalogger"
05-27 23:02:44.610 13794 13829 I Finsky  : [125] VerifyApps: running post install verification task for package: org.kffs.habilisdatalogger, install ID: e4037da5-f535-4b48-8f56-025aac9c868f
05-27 23:02:44.617 13794 13794 I Finsky  : [2] AIM: AppInfoCacheUpdater -> invalidating apps: [org.kffs.habilisdatalogger]
05-27 23:02:44.618 13794 13833 I Finsky  : [129] AIM: AppInfoManager-Perf > OnDeviceAppInfo > cacheHitCount=0, cacheMissCount=1. Missed  in cache (limit 10) : [org.kffs.habilisdatalogger]
05-27 23:02:44.623 13794 13829 I Finsky  : [125] VerifyApps: Putting package org.kffs.habilisdatalogger in ECM mode succeeded
05-27 23:02:44.808 32636 31880 I ProximityAuth: [RecentAppsMediator] Package added: (user=UserHandle{0}) org.kffs.habilisdatalogger
05-27 23:02:44.903 28916 28916 I VSC-AppInstallReceiver: action: android.intent.action.PACKAGE_CHANGED, packageName: org.kffs.habilisdatalogger
05-27 23:02:44.918  4050 26675 E InstallApkReceiver: install:package:org.kffs.habilisdatalogger
05-27 23:02:44.976 27730 31907 D ContactDirectoryManager: onPackageChanged,updateDirectoriesForPackage, packageName:org.kffs.habilisdatalogger
05-27 23:02:45.317 13794 13794 I Finsky  : [2] Received an install/uninstall event for package org.kffs.habilisdatalogger
05-27 23:02:45.326 27730 31907 D ContactDirectoryManager: onPackageChanged,updateDirectoriesForPackage, packageName:org.kffs.habilisdatalogger
05-27 23:02:45.399 22987 23013 I WakePathManager: PackageMonitor. onPackageAdded: packageName =org.kffs.habilisdatalogger
05-27 23:02:45.434 31704 31704 I IconCustomizer: find better bitmap : 128, for org.kffs.habilisdatalogger
05-27 23:02:45.435 31704 31704 I IconCustomizer: find better bitmap : 128, for org.kffs.habilisdatalogger
05-27 23:02:45.437 31704 31704 I IconCustomizer: find better bitmap : 128, for org.kffs.habilisdatalogger
05-27 23:02:45.450 31704 31704 D IconCustomizer: Generate customized icon for org.kffs.habilisdatalogger.png, true
05-27 23:02:45.450 31704 31704 I IconCustomizer: composeIconWithTrans FullMask: for org.kffs.habilisdatalogger.png
05-27 23:02:45.916  8252 13996 I ThumbnailBlurUtils: loadPrivacyThumbnailBlurMonthly successd{"com.microsoft.teams":10,"com.miui.player":27,"com.instagram.android":5,"com.amazon.kindle":5,"com.discoverfinancial.mobile":-1,"com.creditkarma.mobile":5,"co.mangotechnologies.clickup":5,"com.uvnv.mintsim":-1,"com.miui.compass":5,"com.stopandshop.mobile.droid":-1,"co.za.wigroup.dunkindonutsge":-1,"com.venmo":-1,"com.microsoft.office.outlook":10,"us.mitene":5,"com.miui.calculator":5,"com.android.deskclock":5,"com.google.android.apps.kids.familylink":5,"com.jetpack.android":-1,"com.odd.collectforstripe":-1,"com.google.android.apps.docs.editors.docs":-1,"com.xiaomi.scanner":5,"com.microsoft.seeingai":-1,"com.miui.securitycenter":5,"com.android.vending":5,"com.garmin.android.apps.connectmobile":8,"com.madinsweden.sleeptalk":4,"com.mercury.bank":-1,"com.overdrive.mobile.android.libby":5,"com.einnovation.temu":-1,"com.strava":5,"com.android.chrome":-1,"com.google.android.apps.photos":-1,"com.microsoft.windowsintune.companyportal":10,"com.xfinity.digitalhome":-1,"com.ascendo.android.dictionary.de.free":-1,"com.mi.android.globalFileexplorer":5,"com.ichi2.anki":5,"com.google.android.apps.docs":5,"com.google.android.apps.safetyhub":-1,"com.miui.gallery":6,"com.google.android.apps.subscriptions.red":-1,"com.thestorygraph.thestorygraph":-1,"com.mobcrab.deutschgrammatika1a2b1b2":5,"com.familywall":5,"com.google.android.apps.maps":-1,"com.azure.authenticator":5,"com.miui.videoplayer":27,"app.indie.my":-1,"com.google.android.apps.adm":-1,"com.eken.aiwit":-1,"com.spotify.music":5,"org.wordpress.android":5,"com.bunq.android":-1,"com.google.android.apps.messaging":5,"com.google.android.googlequicksearchbox":-1,"com.miui.miservice":5,"com.google.android.apps.googlevoice":5,"com.zhiliaoapp.musically":5,"com.google.android.contacts":-1,"com.dropbox.android":5,"com.roku.remote":5,"com.konylabs.capitalone":1,"com.onedebit.chime":-1,"com.facebook.orca":5,"com.microsoft.skydrive":5,"com.whatsapp":5,"com.duolingo":5,"com.huami.watch.hmwatchmanager":5,"org.kffs.habilisdatalogger":-1,"com.miui.weather2":5,"com.facebook.katana":5,"email.titan.app":-1,"com.stripe.android.dashboard":-1,"com.usbank.mobilebanking":-1,"com.quonticbank.android":-1,"com.android.providers.downloads.ui":5,"com.android.thememanager":5,"flar2.homebutton":5,"com.google.android.apps.docs.editors.sheets":5,"com.google.android.dialer":-1,"com.sofi.mobile":-1,"com.android.camera":6,"com.google.android.gm":5,"com.android.settings":-1,"com.xiaomi.glgm":5,"com.mi.globalminusscreen":-1,"com.google.android.apps.authenticator2":-1,"com.mtb.mbanking.sc.retail.prod":-1,"com.google.android.apps.googleassistant":-1,"com.shutterfly":-1,"com.timehop":5,"com.google.android.calendar":5,"com.android.soundrecorder":5}
05-27 23:02:47.469 18171 18686 I CacheInterceptor: Cache missed:org.kffs.habilisdatalogger
05-27 23:02:47.530 18171 32174 E CodeScanner: flamingo: Error occurred in org.kffs.habilisdatalogger:Pattern syntax error near position 2: recursive wildcards must form a single path component
05-27 23:02:47.531 18171 32174 E CodeScanner: flamingo: Error occurred in org.kffs.habilisdatalogger:Pattern syntax error near position 2: recursive wildcards must form a single path component
05-27 23:02:47.543 18171 32174 E CodeScanner: flamingo: Error occurred in org.kffs.habilisdatalogger:Pattern syntax error near position 2: recursive wildcards must form a single path component
05-27 23:02:47.543 18171 32174 I CodeScanner: flamingo: Scan done org.kffs.habilisdatalogger: len:9,rate:0.887(misses:9,hits:71), size:3.411, spend:43
05-27 23:02:47.553 18171 18219 I RealScanner: Scan result:(AndroidAppInfo(appName=Habilis Data Logger, packageName=org.kffs.habilisdatalogger, versionName=0.1, versionCode=10211, signaturesMd5=b4b67ec0c81ba01352c7021fa7a28448, signaturesSha256=04b2cbb8e2da61361ba2fdd3affc7f011236241888ee7500c9e165e6324a640c, installer=null, installed=false, path=/data/app/~~uKPRSAtEtvZLqxQNRIn9Bg==/org.kffs.habilisdatalogger-izWw4Xw99yyY9ok1MJL5WA==/base.apk, mfSha256=d983d23908eff16d9e8fbe5b0cb080d44c8826ac6070d0d8c470615664df4b67),AndroidAppInfo(appName=Habilis Data Logger, packageName=org.kffs.habilisdatalogger, versionName=0.1, versionCode=10211, signaturesMd5=b4b67ec0c81ba01352c7021fa7a28448, signaturesSha256=04b2cbb8e2da61361ba2fdd3affc7f011236241888ee7500c9e165e6324a640c, installer=null, installed=false, path=/data/app/~~uKPRSAtEtvZLqxQNRIn9Bg==/org.kffs.habilisdatalogger-izWw4Xw99yyY9ok1MJL5WA==/base.apk, mfSha256=d983d23908eff16d9e8fbe5b0cb080d44c8826ac6070d0d8c470615664df4b67))
05-27 23:02:48.009  4050  4050 D Launcher.Model: LauncherAppsCallback onPackageAdded|org.kffs.habilisdatalogger|UserHandle{0}
05-27 23:02:48.049  4050  4284 I IconCustomizer: find better bitmap : 128, for org.kffs.habilisdatalogger
05-27 23:02:48.049  4050  4284 I IconCustomizer: find better bitmap : 128, for org.kffs.habilisdatalogger
05-27 23:02:48.050  4050  4284 I IconCustomizer: find better bitmap : 128, for org.kffs.habilisdatalogger
05-27 23:02:48.051  4050  4284 D IconCustomizer: Generate customized icon for org.kffs.habilisdatalogger.png, true
05-27 23:02:48.051  4050  4284 I IconCustomizer: composeIconWithTrans FullMask: for org.kffs.habilisdatalogger.png
05-27 23:02:48.066  4050  4284 E Launcher.AllAppsList: Can't load postion for packageName: org.kffs.habilisdatalogger activityName: org.kivy.android.PythonActivity
05-27 23:02:48.067  4050  4284 D AutoInstallsParser: isPAIPackageName: org.kffs.habilisdatalogger
05-27 23:02:48.074  4050  4284 D Launcher.Model: onReceiveBackground, mAllAppsList=add=[(0, AppInfo, id=-1, itemType=0, user=UserHandle{0}, mIconType=0, pkgName=org.kffs.habilisdatalogger, className=org.kivy.android.PythonActivity, screenId=-1, container=-1, cellX=-1, cellY=-1, spanX=1, spanY=1)], remove=[], modified=[]
05-27 23:02:48.080  4050  4050 D Launcher: add item to launcher when bind apps added, info=ShortcutInfo, id=-1, itemType=0, user=UserHandle{0}, mIconType=0, pkgName=org.kffs.habilisdatalogger, className=org.kivy.android.PythonActivity, screenId=-1, container=-1, cellX=-1, cellY=-1, spanX=1, spanY=1
05-27 23:02:48.080  4050  4050 D Launcher: addItemToWorkspace, add item into db, item=ShortcutInfo, id=-1, itemType=0, user=UserHandle{0}, mIconType=0, pkgName=org.kffs.habilisdatalogger, className=org.kivy.android.PythonActivity, screenId=2, container=-100, cellX=1, cellY=5, spanX=1, spanY=1
05-27 23:02:48.081  4050  4050 D Launcher.Model: Insert item org.kffs.habilisdatalogger to database (1, 5) of screen 2
05-27 23:02:48.081  4050  4284 D Launcher.ShortcutInfo: onAddToDatabase, this=ShortcutInfo, id=1197, itemType=0, user=UserHandle{0}, mIconType=0, pkgName=org.kffs.habilisdatalogger, className=org.kivy.android.PythonActivity, screenId=2, container=-100, cellX=1, cellY=5, spanX=1, spanY=1
05-27 23:02:48.119  4050  4050 D Launcher.CellLayout: updateCellOccupiedMarks, update, ShortcutInfo, id=1197, itemType=0, user=UserHandle{0}, mIconType=0, pkgName=org.kffs.habilisdatalogger, className=org.kivy.android.PythonActivity, screenId=2, container=-100, cellX=1, cellY=5, spanX=1, spanY=1
05-27 23:02:48.120  4050  4292 W PreviewDisappear: getIcon info target: ComponentInfo{org.kffs.habilisdatalogger/org.kivy.android.PythonActivity}
05-27 23:02:48.120  4050  4292 W PreviewDisappear: getIcon info intent: Intent { act=android.intent.action.MAIN cat=[android.intent.category.LAUNCHER] flg=0x10200000 cmp=org.kffs.habilisdatalogger/org.kivy.android.PythonActivity (has extras) }
05-27 23:02:48.198  4050  4050 D Launcher.Model: LauncherAppsCallback onPackageChanged|org.kffs.habilisdatalogger|UserHandle{0}
05-27 23:02:48.201  4050  4284 I IconCustomizer: find better bitmap : 128, for org.kffs.habilisdatalogger
05-27 23:02:48.201  4050  4284 I IconCustomizer: find better bitmap : 128, for org.kffs.habilisdatalogger
05-27 23:02:48.202  4050  4284 I IconCustomizer: find better bitmap : 128, for org.kffs.habilisdatalogger
05-27 23:02:48.203  4050  4284 D IconCustomizer: Generate customized icon for org.kffs.habilisdatalogger.png, true
05-27 23:02:48.203  4050  4284 I IconCustomizer: composeIconWithTrans FullMask: for org.kffs.habilisdatalogger.png
05-27 23:02:48.204  4050  4284 D Launcher.AllAppsList: updatePackage, packageName=org.kffs.habilisdatalogger, loadMissing=false, user=UserHandle{0}, matchedSize=1
05-27 23:02:48.204  4050  4284 D Launcher.AllAppsList: updatePackage, find appInfo=AppInfo, id=-1, itemType=0, user=UserHandle{0}, mIconType=0, pkgName=org.kffs.habilisdatalogger, className=org.kivy.android.PythonActivity, screenId=-1, container=-1, cellX=-1, cellY=-1, spanX=1, spanY=1 from ComponentInfo{org.kffs.habilisdatalogger/org.kivy.android.PythonActivity}
05-27 23:02:48.205  4050  4284 D Launcher.Model: onReceiveBackground, mAllAppsList=add=[], remove=[], modified=[(0, AppInfo, id=-1, itemType=0, user=UserHandle{0}, mIconType=0, pkgName=org.kffs.habilisdatalogger, className=org.kivy.android.PythonActivity, screenId=-1, container=-1, cellX=-1, cellY=-1, spanX=1, spanY=1)]
05-27 23:02:48.207  4050  4295 W PreviewDisappear: getIcon info target: ComponentInfo{org.kffs.habilisdatalogger/org.kivy.android.PythonActivity}
05-27 23:02:48.208  4050  4295 W PreviewDisappear: getIcon info intent: Intent { act=android.intent.action.MAIN cat=[android.intent.category.LAUNCHER] flg=0x10200000 cmp=org.kffs.habilisdatalogger/org.kivy.android.PythonActivity (has extras) }
05-27 23:02:48.958 13794 13828 I Finsky  : [124] Installer package name of package org.kffs.habilisdatalogger is com.google.android.packageinstaller
05-27 23:02:53.122  2054  8827 D WindowManager: Collecting in transition 1771: ActivityRecord{a0163b1 u0 org.kffs.habilisdatalogger/org.kivy.android.PythonActivity init visibleRequested:false
05-27 23:02:53.125  2054  8827 D MiGgameTypeIdentificationImpl: checkIfGameBeSupported app:org.kffs.habilisdatalogger
05-27 23:02:53.125  2054  8827 I WindowManager: When perf version lower than 2.3, MiGTStub result: false, gameType: 1, packageName: org.kffs.habilisdatalogger
05-27 23:02:53.133  2054  8827 D WindowManager: setLockTaskAuth: task=Task{add9096 #53601 type=standard A=10278:org.kffs.habilisdatalogger} mLockTaskAuth=LOCK_TASK_AUTH_PINNABLE
05-27 23:02:53.134  2054  8827 D WindowManager: Collecting in transition 1771: Task{add9096 #53601 type=standard A=10278:org.kffs.habilisdatalogger} init visibleRequested:false
05-27 23:02:53.136  2054  8827 D WindowManager: setLockTaskAuth: task=Task{add9096 #53601 type=standard A=10278:org.kffs.habilisdatalogger} mLockTaskAuth=LOCK_TASK_AUTH_PINNABLE
05-27 23:02:53.136  2054  8827 D MiuiFreeFormManagerService: onStartActivityInner as = Task{add9096 #53601 type=standard A=10278:org.kffs.habilisdatalogger} op = null
05-27 23:02:53.137  3889  3947 I DynamicDDSService: handleMessage(ACTIVITY_INVOKE{appInfo=org.kffs.habilisdatalogger isFullScreen=}true)
05-27 23:02:53.138  2054  8827 I ActivityTaskManager: resumeTopActivityInnerLocked topActivity:ActivityRecord{a0163b1 u0 org.kffs.habilisdatalogger/org.kivy.android.PythonActivity t53601} isFocusable:true this:Task{add9096 #53601 type=standard A=10278:org.kffs.habilisdatalogger}
05-27 23:02:53.140  2054  8827 D WindowManager: Collecting in transition 1771: ActivityRecord{a0163b1 u0 org.kffs.habilisdatalogger/org.kivy.android.PythonActivity t53601} init visibleRequested:false
05-27 23:02:53.140  2054  8827 I ActivityTaskManager: START u0 {act=android.intent.action.MAIN cat=[android.intent.category.LAUNCHER] flg=0x10000000 pkg=org.kffs.habilisdatalogger cmp=org.kffs.habilisdatalogger/org.kivy.android.PythonActivity} with LAUNCH_SINGLE_TASK from uid 10119 from pid 31704 callingPackage com.miui.global.packageinstaller (BAL_ALLOW_VISIBLE_WINDOW) result code=0
05-27 23:02:53.143  2054  2361 I SmartPower: org.kffs.habilisdatalogger/10278(0): -1->background(0ms) R(become background) adj=-10000.
05-27 23:02:53.143  4004  4004 I FocusedNotifPromptContr: onTopActivityMayChanged: topActivity=org.kffs.habilisdatalogger
05-27 23:02:53.143  4004  4004 I FocusedNotifPromptContr: topActivityMayChanged: topActivity=org.kffs.habilisdatalogger
05-27 23:02:53.143  4004  4004 D KeyguardEditorHelper: onTopActivityMayChanged, topActivity=ComponentInfo{org.kffs.habilisdatalogger/org.kivy.android.PythonActivity}; mState=IDEL
