06-06 20:41:19.099 17005 17005 I artd    : GetBestInfo checking dm (/data/app/~~xohNL_sjW5EWglXuXdI8uw==/org.kffs.habilisdatalogger-hVmvN0HK_u9cJkG3-e_C8A==/base.dm)
06-06 20:41:19.099 17005 17005 W ziparchive: Unable to open '/data/app/~~xohNL_sjW5EWglXuXdI8uw==/org.kffs.habilisdatalogger-hVmvN0HK_u9cJkG3-e_C8A==/base.dm': No such file or directory
06-06 20:41:19.099 17005 17005 I artd    : OatFileAssistant test for existing oat file /data/app/~~xohNL_sjW5EWglXuXdI8uw==/org.kffs.habilisdatalogger-hVmvN0HK_u9cJkG3-e_C8A==/base.dm: I/O error
06-06 20:41:19.150 17005 17005 I artd    : Running dex2oat: /apex/com.android.art/bin/art_exec --drop-capabilities --set-task-profile=Dex2OatBackground --set-priority=background --keep-fds=7:8:9:10 -- /apex/com.android.art/bin/dex2oat64 --zip-fd=7 --zip-location=/data/app/~~xohNL_sjW5EWglXuXdI8uw==/org.kffs.habilisdatalogger-hVmvN0HK_u9cJkG3-e_C8A==/base.apk --oat-fd=8 --oat-location=/data/app/~~xohNL_sjW5EWglXuXdI8uw==/org.kffs.habilisdatalogger-hVmvN0HK_u9cJkG3-e_C8A==/oat/arm64/base.odex --output-vdex-fd=9 --swap-fd=10 --class-loader-context=PCL[] --classpath-dir=/data/app/~~xohNL_sjW5EWglXuXdI8uw==/org.kffs.habilisdatalogger-hVmvN0HK_u9cJkG3-e_C8A== --instruction-set=arm64 --instruction-set-features=default --instruction-set-variant=kryo300 --compiler-filter=verify --compilation-reason=first-use --max-image-block-size=524288 --resolve-startup-const-strings=true --debuggable --generate-mini-debug-info --runtime-arg -Xtarget-sdk-version:33 --runtime-arg -Xhidden-api-policy:enabled -j6 --runtime-arg -Xms64m --runtime-arg -Xmx512m --comments=app-name:org.kffs.habilisdatalogger,app-version-name:0.1,app-version-code:10211,art-version:351410020
06-06 20:41:19.150 17005 17005 I artd    : Opened FDs: 7:/data/app/~~xohNL_sjW5EWglXuXdI8uw==/org.kffs.habilisdatalogger-hVmvN0HK_u9cJkG3-e_C8A==/base.apk 8:/data/app/~~xohNL_sjW5EWglXuXdI8uw==/org.kffs.habilisdatalogger-hVmvN0HK_u9cJkG3-e_C8A==/oat/arm64/base.odex.xYOOVY.tmp 9:/data/app/~~xohNL_sjW5EWglXuXdI8uw==/org.kffs.habilisdatalogger-hVmvN0HK_u9cJkG3-e_C8A==/oat/arm64/base.vdex.NpmTKk.tmp 10:/data/app/~~xohNL_sjW5EWglXuXdI8uw==/org.kffs.habilisdatalogger-hVmvN0HK_u9cJkG3-e_C8A==/oat/arm64/base.odex.swap.NOfe9s.tmp 
06-06 20:41:19.255 17008 17008 I dex2oat64: /apex/com.android.art/bin/dex2oat64 --output-vdex-fd=9 --class-loader-context=PCL[] --classpath-dir=/data/app/~~xohNL_sjW5EWglXuXdI8uw==/org.kffs.habilisdatalogger-hVmvN0HK_u9cJkG3-e_C8A== --compiler-filter=verify --compilation-reason=first-use --max-image-block-size=524288 --resolve-startup-const-strings=true --debuggable --generate-mini-debug-info -j6 --comments=app-name:org.kffs.habilisdatalogger,app-version-name:0.1,app-version-code:10211,art-version:351410020
06-06 20:41:19.477  1948  8079 I ArtService: Dexopt result: [packageName = org.kffs.habilisdatalogger] DexContainerFileDexoptResult{dexContainerFile=/data/app/~~xohNL_sjW5EWglXuXdI8uw==/org.kffs.habilisdatalogger-hVmvN0HK_u9cJkG3-e_C8A==/base.apk, primaryAbi=true, abi=arm64-v8a, actualCompilerFilter=verify, status=PERFORMED, dex2oatWallTimeMillis=294, dex2oatCpuTimeMillis=190, sizeBytes=185368, sizeBeforeBytes=0, extendedStatusFlags=[]}
06-06 20:41:19.478  1948  8079 D PKMSImpl: FirstUseActivity packageName = org.kffs.habilisdatalogger success = true
06-06 20:41:19.478  1948  8079 I PKMSImpl: FirstUseActivity Pinning optimized code org.kffs.habilisdatalogger
06-06 20:41:19.623  1447  1453 W android.vending: ApkAssets: Deleting an ApkAssets object '<empty> and /data/app/~~xohNL_sjW5EWglXuXdI8uw==/org.kffs.habilisdatalogger-hVmvN0HK_u9cJkG3-e_C8A==/base.apk' with 1 weak references
06-06 20:41:20.855  3838  4246 E ActivityManagerWrapper: getRecentTasks: mainTaskId=253   userId=0   windowMode=1   baseIntent=Intent { act=android.intent.action.MAIN flag=872415232 cmp=ComponentInfo{org.kffs.habilisdatalogger/org.kivy.android.PythonActivity} }
06-06 20:41:20.863  3838  4246 D WorldCirculate: getWorldCirculateInfo, taskInfo.baseIntent=Intent { act=android.intent.action.MAIN cat=[android.intent.category.LAUNCHER] flg=0x34000000 pkg=org.kffs.habilisdatalogger cmp=org.kffs.habilisdatalogger/org.kivy.android.PythonActivity }, displayId=-1, but get Display failed
06-06 20:41:20.901  3838  4246 E ActivityManagerWrapper: getRecentTasks: mainTaskId=253   userId=0   windowMode=1   baseIntent=Intent { act=android.intent.action.MAIN flag=872415232 cmp=ComponentInfo{org.kffs.habilisdatalogger/org.kivy.android.PythonActivity} }
06-06 20:41:20.903  3838  4246 D WorldCirculate: getWorldCirculateInfo, taskInfo.baseIntent=Intent { act=android.intent.action.MAIN cat=[android.intent.category.LAUNCHER] flg=0x34000000 pkg=org.kffs.habilisdatalogger cmp=org.kffs.habilisdatalogger/org.kivy.android.PythonActivity }, displayId=-1, but get Display failed
06-06 20:41:21.007  3838  3838 D Launcher.ShortcutInfo: onAddToDatabase, this=ShortcutInfo, id=109, itemType=0, user=UserHandle{0}, mIconType=0, pkgName=org.kffs.habilisdatalogger, className=org.kivy.android.PythonActivity, screenId=2, container=-100, cellX=0, cellY=2, spanX=1, spanY=1
06-06 20:41:21.007  3838  3838 D Launcher.Model: updateItemInDatabase, item=ShortcutInfo, id=109, itemType=0, user=UserHandle{0}, mIconType=0, pkgName=org.kffs.habilisdatalogger, className=org.kivy.android.PythonActivity, screenId=2, container=-100, cellX=0, cellY=2, spanX=1, spanY=1
06-06 20:41:21.007  3838  3838 D Launcher: org.kffs.habilisdatalogger, has been opened, remove its new installed indicator
06-06 20:41:24.027  3838  4246 E ActivityManagerWrapper: getRecentTasks: mainTaskId=253   userId=0   windowMode=1   baseIntent=Intent { act=android.intent.action.MAIN flag=872415232 cmp=ComponentInfo{org.kffs.habilisdatalogger/org.kivy.android.PythonActivity} }
06-06 20:41:24.062  3838  4246 D WorldCirculate: getWorldCirculateInfo, taskInfo.baseIntent=Intent { act=android.intent.action.MAIN cat=[android.intent.category.LAUNCHER] flg=0x34000000 pkg=org.kffs.habilisdatalogger cmp=org.kffs.habilisdatalogger/org.kivy.android.PythonActivity }, displayId=-1, but get Display failed
06-06 20:41:40.261  3838  4246 E ActivityManagerWrapper: getRecentTasks: mainTaskId=253   userId=0   windowMode=1   baseIntent=Intent { act=android.intent.action.MAIN flag=872415232 cmp=ComponentInfo{org.kffs.habilisdatalogger/org.kivy.android.PythonActivity} }
06-06 20:41:40.299  3838  4246 D WorldCirculate: getWorldCirculateInfo, taskInfo.baseIntent=Intent { act=android.intent.action.MAIN cat=[android.intent.category.LAUNCHER] flg=0x34000000 pkg=org.kffs.habilisdatalogger cmp=org.kffs.habilisdatalogger/org.kivy.android.PythonActivity }, displayId=-1, but get Display failed
06-06 20:41:40.323  3838  4246 E ActivityManagerWrapper: getRecentTasks: mainTaskId=253   userId=0   windowMode=1   baseIntent=Intent { act=android.intent.action.MAIN flag=872415232 cmp=ComponentInfo{org.kffs.habilisdatalogger/org.kivy.android.PythonActivity} }
06-06 20:41:40.324  3838  4246 D WorldCirculate: getWorldCirculateInfo, taskInfo.baseIntent=Intent { act=android.intent.action.MAIN cat=[android.intent.category.LAUNCHER] flg=0x34000000 pkg=org.kffs.habilisdatalogger cmp=org.kffs.habilisdatalogger/org.kivy.android.PythonActivity }, displayId=-1, but get Display failed
06-06 20:41:41.218  3838  4246 E ActivityManagerWrapper: getRecentTasks: mainTaskId=253   userId=0   windowMode=1   baseIntent=Intent { act=android.intent.action.MAIN flag=872415232 cmp=ComponentInfo{org.kffs.habilisdatalogger/org.kivy.android.PythonActivity} }
06-06 20:41:41.237  3838  4246 D WorldCirculate: getWorldCirculateInfo, taskInfo.baseIntent=Intent { act=android.intent.action.MAIN cat=[android.intent.category.LAUNCHER] flg=0x34000000 pkg=org.kffs.habilisdatalogger cmp=org.kffs.habilisdatalogger/org.kivy.android.PythonActivity }, displayId=-1, but get Display failed
06-06 20:41:43.311  3838  4246 E ActivityManagerWrapper: getRecentTasks: mainTaskId=253   userId=0   windowMode=1   baseIntent=Intent { act=android.intent.action.MAIN flag=872415232 cmp=ComponentInfo{org.kffs.habilisdatalogger/org.kivy.android.PythonActivity} }
06-06 20:41:43.318  3838  4246 D WorldCirculate: getWorldCirculateInfo, taskInfo.baseIntent=Intent { act=android.intent.action.MAIN cat=[android.intent.category.LAUNCHER] flg=0x34000000 pkg=org.kffs.habilisdatalogger cmp=org.kffs.habilisdatalogger/org.kivy.android.PythonActivity }, displayId=-1, but get Display failed
06-06 20:41:43.329  3838  4246 E ActivityManagerWrapper: getRecentTasks: mainTaskId=253   userId=0   windowMode=1   baseIntent=Intent { act=android.intent.action.MAIN flag=872415232 cmp=ComponentInfo{org.kffs.habilisdatalogger/org.kivy.android.PythonActivity} }
06-06 20:41:43.330  3838  4246 D WorldCirculate: getWorldCirculateInfo, taskInfo.baseIntent=Intent { act=android.intent.action.MAIN cat=[android.intent.category.LAUNCHER] flg=0x34000000 pkg=org.kffs.habilisdatalogger cmp=org.kffs.habilisdatalogger/org.kivy.android.PythonActivity }, displayId=-1, but get Display failed
06-06 20:41:44.302  3838  4246 E ActivityManagerWrapper: getRecentTasks: mainTaskId=253   userId=0   windowMode=1   baseIntent=Intent { act=android.intent.action.MAIN flag=872415232 cmp=ComponentInfo{org.kffs.habilisdatalogger/org.kivy.android.PythonActivity} }
06-06 20:41:44.345  3838  4246 D WorldCirculate: getWorldCirculateInfo, taskInfo.baseIntent=Intent { act=android.intent.action.MAIN cat=[android.intent.category.LAUNCHER] flg=0x34000000 pkg=org.kffs.habilisdatalogger cmp=org.kffs.habilisdatalogger/org.kivy.android.PythonActivity }, displayId=-1, but get Display failed
06-06 20:41:46.434  3838  4246 E ActivityManagerWrapper: getRecentTasks: mainTaskId=253   userId=0   windowMode=1   baseIntent=Intent { act=android.intent.action.MAIN flag=872415232 cmp=ComponentInfo{org.kffs.habilisdatalogger/org.kivy.android.PythonActivity} }
06-06 20:41:46.446  3838  4246 D WorldCirculate: getWorldCirculateInfo, taskInfo.baseIntent=Intent { act=android.intent.action.MAIN cat=[android.intent.category.LAUNCHER] flg=0x34000000 pkg=org.kffs.habilisdatalogger cmp=org.kffs.habilisdatalogger/org.kivy.android.PythonActivity }, displayId=-1, but get Display failed
06-06 20:41:46.454  3838  4246 E ActivityManagerWrapper: getRecentTasks: mainTaskId=253   userId=0   windowMode=1   baseIntent=Intent { act=android.intent.action.MAIN flag=872415232 cmp=ComponentInfo{org.kffs.habilisdatalogger/org.kivy.android.PythonActivity} }
06-06 20:41:46.455  3838  4246 D WorldCirculate: getWorldCirculateInfo, taskInfo.baseIntent=Intent { act=android.intent.action.MAIN cat=[android.intent.category.LAUNCHER] flg=0x34000000 pkg=org.kffs.habilisdatalogger cmp=org.kffs.habilisdatalogger/org.kivy.android.PythonActivity }, displayId=-1, but get Display failed
06-06 20:41:48.805  3838  4246 E ActivityManagerWrapper: getRecentTasks: mainTaskId=253   userId=0   windowMode=1   baseIntent=Intent { act=android.intent.action.MAIN flag=872415232 cmp=ComponentInfo{org.kffs.habilisdatalogger/org.kivy.android.PythonActivity} }
06-06 20:41:48.808  3838  4246 D WorldCirculate: getWorldCirculateInfo, taskInfo.baseIntent=Intent { act=android.intent.action.MAIN cat=[android.intent.category.LAUNCHER] flg=0x34000000 pkg=org.kffs.habilisdatalogger cmp=org.kffs.habilisdatalogger/org.kivy.android.PythonActivity }, displayId=-1, but get Display failed
06-06 20:41:53.710  3838  4246 E ActivityManagerWrapper: getRecentTasks: mainTaskId=253   userId=0   windowMode=1   baseIntent=Intent { act=android.intent.action.MAIN flag=872415232 cmp=ComponentInfo{org.kffs.habilisdatalogger/org.kivy.android.PythonActivity} }
06-06 20:41:53.729  3838  4246 D WorldCirculate: getWorldCirculateInfo, taskInfo.baseIntent=Intent { act=android.intent.action.MAIN cat=[android.intent.category.LAUNCHER] flg=0x34000000 pkg=org.kffs.habilisdatalogger cmp=org.kffs.habilisdatalogger/org.kivy.android.PythonActivity }, displayId=-1, but get Display failed
06-06 20:42:06.118  3838  4246 E ActivityManagerWrapper: getRecentTasks: mainTaskId=253   userId=0   windowMode=1   baseIntent=Intent { act=android.intent.action.MAIN flag=872415232 cmp=ComponentInfo{org.kffs.habilisdatalogger/org.kivy.android.PythonActivity} }
06-06 20:42:06.122  3838  4246 D WorldCirculate: getWorldCirculateInfo, taskInfo.baseIntent=Intent { act=android.intent.action.MAIN cat=[android.intent.category.LAUNCHER] flg=0x34000000 pkg=org.kffs.habilisdatalogger cmp=org.kffs.habilisdatalogger/org.kivy.android.PythonActivity }, displayId=-1, but get Display failed
06-06 20:42:06.132  3838  4246 E ActivityManagerWrapper: getRecentTasks: mainTaskId=253   userId=0   windowMode=1   baseIntent=Intent { act=android.intent.action.MAIN flag=872415232 cmp=ComponentInfo{org.kffs.habilisdatalogger/org.kivy.android.PythonActivity} }
06-06 20:42:06.133  3838  4246 D WorldCirculate: getWorldCirculateInfo, taskInfo.baseIntent=Intent { act=android.intent.action.MAIN cat=[android.intent.category.LAUNCHER] flg=0x34000000 pkg=org.kffs.habilisdatalogger cmp=org.kffs.habilisdatalogger/org.kivy.android.PythonActivity }, displayId=-1, but get Display failed
06-06 20:42:11.263  3838  4246 E ActivityManagerWrapper: getRecentTasks: mainTaskId=253   userId=0   windowMode=1   baseIntent=Intent { act=android.intent.action.MAIN flag=872415232 cmp=ComponentInfo{org.kffs.habilisdatalogger/org.kivy.android.PythonActivity} }
06-06 20:42:11.267  3838  4246 D WorldCirculate: getWorldCirculateInfo, taskInfo.baseIntent=Intent { act=android.intent.action.MAIN cat=[android.intent.category.LAUNCHER] flg=0x34000000 pkg=org.kffs.habilisdatalogger cmp=org.kffs.habilisdatalogger/org.kivy.android.PythonActivity }, displayId=-1, but get Display failed
06-06 20:42:11.276  3838  4246 E ActivityManagerWrapper: getRecentTasks: mainTaskId=253   userId=0   windowMode=1   baseIntent=Intent { act=android.intent.action.MAIN flag=872415232 cmp=ComponentInfo{org.kffs.habilisdatalogger/org.kivy.android.PythonActivity} }
06-06 20:42:11.276  3838  4246 D WorldCirculate: getWorldCirculateInfo, taskInfo.baseIntent=Intent { act=android.intent.action.MAIN cat=[android.intent.category.LAUNCHER] flg=0x34000000 pkg=org.kffs.habilisdatalogger cmp=org.kffs.habilisdatalogger/org.kivy.android.PythonActivity }, displayId=-1, but get Display failed
06-06 20:42:12.476  3838  4246 E ActivityManagerWrapper: getRecentTasks: mainTaskId=253   userId=0   windowMode=1   baseIntent=Intent { act=android.intent.action.MAIN flag=872415232 cmp=ComponentInfo{org.kffs.habilisdatalogger/org.kivy.android.PythonActivity} }
06-06 20:42:12.492  3838  4246 D WorldCirculate: getWorldCirculateInfo, taskInfo.baseIntent=Intent { act=android.intent.action.MAIN cat=[android.intent.category.LAUNCHER] flg=0x34000000 pkg=org.kffs.habilisdatalogger cmp=org.kffs.habilisdatalogger/org.kivy.android.PythonActivity }, displayId=-1, but get Display failed
06-06 20:42:12.567  3838  4246 E ActivityManagerWrapper: getRecentTasks: mainTaskId=253   userId=0   windowMode=1   baseIntent=Intent { act=android.intent.action.MAIN flag=872415232 cmp=ComponentInfo{org.kffs.habilisdatalogger/org.kivy.android.PythonActivity} }
06-06 20:42:12.568  3838  4246 D WorldCirculate: getWorldCirculateInfo, taskInfo.baseIntent=Intent { act=android.intent.action.MAIN cat=[android.intent.category.LAUNCHER] flg=0x34000000 pkg=org.kffs.habilisdatalogger cmp=org.kffs.habilisdatalogger/org.kivy.android.PythonActivity }, displayId=-1, but get Display failed
06-06 20:42:12.707  3838  4246 E ActivityManagerWrapper: getRecentTasks: mainTaskId=253   userId=0   windowMode=1   baseIntent=Intent { act=android.intent.action.MAIN flag=872415232 cmp=ComponentInfo{org.kffs.habilisdatalogger/org.kivy.android.PythonActivity} }
06-06 20:42:12.708  3838  4246 D WorldCirculate: getWorldCirculateInfo, taskInfo.baseIntent=Intent { act=android.intent.action.MAIN cat=[android.intent.category.LAUNCHER] flg=0x34000000 pkg=org.kffs.habilisdatalogger cmp=org.kffs.habilisdatalogger/org.kivy.android.PythonActivity }, displayId=-1, but get Display failed
06-06 20:42:14.575  3838  4246 E ActivityManagerWrapper: getRecentTasks: mainTaskId=253   userId=0   windowMode=1   baseIntent=Intent { act=android.intent.action.MAIN flag=872415232 cmp=ComponentInfo{org.kffs.habilisdatalogger/org.kivy.android.PythonActivity} }
06-06 20:42:14.597  3838  4246 D WorldCirculate: getWorldCirculateInfo, taskInfo.baseIntent=Intent { act=android.intent.action.MAIN cat=[android.intent.category.LAUNCHER] flg=0x34000000 pkg=org.kffs.habilisdatalogger cmp=org.kffs.habilisdatalogger/org.kivy.android.PythonActivity }, displayId=-1, but get Display failed
06-06 20:42:14.619  3838  4246 E ActivityManagerWrapper: getRecentTasks: mainTaskId=253   userId=0   windowMode=1   baseIntent=Intent { act=android.intent.action.MAIN flag=872415232 cmp=ComponentInfo{org.kffs.habilisdatalogger/org.kivy.android.PythonActivity} }
06-06 20:42:14.620  3838  4246 D WorldCirculate: getWorldCirculateInfo, taskInfo.baseIntent=Intent { act=android.intent.action.MAIN cat=[android.intent.category.LAUNCHER] flg=0x34000000 pkg=org.kffs.habilisdatalogger cmp=org.kffs.habilisdatalogger/org.kivy.android.PythonActivity }, displayId=-1, but get Display failed
06-06 20:42:14.674  3838  4246 E ActivityManagerWrapper: getRecentTasks: mainTaskId=253   userId=0   windowMode=1   baseIntent=Intent { act=android.intent.action.MAIN flag=872415232 cmp=ComponentInfo{org.kffs.habilisdatalogger/org.kivy.android.PythonActivity} }
06-06 20:42:14.675  3838  4246 D WorldCirculate: getWorldCirculateInfo, taskInfo.baseIntent=Intent { act=android.intent.action.MAIN cat=[android.intent.category.LAUNCHER] flg=0x34000000 pkg=org.kffs.habilisdatalogger cmp=org.kffs.habilisdatalogger/org.kivy.android.PythonActivity }, displayId=-1, but get Display failed
06-06 20:43:18.641  3838  4246 E ActivityManagerWrapper: getRecentTasks: mainTaskId=253   userId=0   windowMode=1   baseIntent=Intent { act=android.intent.action.MAIN flag=872415232 cmp=ComponentInfo{org.kffs.habilisdatalogger/org.kivy.android.PythonActivity} }
06-06 20:43:18.644  3838  4246 D WorldCirculate: getWorldCirculateInfo, taskInfo.baseIntent=Intent { act=android.intent.action.MAIN cat=[android.intent.category.LAUNCHER] flg=0x34000000 pkg=org.kffs.habilisdatalogger cmp=org.kffs.habilisdatalogger/org.kivy.android.PythonActivity }, displayId=-1, but get Display failed
06-06 20:44:12.804  3838  4246 E ActivityManagerWrapper: getRecentTasks: mainTaskId=253   userId=0   windowMode=1   baseIntent=Intent { act=android.intent.action.MAIN flag=872415232 cmp=ComponentInfo{org.kffs.habilisdatalogger/org.kivy.android.PythonActivity} }
06-06 20:44:12.807  3838  4246 D WorldCirculate: getWorldCirculateInfo, taskInfo.baseIntent=Intent { act=android.intent.action.MAIN cat=[android.intent.category.LAUNCHER] flg=0x34000000 pkg=org.kffs.habilisdatalogger cmp=org.kffs.habilisdatalogger/org.kivy.android.PythonActivity }, displayId=-1, but get Display failed
06-06 20:44:12.817  3838  4246 E ActivityManagerWrapper: getRecentTasks: mainTaskId=253   userId=0   windowMode=1   baseIntent=Intent { act=android.intent.action.MAIN flag=872415232 cmp=ComponentInfo{org.kffs.habilisdatalogger/org.kivy.android.PythonActivity} }
06-06 20:44:12.818  3838  4246 D WorldCirculate: getWorldCirculateInfo, taskInfo.baseIntent=Intent { act=android.intent.action.MAIN cat=[android.intent.category.LAUNCHER] flg=0x34000000 pkg=org.kffs.habilisdatalogger cmp=org.kffs.habilisdatalogger/org.kivy.android.PythonActivity }, displayId=-1, but get Display failed
06-06 20:44:23.351  3838  4246 E ActivityManagerWrapper: getRecentTasks: mainTaskId=253   userId=0   windowMode=1   baseIntent=Intent { act=android.intent.action.MAIN flag=872415232 cmp=ComponentInfo{org.kffs.habilisdatalogger/org.kivy.android.PythonActivity} }
06-06 20:44:23.355  3838  4246 D WorldCirculate: getWorldCirculateInfo, taskInfo.baseIntent=Intent { act=android.intent.action.MAIN cat=[android.intent.category.LAUNCHER] flg=0x34000000 pkg=org.kffs.habilisdatalogger cmp=org.kffs.habilisdatalogger/org.kivy.android.PythonActivity }, displayId=-1, but get Display failed
06-06 20:44:24.029  3838  3838 D Launcher.CellLayout: touch item:ShortcutInfo, id=109, itemType=0, user=UserHandle{0}, mIconType=0, pkgName=org.kffs.habilisdatalogger, className=org.kivy.android.PythonActivity, screenId=2, container=-100, cellX=0, cellY=2, spanX=1, spanY=1
06-06 20:44:24.107  3838  3838 D Launcher: launch, launchIntent=Intent { act=android.intent.action.MAIN cat=[android.intent.category.LAUNCHER] flg=0x10200000 cmp=org.kffs.habilisdatalogger/org.kivy.android.PythonActivity (has extras) }
06-06 20:44:24.152  1948  3590 D WindowManager: Collecting in transition 3159: ActivityRecord{390c372 u0 org.kffs.habilisdatalogger/org.kivy.android.PythonActivity init visibleRequested:false
06-06 20:44:24.159  1948  3590 D MiGgameTypeIdentificationImpl: checkIfGameBeSupported app:org.kffs.habilisdatalogger
06-06 20:44:24.159  1948  3590 I WindowManager: When perf version lower than 2.3, MiGTStub result: false, gameType: 1, packageName: org.kffs.habilisdatalogger
06-06 20:44:24.163  1948  3590 D WindowManager: setLockTaskAuth: task=Task{c5c23c3 #255 type=standard A=10344:org.kffs.habilisdatalogger} mLockTaskAuth=LOCK_TASK_AUTH_PINNABLE
06-06 20:44:24.163  1948  3590 D WindowManager: Collecting in transition 3159: Task{c5c23c3 #255 type=standard A=10344:org.kffs.habilisdatalogger} init visibleRequested:false
06-06 20:44:24.168  1948  3590 D WindowManager: setLockTaskAuth: task=Task{c5c23c3 #255 type=standard A=10344:org.kffs.habilisdatalogger} mLockTaskAuth=LOCK_TASK_AUTH_PINNABLE
06-06 20:44:24.168  1948  3590 D MiuiFreeFormManagerService: onStartActivityInner as = Task{c5c23c3 #255 type=standard A=10344:org.kffs.habilisdatalogger} op = ActivityOptions(139523180), mPackageName=null, mAnimationType=13, mStartX=0, mStartY=0, mWidth=0, mHeight=0, mLaunchDisplayId=-1, activityOptionsInjector=ActivityOptionsInjector={freeformScale: -1.0, miniFreeformMode: false, needAnimation: true, useCustomLaunchBounds:false}
06-06 20:44:24.169  3718  3785 I DynamicDDSService: handleMessage(ACTIVITY_INVOKE{appInfo=org.kffs.habilisdatalogger isFullScreen=}true)
06-06 20:44:24.172  1948  3590 I ActivityTaskManager: resumeTopActivityInnerLocked topActivity:ActivityRecord{390c372 u0 org.kffs.habilisdatalogger/org.kivy.android.PythonActivity t255} isFocusable:true this:Task{c5c23c3 #255 type=standard A=10344:org.kffs.habilisdatalogger}
06-06 20:44:24.173  1948  3590 D WindowManager: Collecting in transition 3159: ActivityRecord{390c372 u0 org.kffs.habilisdatalogger/org.kivy.android.PythonActivity t255} init visibleRequested:false
06-06 20:44:24.173  1948  3590 I ActivityRecordImpl: setReadyForStartingWindow activityRecord = ActivityRecord{390c372 u0 org.kffs.habilisdatalogger/org.kivy.android.PythonActivity t255}
06-06 20:44:24.174  1948  3590 D WindowManager: Collecting in transition 3159: ActivityRecord{390c372 u0 org.kffs.habilisdatalogger/org.kivy.android.PythonActivity t255} init visibleRequested:true
06-06 20:44:24.177 13186 13275 D WindowManagerShell: wct=WindowContainerTransaction { changes = {} hops = [] errorCallbackToken=null taskFragmentOrganizer=null }, hander=com.android.wm.shell.transition.SoScMixedHandler@730d704, transitionToken=android.os.BinderProxy@ee4db52, request=TransitionRequestInfo { type = OPEN, triggerTask = TaskInfo{userId=0 taskId=255 displayId=0 isRunning=true baseIntent=Intent { act=android.intent.action.MAIN cat=[android.intent.category.LAUNCHER] flg=0x10200000 cmp=org.kffs.habilisdatalogger/org.kivy.android.PythonActivity } baseActivity=ComponentInfo{org.kffs.habilisdatalogger/org.kivy.android.PythonActivity} topActivity=ComponentInfo{org.kffs.habilisdatalogger/org.kivy.android.PythonActivity} origActivity=null realActivity=ComponentInfo{org.kffs.habilisdatalogger/org.kivy.android.PythonActivity} numActivities=1 lastActiveTime=213878647 supportsSplitScreenMultiWindow=true supportsMultiWindow=true resizeMode=1 isResizeable=true minWidth=-1 minHeight=-1 defaultMinSize=200 token=WCT{android.window.IWindowContainerToken$Stub$Proxy@5b08e23} topActivityType=1 pictureInPictureParams=null shouldDockBigOverlays=false launchIntoPipHostTaskId=-1 lastParentTaskIdBeforePip=-1 displayCutoutSafeInsets=Rect(0, 98 - 0, 0) topActivityInfo=ActivityInfo{98d5f20 org.kivy.android.PythonActivity} launchCookies=[] positionInParent=Point(0, 0) parentTaskId=-1 isFocused=false isVisible=false isVisibleRequested=true isSleeping=false topActivityInSizeCompat=false topActivityInMiuiSizeCompat=false topActivityEligibleForLetterboxEducation= false topActivityLetterboxed= false isFromDoubleTap= false topActivityLetterboxVerticalPosition= -1 topActivityLetterboxHorizontalPosition= -1 topActivityLetterboxWidth=-1 topActivityLetterboxHeight=-1 locusId=null displayAreaFeatureId=1 cameraCompatControlState=hidden mIsCastMode=false mTopActivityMediaSize=null mTopActivityRecordName=ActivityRecord{390c372 u0 org.kffs.habilisdatalogger/org.kivy.android.PythonActivity t255} mTopActivityOrientation=1 mTopActivityWindowIsNowVisible=false isTranslucent=false isEmbedded=false shouldBeVisible=true mBehindAppLockPkg=null mOriginatingUid=0}, remoteTransition = RemoteTransition { remoteTransition = android.window.IRemoteTransition$Stub$Proxy@6ed70d9, appThread = null, debugName = null }, displayChange = null }
06-06 20:44:24.178  1948  3590 I ActivityTaskManager: START u0 {act=android.intent.action.MAIN cat=[android.intent.category.LAUNCHER] flg=0x10200000 cmp=org.kffs.habilisdatalogger/org.kivy.android.PythonActivity bnds=[78,796][251,969] (has extras)} with LAUNCH_SINGLE_TASK from uid 10158 from pid 3838 callingPackage com.miui.home (BAL_ALLOW_ALLOWLISTED_COMPONENT) result code=0
06-06 20:44:24.194 13186 13186 I FocusedNotifPromptContr: onTopActivityMayChanged: topActivity=org.kffs.habilisdatalogger
06-06 20:44:24.194 13186 13186 I FocusedNotifPromptContr: topActivityMayChanged: topActivity=org.kffs.habilisdatalogger
06-06 20:44:24.194 13186 13186 D KeyguardEditorHelper: onTopActivityMayChanged, topActivity=ComponentInfo{org.kffs.habilisdatalogger/org.kivy.android.PythonActivity}; mState=IDEL
06-06 20:44:24.198  1948  2308 I BLASTSyncEngine: SyncGroup 3159:  Unfinished container:Task{c5c23c3 #255 type=standard A=10344:org.kffs.habilisdatalogger}
06-06 20:44:24.198  1948  2308 I ActivityRecordImpl: isReadyForStartingWindow topActivity = ActivityRecord{390c372 u0 org.kffs.habilisdatalogger/org.kivy.android.PythonActivity t255} isLaunchSourceTypeHome = true topActivity.mStartingWindow = null
06-06 20:44:24.198  1948  2308 I BLASTSyncEngine: isActivitySyncFinished isSyncFinished false Task{c5c23c3 #255 type=standard A=10344:org.kffs.habilisdatalogger}
06-06 20:44:24.232  1948  4119 I BLASTSyncEngine: SyncGroup 3159:  Unfinished container:Task{c5c23c3 #255 type=standard A=10344:org.kffs.habilisdatalogger}
06-06 20:44:24.232  1948  4119 I ActivityRecordImpl: isReadyForStartingWindow topActivity = ActivityRecord{390c372 u0 org.kffs.habilisdatalogger/org.kivy.android.PythonActivity t255} isLaunchSourceTypeHome = true topActivity.mStartingWindow = Window{99f34b1 u0 Splash Screen org.kffs.habilisdatalogger}
06-06 20:44:24.232  1948  4119 I BLASTSyncEngine: SyncGroup 3159:  Unfinished container:ActivityRecord{390c372 u0 org.kffs.habilisdatalogger/org.kivy.android.PythonActivity t255}
06-06 20:44:24.232  1948  4119 I ActivityRecordImpl: isReadyForStartingWindow topActivity = ActivityRecord{390c372 u0 org.kffs.habilisdatalogger/org.kivy.android.PythonActivity t255} isLaunchSourceTypeHome = true topActivity.mStartingWindow = Window{99f34b1 u0 Splash Screen org.kffs.habilisdatalogger}
06-06 20:44:24.234  1948  4119 I SmartPower: org.kffs.habilisdatalogger/10344(16598): died->visible(181931ms) R(become visible) adj=0.
06-06 20:44:24.234  1948  4119 D WindowManager: Final targets: [Task{c5c23c3 #255 type=standard A=10344:org.kffs.habilisdatalogger}, Task{fc1ced5 #1 type=home}]
06-06 20:44:24.238  1948  4119 D WindowManager: Calling onTransitionReady info={id=3159 t=OPEN f=0x0 trk=0 r=[0@Point(0, 0)] c=[{WCT{RemoteToken{50bb62b Task{c5c23c3 #255 type=standard A=10344:org.kffs.habilisdatalogger}}} m=OPEN f=NONE leash=Surface(name=Task=255#51282)/@0x24a0aa5 sb=Rect(0, 0 - 1080, 2400) eb=Rect(0, 0 - 1080, 2400) d=0},{WCT{RemoteToken{e07270c Task{fc1ced5 #1 type=home}}} m=TO_BACK f=SHOW_WALLPAPER leash=Surface(name=Task=1#16716)/@0xdd7d3e6 sb=Rect(0, 0 - 1080, 2400) eb=Rect(0, 0 - 1080, 2400) d=0}] noAni=[false]}, mToken=Token{7bfda88 TransitionRecord{4714eca id=3159 type=OPEN flags=0x0}}
06-06 20:44:24.241  1948  2054 D CoreBackPreview: Window{99f34b1 u0 Splash Screen org.kffs.habilisdatalogger}: Setting back callback OnBackInvokedCallbackInfo{mCallback=android.window.IOnBackInvokedCallback$Stub$Proxy@a8d8a07, mPriority=0, mIsAnimationCallback=false}
06-06 20:44:24.247  3838  3838 D RemoteAnimationAdapterCompat: printLeash::taskInfo = TaskInfo{userId=0 taskId=255 displayId=0 isRunning=true baseIntent=Intent { act=android.intent.action.MAIN cat=[android.intent.category.LAUNCHER] flg=0x10200000 cmp=org.kffs.habilisdatalogger/org.kivy.android.PythonActivity } baseActivity=ComponentInfo{org.kffs.habilisdatalogger/org.kivy.android.PythonActivity} topActivity=ComponentInfo{org.kffs.habilisdatalogger/org.kivy.android.PythonActivity} origActivity=null realActivity=ComponentInfo{org.kffs.habilisdatalogger/org.kivy.android.PythonActivity} numActivities=1 lastActiveTime=213878647 supportsSplitScreenMultiWindow=true supportsMultiWindow=true resizeMode=1 isResizeable=true minWidth=-1 minHeight=-1 defaultMinSize=200 token=WCT{android.window.IWindowContainerToken$Stub$Proxy@f2a96d5} topActivityType=1 pictureInPictureParams=null shouldDockBigOverlays=false launchIntoPipHostTaskId=-1 lastParentTaskIdBeforePip=-1 displayCutoutSafeInsets=Rect(0, 98 - 0, 0) topActivityInfo=ActivityInfo{cd54eea org.kivy.android.PythonActivity} launchCookies=[] positionInParent=Point(0, 0) parentTaskId=-1 isFocused=false isVisible=true isVisibleRequested=true isSleeping=false topActivityInSizeCompat=false topActivityInMiuiSizeCompat=false topActivityEligibleForLetterboxEducation= false topActivityLetterboxed= false isFromDoubleTap= false topActivityLetterboxVerticalPosition= -1 topActivityLetterboxHorizontalPosition= -1 topActivityLetterboxWidth=-1 topActivityLetterboxHeight=-1 locusId=null displayAreaFeatureId=1 cameraCompatControlState=hidden mIsCastMode=false mTopActivityMediaSize=null mTopActivityRecordName=ActivityRecord{390c372 u0 org.kffs.habilisdatalogger/org.kivy.android.PythonActivity t255} mTopActivityOrientation=1 mTopActivityWindowIsNowVisible=false isTranslucent=false isEmbedded=false shouldBeVisible=true mBehindAppLockPkg=null mOriginatingUid=0}
06-06 20:44:24.264  1948  2308 I WindowManager: wms.showSurfaceRobustly mWin:Window{99f34b1 u0 Splash Screen org.kffs.habilisdatalogger}
06-06 20:44:24.266  3838  3838 E LauncherAnimationRunner: onAnimationStart:   target=RemoteAnimationTargetCompat{taskId=255, mode=0, isTranslucent=false, clipRect=Rect(0, 0 - 0, 0), position=Point(0, 0), sourceContainerBounds=Rect(0, 0 - 1080, 2400), prefixOrderIndex=2, isNotInRecents=false, contentInsets=Rect(0, 0 - 0, 0), activityType=1, packageName=org.kffs.habilisdatalogger, startBounds=Rect(0, 0 - 1080, 2400), windowType=-1}
06-06 20:44:24.274 13186 13275 D MiuiFullScreenTaskRepository: addOrUpdateFullScreenTaskInfo taskId=255, topActivity=ComponentInfo{org.kffs.habilisdatalogger/org.kivy.android.PythonActivity}
06-06 20:44:24.286  1948  2335 I ActivityManager: Start proc 18175:org.kffs.habilisdatalogger/u0a344 for top-activity {org.kffs.habilisdatalogger/org.kivy.android.PythonActivity} caller=com.miui.home
06-06 20:44:24.293  3838  4246 E ActivityManagerWrapper: getRecentTasks: mainTaskId=255   userId=0   windowMode=1   baseIntent=Intent { act=android.intent.action.MAIN flag=270532608 cmp=ComponentInfo{org.kffs.habilisdatalogger/org.kivy.android.PythonActivity} }
06-06 20:44:24.312  3838  4246 E ActivityManagerWrapper: getRecentTasks: mainTaskId=255   userId=0   windowMode=1   baseIntent=Intent { act=android.intent.action.MAIN flag=270532608 cmp=ComponentInfo{org.kffs.habilisdatalogger/org.kivy.android.PythonActivity} }
06-06 20:44:24.324 18175 18175 E Zygote  : process_name_ptr:18175 org.kffs.habilisdatalogger
06-06 20:44:24.476 13186 13275 D MiuiFullScreenTaskRepository: addOrUpdateFullScreenTaskInfo taskId=255, topActivity=ComponentInfo{org.kffs.habilisdatalogger/org.kivy.android.PythonActivity}
06-06 20:44:24.482 13186 13275 D MiuiFullScreenTaskRepository: setFocusedTask taskId=255, displayId=0, topActivity=ComponentInfo{org.kffs.habilisdatalogger/org.kivy.android.PythonActivity}
06-06 20:44:24.483 13186 13275 D MiuiFullScreenTaskRepository: addOrUpdateFullScreenTaskInfo taskId=255, topActivity=ComponentInfo{org.kffs.habilisdatalogger/org.kivy.android.PythonActivity}
06-06 20:44:24.483 13186 13275 D MiuiFreeformModeController: onFocusTaskChanged taskInfo: TaskInfo{userId=0 taskId=255 displayId=0 isRunning=true baseIntent=Intent { act=android.intent.action.MAIN cat=[android.intent.category.LAUNCHER] flg=0x10200000 cmp=org.kffs.habilisdatalogger/org.kivy.android.PythonActivity } baseActivity=ComponentInfo{org.kffs.habilisdatalogger/org.kivy.android.PythonActivity} topActivity=ComponentInfo{org.kffs.habilisdatalogger/org.kivy.android.PythonActivity} origActivity=null realActivity=ComponentInfo{org.kffs.habilisdatalogger/org.kivy.android.PythonActivity} numActivities=1 lastActiveTime=213878949 supportsSplitScreenMultiWindow=true supportsMultiWindow=true resizeMode=1 isResizeable=true minWidth=-1 minHeight=-1 defaultMinSize=200 token=WCT{android.window.IWindowContainerToken$Stub$Proxy@9a0306f} topActivityType=1 pictureInPictureParams=null shouldDockBigOverlays=false launchIntoPipHostTaskId=-1 lastParentTaskIdBeforePip=-1 displayCutoutSafeInsets=Rect(0, 98 - 0, 0) topActivityInfo=ActivityInfo{cd0a17c org.kivy.android.PythonActivity} launchCookies=[] positionInParent=Point(0, 0) parentTaskId=-1 isFocused=true isVisible=true isVisibleRequested=true isSleeping=false topActivityInSizeCompat=false topActivityInMiuiSizeCompat=false topActivityEligibleForLetterboxEducation= false topActivityLetterboxed= false isFromDoubleTap= false topActivityLetterboxVerticalPosition= -1 topActivityLetterboxHorizontalPosition= -1 topActivityLetterboxWidth=-1 topActivityLetterboxHeight=-1 locusId=null displayAreaFeatureId=1 cameraCompatControlState=hidden mIsCastMode=false mTopActivityMediaSize=null mTopActivityRecordName=ActivityRecord{390c372 u0 org.kffs.habilisdatalogger/org.kivy.android.PythonActivity t255} mTopActivityOrientation=1 mTopActivityWindowIsNowVisible=false isTranslucent=false isEmbedded=false shouldBeVisible=true mBehindAppLockPkg=null mOriginatingUid=0}
06-06 20:44:24.484  7590  9879 D PerfEngineController: ForegroundInfo{mForegroundPackageName='org.kffs.habilisdatalogger', mForegroundUid=10344, mForegroundPid=18175, mLastForegroundPackageName='com.miui.home', mLastForegroundUid=10158, mLastForegroundPid=3838, mMultiWindowForegroundPackageName='org.kffs.habilisdatalogger', mMultiWindowForegroundUid=10344, mFlags=1}
06-06 20:44:24.485  7953  7965 I GST     : forePkg: org.kffs.habilisdatalogger, preForePkg: com.miui.home
06-06 20:44:24.485 19295 19710 I ProcessMonitor: onForegroundInfoChanged: ForegroundInfo{mForegroundPackageName='org.kffs.habilisdatalogger', mForegroundUid=10344, mForegroundPid=18175, mLastForegroundPackageName='com.miui.home', mLastForegroundUid=10158, mLastForegroundPid=3838, mMultiWindowForegroundPackageName='org.kffs.habilisdatalogger', mMultiWindowForegroundUid=10344, mFlags=1}
06-06 20:44:24.487 19295 19710 I GameBoosterService: onForegroundInfoChanged: Cur=org.kffs.habilisdatalogger	 last=com.miui.home
06-06 20:44:24.486  3838 30117 D AppObserver: ForegroundInfo{mForegroundPackageName='org.kffs.habilisdatalogger', mForegroundUid=10344, mForegroundPid=18175, mLastForegroundPackageName='com.miui.home', mLastForegroundUid=10158, mLastForegroundPid=3838, mMultiWindowForegroundPackageName='org.kffs.habilisdatalogger', mMultiWindowForegroundUid=10344, mFlags=1}
06-06 20:44:24.489 19295 19710 D GameBoosterService: onGameStatusChange foreground:ForegroundInfo{mForegroundPackageName='org.kffs.habilisdatalogger', mForegroundUid=10344, mForegroundPid=18175, mLastForegroundPackageName='com.miui.home', mLastForegroundUid=10158, mLastForegroundPid=3838, mMultiWindowForegroundPackageName='org.kffs.habilisdatalogger', mMultiWindowForegroundUid=10344, mFlags=1}
06-06 20:44:24.489 19295 19710 I BeautyService: onForegroundInfoChanged: Cur=org.kffs.habilisdatalogger	 last=com.miui.home
06-06 20:44:24.566 18175 18175 D nativeloader: Configuring clns-4 for other apk /data/app/~~xohNL_sjW5EWglXuXdI8uw==/org.kffs.habilisdatalogger-hVmvN0HK_u9cJkG3-e_C8A==/base.apk. target_sdk_version=33, uses_libraries=, library_path=/data/app/~~xohNL_sjW5EWglXuXdI8uw==/org.kffs.habilisdatalogger-hVmvN0HK_u9cJkG3-e_C8A==/lib/arm64:/data/app/~~xohNL_sjW5EWglXuXdI8uw==/org.kffs.habilisdatalogger-hVmvN0HK_u9cJkG3-e_C8A==/base.apk!/lib/arm64-v8a, permitted_path=/data:/mnt/expand:/data/user/0/org.kffs.habilisdatalogger
06-06 20:44:24.593 18175 18175 V GraphicsEnvironment: ANGLE GameManagerService for org.kffs.habilisdatalogger: false
06-06 20:44:24.593 18175 18175 V GraphicsEnvironment: org.kffs.habilisdatalogger is not listed in per-application setting
06-06 20:44:24.601 18175 18175 I ForceDarkHelperStubImpl: initialize for org.kffs.habilisdatalogger , ForceDarkOrigin
06-06 20:44:24.646  1948  6140 I ClipboardServiceI: checkProviderWakePathForClipboard: org.kffs.habilisdataloggeris not a activePermissionOwner
06-06 20:44:24.659 18175 18175 V SDL     : Device: taoyao
06-06 20:44:24.659 18175 18175 V SDL     : Model: 2203129G
06-06 20:44:24.659 18175 18175 V SDL     : onCreate()
06-06 20:44:24.666 13186 13275 D MiuiFullScreenTaskRepository: setFocusedTask taskId=255, displayId=0, topActivity=ComponentInfo{org.kffs.habilisdatalogger/org.kivy.android.PythonActivity}
06-06 20:44:24.666 13186 13275 D MiuiFullScreenTaskRepository: addOrUpdateFullScreenTaskInfo taskId=255, topActivity=ComponentInfo{org.kffs.habilisdatalogger/org.kivy.android.PythonActivity}
06-06 20:44:24.669 18175 18175 V SDL     : getting identifier
06-06 20:44:24.669 18175 18175 V SDL     : kind is layout and name lottie
06-06 20:44:24.669 18175 18175 V SDL     : result is 0
06-06 20:44:24.670 18175 18175 V SDL     : couldn't find lottie layout or animation, trying static splash
06-06 20:44:24.670 18175 18175 V SDL     : getting identifier
06-06 20:44:24.670 18175 18175 V SDL     : kind is drawable and name presplash
06-06 20:44:24.670 18175 18175 V SDL     : result is 2130771969
06-06 20:44:24.675 18175 18175 V SDL     : asked to get string presplash_color
06-06 20:44:24.675 18175 18175 V SDL     : getting identifier
06-06 20:44:24.675 18175 18175 V SDL     : kind is string and name presplash_color
06-06 20:44:24.676 18175 18175 V SDL     : result is 2131034113
06-06 20:44:24.662 18175 18175 W bilisdatalogger: type=1400 audit(0.0:124211): avc:  denied  { read } for  name="u:object_r:vendor_displayfeature_prop:s0" dev="tmpfs" ino=12777 scontext=u:r:untrusted_app_32:s0:c88,c257,c512,c768 tcontext=u:object_r:vendor_displayfeature_prop:s0 tclass=file permissive=0 app=org.kffs.habilisdatalogger
06-06 20:44:24.699 18175 18175 V SDL     : onStart()
06-06 20:44:24.699 18175 18209 V pythonutil: Unpacking private app
06-06 20:44:24.700 18175 18209 V pythonutil: Data version is 11a883cbd8b2952deff8114d1f2f1416fd91b9f1
06-06 20:44:24.703 18175 18209 V pythonutil: Unpacking /data/app/~~xohNL_sjW5EWglXuXdI8uw==/org.kffs.habilisdatalogger-hVmvN0HK_u9cJkG3-e_C8A==/lib/arm64/libpybundle app
06-06 20:44:24.704 18175 18209 V pythonutil: Data version is 11a883cbd8b2952deff8114d1f2f1416fd91b9f1
06-06 20:44:24.806 18175 18175 V SDL     : onResume()
06-06 20:44:24.844  1948  5734 I AppsFilter: interaction: PackageSetting{21b3f94 org.kffs.habilisdatalogger/10344} -> PackageSetting{8da54b com.google.android.apps.subscriptions.red/10228} BLOCKED
06-06 20:44:24.844  1948  5734 I AppsFilter: interaction: PackageSetting{21b3f94 org.kffs.habilisdatalogger/10344} -> PackageSetting{7ae6b28 com.android.cts.priv.ctsshim/10278} BLOCKED
06-06 20:44:24.844  1948  5734 I AppsFilter: interaction: PackageSetting{21b3f94 org.kffs.habilisdatalogger/10344} -> PackageSetting{2da0041 com.google.android.youtube/10225} BLOCKED
06-06 20:44:24.844  1948  5734 I AppsFilter: interaction: PackageSetting{21b3f94 org.kffs.habilisdatalogger/10344} -> PackageSetting{62c19e6 com.android.uwb.resources/10272} BLOCKED
06-06 20:44:24.844  1948  5734 I AppsFilter: interaction: PackageSetting{21b3f94 org.kffs.habilisdatalogger/10344} -> PackageSetting{e8f4b27 com.android.internal.display.cutout.emulation.corner/10009} BLOCKED
06-06 20:44:24.844  1948  5734 I AppsFilter: interaction: PackageSetting{21b3f94 org.kffs.habilisdatalogger/10344} -> PackageSetting{31311d4 com.android.internal.display.cutout.emulation.double/10010} BLOCKED
06-06 20:44:24.844  1948  5734 I AppsFilter: interaction: PackageSetting{21b3f94 org.kffs.habilisdatalogger/10344} -> PackageSetting{c855f7d com.google.android.googlequicksearchbox/10176} BLOCKED
06-06 20:44:24.844  1948  5734 I AppsFilter: interaction: PackageSetting{21b3f94 org.kffs.habilisdatalogger/10344} -> PackageSetting{f8fee72 cn.wps.xiaomi.abroad.lite/10297} BLOCKED
06-06 20:44:24.844  1948  5734 I AppsFilter: interaction: PackageSetting{21b3f94 org.kffs.habilisdatalogger/10344} -> PackageSetting{91b72c3 com.google.android.apps.googleassistant/10169} BLOCKED
06-06 20:44:24.844  1948  5734 I AppsFilter: interaction: PackageSetting{21b3f94 org.kffs.habilisdatalogger/10344} -> PackageSetting{3797740 com.google.android.apps.docs.editors.docs/10339} BLOCKED
06-06 20:44:24.844  1948  5734 I AppsFilter: interaction: PackageSetting{21b3f94 org.kffs.habilisdatalogger/10344} -> PackageSetting{88d7679 com.google.android.onetimeinitializer/10143} BLOCKED
06-06 20:44:24.844  1948  5734 I AppsFilter: interaction: PackageSetting{21b3f94 org.kffs.habilisdatalogger/10344} -> PackageSetting{8ea7fbe com.google.android.ext.shared/10120} BLOCKED
06-06 20:44:24.845  1948  5734 I AppsFilter: interaction: PackageSetting{21b3f94 org.kffs.habilisdatalogger/10344} -> PackageSetting{9b8781f com.android.internal.systemui.navbar.gestural_wide_back/10063} BLOCKED
06-06 20:44:24.845  1948  5734 I AppsFilter: interaction: PackageSetting{21b3f94 org.kffs.habilisdatalogger/10344} -> PackageSetting{f1ec76c com.android.virtualmachine.res/10269} BLOCKED
06-06 20:44:24.845  1948  5734 I AppsFilter: interaction: PackageSetting{21b3f94 org.kffs.habilisdatalogger/10344} -> PackageSetting{a660135 com.uvnv.mintsim/10326} BLOCKED
06-06 20:44:24.845  1948  5734 I AppsFilter: interaction: PackageSetting{21b3f94 org.kffs.habilisdatalogger/10344} -> PackageSetting{5cad9ca com.google.android.server.deviceconfig.resources/10266} BLOCKED
06-06 20:44:24.845  1948  5734 I AppsFilter: interaction: PackageSetting{21b3f94 org.kffs.habilisdatalogger/10344} -> PackageSetting{1f6773b com.google.android.apps.podcasts/10289} BLOCKED
06-06 20:44:24.845  1948  5734 I AppsFilter: interaction: PackageSetting{21b3f94 org.kffs.habilisdatalogger/10344} -> PackageSetting{e6ee58 com.android.htmlviewer/10101} BLOCKED
06-06 20:44:24.845  1948  5734 I AppsFilter: interaction: PackageSetting{21b3f94 org.kffs.habilisdatalogger/10344} -> PackageSetting{f027bb1 com.whatsapp/10318} BLOCKED
06-06 20:44:24.845  1948  5734 I AppsFilter: interaction: PackageSetting{21b3f94 org.kffs.habilisdatalogger/10344} -> PackageSetting{1a4c896 com.google.android.health.connect.backuprestore/10276} BLOCKED
06-06 20:44:24.845  1948  5734 I AppsFilter: interaction: PackageSetting{21b3f94 org.kffs.habilisdatalogger/10344} -> PackageSetting{24b4c17 com.google.android.apps.messaging/10175} BLOCKED
06-06 20:44:24.845  1948  5734 I AppsFilter: interaction: PackageSetting{21b3f94 org.kffs.habilisdatalogger/10344} -> PackageSetting{c089804 com.sfr.android.sfrjeux/10166} BLOCKED
06-06 20:44:24.846  1948  5734 I AppsFilter: interaction: PackageSetting{21b3f94 org.kffs.habilisdatalogger/10344} -> PackageSetting{51221ed com.quicinc.voice.activation/10244} BLOCKED
06-06 20:44:24.846  1948  5734 I AppsFilter: interaction: PackageSetting{21b3f94 org.kffs.habilisdatalogger/10344} -> PackageSetting{95cd822 us.mitene/10334} BLOCKED
06-06 20:44:24.846  1948  5734 I AppsFilter: interaction: PackageSetting{21b3f94 org.kffs.habilisdatalogger/10344} -> PackageSetting{2ae92b3 com.ironsource.appcloud.oobe.hutchison/10139} BLOCKED
06-06 20:44:24.846  1948  5734 I AppsFilter: interaction: PackageSetting{21b3f94 org.kffs.habilisdatalogger/10344} -> PackageSetting{e793070 com.duolingo/10321} BLOCKED
06-06 20:44:24.846  1948  5734 I AppsFilter: interaction: PackageSetting{21b3f94 org.kffs.habilisdatalogger/10344} -> PackageSetting{cfbefe9 com.google.android.configupdater/10138} BLOCKED
06-06 20:44:24.846  1948  5734 I AppsFilter: interaction: PackageSetting{21b3f94 org.kffs.habilisdatalogger/10344} -> PackageSetting{194546e com.google.android.overlay.modules.permissioncontroller/10031} BLOCKED
06-06 20:44:24.846  1948  5734 I AppsFilter: interaction: PackageSetting{21b3f94 org.kffs.habilisdatalogger/10344} -> PackageSetting{8f5a70f com.android.soundrecorder/10310} BLOCKED
06-06 20:44:24.846  1948  5734 I AppsFilter: interaction: PackageSetting{21b3f94 org.kffs.habilisdatalogger/10344} -> PackageSetting{e18e39c com.altice.android.myapps/10165} BLOCKED
06-06 20:44:24.846  1948  5734 I AppsFilter: interaction: PackageSetting{21b3f94 org.kffs.habilisdatalogger/10344} -> PackageSetting{c9aa1a5 com.google.android.apps.safetyhub/10162} BLOCKED
06-06 20:44:24.846  1948  5734 I AppsFilter: interaction: PackageSetting{21b3f94 org.kffs.habilisdatalogger/10344} -> PackageSetting{5b5497a com.mi.globalbrowser/10298} BLOCKED
06-06 20:44:24.846  1948  5734 I AppsFilter: interaction: PackageSetting{21b3f94 org.kffs.habilisdatalogger/10344} -> PackageSetting{8efa52b com.google.ar.core/10320} BLOCKED
06-06 20:44:24.846  1948  5734 I AppsFilter: interaction: PackageSetting{21b3f94 org.kffs.habilisdatalogger/10344} -> PackageSetting{c9e9d88 com.android.simappdialog/10126} BLOCKED
06-06 20:44:24.846  1948  5734 I AppsFilter: interaction: PackageSetting{21b3f94 org.kffs.habilisdatalogger/10344} -> PackageSetting{2b8b321 com.microsoft.skydrive/10311} BLOCKED
06-06 20:44:24.846  1948  5734 I AppsFilter: interaction: PackageSetting{21b3f94 org.kffs.habilisdatalogger/10344} -> PackageSetting{bbe8346 com.aura.oobe.vodafone/10140} BLOCKED
06-06 20:44:24.846  1948  5734 I AppsFilter: interaction: PackageSetting{21b3f94 org.kffs.habilisdatalogger/10344} -> PackageSetting{a416907 com.android.internal.display.cutout.emulation.hole/10011} BLOCKED
06-06 20:44:24.847  1948  5734 I AppsFilter: interaction: PackageSetting{21b3f94 org.kffs.habilisdatalogger/10344} -> PackageSetting{e440a34 com.android.internal.display.cutout.emulation.tall/10012} BLOCKED
06-06 20:44:24.847  1948  5734 I AppsFilter: interaction: PackageSetting{21b3f94 org.kffs.habilisdatalogger/10344} -> PackageSetting{64c605d com.android.internal.systemui.navbar.threebutton/10059} BLOCKED
06-06 20:44:24.847  1948  5734 I AppsFilter: interaction: PackageSetting{21b3f94 org.kffs.habilisdatalogger/10344} -> PackageSetting{8cf8dd2 us.zoom.videomeetings/10330} BLOCKED
06-06 20:44:24.847  1948  5734 I AppsFilter: interaction: PackageSetting{21b3f94 org.kffs.habilisdatalogger/10344} -> PackageSetting{18ea3 com.android.wifi.dialog/10242} BLOCKED
06-06 20:44:24.847  1948  5734 I AppsFilter: interaction: PackageSetting{21b3f94 org.kffs.habilisdatalogger/10344} -> PackageSetting{f3195a0 com.android.hotwordenrollment.xgoogle/10146} BLOCKED
06-06 20:44:24.847  1948  5734 I AppsFilter: interaction: PackageSetting{21b3f94 org.kffs.habilisdatalogger/10344} -> PackageSetting{d73a559 com.onedebit.chime/10328} BLOCKED
06-06 20:44:24.847  1948  5734 I AppsFilter: interaction: PackageSetting{21b3f94 org.kffs.habilisdatalogger/10344} -> PackageSetting{274b51e com.instagram.android/10335} BLOCKED
06-06 20:44:24.847  1948  5734 I AppsFilter: interaction: PackageSetting{21b3f94 org.kffs.habilisdatalogger/10344} -> PackageSetting{e1471ff com.google.android.as/10168} BLOCKED
06-06 20:44:24.847  1948  5734 I AppsFilter: interaction: PackageSetting{21b3f94 org.kffs.habilisdatalogger/10344} -> PackageSetting{3aa6bcc com.google.android.gm/10192} BLOCKED
06-06 20:44:24.847  1948  5734 I AppsFilter: interaction: PackageSetting{21b3f94 org.kffs.habilisdatalogger/10344} -> PackageSetting{8303e15 com.google.android.apps.tachyon/10292} BLOCKED
06-06 20:44:24.847  1948  5734 I AppsFilter: interaction: PackageSetting{21b3f94 org.kffs.habilisdatalogger/10344} -> PackageSetting{8b3052a com.google.android.overlay.gmsconfig.common/10019} BLOCKED
06-06 20:44:24.847  1948  5734 I AppsFilter: interaction: PackageSetting{21b3f94 org.kffs.habilisdatalogger/10344} -> PackageSetting{8482f1b com.android.settings.intelligence/10160} BLOCKED
06-06 20:44:24.847  1948  5734 I AppsFilter: interaction: PackageSetting{21b3f94 org.kffs.habilisdatalogger/10344} -> PackageSetting{ef878b8 com.android.internal.systemui.navbar.gestural_extra_wide_back/10061} BLOCKED
06-06 20:44:24.847  1948  5734 I AppsFilter: interaction: PackageSetting{21b3f94 org.kffs.habilisdatalogger/10344} -> PackageSetting{ae3a691 com.microsoft.office.outlook/10323} BLOCKED
06-06 20:44:24.847  1948  5734 I AppsFilter: interaction: PackageSetting{21b3f94 org.kffs.habilisdatalogger/10344} -> PackageSetting{4d449f6 com.miui.compass/10302} BLOCKED
06-06 20:44:24.848  1948  5734 I AppsFilter: interaction: PackageSetting{21b3f94 org.kffs.habilisdatalogger/10344} -> PackageSetting{730a1f7 com.google.android.setupwizard/10251} BLOCKED
