05-28 21:03:05.581  2054  2781 W PackageManager: java.lang.IllegalArgumentException: Unable to get package org.kffs.habilisdatalogger
05-28 21:03:05.590  2054  2781 I PermissionManager: Removing permission org.kffs.habilisdatalogger.DYNAMIC_RECEIVER_NOT_EXPORTED_PERMISSION that used to be declared by org.kffs.habilisdatalogger
05-28 21:03:05.716  2054  2781 W PackageFreezer: Freeze package org.kffs.habilisdatalogger about 0.71 seconds for reason: deletePackageX
05-28 21:03:05.760  2054  2781 I ActivityManager: Force stopping org.kffs.habilisdatalogger appid=10288 user=0: pkg removed
05-28 21:03:05.803  2054  2781 I ActivityManager: Force stopping org.kffs.habilisdatalogger appid=10288 user=0: pkg removed
05-28 21:03:06.172  3972  3972 D CarrierSvcBindHelper: onPackageRemoved: org.kffs.habilisdatalogger
05-28 21:03:06.177  4004  4640 W QSTileHostExt: package info not found: org.kffs.habilisdatalogger
05-28 21:03:06.184  6645  6645 D OsAgent : Package uninstalled, onReceive: org.kffs.habilisdatalogger
05-28 21:03:06.184 26224 26459 D Avrcp_ext: AvrcpServiceBroadcastReceiver-> packageName: org.kffs.habilisdatalogger
05-28 21:03:06.185 26224 26459 D Avrcp_ext: packageName: org.kffs.habilisdatalogger removed: true
05-28 21:03:06.195 26224 26459 D Avrcp_ext: isBrowseSupported for org.kffs.habilisdatalogger: false
05-28 21:03:06.196 26224 26224 D BluetoothMapAppObserver: The removed package is: org.kffs.habilisdatalogger
05-28 21:03:06.248  8252  8252 I InstalledAppMonitor: org.kffs.habilisdataloggeronReceive remove pkg=org.kffs.habilisdatalogger
05-28 21:03:06.320  4050 26675 E InstallApkReceiver: uninstall:package:org.kffs.habilisdatalogger
05-28 21:03:06.325 16404 16404 D AppFinder:AppFinderLoadModel: package removed received org.kffs.habilisdatalogger
05-28 21:03:06.353 16404 16518 D AppFinder:PackageUpdatedTask: Removing app iconorg.kffs.habilisdatalogger
05-28 21:03:06.365 16404 16404 I PackageInstallReceiver: action = android.intent.action.PACKAGE_REMOVED packageName = org.kffs.habilisdatalogger
05-28 21:03:06.372 17501 14807 I ResidentChecker: check: StartScan pkg=org.kffs.habilisdatalogger
05-28 21:03:06.373  6605 11737 W SQLiteLog: (28) double-quoted string literal: "org.kffs.habilisdatalogger"
05-28 21:03:06.438  2054  2905 D MiuiNetworkPolicyAppBuckets: updateAppPN packageName=org.kffs.habilisdatalogger,uid=10288,installed=false
05-28 21:03:06.445  2054  2834 I RollbackManager: broadcast=ACTION_PACKAGE_FULLY_REMOVED pkg=org.kffs.habilisdatalogger
05-28 21:03:06.469  2054  2906 W WifiService: Couldn't get PackageInfo for package:org.kffs.habilisdatalogger
05-28 21:03:06.469  2054  2906 D WifiService: Remove settings for package:org.kffs.habilisdatalogger
05-28 21:03:06.505  2054  2906 D WifiConfigManager: Remove all networks for app ApplicationInfo{be5b38f org.kffs.habilisdatalogger}
05-28 21:03:06.527 18171 10455 E PackageUtils: android.content.pm.PackageManager$NameNotFoundException: org.kffs.habilisdatalogger
05-28 21:03:06.553  2054  2054 E SLM-SRV-SLAAppLib: initBroadcastReceiverorg.kffs.habilisdatalogger
05-28 21:03:06.553  2054  2054 I SLM-SRV-SLAAppLib: ACTION_PACKAGE_REMOVED uid = 10288org.kffs.habilisdatalogger
05-28 21:03:06.601  2054  2054 I Telecom : CarModeTracker: Package org.kffs.habilisdatalogger is not tracked.: SSH.oR@JMs
05-28 21:03:06.657  2054  2054 I AppSearchManagerService: Handling android.intent.action.PACKAGE_FULLY_REMOVED broadcast on package: org.kffs.habilisdatalogger
05-28 21:03:06.681  2054  2054 I ConditionProviders: Disallowing condition provider org.kffs.habilisdatalogger (userSet: true)
05-28 21:03:06.689 27679 27679 W msgr.AppInfoCore: Install status cache EVICT for org.kffs.habilisdatalogger (package changed)
05-28 21:03:06.690 27679 27679 W msgr.AppInfoCore: Install status cache EVICT for org.kffs.habilisdatalogger (package changed)
05-28 21:03:06.976 25455 30994 I ProximityAuth: [RecentAppsMediator] Package removed: (user=UserHandle{0}) org.kffs.habilisdatalogger
05-28 21:03:07.045 31129 28363 I Icing   : doRemovePackageData org.kffs.habilisdatalogger
05-28 21:03:07.389 15339 15339 I Finsky  : [2] AIM: AppInfoCacheUpdater -> invalidating apps: [org.kffs.habilisdatalogger]
05-28 21:03:07.416  2054  2906 I PasspointManager: No app ops listener found for org.kffs.habilisdatalogger
05-28 21:03:07.422  2054  2906 W WifiService: Couldn't get PackageInfo for package:org.kffs.habilisdatalogger
05-28 21:03:07.422  2054  2906 D WifiService: Remove settings for package:org.kffs.habilisdatalogger
05-28 21:03:07.422  2054  2906 D WifiConfigManager: Remove all networks for app ApplicationInfo{bbf6de4 org.kffs.habilisdatalogger}
05-28 21:03:07.433 31129 30984 W RWIPackageIntentOps: Registries cleared for package: org.kffs.habilisdatalogger
05-28 21:03:07.470 15339 15385 I Finsky  : [152] AIM: AppInfoManager-Perf > OnDeviceAppInfo > cacheHitCount=0, cacheMissCount=1. Missed  in cache (limit 10) : [org.kffs.habilisdatalogger]
05-28 21:03:07.548 15339 31035 I Finsky  : [456] Asset module storage cleared for package org.kffs.habilisdatalogger.
05-28 21:03:07.563 21800 21800 I Finsky:background: [2] Package no longer installed: org.kffs.habilisdatalogger
05-28 21:03:07.658 21800 21800 I Finsky:background: [2] Package no longer installed: org.kffs.habilisdatalogger
05-28 21:03:07.825 21800 22064 I Finsky:background: [176] IQ:PSL: skipping onPackageRemoved(replacing=false) for untracked package=org.kffs.habilisdatalogger
05-28 21:03:07.927 21800 21800 I Finsky:background: [2] Package no longer installed: org.kffs.habilisdatalogger
05-28 21:03:08.007 26645 26645 D PersistedStoragePackageUninstalledReceiver: Received android.intent.action.PACKAGE_FULLY_REMOVED for org.kffs.habilisdatalogger for u0
05-28 21:03:08.033 15339 15339 W Finsky  : [2] STU: Failed to get storage stats for package 'org.kffs.habilisdatalogger' (1601: Error getting stats: android.content.pm.PackageManager.NameNotFoundException)
05-28 21:03:08.134  2054  2906 I PasspointManager: No app ops listener found for org.kffs.habilisdatalogger
05-28 21:03:08.225 31129 30900 W SQLiteLog: (28) double-quoted string literal: "org.kffs.habilisdatalogger"
05-28 21:03:08.264  6404 30979 D MediaProvider: Deleted 0 Android/media items belonging to org.kffs.habilisdatalogger on /data/user/0/com.google.android.providers.media.module/databases/external.db
05-28 21:03:08.287  6404 30979 I FuseDaemon: Successfully deleted rows in leveldb for owner_id:  and ownerPackageIdentifier: org.kffs.habilisdatalogger::0
05-28 21:03:08.291  6404 30979 D MediaGrants: Removed 0 media_grants for 0 user for [org.kffs.habilisdatalogger]. Reason: Package orphaned
05-28 21:03:08.449 31084 31084 I VSC-AppInstallReceiver: action: android.intent.action.PACKAGE_FULLY_REMOVED, packageName: org.kffs.habilisdatalogger
05-28 21:03:08.513 27730 31147 D ContactDirectoryManager: onPackageChanged,updateDirectoriesForPackage, packageName:org.kffs.habilisdatalogger
05-28 21:03:09.002 15339 15339 I Finsky  : [2] Received an install/uninstall event for package org.kffs.habilisdatalogger
05-28 21:03:10.479  8252  9371 W MIUISafety-Monitor: checkRunningOp end for org.kffs.habilisdatalogger cost 0ms, should sync = false
05-28 21:03:17.831  4050  4050 D Launcher.Model: LauncherAppsCallback onPackageRemoved|org.kffs.habilisdatalogger|UserHandle{0}
05-28 21:03:17.864  9006  9006 I lyra-net-StaticRegistersManager: remove: org.kffs.habilisdatalogger, null
05-28 21:03:17.883  4050  4284 D AutoInstallsParser: isPAIPackageName: org.kffs.habilisdatalogger
05-28 21:03:31.080  4859 32675 I IconCustomizer: find better bitmap : 128, for org.kffs.habilisdatalogger
05-28 21:03:31.080  4859 32675 I IconCustomizer: find better bitmap : 128, for org.kffs.habilisdatalogger
05-28 21:03:31.081  4859 32675 I IconCustomizer: find better bitmap : 128, for org.kffs.habilisdatalogger
05-28 21:03:31.097  4859 32675 D IconCustomizer: Generate customized icon for org.kffs.habilisdatalogger.png, true
05-28 21:03:31.097  4859 32675 I IconCustomizer: composeIconWithTrans FullMask: for org.kffs.habilisdatalogger.png
05-28 21:03:37.220 32740 32740 I IconCustomizer: find better bitmap : 128, for org.kffs.habilisdatalogger
05-28 21:03:37.220 32740 32740 I IconCustomizer: find better bitmap : 128, for org.kffs.habilisdatalogger
05-28 21:03:37.221 32740 32740 I IconCustomizer: find better bitmap : 128, for org.kffs.habilisdatalogger
05-28 21:03:37.225 32740 32740 D IconCustomizer: Generate customized icon for org.kffs.habilisdatalogger.png, true
05-28 21:03:37.225 32740 32740 I IconCustomizer: composeIconWithTrans FullMask: for org.kffs.habilisdatalogger.png
05-28 21:03:40.096 15339 15339 I Finsky  : [2] VerifyApps: Install-time verification requested for package org.kffs.habilisdatalogger, PackageManager id = 40, Verifier id = b68c6468-a2b2-4466-80aa-494fb0f7707c
05-28 21:03:40.233 15339 31113 I Finsky  : [469] VerifyApps: Anti-malware verification task started for package=org.kffs.habilisdatalogger
05-28 21:03:40.504 15339 31113 I Finsky  : [469] VerifyApps: chooseScanResult for package=org.kffs.habilisdatalogger with timeout=15000ms
05-28 21:03:40.529 15339 15391 I Finsky  : [156] VerifyApps: Starting APK Analysis scan for org.kffs.habilisdatalogger.
05-28 21:03:40.546 15339 15391 I Finsky  : [156] Scanning package org.kffs.habilisdatalogger contents with client side protections. File: [JGz1O8gtjRexBU-0XUMyRKrwURYtk4bMykk9SkA_5TA]
05-28 21:03:41.071 15339 31087 I Finsky  : [465] VerifyApps: Verification package=org.kffs.habilisdatalogger, id=40, response=3, upload_requested=false, enable_ecm=true
05-28 21:03:41.083 15339 31087 I Finsky  : [465] VerifyApps: PAM result saving to datastore delayed for package: org.kffs.habilisdatalogger
05-28 21:03:41.087 15339 31113 I Finsky  : [469] VerifyApps: firstScanResult for package=org.kffs.habilisdatalogger: 3
05-28 21:03:41.087 15339 31113 I Finsky  : [469] VerifyApps: chooseScanResult returning verdict 3 for package=org.kffs.habilisdatalogger
05-28 21:03:41.088 15339 31087 E Finsky  : [465] VerifyApps: Unable to get APK Analysis scan result. package=org.kffs.habilisdatalogger
05-28 21:03:41.256 15339 15391 W Finsky  : [156] VerifyApps: APK Analysis scan cancelled for org.kffs.habilisdatalogger.
05-28 21:03:41.256 15339 15391 I Finsky  : [156] VerifyApps: APK Analysis scan finished for org.kffs.habilisdatalogger. Verdict: 0
05-28 21:03:41.369 15339 15364 I IconCustomizer: find better bitmap : 128, for org.kffs.habilisdatalogger
05-28 21:03:41.369 15339 15364 I IconCustomizer: find better bitmap : 128, for org.kffs.habilisdatalogger
05-28 21:03:41.369 15339 15364 I IconCustomizer: find better bitmap : 128, for org.kffs.habilisdatalogger
05-28 21:03:41.377 15339 15364 D IconCustomizer: Generate customized icon for org.kffs.habilisdatalogger.png, true
05-28 21:03:41.377 15339 15364 I IconCustomizer: composeIconWithTrans FullMask: for org.kffs.habilisdatalogger.png
05-28 21:03:46.576 15339 15390 I Finsky  : [155] VerifyApps: waiting for app installation for org.kffs.habilisdatalogger
05-28 21:03:46.635 15339 15339 I Finsky  : [2] VerifyApps: Install-time verification complete: id=40, package_name=org.kffs.habilisdatalogger
05-28 21:03:46.996  2054  2781 W PackageFreezer: Freeze package org.kffs.habilisdatalogger about 0.295 seconds for reason: installPackageLI
05-28 21:03:46.996  2054  2781 I BackupManagerService: [UserID:0] restoreAtInstall pkg=org.kffs.habilisdatalogger token=29 restoreSet=0
05-28 21:03:46.998  2054  2781 I InstallationTiming: org.kffs.habilisdatalogger|com.google.android.packageinstaller|10522|1975|51|1527|0|6597|0
05-28 21:03:46.999  2054  2781 I AppsFilter: interaction: PackageSetting{2b15143 com.fido.asm/10106} -> PackageSetting{322db27 org.kffs.habilisdatalogger/10293} BLOCKED
05-28 21:03:47.219  6404  8647 D MediaGrants: Removed 0 media_grants for 0 user for [org.kffs.habilisdatalogger]. Reason: Mode changed: android:read_external_storage
05-28 21:03:47.225  6404 17645 D MediaGrants: Removed 0 media_grants for 0 user for [org.kffs.habilisdatalogger]. Reason: Mode changed: android:read_external_storage
05-28 21:03:47.229  6404 17645 D MediaGrants: Removed 0 media_grants for 0 user for [org.kffs.habilisdatalogger]. Reason: Mode changed: android:read_external_storage
05-28 21:03:47.636  3972  3972 D CarrierSvcBindHelper: onPackageAdded: org.kffs.habilisdatalogger
05-28 21:03:47.645  2054  2905 D MiuiNetworkPolicyAppBuckets: updateAppPN packageName=org.kffs.habilisdatalogger,uid=10293,installed=true
05-28 21:03:47.654  2054  2380 I MiuiCompatModePackages: package org.kffs.habilisdatalogger updated, removing config
05-28 21:03:47.664  2054  3280 I SdkSandboxManager: No SDKs used. Skipping SDK data reconcilation for CallingInfo{mUid=10293, mPackageName='org.kffs.habilisdatalogger, mAppProcessToken='null'}
05-28 21:03:47.669 26224 26459 D Avrcp_ext: AvrcpServiceBroadcastReceiver-> packageName: org.kffs.habilisdatalogger
05-28 21:03:47.675  3972  4634 D ImsResolver: maybeAddedImsService, packageName: org.kffs.habilisdatalogger
05-28 21:03:47.678  2054  3351 E AppScanObserverService: Try to add a invalid package: org.kffs.habilisdatalogger | 10293 | 0
05-28 21:03:47.679 26224 26459 D Avrcp_ext: packageName: org.kffs.habilisdatalogger removed: false
05-28 21:03:47.720  2054  2054 E SLM-SRV-SLAAppLib: initBroadcastReceiverorg.kffs.habilisdatalogger
05-28 21:03:47.720  2054  2054 I SLM-SRV-SLAAppLib: ACTION_PACKAGE_ADDED uid = 10293org.kffs.habilisdatalogger
05-28 21:03:47.720  8252  9009 D AppInstalledReceiver: packageName: org.kffs.habilisdatalogger
05-28 21:03:47.761  2054  2054 I AppsFilter: interaction: PackageSetting{103a461 com.fido.asm/10106} -> PackageSetting{ea8bb86 org.kffs.habilisdatalogger/10293} BLOCKED
05-28 21:03:47.765 26224 26224 D BluetoothMapAppObserver: The installed package is: org.kffs.habilisdatalogger
05-28 21:03:47.772  8252  8252 I InstalledAppMonitor: org.kffs.habilisdataloggeronReceive add pkg=org.kffs.habilisdatalogger
05-28 21:03:47.793 26645 26645 I SafetyLabelChangedBroadcastReceiver: received broadcast packageName: org.kffs.habilisdatalogger, current user: UserHandle{0}, packageChangeEvent: NEW_INSTALL, intent user: UserHandle{0}
05-28 21:03:47.832  3972  3972 D CarrierSvcBindHelper: onPackageModified: org.kffs.habilisdatalogger
05-28 21:03:47.840  3972  4634 D ImsResolver: maybeAddedImsService, packageName: org.kffs.habilisdatalogger
05-28 21:03:47.851  8252  9555 I GameBoosterNewApp: org.kffs.habilisdatalogger isGameFromJson false
05-28 21:03:47.869  8252  9555 I GameBoosterNewApp: org.kffs.habilisdatalogger isGameFromLocal false
05-28 21:03:47.874  8252  8674 I FireWallService: set mobile rule for org.kffs.habilisdatalogger:0:true
05-28 21:03:47.875 26224 26459 D Avrcp_ext: AvrcpServiceBroadcastReceiver-> packageName: org.kffs.habilisdatalogger
05-28 21:03:47.875 26224 26459 D Avrcp_ext: packageName: org.kffs.habilisdatalogger removed: false
05-28 21:03:47.878  8252  8674 I FireWallService: set wifi rule for org.kffs.habilisdatalogger:0
05-28 21:03:47.953 21825 21825 I PI-ScanDispatch: service bind, pkgName = org.kffs.habilisdatalogger, installer = com.google.android.packageinstaller, isReplace = false, firstGoogleTime = 1660842401279
05-28 21:03:48.249 15339 15339 I Finsky  : [2] AIM: AppInfoCacheUpdater -> invalidating apps: [org.kffs.habilisdatalogger]
05-28 21:03:48.250 15339 15390 I Finsky  : [155] AIM: AppInfoManager-Perf > OnDeviceAppInfo > cacheHitCount=0, cacheMissCount=1. Missed  in cache (limit 10) : [org.kffs.habilisdatalogger]
05-28 21:03:48.252 16404 16404 I PackageInstallReceiver: action = android.intent.action.PACKAGE_ADDED packageName = org.kffs.habilisdatalogger
05-28 21:03:48.279 16404 16518 D AppFinder:PackageUpdatedTask: app enable status changed: org.kffs.habilisdatalogger
05-28 21:03:48.279 16404 16404 I PackageInstallReceiver: action = android.intent.action.PACKAGE_CHANGED packageName = org.kffs.habilisdatalogger
05-28 21:03:48.333 15339 15390 I Finsky  : [155] AIM: AppInfoManager-Perf > OnDeviceAppInfo > cacheHitCount=0, cacheMissCount=1. Missed  in cache (limit 10) : [org.kffs.habilisdatalogger]
05-28 21:03:48.417 15339 15339 I Finsky  : [2] VerifyApps: app installation complete for org.kffs.habilisdatalogger
05-28 21:03:48.428  6605 11737 W SQLiteLog: (28) double-quoted string literal: "org.kffs.habilisdatalogger"
05-28 21:03:48.568 27679 27679 W msgr.AppInfoCore: Install status cache EVICT for org.kffs.habilisdatalogger (package changed)
05-28 21:03:48.568 27679 27679 W msgr.AppInfoCore: Install status cache EVICT for org.kffs.habilisdatalogger (package changed)
05-28 21:03:48.738 15339 15339 I Finsky  : [2] AIM: AppInfoCacheUpdater -> invalidating apps: [org.kffs.habilisdatalogger]
05-28 21:03:48.745 15339 15386 I Finsky  : [153] AIM: AppInfoManager-Perf > OnDeviceAppInfo > cacheHitCount=0, cacheMissCount=1. Missed  in cache (limit 10) : [org.kffs.habilisdatalogger]
05-28 21:03:48.745 15339 15385 I Finsky  : [152] VerifyApps: running post install verification task for package: org.kffs.habilisdatalogger, install ID: b68c6468-a2b2-4466-80aa-494fb0f7707c
05-28 21:03:48.746 15339 15385 I Finsky  : [152] VerifyApps: Putting package org.kffs.habilisdatalogger in ECM mode succeeded
05-28 21:03:48.822 21825 21825 I IconCustomizer: find better bitmap : 128, for org.kffs.habilisdatalogger
05-28 21:03:48.822 21825 21825 I IconCustomizer: find better bitmap : 128, for org.kffs.habilisdatalogger
05-28 21:03:48.823 21825 21825 I IconCustomizer: find better bitmap : 128, for org.kffs.habilisdatalogger
05-28 21:03:48.829 21825 21825 D IconCustomizer: Generate customized icon for org.kffs.habilisdatalogger.png, true
05-28 21:03:48.829 21825 21825 I IconCustomizer: composeIconWithTrans FullMask: for org.kffs.habilisdatalogger.png
05-28 21:03:49.079 25455   894 I ProximityAuth: [RecentAppsMediator] Package added: (user=UserHandle{0}) org.kffs.habilisdatalogger
05-28 21:03:49.121 25455   894 I IconCustomizer: find better bitmap : 128, for org.kffs.habilisdatalogger
05-28 21:03:49.122 25455   894 I IconCustomizer: find better bitmap : 128, for org.kffs.habilisdatalogger
05-28 21:03:49.125 25455   894 I IconCustomizer: find better bitmap : 128, for org.kffs.habilisdatalogger
05-28 21:03:49.129 25455   894 D IconCustomizer: Generate customized icon for org.kffs.habilisdatalogger.png, true
05-28 21:03:49.129 25455   894 I IconCustomizer: composeIconWithTrans FullMask: for org.kffs.habilisdatalogger.png
05-28 21:03:49.203 31084 31084 I VSC-AppInstallReceiver: action: android.intent.action.PACKAGE_CHANGED, packageName: org.kffs.habilisdatalogger
05-28 21:03:49.218 27730 31147 D ContactDirectoryManager: onPackageChanged,updateDirectoriesForPackage, packageName:org.kffs.habilisdatalogger
05-28 21:03:49.220 27730 31147 D ContactDirectoryManager: onPackageChanged,updateDirectoriesForPackage, packageName:org.kffs.habilisdatalogger
05-28 21:03:49.251  4050 26675 E InstallApkReceiver: install:package:org.kffs.habilisdatalogger
05-28 21:03:49.398 22987 23013 I WakePathManager: PackageMonitor. onPackageAdded: packageName =org.kffs.habilisdatalogger
05-28 21:03:49.533  8252  9367 I ThumbnailBlurUtils: loadPrivacyThumbnailBlurMonthly successd{"com.microsoft.teams":10,"com.miui.player":27,"com.instagram.android":5,"com.amazon.kindle":5,"com.discoverfinancial.mobile":-1,"com.creditkarma.mobile":5,"co.mangotechnologies.clickup":5,"com.uvnv.mintsim":-1,"com.miui.compass":5,"com.stopandshop.mobile.droid":-1,"co.za.wigroup.dunkindonutsge":-1,"com.venmo":-1,"com.microsoft.office.outlook":10,"us.mitene":5,"com.miui.calculator":5,"com.android.deskclock":5,"com.google.android.apps.kids.familylink":5,"com.jetpack.android":-1,"com.odd.collectforstripe":-1,"com.google.android.apps.docs.editors.docs":-1,"com.xiaomi.scanner":5,"com.microsoft.seeingai":-1,"com.miui.securitycenter":5,"com.android.vending":5,"com.garmin.android.apps.connectmobile":8,"com.madinsweden.sleeptalk":4,"com.mercury.bank":-1,"com.overdrive.mobile.android.libby":5,"com.einnovation.temu":-1,"com.strava":5,"com.android.chrome":-1,"com.google.android.apps.photos":-1,"com.microsoft.windowsintune.companyportal":10,"com.xfinity.digitalhome":-1,"com.ascendo.android.dictionary.de.free":-1,"com.mi.android.globalFileexplorer":5,"com.ichi2.anki":5,"com.google.android.apps.docs":5,"com.google.android.apps.safetyhub":-1,"com.miui.gallery":6,"com.google.android.apps.subscriptions.red":-1,"com.thestorygraph.thestorygraph":-1,"com.mobcrab.deutschgrammatika1a2b1b2":5,"com.familywall":5,"com.google.android.apps.maps":-1,"com.azure.authenticator":5,"com.miui.videoplayer":27,"app.indie.my":-1,"com.google.android.apps.adm":-1,"com.eken.aiwit":-1,"com.spotify.music":5,"org.wordpress.android":5,"com.bunq.android":-1,"com.google.android.apps.messaging":5,"com.google.android.googlequicksearchbox":-1,"com.miui.miservice":5,"com.google.android.apps.googlevoice":5,"com.zhiliaoapp.musically":5,"com.google.android.contacts":-1,"com.dropbox.android":5,"com.roku.remote":5,"com.konylabs.capitalone":1,"com.onedebit.chime":-1,"com.facebook.orca":5,"com.microsoft.skydrive":5,"com.whatsapp":5,"com.duolingo":5,"com.huami.watch.hmwatchmanager":5,"org.kffs.habilisdatalogger":-1,"com.miui.weather2":5,"com.facebook.katana":5,"email.titan.app":-1,"com.stripe.android.dashboard":-1,"com.usbank.mobilebanking":-1,"com.quonticbank.android":-1,"com.android.providers.downloads.ui":5,"com.android.thememanager":5,"flar2.homebutton":5,"com.google.android.apps.docs.editors.sheets":5,"com.google.android.dialer":-1,"com.sofi.mobile":-1,"com.android.camera":6,"com.google.android.gm":5,"com.android.settings":-1,"com.xiaomi.glgm":5,"com.mi.globalminusscreen":-1,"com.google.android.apps.authenticator2":-1,"com.mtb.mbanking.sc.retail.prod":-1,"com.google.android.apps.googleassistant":-1,"com.shutterfly":-1,"com.timehop":5,"com.google.android.calendar":5,"com.android.soundrecorder":5}
05-28 21:03:50.010 17501 14807 I ApkChecker: check: org.kffs.habilisdatalogger
05-28 21:03:50.781 15339 15339 I Finsky  : [2] Received an install/uninstall event for package org.kffs.habilisdatalogger
05-28 21:03:51.137 18171 18219 I CacheInterceptor: Cache missed:org.kffs.habilisdatalogger
05-28 21:03:51.197 18171   977 E CodeScanner: flamingo: Error occurred in org.kffs.habilisdatalogger:Pattern syntax error near position 2: recursive wildcards must form a single path component
05-28 21:03:51.198 18171   977 E CodeScanner: flamingo: Error occurred in org.kffs.habilisdatalogger:Pattern syntax error near position 2: recursive wildcards must form a single path component
05-28 21:03:51.210 18171   977 E CodeScanner: flamingo: Error occurred in org.kffs.habilisdatalogger:Pattern syntax error near position 2: recursive wildcards must form a single path component
05-28 21:03:51.210 18171   977 I CodeScanner: flamingo: Scan done org.kffs.habilisdatalogger: len:9,rate:0.887(misses:9,hits:71), size:3.411, spend:41
05-28 21:03:51.444 18171 18219 I RealScanner: Scan result:(AndroidAppInfo(appName=Habilis Data Logger, packageName=org.kffs.habilisdatalogger, versionName=0.1, versionCode=10211, signaturesMd5=b4b67ec0c81ba01352c7021fa7a28448, signaturesSha256=04b2cbb8e2da61361ba2fdd3affc7f011236241888ee7500c9e165e6324a640c, installer=null, installed=false, path=/data/app/~~r-gosS-ccXfM-z_-YuBB4Q==/org.kffs.habilisdatalogger-uhjdCfmhAV4K3FjHzjYOVQ==/base.apk, mfSha256=b04321be8a95b1359a6cfca22745fd86177d52b734b5e88f409bf4d5f72c0aee),AndroidAppInfo(appName=Habilis Data Logger, packageName=org.kffs.habilisdatalogger, versionName=0.1, versionCode=10211, signaturesMd5=b4b67ec0c81ba01352c7021fa7a28448, signaturesSha256=04b2cbb8e2da61361ba2fdd3affc7f011236241888ee7500c9e165e6324a640c, installer=null, installed=false, path=/data/app/~~r-gosS-ccXfM-z_-YuBB4Q==/org.kffs.habilisdatalogger-uhjdCfmhAV4K3FjHzjYOVQ==/base.apk, mfSha256=b04321be8a95b1359a6cfca22745fd86177d52b734b5e88f409bf4d5f72c0aee))
05-28 21:03:53.220  4050  4050 D Launcher.Model: LauncherAppsCallback onPackageAdded|org.kffs.habilisdatalogger|UserHandle{0}
05-28 21:03:53.250  4050  4284 I IconCustomizer: find better bitmap : 128, for org.kffs.habilisdatalogger
05-28 21:03:53.250  4050  4284 I IconCustomizer: find better bitmap : 128, for org.kffs.habilisdatalogger
05-28 21:03:53.251  4050  4284 I IconCustomizer: find better bitmap : 128, for org.kffs.habilisdatalogger
05-28 21:03:53.252  4050  4284 D IconCustomizer: Generate customized icon for org.kffs.habilisdatalogger.png, true
05-28 21:03:53.252  4050  4284 I IconCustomizer: composeIconWithTrans FullMask: for org.kffs.habilisdatalogger.png
05-28 21:03:53.269  4050  4284 E Launcher.AllAppsList: Can't load postion for packageName: org.kffs.habilisdatalogger activityName: org.kivy.android.PythonActivity
05-28 21:03:53.270  4050  4284 D AutoInstallsParser: isPAIPackageName: org.kffs.habilisdatalogger
05-28 21:03:53.286  4050  4284 D Launcher.Model: onReceiveBackground, mAllAppsList=add=[(0, AppInfo, id=-1, itemType=0, user=UserHandle{0}, mIconType=0, pkgName=org.kffs.habilisdatalogger, className=org.kivy.android.PythonActivity, screenId=-1, container=-1, cellX=-1, cellY=-1, spanX=1, spanY=1)], remove=[], modified=[]
05-28 21:03:53.296  4050  4050 D Launcher: add item to launcher when bind apps added, info=ShortcutInfo, id=-1, itemType=0, user=UserHandle{0}, mIconType=0, pkgName=org.kffs.habilisdatalogger, className=org.kivy.android.PythonActivity, screenId=-1, container=-1, cellX=-1, cellY=-1, spanX=1, spanY=1
05-28 21:03:53.296  4050  4050 D Launcher: addItemToWorkspace, add item into db, item=ShortcutInfo, id=-1, itemType=0, user=UserHandle{0}, mIconType=0, pkgName=org.kffs.habilisdatalogger, className=org.kivy.android.PythonActivity, screenId=2, container=-100, cellX=0, cellY=5, spanX=1, spanY=1
05-28 21:03:53.296  4050  4050 D Launcher.Model: Insert item org.kffs.habilisdatalogger to database (0, 5) of screen 2
05-28 21:03:53.296  4050  4284 D Launcher.ShortcutInfo: onAddToDatabase, this=ShortcutInfo, id=1202, itemType=0, user=UserHandle{0}, mIconType=0, pkgName=org.kffs.habilisdatalogger, className=org.kivy.android.PythonActivity, screenId=2, container=-100, cellX=0, cellY=5, spanX=1, spanY=1
05-28 21:03:53.356  4050  4050 D Launcher.CellLayout: updateCellOccupiedMarks, update, ShortcutInfo, id=1202, itemType=0, user=UserHandle{0}, mIconType=0, pkgName=org.kffs.habilisdatalogger, className=org.kivy.android.PythonActivity, screenId=2, container=-100, cellX=0, cellY=5, spanX=1, spanY=1
05-28 21:03:53.357  4050  4295 W PreviewDisappear: getIcon info target: ComponentInfo{org.kffs.habilisdatalogger/org.kivy.android.PythonActivity}
05-28 21:03:53.357  4050  4295 W PreviewDisappear: getIcon info intent: Intent { act=android.intent.action.MAIN cat=[android.intent.category.LAUNCHER] flg=0x10200000 cmp=org.kffs.habilisdatalogger/org.kivy.android.PythonActivity (has extras) }
05-28 21:03:53.742  4050  4050 D Launcher.Model: LauncherAppsCallback onPackageChanged|org.kffs.habilisdatalogger|UserHandle{0}
05-28 21:03:53.748  4050  4284 I IconCustomizer: find better bitmap : 128, for org.kffs.habilisdatalogger
05-28 21:03:53.748  4050  4284 I IconCustomizer: find better bitmap : 128, for org.kffs.habilisdatalogger
05-28 21:03:53.749  4050  4284 I IconCustomizer: find better bitmap : 128, for org.kffs.habilisdatalogger
05-28 21:03:53.749  4050  4284 D IconCustomizer: Generate customized icon for org.kffs.habilisdatalogger.png, true
05-28 21:03:53.749  4050  4284 I IconCustomizer: composeIconWithTrans FullMask: for org.kffs.habilisdatalogger.png
05-28 21:03:53.751  4050  4284 D Launcher.AllAppsList: updatePackage, packageName=org.kffs.habilisdatalogger, loadMissing=false, user=UserHandle{0}, matchedSize=1
05-28 21:03:53.751  4050  4284 D Launcher.AllAppsList: updatePackage, find appInfo=AppInfo, id=-1, itemType=0, user=UserHandle{0}, mIconType=0, pkgName=org.kffs.habilisdatalogger, className=org.kivy.android.PythonActivity, screenId=-1, container=-1, cellX=-1, cellY=-1, spanX=1, spanY=1 from ComponentInfo{org.kffs.habilisdatalogger/org.kivy.android.PythonActivity}
05-28 21:03:53.752  4050  4284 D Launcher.Model: onReceiveBackground, mAllAppsList=add=[], remove=[], modified=[(0, AppInfo, id=-1, itemType=0, user=UserHandle{0}, mIconType=0, pkgName=org.kffs.habilisdatalogger, className=org.kivy.android.PythonActivity, screenId=-1, container=-1, cellX=-1, cellY=-1, spanX=1, spanY=1)]
05-28 21:03:53.755  4050  4292 W PreviewDisappear: getIcon info target: ComponentInfo{org.kffs.habilisdatalogger/org.kivy.android.PythonActivity}
05-28 21:03:53.755  4050  4292 W PreviewDisappear: getIcon info intent: Intent { act=android.intent.action.MAIN cat=[android.intent.category.LAUNCHER] flg=0x10200000 cmp=org.kffs.habilisdatalogger/org.kivy.android.PythonActivity (has extras) }
05-28 21:03:53.999 15339 15391 I Finsky  : [156] Installer package name of package org.kffs.habilisdatalogger is com.google.android.packageinstaller
05-28 21:03:56.857  2054  8799 D WindowManager: Collecting in transition 2462: ActivityRecord{e820b1e u0 org.kffs.habilisdatalogger/org.kivy.android.PythonActivity init visibleRequested:false
05-28 21:03:56.869  2054  8799 D MiGgameTypeIdentificationImpl: checkIfGameBeSupported app:org.kffs.habilisdatalogger
05-28 21:03:56.869  2054  8799 I WindowManager: When perf version lower than 2.3, MiGTStub result: false, gameType: 1, packageName: org.kffs.habilisdatalogger
05-28 21:03:56.875  2054  8799 D WindowManager: setLockTaskAuth: task=Task{3f60fff #53636 type=standard A=10293:org.kffs.habilisdatalogger} mLockTaskAuth=LOCK_TASK_AUTH_PINNABLE
05-28 21:03:56.875  2054  8799 D WindowManager: Collecting in transition 2462: Task{3f60fff #53636 type=standard A=10293:org.kffs.habilisdatalogger} init visibleRequested:false
05-28 21:03:56.880  2054  8799 D WindowManager: setLockTaskAuth: task=Task{3f60fff #53636 type=standard A=10293:org.kffs.habilisdatalogger} mLockTaskAuth=LOCK_TASK_AUTH_PINNABLE
05-28 21:03:56.881  2054  8799 D MiuiFreeFormManagerService: onStartActivityInner as = Task{3f60fff #53636 type=standard A=10293:org.kffs.habilisdatalogger} op = null
05-28 21:03:56.901  3889  3947 I DynamicDDSService: handleMessage(ACTIVITY_INVOKE{appInfo=org.kffs.habilisdatalogger isFullScreen=}true)
05-28 21:03:56.904  2054  8799 I ActivityTaskManager: resumeTopActivityInnerLocked topActivity:ActivityRecord{e820b1e u0 org.kffs.habilisdatalogger/org.kivy.android.PythonActivity t53636} isFocusable:true this:Task{3f60fff #53636 type=standard A=10293:org.kffs.habilisdatalogger}
05-28 21:03:56.908  2054  8799 D WindowManager: Collecting in transition 2462: ActivityRecord{e820b1e u0 org.kffs.habilisdatalogger/org.kivy.android.PythonActivity t53636} init visibleRequested:false
05-28 21:03:56.909  2054  8799 I ActivityTaskManager: START u0 {act=android.intent.action.MAIN cat=[android.intent.category.LAUNCHER] flg=0x10000000 pkg=org.kffs.habilisdatalogger cmp=org.kffs.habilisdatalogger/org.kivy.android.PythonActivity} with LAUNCH_SINGLE_TASK from uid 10119 from pid 21825 callingPackage com.miui.global.packageinstaller (BAL_ALLOW_VISIBLE_WINDOW) result code=0
05-28 21:03:56.912  2054  2361 I SmartPower: org.kffs.habilisdatalogger/10293(0): -1->background(0ms) R(become background) adj=-10000.
05-28 21:03:56.912  4004  4004 I FocusedNotifPromptContr: onTopActivityMayChanged: topActivity=org.kffs.habilisdatalogger
05-28 21:03:56.912  4004  4004 I FocusedNotifPromptContr: topActivityMayChanged: topActivity=org.kffs.habilisdatalogger
05-28 21:03:56.912  4004  4004 D KeyguardEditorHelper: onTopActivityMayChanged, topActivity=ComponentInfo{org.kffs.habilisdatalogger/org.kivy.android.PythonActivity}; mState=IDEL
05-28 21:03:56.923  4050  4516 W RecentsModel: getRunningTask   taskInfo=TaskInfo{userId=0 taskId=53636 displayId=0 isRunning=true baseIntent=Intent { act=android.intent.action.MAIN cat=[android.intent.category.LAUNCHER] flg=0x10000000 pkg=org.kffs.habilisdatalogger cmp=org.kffs.habilisdatalogger/org.kivy.android.PythonActivity } baseActivity=ComponentInfo{org.kffs.habilisdatalogger/org.kivy.android.PythonActivity} topActivity=ComponentInfo{org.kffs.habilisdatalogger/org.kivy.android.PythonActivity} origActivity=null realActivity=ComponentInfo{org.kffs.habilisdatalogger/org.kivy.android.PythonActivity} numActivities=1 lastActiveTime=347310464 supportsSplitScreenMultiWindow=true supportsMultiWindow=true resizeMode=1 isResizeable=true minWidth=-1 minHeight=-1 defaultMinSize=200 token=WCT{android.window.IWindowContainerToken$Stub$Proxy@5cd314c} topActivityType=1 pictureInPictureParams=null shouldDockBigOverlays=false launchIntoPipHostTaskId=-1 lastParentTaskIdBeforePip=-1 displayCutoutSafeInsets=Rect(0, 98 - 0, 0) topActivityInfo=ActivityInfo{a2b5595 org.kivy.android.PythonActivity} launchCookies=[] positionInParent=Point(0, 0) parentTaskId=-1 isFocused=false isVisible=false isVisibleRequested=false isSleeping=false topActivityInSizeCompat=false topActivityInMiuiSizeCompat=false topActivityEligibleForLetterboxEducation= false topActivityLetterboxed= false isFromDoubleTap= false topActivityLetterboxVerticalPosition= -1 topActivityLetterboxHorizontalPosition= -1 topActivityLetterboxWidth=-1 topActivityLetterboxHeight=-1 locusId=null displayAreaFeatureId=1 cameraCompatControlState=hidden mIsCastMode=false mTopActivityMediaSize=null mTopActivityRecordName=ActivityRecord{e820b1e u0 org.kffs.habilisdatalogger/org.kivy.android.PythonActivity t53636} mTopActivityOrientation=-2 mTopActivityWindowIsNowVisible=false isTranslucent=true isEmbedded=false shouldBeVisible=true mBehindAppLockPkg=null mOriginatingUid=0}
05-28 21:03:56.923  4050  4516 W RecentsModel: getTaskInfoIgnoreHomeAndFreeform   taskInfo=ComponentInfo{org.kffs.habilisdatalogger/org.kivy.android.PythonActivity}
05-28 21:03:56.937  2054  2385 I ActivityManager: Start proc 1035:org.kffs.habilisdatalogger/u0a293 for next-top-activity {org.kffs.habilisdatalogger/org.kivy.android.PythonActivity} caller=com.miui.global.packageinstaller
05-28 21:03:56.941  4050  4516 E ActivityManagerWrapper: getRecentTasks: mainTaskId=53636   userId=0   windowMode=1   baseIntent=Intent { act=android.intent.action.MAIN flag=268435456 cmp=ComponentInfo{org.kffs.habilisdatalogger/org.kivy.android.PythonActivity} }
05-28 21:03:56.950  6605 11737 W SQLiteLog: (28) double-quoted string literal: "org.kffs.habilisdatalogger"
05-28 21:03:56.955  2054  7684 D CoreBackPreview: Window{ad68401 u0 Splash Screen org.kffs.habilisdatalogger}: Setting back callback OnBackInvokedCallbackInfo{mCallback=android.window.IOnBackInvokedCallback$Stub$Proxy@df4a00, mPriority=0, mIsAnimationCallback=false}
05-28 21:03:56.955  2054  3741 I ActivityTaskManager: resumeTopActivityInnerLocked topActivity:ActivityRecord{e820b1e u0 org.kffs.habilisdatalogger/org.kivy.android.PythonActivity t53636} isFocusable:true this:Task{3f60fff #53636 type=standard A=10293:org.kffs.habilisdatalogger}
05-28 21:03:56.957  2054  3741 D PerfStubImpl: perfAnimBoost: org.kffs.habilisdatalogger
05-28 21:03:56.958  2054  3741 D WindowManager: Collecting in transition 2462: ActivityRecord{e820b1e u0 org.kffs.habilisdatalogger/org.kivy.android.PythonActivity t53636} init visibleRequested:false
05-28 21:03:56.982  1035  1035 E Zygote  : process_name_ptr:1035 org.kffs.habilisdatalogger
05-28 21:03:56.985  2054  2363 I SmartPower: org.kffs.habilisdatalogger/10293(0): background->visible(73ms) R(become visible) adj=-10000.
05-28 21:03:56.986  2054  2363 I WindowManager: wms.showSurfaceRobustly mWin:Window{ad68401 u0 Splash Screen org.kffs.habilisdatalogger}
05-28 21:03:56.986  2054  2363 D WindowManager: Final targets: [Task{3f60fff #53636 type=standard A=10293:org.kffs.habilisdatalogger}, Task{1a10ff7 #53635 type=standard A=10119:com.miui.global.packageinstaller}]
05-28 21:03:57.023  2054  2363 D WindowManager: Calling onTransitionReady info={id=2462 t=OPEN f=0x0 trk=0 r=[0@Point(0, 0)] c=[{WCT{RemoteToken{4076f71 Task{3f60fff #53636 type=standard A=10293:org.kffs.habilisdatalogger}}} m=OPEN f=NONE leash=Surface(name=Task=53636#40681)/@0xa07d4fb sb=Rect(0, 0 - 1080, 2400) eb=Rect(0, 0 - 1080, 2400) d=0},{WCT{RemoteToken{741863a Task{1a10ff7 #53635 type=standard A=10119:com.miui.global.packageinstaller}}} m=CLOSE f=NONE leash=Surface(name=Task=53635#40665)/@0xe54225c sb=Rect(0, 0 - 1080, 2400) eb=Rect(0, 0 - 1080, 2400) d=0}] noAni=[false]}, mToken=Token{d851156 TransitionRecord{80804c9 id=2462 type=OPEN flags=0x0}}
05-28 21:03:57.037  4004  4239 D MiuiFullScreenTaskRepository: addOrUpdateFullScreenTaskInfo taskId=53636, topActivity=ComponentInfo{org.kffs.habilisdatalogger/org.kivy.android.PythonActivity}
05-28 21:03:57.054  6703  7667 D AppStatChecker: first launch package: org.kffs.habilisdatalogger
05-28 21:03:57.089  4050  4516 W RecentsModel: getRunningTask   taskInfo=TaskInfo{userId=0 taskId=53636 displayId=0 isRunning=true baseIntent=Intent { act=android.intent.action.MAIN cat=[android.intent.category.LAUNCHER] flg=0x10000000 pkg=org.kffs.habilisdatalogger cmp=org.kffs.habilisdatalogger/org.kivy.android.PythonActivity } baseActivity=ComponentInfo{org.kffs.habilisdatalogger/org.kivy.android.PythonActivity} topActivity=ComponentInfo{org.kffs.habilisdatalogger/org.kivy.android.PythonActivity} origActivity=null realActivity=ComponentInfo{org.kffs.habilisdatalogger/org.kivy.android.PythonActivity} numActivities=1 lastActiveTime=347310649 supportsSplitScreenMultiWindow=true supportsMultiWindow=true resizeMode=1 isResizeable=true minWidth=-1 minHeight=-1 defaultMinSize=200 token=WCT{android.window.IWindowContainerToken$Stub$Proxy@3c4e376} topActivityType=1 pictureInPictureParams=null shouldDockBigOverlays=false launchIntoPipHostTaskId=-1 lastParentTaskIdBeforePip=-1 displayCutoutSafeInsets=Rect(0, 98 - 0, 0) topActivityInfo=ActivityInfo{b66fd77 org.kivy.android.PythonActivity} launchCookies=[] positionInParent=Point(0, 0) parentTaskId=-1 isFocused=false isVisible=true isVisibleRequested=true isSleeping=false topActivityInSizeCompat=false topActivityInMiuiSizeCompat=false topActivityEligibleForLetterboxEducation= false topActivityLetterboxed= false isFromDoubleTap= false topActivityLetterboxVerticalPosition= -1 topActivityLetterboxHorizontalPosition= -1 topActivityLetterboxWidth=-1 topActivityLetterboxHeight=-1 locusId=null displayAreaFeatureId=1 cameraCompatControlState=hidden mIsCastMode=false mTopActivityMediaSize=null mTopActivityRecordName=ActivityRecord{e820b1e u0 org.kffs.habilisdatalogger/org.kivy.android.PythonActivity t53636} mTopActivityOrientation=1 mTopActivityWindowIsNowVisible=false isTranslucent=false isEmbedded=false shouldBeVisible=true mBehindAppLockPkg=null mOriginatingUid=0}
05-28 21:03:57.089  4050  4516 W RecentsModel: getTaskInfoIgnoreHomeAndFreeform   taskInfo=ComponentInfo{org.kffs.habilisdatalogger/org.kivy.android.PythonActivity}
05-28 21:03:57.104  4050  4516 E ActivityManagerWrapper: getRecentTasks: mainTaskId=53636   userId=0   windowMode=1   baseIntent=Intent { act=android.intent.action.MAIN flag=268435456 cmp=ComponentInfo{org.kffs.habilisdatalogger/org.kivy.android.PythonActivity} }
05-28 21:03:57.193  4004  4239 D MiuiFullScreenTaskRepository: addOrUpdateFullScreenTaskInfo taskId=53636, topActivity=ComponentInfo{org.kffs.habilisdatalogger/org.kivy.android.PythonActivity}
05-28 21:03:57.205 26224 11996 D BluetoothLatencyMode: ForegroundInfo{mForegroundPackageName='org.kffs.habilisdatalogger', mForegroundUid=10293, mForegroundPid=1035, mLastForegroundPackageName='com.miui.global.packageinstaller', mLastForegroundUid=10119, mLastForegroundPid=21825, mMultiWindowForegroundPackageName='org.kffs.habilisdatalogger', mMultiWindowForegroundUid=10293, mFlags=1}
05-28 21:03:57.205  9307 11068 D PerfEngineController: ForegroundInfo{mForegroundPackageName='org.kffs.habilisdatalogger', mForegroundUid=10293, mForegroundPid=1035, mLastForegroundPackageName='com.miui.global.packageinstaller', mLastForegroundUid=10119, mLastForegroundPid=21825, mMultiWindowForegroundPackageName='org.kffs.habilisdatalogger', mMultiWindowForegroundUid=10293, mFlags=1}
05-28 21:03:57.206  8252 23220 I ProcessMonitor: onForegroundInfoChanged: ForegroundInfo{mForegroundPackageName='org.kffs.habilisdatalogger', mForegroundUid=10293, mForegroundPid=1035, mLastForegroundPackageName='com.miui.global.packageinstaller', mLastForegroundUid=10119, mLastForegroundPid=21825, mMultiWindowForegroundPackageName='org.kffs.habilisdatalogger', mMultiWindowForegroundUid=10293, mFlags=1}
05-28 21:03:57.206 10068 10116 I GST     : forePkg: org.kffs.habilisdatalogger, preForePkg: com.miui.global.packageinstaller
05-28 21:03:57.207  4050 18591 D AppObserver: ForegroundInfo{mForegroundPackageName='org.kffs.habilisdatalogger', mForegroundUid=10293, mForegroundPid=1035, mLastForegroundPackageName='com.miui.global.packageinstaller', mLastForegroundUid=10119, mLastForegroundPid=21825, mMultiWindowForegroundPackageName='org.kffs.habilisdatalogger', mMultiWindowForegroundUid=10293, mFlags=1}
05-28 21:03:57.209  8252 23220 I GameBoosterService: onForegroundInfoChanged: Cur=org.kffs.habilisdatalogger	 last=com.miui.global.packageinstaller
05-28 21:03:57.217  8252 23220 D GameBoosterService: onGameStatusChange foreground:ForegroundInfo{mForegroundPackageName='org.kffs.habilisdatalogger', mForegroundUid=10293, mForegroundPid=1035, mLastForegroundPackageName='com.miui.global.packageinstaller', mLastForegroundUid=10119, mLastForegroundPid=21825, mMultiWindowForegroundPackageName='org.kffs.habilisdatalogger', mMultiWindowForegroundUid=10293, mFlags=1}
05-28 21:03:57.218  4004  4239 D MiuiFullScreenTaskRepository: setFocusedTask taskId=53636, displayId=0, topActivity=ComponentInfo{org.kffs.habilisdatalogger/org.kivy.android.PythonActivity}
05-28 21:03:57.218  4004  4239 D MiuiFullScreenTaskRepository: addOrUpdateFullScreenTaskInfo taskId=53636, topActivity=ComponentInfo{org.kffs.habilisdatalogger/org.kivy.android.PythonActivity}
05-28 21:03:57.219  4004  4239 D MiuiFreeformModeController: onFocusTaskChanged taskInfo: TaskInfo{userId=0 taskId=53636 displayId=0 isRunning=true baseIntent=Intent { act=android.intent.action.MAIN cat=[android.intent.category.LAUNCHER] flg=0x10000000 pkg=org.kffs.habilisdatalogger cmp=org.kffs.habilisdatalogger/org.kivy.android.PythonActivity } baseActivity=ComponentInfo{org.kffs.habilisdatalogger/org.kivy.android.PythonActivity} topActivity=ComponentInfo{org.kffs.habilisdatalogger/org.kivy.android.PythonActivity} origActivity=null realActivity=ComponentInfo{org.kffs.habilisdatalogger/org.kivy.android.PythonActivity} numActivities=1 lastActiveTime=347310749 supportsSplitScreenMultiWindow=true supportsMultiWindow=true resizeMode=1 isResizeable=true minWidth=-1 minHeight=-1 defaultMinSize=200 token=WCT{android.window.IWindowContainerToken$Stub$Proxy@d69b923} topActivityType=1 pictureInPictureParams=null shouldDockBigOverlays=false launchIntoPipHostTaskId=-1 lastParentTaskIdBeforePip=-1 displayCutoutSafeInsets=Rect(0, 98 - 0, 0) topActivityInfo=ActivityInfo{7eae20 org.kivy.android.PythonActivity} launchCookies=[] positionInParent=Point(0, 0) parentTaskId=-1 isFocused=true isVisible=true isVisibleRequested=true isSleeping=false topActivityInSizeCompat=false topActivityInMiuiSizeCompat=false topActivityEligibleForLetterboxEducation= false topActivityLetterboxed= false isFromDoubleTap= false topActivityLetterboxVerticalPosition= -1 topActivityLetterboxHorizontalPosition= -1 topActivityLetterboxWidth=-1 topActivityLetterboxHeight=-1 locusId=null displayAreaFeatureId=1 cameraCompatControlState=hidden mIsCastMode=false mTopActivityMediaSize=null mTopActivityRecordName=ActivityRecord{e820b1e u0 org.kffs.habilisdatalogger/org.kivy.android.PythonActivity t53636} mTopActivityOrientation=1 mTopActivityWindowIsNowVisible=false isTranslucent=false isEmbedded=false shouldBeVisible=true mBehindAppLockPkg=null mOriginatingUid=0}
05-28 21:03:57.237  8252 23220 I BeautyService: onForegroundInfoChanged: Cur=org.kffs.habilisdatalogger	 last=com.miui.global.packageinstaller
05-28 21:03:57.285  1035  1035 D nativeloader: Configuring clns-4 for other apk /data/app/~~r-gosS-ccXfM-z_-YuBB4Q==/org.kffs.habilisdatalogger-uhjdCfmhAV4K3FjHzjYOVQ==/base.apk. target_sdk_version=33, uses_libraries=, library_path=/data/app/~~r-gosS-ccXfM-z_-YuBB4Q==/org.kffs.habilisdatalogger-uhjdCfmhAV4K3FjHzjYOVQ==/lib/arm64:/data/app/~~r-gosS-ccXfM-z_-YuBB4Q==/org.kffs.habilisdatalogger-uhjdCfmhAV4K3FjHzjYOVQ==/base.apk!/lib/arm64-v8a, permitted_path=/data:/mnt/expand:/data/user/0/org.kffs.habilisdatalogger
05-28 21:03:57.384  1035  1035 V GraphicsEnvironment: ANGLE GameManagerService for org.kffs.habilisdatalogger: false
05-28 21:03:57.384  1035  1035 V GraphicsEnvironment: org.kffs.habilisdatalogger is not listed in per-application setting
05-28 21:03:57.397  2054  8799 I UiModeManager: systemserver package:org.kffs.habilisdatalogger null
05-28 21:03:57.398  1035  1035 I ForceDarkHelperStubImpl: initialize for org.kffs.habilisdatalogger , ForceDarkAppConfig: null
05-28 21:03:57.497  1035  1035 V SDL     : Device: taoyao
05-28 21:03:57.497  1035  1035 V SDL     : Model: 2203129G
05-28 21:03:57.497  1035  1035 V SDL     : onCreate()
05-28 21:03:57.495  1035  1035 W bilisdatalogger: type=1400 audit(0.0:166460): avc:  denied  { read } for  name="u:object_r:vendor_displayfeature_prop:s0" dev="tmpfs" ino=12214 scontext=u:r:untrusted_app_32:s0:c37,c257,c512,c768 tcontext=u:object_r:vendor_displayfeature_prop:s0 tclass=file permissive=0 app=org.kffs.habilisdatalogger
05-28 21:03:57.502  1035  1035 V SDL     : getting identifier
05-28 21:03:57.502  1035  1035 V SDL     : kind is layout and name lottie
05-28 21:03:57.502  1035  1035 V SDL     : result is 0
05-28 21:03:57.502  1035  1035 V SDL     : couldn't find lottie layout or animation, trying static splash
05-28 21:03:57.502  1035  1035 V SDL     : getting identifier
05-28 21:03:57.502  1035  1035 V SDL     : kind is drawable and name presplash
05-28 21:03:57.502  1035  1035 V SDL     : result is 2130968589
05-28 21:03:57.509  1040  1040 D AppActiveReceiver: receive app active broadcast for: org.kffs.habilisdatalogger, install from: com.google.android.packageinstaller
05-28 21:03:57.509  1035  1035 V SDL     : asked to get string presplash_color
05-28 21:03:57.509  1035  1035 V SDL     : getting identifier
05-28 21:03:57.509  1035  1035 V SDL     : kind is string and name presplash_color
05-28 21:03:57.510  1035  1035 V SDL     : result is 2131296257
05-28 21:03:57.538  1035  1035 V SDL     : onStart()
05-28 21:03:57.539  1035  1094 V pythonutil: Unpacking private app
05-28 21:03:57.540  1035  1094 V pythonutil: Data version is 6d115c62e54feb0e36043d4a6c5ea83933d41d11
05-28 21:03:57.541  1035  1094 V pythonutil: Extracting private assets.
05-28 21:03:57.544  1035  1035 V SDL     : onResume()
05-28 21:03:57.555  1035  1094 V python  : extracting WHOKNOWS
05-28 21:03:57.571  1035  1094 V python  : extracting admin.pyc
05-28 21:03:57.574  1035  1094 V python  : extracting collect_screen.pyc
05-28 21:03:57.577  1035  1094 V python  : extracting field_data/
05-28 21:03:57.578  1035  1094 V python  : extracting field_data/admins.json
05-28 21:03:57.578  1035  1094 V python  : extracting login_screen.pyc
05-28 21:03:57.579  1035  1094 V python  : extracting main.pyc
05-28 21:03:57.580  1035  1094 V python  : extracting sitecustomize.pyc
05-28 21:03:57.580  1035  1094 V python  : extracting sync_screen.pyc
05-28 21:03:57.581  1035  1094 V python  : extracting unusedkv/
05-28 21:03:57.581  1035  1094 V python  : extracting unusedkv/collect.kv
05-28 21:03:57.582  1035  1094 V python  : extracting unusedkv/login.kv
05-28 21:03:57.582  1035  1094 V python  : extracting unusedkv/sync.kv
05-28 21:03:57.583  1035  1094 V python  : extracting p4a_env_vars.txt
05-28 21:03:57.584  1035  1094 V pythonutil: Unpacking /data/app/~~r-gosS-ccXfM-z_-YuBB4Q==/org.kffs.habilisdatalogger-uhjdCfmhAV4K3FjHzjYOVQ==/lib/arm64/libpybundle app
05-28 21:03:57.584  1035  1094 V pythonutil: Data version is 6d115c62e54feb0e36043d4a6c5ea83933d41d11
05-28 21:03:57.585  1035  1094 V pythonutil: Extracting /data/app/~~r-gosS-ccXfM-z_-YuBB4Q==/org.kffs.habilisdatalogger-uhjdCfmhAV4K3FjHzjYOVQ==/lib/arm64/libpybundle assets.
05-28 21:03:57.587  1035  1094 V python  : extracting _python_bundle/
05-28 21:03:57.587  1035  1094 V python  : extracting _python_bundle/modules/
05-28 21:03:57.588  1035  1094 V python  : extracting _python_bundle/modules/_asyncio.cpython-310.so
05-28 21:03:57.590  1035  1094 V python  : extracting _python_bundle/modules/_bisect.cpython-310.so
05-28 21:03:57.591  1035  1094 V python  : extracting _python_bundle/modules/_blake2.cpython-310.so
05-28 21:03:57.593  1035  1094 V python  : extracting _python_bundle/modules/_codecs_cn.cpython-310.so
05-28 21:03:57.595  1035  1035 I ForceDarkHelperStubImpl: setViewRootImplForceDark: false for org.kivy.android.PythonActivity@89c25f5, reason: AppDarkModeEnable
05-28 21:03:57.598  1035  1094 V python  : extracting _python_bundle/modules/_codecs_hk.cpython-310.so
05-28 21:03:57.600  1035  1094 V python  : extracting _python_bundle/modules/_codecs_iso2022.cpython-310.so
05-28 21:03:57.601  1035  1094 V python  : extracting _python_bundle/modules/_codecs_jp.cpython-310.so
05-28 21:03:57.607  1035  1094 V python  : extracting _python_bundle/modules/_codecs_kr.cpython-310.so
05-28 21:03:57.609  4004  4239 D MiuiFullScreenTaskRepository: setFocusedTask taskId=53636, displayId=0, topActivity=ComponentInfo{org.kffs.habilisdatalogger/org.kivy.android.PythonActivity}
05-28 21:03:57.609  4004  6123 D MiuiFreeformModeObserver: activityResumed() intent： Intent { cmp=org.kffs.habilisdatalogger/org.kivy.android.PythonActivity (has extras) }
05-28 21:03:57.609  4004  4239 D MiuiFullScreenTaskRepository: addOrUpdateFullScreenTaskInfo taskId=53636, topActivity=ComponentInfo{org.kffs.habilisdatalogger/org.kivy.android.PythonActivity}
05-28 21:03:57.611  4050  4050 D RecentsImpl: mActivityStateObserver org.kivy.android.PythonActivity
