04-19 08:00:36.658 31399 31442 I python  : [INFO   ] [Window      ] virtual keyboard not allowed, single mode, not docked
04-19 08:00:36.790 31399 31442 I python  : [INFO   ] [Clipboard   ] Provider: android
04-19 08:00:36.984 30427 31077 E msgr.ActionQueryTaskListener: 0 onLoadBatchComplete exception: null FOREGROUND modules: [executorch] actions: [LOAD=[executorch],COMPLETE_SUCCESS=[executorch]]
04-19 08:00:37.124 31399 31442 I python  :  Traceback (most recent call last):
04-19 08:00:37.124 31399 31442 I python  :    File "/home/vboxuser/habilis-datalogger/.buildozer/android/app/main.py", line 130, in <module>
04-19 08:00:37.124 31399 31442 I python  :    File "/home/vboxuser/habilis-datalogger/.buildozer/android/platform/build-arm64-v8a_armeabi-v7a/build/python-installs/habilisdatalogger/arm64-v8a/kivy/app.py", line 955, in run
04-19 08:00:37.124 31399 31442 I python  :    File "/home/vboxuser/habilis-datalogger/.buildozer/android/platform/build-arm64-v8a_armeabi-v7a/build/python-installs/habilisdatalogger/arm64-v8a/kivy/app.py", line 925, in _run_prepare
04-19 08:00:37.124 31399 31442 I python  :    File "/home/vboxuser/habilis-datalogger/.buildozer/android/app/main.py", line 61, in build
04-19 08:00:37.124 31399 31442 I python  :  IsADirectoryError: [Errno 21] Is a directory: 'field_data'
04-19 08:00:37.125 31399 31442 I python  : Python for android ended.
04-19 08:00:37.195 30427 30427 E FileUtils: err write to mi_exception_log
04-19 08:00:37.250 31290 31290 W Glide   : class com.bumptech.glide.load.engine.GlideException: Failed to load resource
04-19 08:00:37.535  2045  3170 E ProcessManager: error write exception log
04-19 08:00:37.535  2045  2143 I WindowManager: WIN DEATH: Window{f63895d u0 org.kffs.habilisdatalogger/org.kivy.android.PythonActivity}
04-19 08:00:37.537  2045  2143 W InputManager-JNI: Input channel object 'f63895d org.kffs.habilisdatalogger/org.kivy.android.PythonActivity (client)' was disposed without first being removed with the input manager!
04-19 08:00:37.556  2045  6784 W ActivityTaskManager: Force removing ActivityRecord{1767643 u0 org.kffs.habilisdatalogger/org.kivy.android.PythonActivity t52414}: app died, no saved state
04-19 08:00:37.559  2045  6784 D WindowManager: Collecting in transition 10727: ActivityRecord{1767643 u0 org.kffs.habilisdatalogger/org.kivy.android.PythonActivity t52414 f}} init visibleRequested:false
04-19 08:00:37.559  2045  6784 W WindowManager: onSyncReparent mSyncState =2, mSyncGroup = com.android.server.wm.BLASTSyncEngine$SyncGroup@15725c0 this: ActivityRecord{1767643 u0 org.kffs.habilisdatalogger/org.kivy.android.PythonActivity t52414 f}}
04-19 08:00:37.605  4007  4419 E ActivityManagerWrapper: getRecentTasks: mainTaskId=52414   userId=0   windowMode=1   baseIntent=Intent { act=android.intent.action.MAIN flag=270532608 cmp=ComponentInfo{org.kffs.habilisdatalogger/org.kivy.android.PythonActivity} }
04-19 08:00:37.610  4007  4419 D WorldCirculate: getWorldCirculateInfo, taskInfo.baseIntent=Intent { act=android.intent.action.MAIN cat=[android.intent.category.LAUNCHER] flg=0x10200000 cmp=org.kffs.habilisdatalogger/org.kivy.android.PythonActivity }, displayId=-1, but get Display failed
04-19 08:00:37.677 29974 29974 W Finsky  : [2] STU: Failed to get storage stats for package 'com.google.mainline.primary.libs' (1601: Error getting stats: android.content.pm.PackageManager.NameNotFoundException)
04-19 08:00:37.678 11446 12069 E PowerKeeper.Thermal: ProcessInfo java.lang.NumberFormatException: For input string: "CPU usage from 192306ms to 85219ms ago (2026-04-19 07"
04-19 08:00:37.691 29974 29974 W Finsky  : [2] STU: Failed to get storage stats for package 'com.android.wifi' (1601: Error getting stats: android.content.pm.PackageManager.NameNotFoundException)
04-19 08:00:37.715  4007  4007 E FileUtils: err write to mi_exception_log
04-19 08:00:37.837 29974 29974 W Finsky  : [2] STU: Failed to get storage stats for package 'com.android.apex.cts.shim' (1601: Error getting stats: android.content.pm.PackageManager.NameNotFoundException)
04-19 08:00:37.903 29974 29974 W Finsky  : [2] STU: Failed to get storage stats for package 'com.google.android.appsearch' (1601: Error getting stats: android.content.pm.PackageManager.NameNotFoundException)
04-19 08:00:37.917 29974 29974 W Finsky  : [2] STU: Failed to get storage stats for package 'com.google.android.art' (1601: Error getting stats: android.content.pm.PackageManager.NameNotFoundException)
04-19 08:00:37.989 29974 29974 W Finsky  : [2] STU: Failed to get storage stats for package 'com.google.android.mediaprovider' (1601: Error getting stats: android.content.pm.PackageManager.NameNotFoundException)
04-19 08:00:38.021 29974 29974 W Finsky  : [2] STU: Failed to get storage stats for package 'com.android.virt' (1601: Error getting stats: android.content.pm.PackageManager.NameNotFoundException)
04-19 08:00:38.022 29974 29974 W Finsky  : [2] STU: Failed to get storage stats for package 'com.google.android.resolv' (1601: Error getting stats: android.content.pm.PackageManager.NameNotFoundException)
04-19 08:00:38.048 29974 29974 W Finsky  : [2] STU: Failed to get storage stats for package 'com.google.android.configinfrastructure' (1601: Error getting stats: android.content.pm.PackageManager.NameNotFoundException)
04-19 08:00:38.048 29974 29974 W Finsky  : [2] STU: Failed to get storage stats for package 'com.google.android.media' (1601: Error getting stats: android.content.pm.PackageManager.NameNotFoundException)
04-19 08:00:38.132 29974 29974 W Finsky  : [2] STU: Failed to get storage stats for package 'com.android.vndk.v31' (1601: Error getting stats: android.content.pm.PackageManager.NameNotFoundException)
04-19 08:00:38.133 29974 29974 W Finsky  : [2] STU: Failed to get storage stats for package 'com.android.vndk.v30' (1601: Error getting stats: android.content.pm.PackageManager.NameNotFoundException)
04-19 08:00:38.134 29974 29974 W Finsky  : [2] STU: Failed to get storage stats for package 'com.android.vndk.v33' (1601: Error getting stats: android.content.pm.PackageManager.NameNotFoundException)
04-19 08:00:38.134 29974 29974 W Finsky  : [2] STU: Failed to get storage stats for package 'com.android.vndk.v32' (1601: Error getting stats: android.content.pm.PackageManager.NameNotFoundException)
04-19 08:00:38.135 29974 29974 W Finsky  : [2] STU: Failed to get storage stats for package 'com.android.vndk.v34' (1601: Error getting stats: android.content.pm.PackageManager.NameNotFoundException)
04-19 08:00:38.194 29974 29974 W Finsky  : [2] STU: Failed to get storage stats for package 'com.google.android.sdkext' (1601: Error getting stats: android.content.pm.PackageManager.NameNotFoundException)
04-19 08:00:38.203 29974 29974 W Finsky  : [2] STU: Failed to get storage stats for package 'com.google.android.adservices' (1601: Error getting stats: android.content.pm.PackageManager.NameNotFoundException)
04-19 08:00:38.205 29974 29974 W Finsky  : [2] STU: Failed to get storage stats for package 'com.google.android.tethering' (1601: Error getting stats: android.content.pm.PackageManager.NameNotFoundException)
04-19 08:00:38.247 29974 29974 W Finsky  : [2] STU: Failed to get storage stats for package 'com.android.runtime' (1601: Error getting stats: android.content.pm.PackageManager.NameNotFoundException)
04-19 08:00:38.315 29974 29974 W Finsky  : [2] STU: Failed to get storage stats for package 'com.google.android.cellbroadcast' (1601: Error getting stats: android.content.pm.PackageManager.NameNotFoundException)
04-19 08:00:38.688 29974 29974 W Finsky  : [2] STU: Failed to get storage stats for package 'com.google.android.tzdata5' (1601: Error getting stats: android.content.pm.PackageManager.NameNotFoundException)
04-19 08:00:38.726 29974 29974 W Finsky  : [2] STU: Failed to get storage stats for package 'com.google.android.permission' (1601: Error getting stats: android.content.pm.PackageManager.NameNotFoundException)
04-19 08:00:40.027 31290 31332 W System.err: android.content.pm.PackageManager$NameNotFoundException: com.miui.mediaviewer
04-19 08:00:40.399 31493 31493 E FileUtils: err open mi_exception_log errno=2
04-19 08:00:40.399 31493 31493 E FileUtils: err write to mi_exception_log
04-19 08:00:40.895 31505 31505 D AutoDensity: 	getAccessibilityDpi Exception: android.provider.Settings$SettingNotFoundException: display_density_forced
04-19 08:00:40.913 31505 31505 E FileUtils: err open mi_exception_log errno=2
04-19 08:00:40.913 31505 31505 E FileUtils: err write to mi_exception_log
04-19 08:00:40.928 31505 31573 D BaseOneTrackImp: OneTrackImp init : Configuration{appId='31*******07'projectId='mi************or'pKeyId='e0************************************af', pluginId='null', channel='com.miui.mediaeditor', international=false, region='null', overrideMiuiRegionSetting=false, mode=APP, GAIDEnable=true, IMSIEnable=true, IMEIEnable=true, LogDirPathForCrashReport=/data/user/0/com.miui.mediaeditor/files/debug_log, ExceptionCatcherEnable=false, instanceId=null}
04-19 08:00:40.963 29974 29974 W Finsky  : [2] STU: Failed to get storage stats for package 'com.google.android.media.swcodec' (1601: Error getting stats: android.content.pm.PackageManager.NameNotFoundException)
04-19 08:00:40.976 31505 31505 W Glide   : class com.bumptech.glide.load.engine.GlideException: Failed to load resource
04-19 08:00:40.978 31505 31514 E DeviceUtils: static init: ComputilityLevel Load Class Exception:java.lang.ClassNotFoundException: Didn't find class "com.miui.performance.ComputilityLevelUtils" on path: DexPathList[[zip file "/system_ext/framework/MiuiBooster.jar"],nativeLibraryDirectories=[/system/lib64, /system_ext/lib64]]
04-19 08:00:41.080 29974 29974 W Finsky  : [2] STU: Failed to get storage stats for package 'com.google.android.adbd' (1601: Error getting stats: android.content.pm.PackageManager.NameNotFoundException)
04-19 08:00:41.115 29974 29974 W Finsky  : [2] STU: Failed to get storage stats for package 'com.android.i18n' (1601: Error getting stats: android.content.pm.PackageManager.NameNotFoundException)
04-19 08:00:41.123 29974 29974 W Finsky  : [2] STU: Failed to get storage stats for package 'com.google.android.conscrypt' (1601: Error getting stats: android.content.pm.PackageManager.NameNotFoundException)
04-19 08:00:41.165 29974 29974 W Finsky  : [2] STU: Failed to get storage stats for package 'com.google.android.neuralnetworks' (1601: Error getting stats: android.content.pm.PackageManager.NameNotFoundException)
04-19 08:00:41.194 29974 29974 W Finsky  : [2] STU: Failed to get storage stats for package 'com.google.android.ipsec' (1601: Error getting stats: android.content.pm.PackageManager.NameNotFoundException)
04-19 08:00:41.194 29974 29974 W Finsky  : [2] STU: Failed to get storage stats for package 'com.android.devicelock' (1601: Error getting stats: android.content.pm.PackageManager.NameNotFoundException)
04-19 08:00:41.214 29974 29974 W Finsky  : [2] STU: Failed to get storage stats for package 'com.google.android.ondevicepersonalization' (1601: Error getting stats: android.content.pm.PackageManager.NameNotFoundException)
04-19 08:00:41.237 29974 29974 W Finsky  : [2] STU: Failed to get storage stats for package 'com.google.android.healthfitness' (1601: Error getting stats: android.content.pm.PackageManager.NameNotFoundException)
04-19 08:00:41.294 29974 29974 W Finsky  : [2] STU: Failed to get storage stats for package 'com.android.uwb' (1601: Error getting stats: android.content.pm.PackageManager.NameNotFoundException)
04-19 08:00:41.299 29974 29974 W Finsky  : [2] STU: Failed to get storage stats for package 'com.google.android.extservices' (1601: Error getting stats: android.content.pm.PackageManager.NameNotFoundException)
04-19 08:00:41.442 29974 29974 W Finsky  : [2] STU: Failed to get storage stats for package 'com.google.android.os.statsd' (1601: Error getting stats: android.content.pm.PackageManager.NameNotFoundException)
04-19 08:00:41.458 29974 29974 W Finsky  : [2] STU: Failed to get storage stats for package 'com.android.rkpd' (1601: Error getting stats: android.content.pm.PackageManager.NameNotFoundException)
04-19 08:00:41.476 29974 29974 W Finsky  : [2] STU: Failed to get storage stats for package 'com.google.android.scheduling' (1601: Error getting stats: android.content.pm.PackageManager.NameNotFoundException)
04-19 08:00:41.538 31505 31620 E CloudConfig:  java.net.UnknownHostException: Unable to resolve host "mcc-intl.inf.miui.com": No address associated with hostname
04-19 08:00:41.539 31505 31624 E CloudConfig:  java.net.UnknownHostException: Unable to resolve host "mcc-intl.inf.miui.com": No address associated with hostname
04-19 08:00:41.539 31505 31625 E CloudConfig:  java.net.UnknownHostException: Unable to resolve host "mcc-intl.inf.miui.com": No address associated with hostname
04-19 08:00:41.539 31505 31621 E CloudConfig:  java.net.UnknownHostException: Unable to resolve host "mcc-intl.inf.miui.com": No address associated with hostname
04-19 08:00:41.540 31505 31623 E CloudConfig:  java.net.UnknownHostException: Unable to resolve host "mcc-intl.inf.miui.com": No address associated with hostname
04-19 08:00:41.541 31505 31624 E CloudConfig:  java.net.UnknownHostException: Unable to resolve host "mcc-intl.inf.miui.com": No address associated with hostname
04-19 08:00:41.541 31505 31620 E CloudConfig:  java.net.UnknownHostException: Unable to resolve host "mcc-intl.inf.miui.com": No address associated with hostname
04-19 08:00:41.542 31505 31623 E CloudConfig:  java.net.UnknownHostException: Unable to resolve host "mcc-intl.inf.miui.com": No address associated with hostname
04-19 08:00:41.542 31505 31624 E CloudConfig:  java.net.UnknownHostException: Unable to resolve host "mcc-intl.inf.miui.com": No address associated with hostname
04-19 08:00:41.542 31505 31620 E CloudConfig:  java.net.UnknownHostException: Unable to resolve host "mcc-intl.inf.miui.com": No address associated with hostname
04-19 08:00:41.543 31505 31619 E CloudConfig:  java.net.UnknownHostException: Unable to resolve host "mcc-intl.inf.miui.com": No address associated with hostname
04-19 08:00:41.545 31505 31622 E CloudConfig:  java.net.UnknownHostException: Unable to resolve host "mcc-intl.inf.miui.com": No address associated with hostname
04-19 08:00:41.552 31505 31627 E CloudConfig:  java.net.UnknownHostException: Unable to resolve host "mcc-intl.inf.miui.com": No address associated with hostname
04-19 08:00:41.820 30427 31450 E msgr.FbnsAIDLClientManager: Fbns AIDL request got RemoteException
04-19 08:00:41.820 30427 31450 E msgr.FbnsAIDLClientManager: android.os.RemoteException: AIDLService is not bound
04-19 08:00:41.979 30427 31453 E msgr.FbnsAIDLClientManager: Fbns AIDL request got RemoteException
04-19 08:00:41.979 30427 31453 E msgr.FbnsAIDLClientManager: android.os.RemoteException: AIDLService is not bound
04-19 08:00:46.547 31505 31624 E CloudConfig:  java.net.UnknownHostException: Unable to resolve host "mcc-intl.inf.miui.com": No address associated with hostname
04-19 08:00:46.548 31505 31620 E CloudConfig:  java.net.UnknownHostException: Unable to resolve host "mcc-intl.inf.miui.com": No address associated with hostname
04-19 08:00:46.548 31505 31622 E CloudConfig:  java.net.UnknownHostException: Unable to resolve host "mcc-intl.inf.miui.com": No address associated with hostname
04-19 08:00:46.549 31505 31621 E CloudConfig:  java.net.UnknownHostException: Unable to resolve host "mcc-intl.inf.miui.com": No address associated with hostname
04-19 08:00:46.550 31505 31625 E CloudConfig:  java.net.UnknownHostException: Unable to resolve host "mcc-intl.inf.miui.com": No address associated with hostname
04-19 08:00:46.550 31505 31623 E CloudConfig:  java.net.UnknownHostException: Unable to resolve host "mcc-intl.inf.miui.com": No address associated with hostname
04-19 08:00:46.551 31505 31619 E CloudConfig:  java.net.UnknownHostException: Unable to resolve host "mcc-intl.inf.miui.com": No address associated with hostname
04-19 08:00:46.551 31505 31627 E CloudConfig:  java.net.UnknownHostException: Unable to resolve host "mcc-intl.inf.miui.com": No address associated with hostname
04-19 08:00:46.554 31505 31625 E CloudConfig:  java.net.UnknownHostException: Unable to resolve host "mcc-intl.inf.miui.com": No address associated with hostname
04-19 08:00:46.554 31505 31621 E CloudConfig:  java.net.UnknownHostException: Unable to resolve host "mcc-intl.inf.miui.com": No address associated with hostname
04-19 08:00:46.557 31505 31627 E CloudConfig:  java.net.UnknownHostException: Unable to resolve host "mcc-intl.inf.miui.com": No address associated with hostname
04-19 08:00:46.559 31505 31627 E CloudConfig:  java.net.UnknownHostException: Unable to resolve host "mcc-intl.inf.miui.com": No address associated with hostname
04-19 08:00:46.560 31505 31619 E CloudConfig:  java.net.UnknownHostException: Unable to resolve host "mcc-intl.inf.miui.com": No address associated with hostname
04-19 08:00:46.563 31505 31625 E CloudConfig:  java.net.UnknownHostException: Unable to resolve host "mcc-intl.inf.miui.com": No address associated with hostname
04-19 08:00:46.576 31505 31620 E CloudConfig:  java.net.UnknownHostException: Unable to resolve host "mcc-intl.inf.miui.com": No address associated with hostname
04-19 08:00:46.576 31505 31627 E CloudConfig:  java.net.UnknownHostException: Unable to resolve host "mcc-intl.inf.miui.com": No address associated with hostname
04-19 08:00:46.578 31505 31622 E CloudConfig:  java.net.UnknownHostException: Unable to resolve host "mcc-intl.inf.miui.com": No address associated with hostname
04-19 08:01:00.044  3970  3970 E ReflectUtils: java.lang.reflect.InvocationTargetException
04-19 08:01:00.044  3970  3970 E ReflectUtils: Caused by: android.content.pm.PackageManager$NameNotFoundException: com.mi.health
04-19 08:01:00.094  3970  3970 E FileUtils: err write to mi_exception_log
04-19 08:01:16.656 23001 23001 E FileUtils: err write to mi_exception_log
