06-12 22:41:56.386  3838  3838 D Launcher.CellLayout: touch item:ShortcutInfo, id=140, itemType=0, user=UserHandle{0}, mIconType=0, pkgName=org.kffs.habilisdatalogger, className=org.kivy.android.PythonActivity, screenId=2, container=-100, cellX=3, cellY=2, spanX=1, spanY=1
06-12 22:41:56.467  3838  3838 D Launcher: launch, launchIntent=Intent { act=android.intent.action.MAIN cat=[android.intent.category.LAUNCHER] flg=0x10200000 cmp=org.kffs.habilisdatalogger/org.kivy.android.PythonActivity (has extras) }
06-12 22:41:56.490  1948  7680 D WindowManager: Collecting in transition 9584: ActivityRecord{b4506d7 u0 org.kffs.habilisdatalogger/org.kivy.android.PythonActivity init visibleRequested:false
06-12 22:41:56.502  1948  7680 D MiGgameTypeIdentificationImpl: checkIfGameBeSupported app:org.kffs.habilisdatalogger
06-12 22:41:56.502  1948  7680 I WindowManager: When perf version lower than 2.3, MiGTStub result: false, gameType: 1, packageName: org.kffs.habilisdatalogger
06-12 22:41:56.507  1948  7680 D WindowManager: setLockTaskAuth: task=Task{5c39bc4 #640 type=standard A=10364:org.kffs.habilisdatalogger} mLockTaskAuth=LOCK_TASK_AUTH_PINNABLE
06-12 22:41:56.507  1948  7680 D WindowManager: Collecting in transition 9584: Task{5c39bc4 #640 type=standard A=10364:org.kffs.habilisdatalogger} init visibleRequested:false
06-12 22:41:56.510  1948  7680 D WindowManager: setLockTaskAuth: task=Task{5c39bc4 #640 type=standard A=10364:org.kffs.habilisdatalogger} mLockTaskAuth=LOCK_TASK_AUTH_PINNABLE
06-12 22:41:56.510  1948  7680 D MiuiFreeFormManagerService: onStartActivityInner as = Task{5c39bc4 #640 type=standard A=10364:org.kffs.habilisdatalogger} op = ActivityOptions(114483682), mPackageName=null, mAnimationType=13, mStartX=0, mStartY=0, mWidth=0, mHeight=0, mLaunchDisplayId=-1, activityOptionsInjector=ActivityOptionsInjector={freeformScale: -1.0, miniFreeformMode: false, needAnimation: true, useCustomLaunchBounds:false}
06-12 22:41:56.513  1948  7680 I ActivityTaskManager: resumeTopActivityInnerLocked topActivity:ActivityRecord{b4506d7 u0 org.kffs.habilisdatalogger/org.kivy.android.PythonActivity t640} isFocusable:true this:Task{5c39bc4 #640 type=standard A=10364:org.kffs.habilisdatalogger}
06-12 22:41:56.517  1948  7680 D WindowManager: Collecting in transition 9584: ActivityRecord{b4506d7 u0 org.kffs.habilisdatalogger/org.kivy.android.PythonActivity t640} init visibleRequested:false
06-12 22:41:56.517  1948  7680 I ActivityRecordImpl: setReadyForStartingWindow activityRecord = ActivityRecord{b4506d7 u0 org.kffs.habilisdatalogger/org.kivy.android.PythonActivity t640}
06-12 22:41:56.519  1948  7680 D WindowManager: Collecting in transition 9584: ActivityRecord{b4506d7 u0 org.kffs.habilisdatalogger/org.kivy.android.PythonActivity t640} init visibleRequested:true
06-12 22:41:56.520 13186 13275 D WindowManagerShell: wct=WindowContainerTransaction { changes = {} hops = [] errorCallbackToken=null taskFragmentOrganizer=null }, hander=com.android.wm.shell.transition.SoScMixedHandler@730d704, transitionToken=android.os.BinderProxy@af28373, request=TransitionRequestInfo { type = OPEN, triggerTask = TaskInfo{userId=0 taskId=640 displayId=0 isRunning=true baseIntent=Intent { act=android.intent.action.MAIN cat=[android.intent.category.LAUNCHER] flg=0x10200000 cmp=org.kffs.habilisdatalogger/org.kivy.android.PythonActivity } baseActivity=ComponentInfo{org.kffs.habilisdatalogger/org.kivy.android.PythonActivity} topActivity=ComponentInfo{org.kffs.habilisdatalogger/org.kivy.android.PythonActivity} origActivity=null realActivity=ComponentInfo{org.kffs.habilisdatalogger/org.kivy.android.PythonActivity} numActivities=1 lastActiveTime=739327081 supportsSplitScreenMultiWindow=true supportsMultiWindow=true resizeMode=1 isResizeable=true minWidth=-1 minHeight=-1 defaultMinSize=200 token=WCT{android.window.IWindowContainerToken$Stub$Proxy@b413230} topActivityType=1 pictureInPictureParams=null shouldDockBigOverlays=false launchIntoPipHostTaskId=-1 lastParentTaskIdBeforePip=-1 displayCutoutSafeInsets=Rect(0, 98 - 0, 0) topActivityInfo=ActivityInfo{92d2ea9 org.kivy.android.PythonActivity} launchCookies=[] positionInParent=Point(0, 0) parentTaskId=-1 isFocused=false isVisible=false isVisibleRequested=true isSleeping=false topActivityInSizeCompat=false topActivityInMiuiSizeCompat=false topActivityEligibleForLetterboxEducation= false topActivityLetterboxed= false isFromDoubleTap= false topActivityLetterboxVerticalPosition= -1 topActivityLetterboxHorizontalPosition= -1 topActivityLetterboxWidth=-1 topActivityLetterboxHeight=-1 locusId=null displayAreaFeatureId=1 cameraCompatControlState=hidden mIsCastMode=false mTopActivityMediaSize=null mTopActivityRecordName=ActivityRecord{b4506d7 u0 org.kffs.habilisdatalogger/org.kivy.android.PythonActivity t640} mTopActivityOrientation=1 mTopActivityWindowIsNowVisible=false isTranslucent=false isEmbedded=false shouldBeVisible=true mBehindAppLockPkg=null mOriginatingUid=0}, remoteTransition = RemoteTransition { remoteTransition = android.window.IRemoteTransition$Stub$Proxy@c2a8c2e, appThread = null, debugName = null }, displayChange = null }
06-12 22:41:56.522  1948  7680 I ActivityTaskManager: START u0 {act=android.intent.action.MAIN cat=[android.intent.category.LAUNCHER] flg=0x10200000 cmp=org.kffs.habilisdatalogger/org.kivy.android.PythonActivity bnds=[838,793][1011,966] (has extras)} with LAUNCH_SINGLE_TASK from uid 10158 from pid 3838 callingPackage com.miui.home (BAL_ALLOW_ALLOWLISTED_COMPONENT) result code=0
06-12 22:41:56.528  1948  2308 I BLASTSyncEngine: SyncGroup 9584:  Unfinished container:ActivityRecord{b4506d7 u0 org.kffs.habilisdatalogger/org.kivy.android.PythonActivity t640}
06-12 22:41:56.528  1948  2308 I ActivityRecordImpl: isReadyForStartingWindow topActivity = ActivityRecord{b4506d7 u0 org.kffs.habilisdatalogger/org.kivy.android.PythonActivity t640} isLaunchSourceTypeHome = true topActivity.mStartingWindow = null
06-12 22:41:56.528  1948  2308 I BLASTSyncEngine: isActivitySyncFinished isSyncFinished false ActivityRecord{b4506d7 u0 org.kffs.habilisdatalogger/org.kivy.android.PythonActivity t640}
06-12 22:41:56.530 13186 13186 I FocusedNotifPromptContr: onTopActivityMayChanged: topActivity=org.kffs.habilisdatalogger
06-12 22:41:56.530 13186 13186 I FocusedNotifPromptContr: topActivityMayChanged: topActivity=org.kffs.habilisdatalogger
06-12 22:41:56.530 13186 13186 D KeyguardEditorHelper: onTopActivityMayChanged, topActivity=ComponentInfo{org.kffs.habilisdatalogger/org.kivy.android.PythonActivity}; mState=IDEL
06-12 22:41:56.540  1948  2308 I BLASTSyncEngine: SyncGroup 9584:  Unfinished container:ActivityRecord{b4506d7 u0 org.kffs.habilisdatalogger/org.kivy.android.PythonActivity t640}
06-12 22:41:56.540  1948  2308 I ActivityRecordImpl: isReadyForStartingWindow topActivity = ActivityRecord{b4506d7 u0 org.kffs.habilisdatalogger/org.kivy.android.PythonActivity t640} isLaunchSourceTypeHome = true topActivity.mStartingWindow = Window{359d4a9 u0 Splash Screen org.kffs.habilisdatalogger}
06-12 22:41:56.540  1948  2308 I BLASTSyncEngine: SyncGroup 9584:  Unfinished container:Task{5c39bc4 #640 type=standard A=10364:org.kffs.habilisdatalogger}
06-12 22:41:56.540  1948  2308 I ActivityRecordImpl: isReadyForStartingWindow topActivity = ActivityRecord{b4506d7 u0 org.kffs.habilisdatalogger/org.kivy.android.PythonActivity t640} isLaunchSourceTypeHome = true topActivity.mStartingWindow = Window{359d4a9 u0 Splash Screen org.kffs.habilisdatalogger}
06-12 22:41:56.540  1948  2308 I SmartPower: org.kffs.habilisdatalogger/10364(11327): died->visible(144188ms) R(become visible) adj=0.
06-12 22:41:56.541  1948  2308 D WindowManager: Final targets: [Task{5c39bc4 #640 type=standard A=10364:org.kffs.habilisdatalogger}, Task{fc1ced5 #1 type=home}]
06-12 22:41:56.543  1948  2308 D WindowManager: Calling onTransitionReady info={id=9584 t=OPEN f=0x0 trk=0 r=[0@Point(0, 0)] c=[{WCT{RemoteToken{f2acb3a Task{5c39bc4 #640 type=standard A=10364:org.kffs.habilisdatalogger}}} m=OPEN f=NONE leash=Surface(name=Task=640#154539)/@0x4389f5c sb=Rect(0, 0 - 1080, 2400) eb=Rect(0, 0 - 1080, 2400) d=0},{WCT{RemoteToken{e07270c Task{fc1ced5 #1 type=home}}} m=TO_BACK f=SHOW_WALLPAPER leash=Surface(name=Task=1#16716)/@0xdd7d3e6 sb=Rect(0, 0 - 1080, 2400) eb=Rect(0, 0 - 1080, 2400) d=0}] noAni=[false]}, mToken=Token{80063eb TransitionRecord{f693973 id=9584 type=OPEN flags=0x0}}
06-12 22:41:56.544  1948  5734 D CoreBackPreview: Window{359d4a9 u0 Splash Screen org.kffs.habilisdatalogger}: Setting back callback OnBackInvokedCallbackInfo{mCallback=android.window.IOnBackInvokedCallback$Stub$Proxy@26a6106, mPriority=0, mIsAnimationCallback=false}
06-12 22:41:56.548  3838  3838 D RemoteAnimationAdapterCompat: printLeash::taskInfo = TaskInfo{userId=0 taskId=640 displayId=0 isRunning=true baseIntent=Intent { act=android.intent.action.MAIN cat=[android.intent.category.LAUNCHER] flg=0x10200000 cmp=org.kffs.habilisdatalogger/org.kivy.android.PythonActivity } baseActivity=ComponentInfo{org.kffs.habilisdatalogger/org.kivy.android.PythonActivity} topActivity=ComponentInfo{org.kffs.habilisdatalogger/org.kivy.android.PythonActivity} origActivity=null realActivity=ComponentInfo{org.kffs.habilisdatalogger/org.kivy.android.PythonActivity} numActivities=1 lastActiveTime=739327081 supportsSplitScreenMultiWindow=true supportsMultiWindow=true resizeMode=1 isResizeable=true minWidth=-1 minHeight=-1 defaultMinSize=200 token=WCT{android.window.IWindowContainerToken$Stub$Proxy@4ff17c2} topActivityType=1 pictureInPictureParams=null shouldDockBigOverlays=false launchIntoPipHostTaskId=-1 lastParentTaskIdBeforePip=-1 displayCutoutSafeInsets=Rect(0, 98 - 0, 0) topActivityInfo=ActivityInfo{be669d3 org.kivy.android.PythonActivity} launchCookies=[] positionInParent=Point(0, 0) parentTaskId=-1 isFocused=false isVisible=true isVisibleRequested=true isSleeping=false topActivityInSizeCompat=false topActivityInMiuiSizeCompat=false topActivityEligibleForLetterboxEducation= false topActivityLetterboxed= false isFromDoubleTap= false topActivityLetterboxVerticalPosition= -1 topActivityLetterboxHorizontalPosition= -1 topActivityLetterboxWidth=-1 topActivityLetterboxHeight=-1 locusId=null displayAreaFeatureId=1 cameraCompatControlState=hidden mIsCastMode=false mTopActivityMediaSize=null mTopActivityRecordName=ActivityRecord{b4506d7 u0 org.kffs.habilisdatalogger/org.kivy.android.PythonActivity t640} mTopActivityOrientation=1 mTopActivityWindowIsNowVisible=false isTranslucent=false isEmbedded=false shouldBeVisible=true mBehindAppLockPkg=null mOriginatingUid=0}
06-12 22:41:56.569  3838  3838 E LauncherAnimationRunner: onAnimationStart:   target=RemoteAnimationTargetCompat{taskId=640, mode=0, isTranslucent=false, clipRect=Rect(0, 0 - 0, 0), position=Point(0, 0), sourceContainerBounds=Rect(0, 0 - 1080, 2400), prefixOrderIndex=2, isNotInRecents=false, contentInsets=Rect(0, 0 - 0, 0), activityType=1, packageName=org.kffs.habilisdatalogger, startBounds=Rect(0, 0 - 1080, 2400), windowType=-1}
06-12 22:41:56.574  1948  2308 I WindowManager: wms.showSurfaceRobustly mWin:Window{359d4a9 u0 Splash Screen org.kffs.habilisdatalogger}
06-12 22:41:56.581 13186 13275 D MiuiFullScreenTaskRepository: addOrUpdateFullScreenTaskInfo taskId=640, topActivity=ComponentInfo{org.kffs.habilisdatalogger/org.kivy.android.PythonActivity}
06-12 22:41:56.591  1948  2335 I ActivityManager: Start proc 15362:org.kffs.habilisdatalogger/u0a364 for top-activity {org.kffs.habilisdatalogger/org.kivy.android.PythonActivity} caller=com.miui.home
06-12 22:41:56.600  3838  4246 E ActivityManagerWrapper: getRecentTasks: mainTaskId=640   userId=0   windowMode=1   baseIntent=Intent { act=android.intent.action.MAIN flag=270532608 cmp=ComponentInfo{org.kffs.habilisdatalogger/org.kivy.android.PythonActivity} }
06-12 22:41:56.605 15362 15362 E Zygote  : process_name_ptr:15362 org.kffs.habilisdatalogger
06-12 22:41:56.623  3838  4246 E ActivityManagerWrapper: getRecentTasks: mainTaskId=640   userId=0   windowMode=1   baseIntent=Intent { act=android.intent.action.MAIN flag=270532608 cmp=ComponentInfo{org.kffs.habilisdatalogger/org.kivy.android.PythonActivity} }
06-12 22:41:56.641  3838  4246 E ActivityManagerWrapper: getRecentTasks: mainTaskId=640   userId=0   windowMode=1   baseIntent=Intent { act=android.intent.action.MAIN flag=270532608 cmp=ComponentInfo{org.kffs.habilisdatalogger/org.kivy.android.PythonActivity} }
06-12 22:41:56.696 13186 13275 D MiuiFullScreenTaskRepository: addOrUpdateFullScreenTaskInfo taskId=640, topActivity=ComponentInfo{org.kffs.habilisdatalogger/org.kivy.android.PythonActivity}
06-12 22:41:56.699 22923 12674 D BluetoothLatencyMode: ForegroundInfo{mForegroundPackageName='org.kffs.habilisdatalogger', mForegroundUid=10364, mForegroundPid=15362, mLastForegroundPackageName='com.miui.home', mLastForegroundUid=10158, mLastForegroundPid=3838, mMultiWindowForegroundPackageName='org.kffs.habilisdatalogger', mMultiWindowForegroundUid=10364, mFlags=1}
06-12 22:41:56.699  7953  7963 I GST     : forePkg: org.kffs.habilisdatalogger, preForePkg: com.miui.home
06-12 22:41:56.699  7590 11082 D PerfEngineController: ForegroundInfo{mForegroundPackageName='org.kffs.habilisdatalogger', mForegroundUid=10364, mForegroundPid=15362, mLastForegroundPackageName='com.miui.home', mLastForegroundUid=10158, mLastForegroundPid=3838, mMultiWindowForegroundPackageName='org.kffs.habilisdatalogger', mMultiWindowForegroundUid=10364, mFlags=1}
06-12 22:41:56.701  3838 30117 D AppObserver: ForegroundInfo{mForegroundPackageName='org.kffs.habilisdatalogger', mForegroundUid=10364, mForegroundPid=15362, mLastForegroundPackageName='com.miui.home', mLastForegroundUid=10158, mLastForegroundPid=3838, mMultiWindowForegroundPackageName='org.kffs.habilisdatalogger', mMultiWindowForegroundUid=10364, mFlags=1}
06-12 22:41:56.706 19295 19689 I ProcessMonitor: onForegroundInfoChanged: ForegroundInfo{mForegroundPackageName='org.kffs.habilisdatalogger', mForegroundUid=10364, mForegroundPid=15362, mLastForegroundPackageName='com.miui.home', mLastForegroundUid=10158, mLastForegroundPid=3838, mMultiWindowForegroundPackageName='org.kffs.habilisdatalogger', mMultiWindowForegroundUid=10364, mFlags=1}
06-12 22:41:56.708 19295 19689 I GameBoosterService: onForegroundInfoChanged: Cur=org.kffs.habilisdatalogger	 last=com.miui.home
06-12 22:41:56.709 19295 19689 D GameBoosterService: onGameStatusChange foreground:ForegroundInfo{mForegroundPackageName='org.kffs.habilisdatalogger', mForegroundUid=10364, mForegroundPid=15362, mLastForegroundPackageName='com.miui.home', mLastForegroundUid=10158, mLastForegroundPid=3838, mMultiWindowForegroundPackageName='org.kffs.habilisdatalogger', mMultiWindowForegroundUid=10364, mFlags=1}
06-12 22:41:56.709 19295 19689 I BeautyService: onForegroundInfoChanged: Cur=org.kffs.habilisdatalogger	 last=com.miui.home
06-12 22:41:56.710 13186 13275 D MiuiFullScreenTaskRepository: setFocusedTask taskId=640, displayId=0, topActivity=ComponentInfo{org.kffs.habilisdatalogger/org.kivy.android.PythonActivity}
06-12 22:41:56.710 13186 13275 D MiuiFullScreenTaskRepository: addOrUpdateFullScreenTaskInfo taskId=640, topActivity=ComponentInfo{org.kffs.habilisdatalogger/org.kivy.android.PythonActivity}
06-12 22:41:56.711 13186 13275 D MiuiFreeformModeController: onFocusTaskChanged taskInfo: TaskInfo{userId=0 taskId=640 displayId=0 isRunning=true baseIntent=Intent { act=android.intent.action.MAIN cat=[android.intent.category.LAUNCHER] flg=0x10200000 cmp=org.kffs.habilisdatalogger/org.kivy.android.PythonActivity } baseActivity=ComponentInfo{org.kffs.habilisdatalogger/org.kivy.android.PythonActivity} topActivity=ComponentInfo{org.kffs.habilisdatalogger/org.kivy.android.PythonActivity} origActivity=null realActivity=ComponentInfo{org.kffs.habilisdatalogger/org.kivy.android.PythonActivity} numActivities=1 lastActiveTime=739327259 supportsSplitScreenMultiWindow=true supportsMultiWindow=true resizeMode=1 isResizeable=true minWidth=-1 minHeight=-1 defaultMinSize=200 token=WCT{android.window.IWindowContainerToken$Stub$Proxy@8e6d8d5} topActivityType=1 pictureInPictureParams=null shouldDockBigOverlays=false launchIntoPipHostTaskId=-1 lastParentTaskIdBeforePip=-1 displayCutoutSafeInsets=Rect(0, 98 - 0, 0) topActivityInfo=ActivityInfo{a1968ea org.kivy.android.PythonActivity} launchCookies=[] positionInParent=Point(0, 0) parentTaskId=-1 isFocused=true isVisible=true isVisibleRequested=true isSleeping=false topActivityInSizeCompat=false topActivityInMiuiSizeCompat=false topActivityEligibleForLetterboxEducation= false topActivityLetterboxed= false isFromDoubleTap= false topActivityLetterboxVerticalPosition= -1 topActivityLetterboxHorizontalPosition= -1 topActivityLetterboxWidth=-1 topActivityLetterboxHeight=-1 locusId=null displayAreaFeatureId=1 cameraCompatControlState=hidden mIsCastMode=false mTopActivityMediaSize=null mTopActivityRecordName=ActivityRecord{b4506d7 u0 org.kffs.habilisdatalogger/org.kivy.android.PythonActivity t640} mTopActivityOrientation=1 mTopActivityWindowIsNowVisible=false isTranslucent=false isEmbedded=false shouldBeVisible=true mBehindAppLockPkg=null mOriginatingUid=0}
06-12 22:41:56.749 15362 15362 D nativeloader: Configuring clns-4 for other apk /data/app/~~rE7QTiXDaOvSFNdDb_TZIg==/org.kffs.habilisdatalogger-kD81BLa2-m_LyctbSUJqrg==/base.apk. target_sdk_version=30, uses_libraries=, library_path=/data/app/~~rE7QTiXDaOvSFNdDb_TZIg==/org.kffs.habilisdatalogger-kD81BLa2-m_LyctbSUJqrg==/lib/arm64:/data/app/~~rE7QTiXDaOvSFNdDb_TZIg==/org.kffs.habilisdatalogger-kD81BLa2-m_LyctbSUJqrg==/base.apk!/lib/arm64-v8a, permitted_path=/data:/mnt/expand:/data/user/0/org.kffs.habilisdatalogger
06-12 22:41:56.772 15362 15362 V GraphicsEnvironment: ANGLE GameManagerService for org.kffs.habilisdatalogger: false
06-12 22:41:56.772 15362 15362 V GraphicsEnvironment: org.kffs.habilisdatalogger is not listed in per-application setting
06-12 22:41:56.778  1948  7850 I UiModeManager: systemserver package:org.kffs.habilisdatalogger null
06-12 22:41:56.778 15362 15362 I ForceDarkHelperStubImpl: initialize for org.kffs.habilisdatalogger , ForceDarkAppConfig: null
06-12 22:41:56.830  1948  5734 I ClipboardServiceI: checkProviderWakePathForClipboard: org.kffs.habilisdataloggeris not a activePermissionOwner
06-12 22:41:56.845 15362 15362 V SDL     : Device: taoyao
06-12 22:41:56.845 15362 15362 V SDL     : Model: 2203129G
06-12 22:41:56.845 15362 15362 V SDL     : onCreate()
06-12 22:41:56.852 13186 13275 D MiuiFullScreenTaskRepository: setFocusedTask taskId=640, displayId=0, topActivity=ComponentInfo{org.kffs.habilisdatalogger/org.kivy.android.PythonActivity}
06-12 22:41:56.852 13186 13275 D MiuiFullScreenTaskRepository: addOrUpdateFullScreenTaskInfo taskId=640, topActivity=ComponentInfo{org.kffs.habilisdatalogger/org.kivy.android.PythonActivity}
06-12 22:41:56.854 15362 15362 V SDL     : getting identifier
06-12 22:41:56.854 15362 15362 V SDL     : kind is layout and name lottie
06-12 22:41:56.854 15362 15362 V SDL     : result is 0
06-12 22:41:56.855 15362 15362 V SDL     : couldn't find lottie layout or animation, trying static splash
06-12 22:41:56.855 15362 15362 V SDL     : getting identifier
06-12 22:41:56.855 15362 15362 V SDL     : kind is drawable and name presplash
06-12 22:41:56.855 15362 15362 V SDL     : result is 2130771969
06-12 22:41:56.867 15362 15362 V SDL     : asked to get string presplash_color
06-12 22:41:56.867 15362 15362 V SDL     : getting identifier
06-12 22:41:56.867 15362 15362 V SDL     : kind is string and name presplash_color
06-12 22:41:56.867 15362 15362 V SDL     : result is 2131034113
06-12 22:41:56.895 15362 15483 V pythonutil: Unpacking private app
06-12 22:41:56.895 15362 15362 V SDL     : onStart()
06-12 22:41:56.896 15362 15483 V pythonutil: Data version is 37fc6b1e933042b0fff87cc97f0dddf90b1112b8
06-12 22:41:56.905 15362 15483 V pythonutil: Unpacking /data/app/~~rE7QTiXDaOvSFNdDb_TZIg==/org.kffs.habilisdatalogger-kD81BLa2-m_LyctbSUJqrg==/lib/arm64/libpybundle app
06-12 22:41:56.905 15362 15483 V pythonutil: Data version is 37fc6b1e933042b0fff87cc97f0dddf90b1112b8
06-12 22:41:56.980 15362 15362 V SDL     : onResume()
06-12 22:41:57.011  1948  5734 I AppsFilter: interaction: PackageSetting{d410654 org.kffs.habilisdatalogger/10364} -> PackageSetting{795bc92 com.google.android.apps.subscriptions.red/10228} BLOCKED
06-12 22:41:57.011  1948  5734 I AppsFilter: interaction: PackageSetting{d410654 org.kffs.habilisdatalogger/10364} -> PackageSetting{521f663 com.android.cts.priv.ctsshim/10278} BLOCKED
06-12 22:41:57.011  1948  5734 I AppsFilter: interaction: PackageSetting{d410654 org.kffs.habilisdatalogger/10364} -> PackageSetting{c1a4260 com.upside.consumer.android/10348} BLOCKED
06-12 22:41:57.011  1948  5734 I AppsFilter: interaction: PackageSetting{d410654 org.kffs.habilisdatalogger/10364} -> PackageSetting{da7b319 com.google.android.youtube/10225} BLOCKED
06-12 22:41:57.011  1948  5734 I AppsFilter: interaction: PackageSetting{d410654 org.kffs.habilisdatalogger/10364} -> PackageSetting{74f0fde com.android.uwb.resources/10272} BLOCKED
06-12 22:41:57.011  1948  5734 I AppsFilter: interaction: PackageSetting{d410654 org.kffs.habilisdatalogger/10364} -> PackageSetting{e8f4b27 com.android.internal.display.cutout.emulation.corner/10009} BLOCKED
06-12 22:41:57.011  1948  5734 I AppsFilter: interaction: PackageSetting{d410654 org.kffs.habilisdatalogger/10364} -> PackageSetting{31311d4 com.android.internal.display.cutout.emulation.double/10010} BLOCKED
06-12 22:41:57.011  1948  5734 I AppsFilter: interaction: PackageSetting{d410654 org.kffs.habilisdatalogger/10364} -> PackageSetting{73395bf com.google.android.googlequicksearchbox/10176} BLOCKED
06-12 22:41:57.011  1948  5734 I AppsFilter: interaction: PackageSetting{d410654 org.kffs.habilisdatalogger/10364} -> PackageSetting{951248c cn.wps.xiaomi.abroad.lite/10297} BLOCKED
06-12 22:41:57.011  1948  5734 I AppsFilter: interaction: PackageSetting{d410654 org.kffs.habilisdatalogger/10364} -> PackageSetting{f767d5 com.google.android.apps.googleassistant/10169} BLOCKED
06-12 22:41:57.011  1948  5734 I AppsFilter: interaction: PackageSetting{d410654 org.kffs.habilisdatalogger/10364} -> PackageSetting{eb84bea com.google.android.apps.docs.editors.docs/10339} BLOCKED
06-12 22:41:57.011  1948  5734 I AppsFilter: interaction: PackageSetting{d410654 org.kffs.habilisdatalogger/10364} -> PackageSetting{c95cedb com.google.android.onetimeinitializer/10143} BLOCKED
06-12 22:41:57.011  1948  5734 I AppsFilter: interaction: PackageSetting{d410654 org.kffs.habilisdatalogger/10364} -> PackageSetting{931fd78 com.google.android.ext.shared/10120} BLOCKED
06-12 22:41:57.011  1948  5734 I AppsFilter: interaction: PackageSetting{d410654 org.kffs.habilisdatalogger/10364} -> PackageSetting{9b8781f com.android.internal.systemui.navbar.gestural_wide_back/10063} BLOCKED
06-12 22:41:57.011  1948  5734 I AppsFilter: interaction: PackageSetting{d410654 org.kffs.habilisdatalogger/10364} -> PackageSetting{853ac51 com.android.virtualmachine.res/10269} BLOCKED
06-12 22:41:57.012  1948  5734 I AppsFilter: interaction: PackageSetting{d410654 org.kffs.habilisdatalogger/10364} -> PackageSetting{1c73cb6 com.uvnv.mintsim/10326} BLOCKED
06-12 22:41:57.012  1948  5734 I AppsFilter: interaction: PackageSetting{d410654 org.kffs.habilisdatalogger/10364} -> PackageSetting{1187db7 com.google.android.server.deviceconfig.resources/10266} BLOCKED
06-12 22:41:57.012  1948  5734 I AppsFilter: interaction: PackageSetting{d410654 org.kffs.habilisdatalogger/10364} -> PackageSetting{457924 com.android.htmlviewer/10101} BLOCKED
06-12 22:41:57.012  1948  5734 I AppsFilter: interaction: PackageSetting{d410654 org.kffs.habilisdatalogger/10364} -> PackageSetting{e55bc8d com.whatsapp/10318} BLOCKED
06-12 22:41:57.012  1948  5734 I AppsFilter: interaction: PackageSetting{d410654 org.kffs.habilisdatalogger/10364} -> PackageSetting{c026e42 com.mtb.mbanking.sc.retail.prod/10349} BLOCKED
06-12 22:41:57.012  1948  5734 I AppsFilter: interaction: PackageSetting{d410654 org.kffs.habilisdatalogger/10364} -> PackageSetting{3ad3e53 com.google.android.apps.docs.editors.sheets/10357} BLOCKED
06-12 22:41:57.012  1948  5734 I AppsFilter: interaction: PackageSetting{d410654 org.kffs.habilisdatalogger/10364} -> PackageSetting{f30390 com.google.android.health.connect.backuprestore/10276} BLOCKED
06-12 22:41:57.012  1948  5734 I AppsFilter: interaction: PackageSetting{d410654 org.kffs.habilisdatalogger/10364} -> PackageSetting{3ee9489 com.google.android.apps.messaging/10175} BLOCKED
06-12 22:41:57.012  1948  5734 I AppsFilter: interaction: PackageSetting{d410654 org.kffs.habilisdatalogger/10364} -> PackageSetting{8cd2c8e com.sfr.android.sfrjeux/10166} BLOCKED
06-12 22:41:57.012  1948  5734 I AppsFilter: interaction: PackageSetting{d410654 org.kffs.habilisdatalogger/10364} -> PackageSetting{6c36caf com.quicinc.voice.activation/10244} BLOCKED
06-12 22:41:57.012  1948  5734 I AppsFilter: interaction: PackageSetting{d410654 org.kffs.habilisdatalogger/10364} -> PackageSetting{aacc8bc us.mitene/10334} BLOCKED
06-12 22:41:57.012  1948  5734 I AppsFilter: interaction: PackageSetting{d410654 org.kffs.habilisdatalogger/10364} -> PackageSetting{e22f045 com.ironsource.appcloud.oobe.hutchison/10139} BLOCKED
06-12 22:41:57.014  1948  5734 I AppsFilter: interaction: PackageSetting{d410654 org.kffs.habilisdatalogger/10364} -> PackageSetting{473839a com.duolingo/10321} BLOCKED
06-12 22:41:57.014  1948  5734 I AppsFilter: interaction: PackageSetting{d410654 org.kffs.habilisdatalogger/10364} -> PackageSetting{a6424cb com.google.android.configupdater/10138} BLOCKED
06-12 22:41:57.016  1948  5734 I AppsFilter: interaction: PackageSetting{d410654 org.kffs.habilisdatalogger/10364} -> PackageSetting{194546e com.google.android.overlay.modules.permissioncontroller/10031} BLOCKED
06-12 22:41:57.016  1948  5734 I AppsFilter: interaction: PackageSetting{d410654 org.kffs.habilisdatalogger/10364} -> PackageSetting{fdbb4a8 com.android.soundrecorder/10310} BLOCKED
06-12 22:41:57.016  1948  5734 I AppsFilter: interaction: PackageSetting{d410654 org.kffs.habilisdatalogger/10364} -> PackageSetting{3874bc1 com.altice.android.myapps/10165} BLOCKED
06-12 22:41:57.017  1948  5734 I AppsFilter: interaction: PackageSetting{d410654 org.kffs.habilisdatalogger/10364} -> PackageSetting{1f63f66 com.google.android.apps.safetyhub/10162} BLOCKED
06-12 22:41:57.017  1948  5734 I AppsFilter: interaction: PackageSetting{d410654 org.kffs.habilisdatalogger/10364} -> PackageSetting{c0e42a7 com.mi.globalbrowser/10298} BLOCKED
06-12 22:41:57.017  1948  5734 I AppsFilter: interaction: PackageSetting{d410654 org.kffs.habilisdatalogger/10364} -> PackageSetting{e8b7354 com.google.ar.core/10320} BLOCKED
06-12 22:41:57.017  1948  5734 I AppsFilter: interaction: PackageSetting{d410654 org.kffs.habilisdatalogger/10364} -> PackageSetting{57be2fd com.android.simappdialog/10126} BLOCKED
06-12 22:41:57.017  1948  5734 I AppsFilter: interaction: PackageSetting{d410654 org.kffs.habilisdatalogger/10364} -> PackageSetting{196ebf2 com.microsoft.skydrive/10311} BLOCKED
06-12 22:41:57.017  1948  5734 I AppsFilter: interaction: PackageSetting{d410654 org.kffs.habilisdatalogger/10364} -> PackageSetting{8526243 com.aura.oobe.vodafone/10140} BLOCKED
06-12 22:41:57.017  1948  5734 I AppsFilter: interaction: PackageSetting{d410654 org.kffs.habilisdatalogger/10364} -> PackageSetting{a416907 com.android.internal.display.cutout.emulation.hole/10011} BLOCKED
06-12 22:41:57.017  1948  5734 I AppsFilter: interaction: PackageSetting{d410654 org.kffs.habilisdatalogger/10364} -> PackageSetting{e440a34 com.android.internal.display.cutout.emulation.tall/10012} BLOCKED
06-12 22:41:57.017  1948  5734 I AppsFilter: interaction: PackageSetting{d410654 org.kffs.habilisdatalogger/10364} -> PackageSetting{64c605d com.android.internal.systemui.navbar.threebutton/10059} BLOCKED
06-12 22:41:57.017  1948  5734 I AppsFilter: interaction: PackageSetting{d410654 org.kffs.habilisdatalogger/10364} -> PackageSetting{7d670c0 us.zoom.videomeetings/10330} BLOCKED
06-12 22:41:57.017  1948  5734 I AppsFilter: interaction: PackageSetting{d410654 org.kffs.habilisdatalogger/10364} -> PackageSetting{128b1f9 com.eken.doorbell/10361} BLOCKED
06-12 22:41:57.017  1948  5734 I AppsFilter: interaction: PackageSetting{d410654 org.kffs.habilisdatalogger/10364} -> PackageSetting{423d53e com.android.wifi.dialog/10242} BLOCKED
06-12 22:41:57.017  1948  5734 I AppsFilter: interaction: PackageSetting{d410654 org.kffs.habilisdatalogger/10364} -> PackageSetting{a2edf9f com.android.hotwordenrollment.xgoogle/10146} BLOCKED
06-12 22:41:57.018  1948  5734 I AppsFilter: interaction: PackageSetting{d410654 org.kffs.habilisdatalogger/10364} -> PackageSetting{211d8ec com.usbank.mobilebanking/10355} BLOCKED
06-12 22:41:57.018  1948  5734 I AppsFilter: interaction: PackageSetting{d410654 org.kffs.habilisdatalogger/10364} -> PackageSetting{43974b5 com.onedebit.chime/10328} BLOCKED
06-12 22:41:57.018  1948  5734 I AppsFilter: interaction: PackageSetting{d410654 org.kffs.habilisdatalogger/10364} -> PackageSetting{704074a com.instagram.android/10335} BLOCKED
06-12 22:41:57.018  1948  5734 I AppsFilter: interaction: PackageSetting{d410654 org.kffs.habilisdatalogger/10364} -> PackageSetting{42bd6bb com.google.android.as/10168} BLOCKED
06-12 22:41:57.018  1948  5734 I AppsFilter: interaction: PackageSetting{d410654 org.kffs.habilisdatalogger/10364} -> PackageSetting{1b997d8 com.google.android.gm/10192} BLOCKED
06-12 22:41:57.018  1948  5734 I AppsFilter: interaction: PackageSetting{d410654 org.kffs.habilisdatalogger/10364} -> PackageSetting{159a731 com.google.android.apps.tachyon/10292} BLOCKED
06-12 22:41:57.018  1948  5734 I AppsFilter: interaction: PackageSetting{d410654 org.kffs.habilisdatalogger/10364} -> PackageSetting{8b3052a com.google.android.overlay.gmsconfig.common/10019} BLOCKED
06-12 22:41:57.018  1948  5734 I AppsFilter: interaction: PackageSetting{d410654 org.kffs.habilisdatalogger/10364} -> PackageSetting{5034e16 com.android.settings.intelligence/10160} BLOCKED
06-12 22:41:57.018  1948  5734 I AppsFilter: interaction: PackageSetting{d410654 org.kffs.habilisdatalogger/10364} -> PackageSetting{ef878b8 com.android.internal.systemui.navbar.gestural_extra_wide_back/10061} BLOCKED
06-12 22:41:57.018  1948  5734 I AppsFilter: interaction: PackageSetting{d410654 org.kffs.habilisdatalogger/10364} -> PackageSetting{f372397 com.microsoft.office.outlook/10356} BLOCKED
06-12 22:41:57.018  1948  5734 I AppsFilter: interaction: PackageSetting{d410654 org.kffs.habilisdatalogger/10364} -> PackageSetting{51c5984 com.miui.compass/10302} BLOCKED
06-12 22:41:57.018  1948  5734 I AppsFilter: interaction: PackageSetting{d410654 org.kffs.habilisdatalogger/10364} -> PackageSetting{70856d com.google.android.setupwizard/10251} BLOCKED
06-12 22:41:57.018  1948  5734 I AppsFilter: interaction: PackageSetting{d410654 org.kffs.habilisdatalogger/10364} -> PackageSetting{7de35a2 com.miui.android.fashiongallery/10295} BLOCKED
06-12 22:41:57.019  1948  5734 I AppsFilter: interaction: PackageSetting{d410654 org.kffs.habilisdatalogger/10364} -> PackageSetting{b406233 com.facebook.services/10111} BLOCKED
06-12 22:41:57.019  1948  5734 I AppsFilter: interaction: PackageSetting{d410654 org.kffs.habilisdatalogger/10364} -> PackageSetting{ec789f0 com.android.printspooler/10260} BLOCKED
06-12 22:41:57.019  1948  5734 I AppsFilter: interaction: PackageSetting{d410654 org.kffs.habilisdatalogger/10364} -> PackageSetting{69d0b69 com.android.hotwordenrollment.okgoogle/10145} BLOCKED
06-12 22:41:57.019  1948  5734 I AppsFilter: interaction: PackageSetting{d410654 org.kffs.habilisdatalogger/10364} -> PackageSetting{68e09ee org.ifaa.aidl.manager/10129} BLOCKED
06-12 22:41:57.019  1948  5734 I AppsFilter: interaction: PackageSetting{d410654 org.kffs.habilisdatalogger/10364} -> PackageSetting{d94ee8f com.android.dreams.basic/10115} BLOCKED
06-12 22:41:57.019  1948  5734 I AppsFilter: interaction: PackageSetting{d410654 org.kffs.habilisdatalogger/10364} -> PackageSetting{ab3551c com.google.android.as.oss/10173} BLOCKED
06-12 22:41:57.019  1948  5734 I AppsFilter: interaction: PackageSetting{d410654 org.kffs.habilisdatalogger/10364} -> PackageSetting{1f1f525 de.telekom.tsc/10112} BLOCKED
06-12 22:41:57.019  1948  5734 I AppsFilter: interaction: PackageSetting{d410654 org.kffs.habilisdatalogger/10364} -> PackageSetting{c54d6fa com.android.rkpdapp/10268} BLOCKED
06-12 22:41:57.019  1948  5734 I AppsFilter: interaction: PackageSetting{d410654 org.kffs.habilisdatalogger/10364} -> PackageSetting{8fbe4ab com.google.android.dialer/10172} BLOCKED
06-12 22:41:57.019  1948  5734 I AppsFilter: interaction: PackageSetting{d410654 org.kffs.habilisdatalogger/10364} -> PackageSetting{a2ea708 com.creditkarma.mobile/10340} BLOCKED
06-12 22:41:57.019  1948  5734 I AppsFilter: interaction: PackageSetting{d410654 org.kffs.habilisdatalogger/10364} -> PackageSetting{4f1bea1 com.timehop/10329} BLOCKED
06-12 22:41:57.019  1948  5734 I AppsFilter: interaction: PackageSetting{d410654 org.kffs.habilisdatalogger/10364} -> PackageSetting{48968c6 com.google.android.captiveportallogin/10119} BLOCKED
06-12 22:41:57.019  1948  5734 I AppsFilter: interaction: PackageSetting{d410654 org.kffs.habilisdatalogger/10364} -> PackageSetting{b922087 com.dropbox.android/10337} BLOCKED
06-12 22:41:57.019  1948  5734 I AppsFilter: interaction: PackageSetting{d410654 org.kffs.habilisdatalogger/10364} -> PackageSetting{797f6e7 com.google.android.overlay.gmsconfig.comms/10079} BLOCKED
06-12 22:41:57.020  1948  5734 I AppsFilter: interaction: PackageSetting{d410654 org.kffs.habilisdatalogger/10364} -> PackageSetting{698b294 com.google.android.overlay.gmsconfig.geotz/10021} BLOCKED
06-12 22:41:57.020  1948  5734 I AppsFilter: interaction: PackageSetting{d410654 org.kffs.habilisdatalogger/10364} -> PackageSetting{28b2bb4 com.google.android.appsearch.apk/10267} BLOCKED
06-12 22:41:57.020  1948  5734 I AppsFilter: interaction: PackageSetting{d410654 org.kffs.habilisdatalogger/10364} -> PackageSetting{dcaa3dd com.android.musicfx/10104} BLOCKED
06-12 22:41:57.020  1948  5734 I AppsFilter: interaction: PackageSetting{d410654 org.kffs.habilisdatalogger/10364} -> PackageSetting{7234b52 com.google.android.apps.docs/10307} BLOCKED
06-12 22:41:57.020  1948  5734 I AppsFilter: interaction: PackageSetting{d410654 org.kffs.habilisdatalogger/10364} -> PackageSetting{e663e23 com.google.android.apps.maps/10212} BLOCKED
06-12 22:41:57.020  1948  5734 I AppsFilter: interaction: PackageSetting{d410654 org.kffs.habilisdatalogger/10364} -> PackageSetting{a894f20 com.orange.update/10137} BLOCKED
06-12 22:41:57.020  1948  5734 I AppsFilter: interaction: PackageSetting{d410654 org.kffs.habilisdatalogger/10364} -> PackageSetting{552a0d9 com.google.android.webview/10208} BLOCKED
06-12 22:41:57.022  1948  5734 I AppsFilter: interaction: PackageSetting{d410654 org.kffs.habilisdatalogger/10364} -> PackageSetting{632dbdf com.google.android.overlay.modules.documentsui/10030} BLOCKED
06-12 22:41:57.022  1948  5734 I AppsFilter: interaction: PackageSetting{d410654 org.kffs.habilisdatalogger/10364} -> PackageSetting{206ca9e com.amazon.appmanager/10313} BLOCKED
06-12 22:41:57.022  1948  5734 I AppsFilter: interaction: PackageSetting{d410654 org.kffs.habilisdatalogger/10364} -> PackageSetting{2d4997f com.google.android.contactkeys/10343} BLOCKED
06-12 22:41:57.023  1948  5734 I AppsFilter: interaction: PackageSetting{d410654 org.kffs.habilisdatalogger/10364} -> PackageSetting{2843d4c com.google.android.contacts/10229} BLOCKED
06-12 22:41:57.023  1948  5734 I AppsFilter: interaction: PackageSetting{d410654 org.kffs.habilisdatalogger/10364} -> PackageSetting{1c37195 com.android.chrome/10183} BLOCKED
06-12 22:41:57.023  1948  5734 I AppsFilter: interaction: PackageSetting{d410654 org.kffs.habilisdatalogger/10364} -> PackageSetting{b10f2aa com.huami.watch.hmwatchmanager/10338} BLOCKED
06-12 22:41:57.023  1948  5734 I AppsFilter: interaction: PackageSetting{d410654 org.kffs.habilisdatalogger/10364} -> PackageSetting{9a34e9b com.android.wifi.resources/10283} BLOCKED
06-12 22:41:57.023  1948  5734 I AppsFilter: interaction: PackageSetting{d410654 org.kffs.habilisdatalogger/10364} -> PackageSetting{35de238 com.google.android.apps.walletnfcrel/10319} BLOCKED
06-12 22:41:57.023  1948  5734 I AppsFilter: interaction: PackageSetting{d410654 org.kffs.habilisdatalogger/10364} -> PackageSetting{9369211 com.google.android.partnersetup/10144} BLOCKED
06-12 22:41:57.023  1948  5734 I AppsFilter: interaction: PackageSetting{d410654 org.kffs.habilisdatalogger/10364} -> PackageSetting{c3203ad com.google.android.overlay.gmsconfig.asi/10080} BLOCKED
06-12 22:41:57.023  1948  5734 I AppsFilter: interaction: PackageSetting{d410654 org.kffs.habilisdatalogger/10364} -> PackageSetting{33876e2 com.google.android.overlay.gmsconfig.gsa/10020} BLOCKED
06-12 22:41:57.023  1948  5734 I AppsFilter: interaction: PackageSetting{d410654 org.kffs.habilisdatalogger/10364} -> PackageSetting{80faa73 com.android.theme.font.notoserifsource/10015} BLOCKED
06-12 22:41:57.023  1948  5734 I AppsFilter: interaction: PackageSetting{d410654 org.kffs.habilisdatalogger/10364} -> PackageSetting{6e38f76 com.google.android.safetycenter.resources/10270} BLOCKED
06-12 22:41:57.023  1948  5734 I AppsFilter: interaction: PackageSetting{d410654 org.kffs.habilisdatalogger/10364} -> PackageSetting{1982da9 com.android.internal.display.cutout.emulation.waterfall/10018} BLOCKED
06-12 22:41:57.023  1948  5734 I AppsFilter: interaction: PackageSetting{d410654 org.kffs.habilisdatalogger/10364} -> PackageSetting{fde3977 com.netflix.mediaclient/10316} BLOCKED
06-12 22:41:57.023  1948  5734 I AppsFilter: interaction: PackageSetting{d410654 org.kffs.habilisdatalogger/10364} -> PackageSetting{db07acf com.android.internal.systemui.navbar.transparent/10078} BLOCKED
06-12 22:41:57.023  1948  5734 I AppsFilter: interaction: PackageSetting{d410654 org.kffs.habilisdatalogger/10364} -> PackageSetting{2ae9e4 com.miui.notes/10299} BLOCKED
06-12 22:41:57.023  1948  5734 I AppsFilter: interaction: PackageSetting{d410654 org.kffs.habilisdatalogger/10364} -> PackageSetting{fe13e4d com.zhiliaoapp.musically/10324} BLOCKED
06-12 22:41:57.023  1948  5734 I AppsFilter: interaction: PackageSetting{d410654 org.kffs.habilisdatalogger/10364} -> PackageSetting{712d02 com.google.android.connectivity.resources/10282} BLOCKED
06-12 22:41:57.023  1948  5734 I AppsFilter: interaction: PackageSetting{d410654 org.kffs.habilisdatalogger/10364} -> PackageSetting{d72f613 com.google.android.feedback/10238} BLOCKED
06-12 22:41:57.023  1948  5734 I AppsFilter: interaction: PackageSetting{d410654 org.kffs.habilisdatalogger/10364} -> PackageSetting{69ec050 com.google.android.printservice.recommendation/10124} BLOCKED
06-12 22:41:57.023  1948  5734 I AppsFilter: interaction: PackageSetting{d410654 org.kffs.habilisdatalogger/10364} -> PackageSetting{e107249 com.xiaomi.midrop/10291} BLOCKED
06-12 22:41:57.023  1948  5734 I AppsFilter: interaction: PackageSetting{d410654 org.kffs.habilisdatalogger/10364} -> PackageSetting{d49174e com.google.android.apps.photos/10300} BLOCKED
06-12 22:41:57.023  1948  5734 I AppsFilter: interaction: PackageSetting{d410654 org.kffs.habilisdatalogger/10364} -> PackageSetting{26847fb com.google.android.calendar/10226} BLOCKED
06-12 22:41:57.023  1948  5734 I AppsFilter: interaction: PackageSetting{d410654 org.kffs.habilisdatalogger/10364} -> PackageSetting{18ce06f com.spotify.music/10314} BLOCKED
06-12 22:41:57.023  1948  5734 I AppsFilter: interaction: PackageSetting{d410654 org.kffs.habilisdatalogger/10364} -> PackageSetting{a37917c com.google.android.apps.googlevoice/10315} BLOCKED
06-12 22:41:57.023  1948  5734 I AppsFilter: interaction: PackageSetting{d410654 org.kffs.habilisdatalogger/10364} -> PackageSetting{9e4ea05 com.tencent.soter.soterserver/10134} BLOCKED
06-12 22:41:57.023  1948  5734 I AppsFilter: interaction: PackageSetting{d410654 org.kffs.habilisdatalogger/10364} -> PackageSetting{aa35a5a com.google.android.documentsui/10100} BLOCKED
06-12 22:41:57.023  1948  5734 I AppsFilter: interaction: PackageSetting{d410654 org.kffs.habilisdatalogger/10364} -> PackageSetting{eb81663 com.miui.permissioncontroller.overlay/10047} BLOCKED
06-12 22:41:57.023  1948  5734 I AppsFilter: interaction: PackageSetting{d410654 org.kffs.habilisdatalogger/10364} -> PackageSetting{8b1148b com.android.dreams.phototable/10200} BLOCKED
06-12 22:41:57.023  1948  5734 I AppsFilter: interaction: PackageSetting{d410654 org.kffs.habilisdatalogger/10364} -> PackageSetting{62a4968 com.google.android.accessibility.switchaccess/10206} BLOCKED
06-12 22:41:57.023  1948  5734 I AppsFilter: interaction: PackageSetting{d410654 org.kffs.habilisdatalogger/10364} -> PackageSetting{cf2181 com.facebook.katana/10317} BLOCKED
06-12 22:41:57.023  1948  5734 I AppsFilter: interaction: PackageSetting{d410654 org.kffs.habilisdatalogger/10364} -> PackageSetting{f2cc226 com.android.providers.partnerbookmarks/10125} BLOCKED
06-12 22:41:57.023  1948  5734 I AppsFilter: interaction: PackageSetting{d410654 org.kffs.habilisdatalogger/10364} -> PackageSetting{89a6e67 com.android.smspush/10261} BLOCKED
06-12 22:41:57.023  1948  5734 I AppsFilter: interaction: PackageSetting{d410654 org.kffs.habilisdatalogger/10364} -> PackageSetting{20e9414 com.miui.calculator/10309} BLOCKED
06-12 22:41:57.023  1948  5734 I AppsFilter: interaction: PackageSetting{d410654 org.kffs.habilisdatalogger/10364} -> PackageSetting{ccb54bd com.android.wallpaper.livepicker/10103} BLOCKED
06-12 22:41:57.023  1948  5734 I AppsFilter: interaction: PackageSetting{d410654 org.kffs.habilisdatalogger/10364} -> PackageSetting{d92dab2 com.android.apps.tag/10109} BLOCKED
06-12 22:41:57.023  1948  5734 I AppsFilter: interaction: PackageSetting{d410654 org.kffs.habilisdatalogger/10364} -> PackageSetting{dd58a03 com.facebook.orca/10322} BLOCKED
06-12 22:41:57.023  1948  5734 I AppsFilter: interaction: PackageSetting{d410654 org.kffs.habilisdatalogger/10364} -> PackageSetting{54add80 com.mercury.bank/10336} BLOCKED
06-12 22:41:57.023  1948  5734 I AppsFilter: interaction: PackageSetting{d410654 org.kffs.habilisdatalogger/10364} -> PackageSetting{15d7fb9 com.android.imsserviceentitlement/10148} BLOCKED
06-12 22:41:57.024  1948  5734 I AppsFilter: interaction: PackageSetting{d410654 org.kffs.habilisdatalogger/10364} -> PackageSetting{3cfeffe com.facebook.system/10110} BLOCKED
06-12 22:41:57.024  1948  5734 I AppsFilter: interaction: PackageSetting{d410654 org.kffs.habilisdatalogger/10364} -> PackageSetting{71cc35f com.google.android.healthconnect.controller/10275} BLOCKED
06-12 22:41:57.024  1948  5734 I AppsFilter: interaction: PackageSetting{d410654 org.kffs.habilisdatalogger/10364} -> PackageSetting{54051ac com.venmo/10332} BLOCKED
06-12 22:41:57.024  1948  5734 I AppsFilter: interaction: PackageSetting{d410654 org.kffs.habilisdatalogger/10364} -> PackageSetting{c4d5e75 com.android.bookmarkprovider/10113} BLOCKED
06-12 22:41:57.024  1948  5734 I AppsFilter: interaction: PackageSetting{d410654 org.kffs.habilisdatalogger/10364} -> PackageSetting{3370e0a com.miui.weather2/10294} BLOCKED
06-12 22:41:57.024  1948  5734 I AppsFilter: interaction: PackageSetting{d410654 org.kffs.habilisdatalogger/10364} -> PackageSetting{a74367b com.ascendo.android.dictionary.de.free/10331} BLOCKED
06-12 22:41:57.024  1948  5734 I AppsFilter: interaction: PackageSetting{d410654 org.kffs.habilisdatalogger/10364} -> PackageSetting{a36dc98 org.mipay.android.manager/10132} BLOCKED
06-12 22:41:57.024  1948  5734 I AppsFilter: interaction: PackageSetting{d410654 org.kffs.habilisdatalogger/10364} -> PackageSetting{6226cf1 com.strava/10325} BLOCKED
06-12 22:41:57.024  1948  5734 I AppsFilter: interaction: PackageSetting{d410654 org.kffs.habilisdatalogger/10364} -> PackageSetting{1f4adc6 com.google.android.projection.gearhead/10136} BLOCKED
06-12 22:41:57.024  1948  5734 I AppsFilter: interaction: PackageSetting{d410654 org.kffs.habilisdatalogger/10364} -> PackageSetting{d4000d6 com.xiaomi.scanner/10290} BLOCKED
06-12 22:41:57.024  1948  5734 I AppsFilter: interaction: PackageSetting{d410654 org.kffs.habilisdatalogger/10364} -> PackageSetting{5bf57 com.google.android.apps.turbo/10161} BLOCKED
06-12 22:41:57.024  1948  5734 I AppsFilter: interaction: PackageSetting{d410654 org.kffs.habilisdatalogger/10364} -> PackageSetting{7092a44 com.google.android.safetycore/10342} BLOCKED
06-12 22:41:57.024  1948  5734 I AppsFilter: interaction: PackageSetting{d410654 org.kffs.habilisdatalogger/10364} -> PackageSetting{e5fe72d com.google.android.apps.chromecast.app/10341} BLOCKED
06-12 22:41:57.024  1948  5734 I AppsFilter: interaction: PackageSetting{d410654 org.kffs.habilisdatalogger/10364} -> PackageSetting{f448187 com.android.cts.ctsshim/10279} BLOCKED
06-12 22:41:57.024  1948  5734 I AppsFilter: interaction: PackageSetting{d410654 org.kffs.habilisdatalogger/10364} -> PackageSetting{1135462 com.miui.mediaeditor/10301} BLOCKED
06-12 22:41:57.024  1948  5734 I AppsFilter: interaction: PackageSetting{d410654 org.kffs.habilisdatalogger/10364} -> PackageSetting{ebcf9f3 com.miui.yellowpage/10171} BLOCKED
06-12 22:41:57.024  1948  5734 I AppsFilter: interaction: PackageSetting{d410654 org.kffs.habilisdatalogger/10364} -> PackageSetting{f90a6b0 com.mi.global.shop/10296} BLOCKED
06-12 22:41:57.024  1948  5734 I AppsFilter: interaction: PackageSetting{d410654 org.kffs.habilisdatalogger/10364} -> PackageSetting{f80c929 com.google.android.apps.setupwizard.searchselector/10174} BLOCKED
06-12 22:41:57.024  1948  5734 I AppsFilter: interaction: PackageSetting{d410654 org.kffs.habilisdatalogger/10364} -> PackageSetting{5d654ae com.android.hotspot2.osulogin/10284} BLOCKED
06-12 22:41:57.024  1948  5734 I AppsFilter: interaction: PackageSetting{d410654 org.kffs.habilisdatalogger/10364} -> PackageSetting{6a3424f com.azure.authenticator/10327} BLOCKED
06-12 22:41:57.024  1948  5734 I AppsFilter: interaction: PackageSetting{d410654 org.kffs.habilisdatalogger/10364} -> PackageSetting{9d17ddc com.google.android.gms.location.history/10181} BLOCKED
06-12 22:41:57.024  1948  5734 I AppsFilter: interaction: PackageSetting{d410654 org.kffs.habilisdatalogger/10364} -> PackageSetting{b018bf2 com.android.internal.systemui.navbar.gestural/10060} BLOCKED
06-12 22:41:57.024  1948  5734 I AppsFilter: interaction: PackageSetting{d410654 org.kffs.habilisdatalogger/10364} -> PackageSetting{7788243 com.google.android.overlay.gmsconfig.personalsafety/10025} BLOCKED
06-12 22:41:57.024  1948  5734 I AppsFilter: interaction: PackageSetting{d410654 org.kffs.habilisdatalogger/10364} -> PackageSetting{6b3cee5 com.dti.bouyguestelecom/10163} BLOCKED
06-12 22:41:57.024  1948  5734 I AppsFilter: interaction: PackageSetting{d410654 org.kffs.habilisdatalogger/10364} -> PackageSetting{db70dba com.android.bluetoothmidiservice/10114} BLOCKED
06-12 22:41:57.024  1948  5734 I AppsFilter: interaction: PackageSetting{d410654 org.kffs.habilisdatalogger/10364} -> PackageSetting{4fbb46b com.facebook.appmanager/10128} BLOCKED
06-12 22:41:57.024  1948  5734 I AppsFilter: interaction: PackageSetting{d410654 org.kffs.habilisdatalogger/10364} -> PackageSetting{5e69bc8 com.google.android.cellbroadcastreceiver/10285} BLOCKED
06-12 22:41:57.024  1948  5734 I AppsFilter: interaction: PackageSetting{d410654 org.kffs.habilisdatalogger/10364} -> PackageSetting{b577461 com.orange.aura.oobe/10159} BLOCKED
06-12 22:41:57.024  1948  5734 I AppsFilter: interaction: PackageSetting{d410654 org.kffs.habilisdatalogger/10364} -> PackageSetting{f22a74a com.android.internal.systemui.navbar.gestural_narrow_back/10062} BLOCKED
06-12 22:41:57.024  1948  5734 I AppsFilter: interaction: PackageSetting{d410654 org.kffs.habilisdatalogger/10364} -> PackageSetting{db84b86 com.google.android.photopicker/10286} BLOCKED
06-12 22:41:57.024  1948  5734 I AppsFilter: interaction: PackageSetting{d410654 org.kffs.habilisdatalogger/10364} -> PackageSetting{e1f2c47 cn.wps.moffice_eng/10312} BLOCKED
06-12 22:41:57.024  1948  5734 I AppsFilter: interaction: PackageSetting{d410654 org.kffs.habilisdatalogger/10364} -> PackageSetting{8adac74 com.miui.core/10215} BLOCKED
06-12 22:41:57.024  1948  5734 I AppsFilter: interaction: PackageSetting{d410654 org.kffs.habilisdatalogger/10364} -> PackageSetting{235f59d com.google.android.inputmethod.latin/10186} BLOCKED
06-12 22:41:57.024  1948  5734 I AppsFilter: interaction: PackageSetting{d410654 org.kffs.habilisdatalogger/10364} -> PackageSetting{63d9a12 com.amazon.kindle/10333} BLOCKED
06-12 22:41:57.024  1948  5734 I AppsFilter: interaction: PackageSetting{d410654 org.kffs.habilisdatalogger/10364} -> PackageSetting{91845e3 com.google.android.apps.restore/10147} BLOCKED
06-12 22:41:57.037 15362 15362 I ForceDarkHelperStubImpl: setViewRootImplForceDark: false for org.kivy.android.PythonActivity@ad15687, reason: AppDarkModeEnable
06-12 22:41:57.057 15362 15362 V pythonutil: Checking pattern libsqlite3\.so against libSDL2.so
06-12 22:41:57.058 15362 15362 V pythonutil: Checking pattern libsqlite3\.so against libSDL2_ttf.so
06-12 22:41:57.058 15362 15362 V pythonutil: Checking pattern libsqlite3\.so against libpng16.so
06-12 22:41:57.058 15362 15362 V pythonutil: Checking pattern libsqlite3\.so against libfreetype.so
06-12 22:41:57.058 15362 15362 V pythonutil: Checking pattern libsqlite3\.so against libpython3.10.so
06-12 22:41:57.058 15362 15362 V pythonutil: Checking pattern libsqlite3\.so against libmain.so
06-12 22:41:57.058 15362 15362 V pythonutil: Checking pattern libsqlite3\.so against libffi.so
06-12 22:41:57.058 15362 15362 V pythonutil: Checking pattern libsqlite3\.so against libSDL2_image.so
06-12 22:41:57.058 15362 15362 V pythonutil: Checking pattern libsqlite3\.so against libcrypto.so
