06-06 20:40:42.559 15927 15927 I IconCustomizer: find better bitmap : 128, for org.kffs.habilisdatalogger
06-06 20:40:42.559 15927 15927 I IconCustomizer: find better bitmap : 128, for org.kffs.habilisdatalogger
06-06 20:40:42.560 15927 15927 I IconCustomizer: find better bitmap : 128, for org.kffs.habilisdatalogger
06-06 20:40:42.565 15927 15927 D IconCustomizer: Generate customized icon for org.kffs.habilisdatalogger.png, true
06-06 20:40:42.565 15927 15927 I IconCustomizer: composeIconWithTrans FullMask: for org.kffs.habilisdatalogger.png
06-06 20:41:01.086  1447  1447 I Finsky  : [2] VerifyApps: Install-time verification requested for package org.kffs.habilisdatalogger, PackageManager id = 99, Verifier id = f62b611f-8ec5-47c9-b1cb-870776be317e
06-06 20:41:01.405  1447 16149 I Finsky  : [357] VerifyApps: Anti-malware verification task started for package=org.kffs.habilisdatalogger
06-06 20:41:01.577  1447 16149 I Finsky  : [357] VerifyApps: chooseScanResult for package=org.kffs.habilisdatalogger with timeout=15000ms
06-06 20:41:01.589  1447  1480 I Finsky  : [242] VerifyApps: Starting APK Analysis scan for org.kffs.habilisdatalogger.
06-06 20:41:01.594  1447  1480 I Finsky  : [242] Scanning package org.kffs.habilisdatalogger contents with client side protections. File: [MVPiXeTyHsC4FGf5UTsmOgArjkg0XU8quG_xGLM2z_k]
06-06 20:41:02.334  1447 16180 I Finsky  : [368] VerifyApps: Verification package=org.kffs.habilisdatalogger, id=99, response=3, upload_requested=false, enable_ecm=true
06-06 20:41:02.344  1447 16180 I Finsky  : [368] VerifyApps: PAM result saving to datastore delayed for package: org.kffs.habilisdatalogger
06-06 20:41:02.347  1447 16149 I Finsky  : [357] VerifyApps: firstScanResult for package=org.kffs.habilisdatalogger: 3
06-06 20:41:02.348  1447 16149 I Finsky  : [357] VerifyApps: chooseScanResult returning verdict 3 for package=org.kffs.habilisdatalogger
06-06 20:41:02.348  1447 16180 E Finsky  : [368] VerifyApps: Unable to get APK Analysis scan result. package=org.kffs.habilisdatalogger
06-06 20:41:02.352  1447  1479 W Finsky  : [241] VerifyApps: APK Analysis scan cancelled for org.kffs.habilisdatalogger.
06-06 20:41:02.352  1447  1479 I Finsky  : [241] VerifyApps: APK Analysis scan finished for org.kffs.habilisdatalogger. Verdict: 0
06-06 20:41:02.514  1447  1467 I IconCustomizer: find better bitmap : 128, for org.kffs.habilisdatalogger
06-06 20:41:02.514  1447  1467 I IconCustomizer: find better bitmap : 128, for org.kffs.habilisdatalogger
06-06 20:41:02.515  1447  1467 I IconCustomizer: find better bitmap : 128, for org.kffs.habilisdatalogger
06-06 20:41:02.525  1447  1467 D IconCustomizer: Generate customized icon for org.kffs.habilisdatalogger.png, true
06-06 20:41:02.525  1447  1467 I IconCustomizer: composeIconWithTrans FullMask: for org.kffs.habilisdatalogger.png
06-06 20:41:07.531  1447  1479 I Finsky  : [241] VerifyApps: waiting for app installation for org.kffs.habilisdatalogger
06-06 20:41:07.582  1447  1447 I Finsky  : [2] VerifyApps: Install-time verification complete: id=99, package_name=org.kffs.habilisdatalogger
06-06 20:41:07.754  5385 12930 D MediaGrants: Removed 0 media_grants for 0 user for [org.kffs.habilisdatalogger]. Reason: Mode changed: android:read_external_storage
06-06 20:41:07.757  5385  8389 D MediaGrants: Removed 0 media_grants for 0 user for [org.kffs.habilisdatalogger]. Reason: Mode changed: android:read_external_storage
06-06 20:41:07.757  1948  2726 W PackageFreezer: Freeze package org.kffs.habilisdatalogger about 0.132 seconds for reason: installPackageLI
06-06 20:41:07.758  1948  2726 I BackupManagerService: [UserID:0] restoreAtInstall pkg=org.kffs.habilisdatalogger token=5e restoreSet=0
06-06 20:41:07.758  1948  2726 I InstallationTiming: org.kffs.habilisdatalogger|com.google.android.packageinstaller|25559|18474|86|226|0|6587|0
06-06 20:41:07.759  1948  2726 I AppsFilter: interaction: PackageSetting{63612d9 com.fido.asm/10180} -> PackageSetting{5981c31 org.kffs.habilisdatalogger/10344} BLOCKED
06-06 20:41:07.759  5385 12930 D MediaGrants: Removed 0 media_grants for 0 user for [org.kffs.habilisdatalogger]. Reason: Mode changed: android:read_external_storage
06-06 20:41:07.894  1948  2331 I MiuiCompatModePackages: package org.kffs.habilisdatalogger updated, removing config
06-06 20:41:07.909  1948  3185 E AppScanObserverService: Try to add a invalid package: org.kffs.habilisdatalogger | 10344 | 0
06-06 20:41:07.911  1948  3143 I SdkSandboxManager: No SDKs used. Skipping SDK data reconcilation for CallingInfo{mUid=10344, mPackageName='org.kffs.habilisdatalogger, mAppProcessToken='null'}
06-06 20:41:07.913  3809  3809 D CarrierSvcBindHelper: onPackageAdded: org.kffs.habilisdatalogger
06-06 20:41:07.936  3809  4433 D ImsResolver: maybeAddedImsService, packageName: org.kffs.habilisdatalogger
06-06 20:41:07.964  1948  2839 D MiuiNetworkPolicyAppBuckets: updateAppPN packageName=org.kffs.habilisdatalogger,uid=10344,installed=true
06-06 20:41:07.974  1948  1948 E SLM-SRV-SLAAppLib: initBroadcastReceiverorg.kffs.habilisdatalogger
06-06 20:41:07.974  1948  1948 I SLM-SRV-SLAAppLib: ACTION_PACKAGE_ADDED uid = 10344org.kffs.habilisdatalogger
06-06 20:41:08.018 19295 19377 D AppInstalledReceiver: packageName: org.kffs.habilisdatalogger
06-06 20:41:08.052 19295 19295 I InstalledAppMonitor: org.kffs.habilisdataloggeronReceive add pkg=org.kffs.habilisdatalogger
06-06 20:41:08.075 19295 19473 I FireWallService: set mobile rule for org.kffs.habilisdatalogger:0:true
06-06 20:41:08.081 19295 19473 I FireWallService: set wifi rule for org.kffs.habilisdatalogger:0
06-06 20:41:08.087  1948  1948 I AppsFilter: interaction: PackageSetting{46cbd95 com.fido.asm/10180} -> PackageSetting{a4e4eaa org.kffs.habilisdatalogger/10344} BLOCKED
06-06 20:41:08.108 19295 19441 I GameBoosterNewApp: org.kffs.habilisdatalogger isGameFromJson false
06-06 20:41:08.117 19295 19441 I GameBoosterNewApp: org.kffs.habilisdatalogger isGameFromLocal false
06-06 20:41:08.187  6945  6945 I SafetyLabelChangedBroadcastReceiver: received broadcast packageName: org.kffs.habilisdatalogger, current user: UserHandle{0}, packageChangeEvent: NEW_INSTALL, intent user: UserHandle{0}
06-06 20:41:08.190  3809  3809 D CarrierSvcBindHelper: onPackageModified: org.kffs.habilisdatalogger
06-06 20:41:08.211  3809  4433 D ImsResolver: maybeAddedImsService, packageName: org.kffs.habilisdatalogger
06-06 20:41:08.375  5620  5620 W msgr.AppInfoCore: Install status cache EVICT for org.kffs.habilisdatalogger (package changed)
06-06 20:41:08.376  5620  5620 W msgr.AppInfoCore: Install status cache EVICT for org.kffs.habilisdatalogger (package changed)
06-06 20:41:08.458 16266 16266 I PI-ScanDispatch: service bind, pkgName = org.kffs.habilisdatalogger, installer = com.google.android.packageinstaller, isReplace = false, firstGoogleTime = 1780574404237
06-06 20:41:08.554  1447  1447 I Finsky  : [2] AIM: AppInfoCacheUpdater -> invalidating apps: [org.kffs.habilisdatalogger]
06-06 20:41:08.577  3838 21198 E InstallApkReceiver: install:package:org.kffs.habilisdatalogger
06-06 20:41:08.613  1447  1480 I Finsky  : [242] AIM: AppInfoManager-Perf > OnDeviceAppInfo > cacheHitCount=0, cacheMissCount=1. Missed  in cache (limit 10) : [org.kffs.habilisdatalogger]
06-06 20:41:08.638  9052  9052 I PackageInstallReceiver: action = android.intent.action.PACKAGE_ADDED packageName = org.kffs.habilisdatalogger
06-06 20:41:08.650 14552 16429 D ContactDirectoryManager: onPackageChanged,updateDirectoriesForPackage, packageName:org.kffs.habilisdatalogger
06-06 20:41:08.661  1447  1447 I Finsky  : [2] VerifyApps: app installation complete for org.kffs.habilisdatalogger
06-06 20:41:08.681  1447  1447 I Finsky  : [2] AIM: AppInfoCacheUpdater -> invalidating apps: [org.kffs.habilisdatalogger]
06-06 20:41:08.684  1447  1479 I Finsky  : [241] AIM: AppInfoManager-Perf > OnDeviceAppInfo > cacheHitCount=0, cacheMissCount=1. Missed  in cache (limit 10) : [org.kffs.habilisdatalogger]
06-06 20:41:08.687  1447  1487 I Finsky  : [247] AIM: AppInfoManager-Perf > OnDeviceAppInfo > cacheHitCount=0, cacheMissCount=1. Missed  in cache (limit 10) : [org.kffs.habilisdatalogger]
06-06 20:41:08.689  1447  1487 I Finsky  : [247] VerifyApps: running post install verification task for package: org.kffs.habilisdatalogger, install ID: f62b611f-8ec5-47c9-b1cb-870776be317e
06-06 20:41:08.691  1447  1487 I Finsky  : [247] VerifyApps: Putting package org.kffs.habilisdatalogger in ECM mode succeeded
06-06 20:41:08.691  1447  1487 I Finsky  : [247] AIM: AppInfoManager-Perf > OnDeviceAppInfo > cacheHitCount=0, cacheMissCount=1. Missed  in cache (limit 10) : [org.kffs.habilisdatalogger]
06-06 20:41:08.727 15157 15172 I WakePathManager: PackageMonitor. onPackageAdded: packageName =org.kffs.habilisdatalogger
06-06 20:41:08.738  9052  9052 I PackageInstallReceiver: action = android.intent.action.PACKAGE_CHANGED packageName = org.kffs.habilisdatalogger
06-06 20:41:08.764  9052  9174 D AppFinder:PackageUpdatedTask: app enable status changed: org.kffs.habilisdatalogger
06-06 20:41:08.892 14552 16429 D ContactDirectoryManager: onPackageChanged,updateDirectoriesForPackage, packageName:org.kffs.habilisdatalogger
06-06 20:41:09.024 27787 16434 I ProximityAuth: [RecentAppsMediator] Package added: (user=UserHandle{0}) org.kffs.habilisdatalogger
06-06 20:41:09.047  5681  9825 W SQLiteLog: (28) double-quoted string literal: "org.kffs.habilisdatalogger"
06-06 20:41:09.053 27787 16434 I IconCustomizer: find better bitmap : 128, for org.kffs.habilisdatalogger
06-06 20:41:09.053 27787 16434 I IconCustomizer: find better bitmap : 128, for org.kffs.habilisdatalogger
06-06 20:41:09.054 27787 16434 I IconCustomizer: find better bitmap : 128, for org.kffs.habilisdatalogger
06-06 20:41:09.059 27787 16434 D IconCustomizer: Generate customized icon for org.kffs.habilisdatalogger.png, true
06-06 20:41:09.059 27787 16434 I IconCustomizer: composeIconWithTrans FullMask: for org.kffs.habilisdatalogger.png
06-06 20:41:09.267  1447  1447 I Finsky  : [2] Received an install/uninstall event for package org.kffs.habilisdatalogger
06-06 20:41:09.303 16409 16409 I VSC-AppInstallReceiver: action: android.intent.action.PACKAGE_CHANGED, packageName: org.kffs.habilisdatalogger
06-06 20:41:09.506 16308 16548 I ApkChecker: check: org.kffs.habilisdatalogger
06-06 20:41:09.516  1948  7522 D WindowManager: Collecting in transition 3140: ActivityRecord{1953d72 u0 org.kffs.habilisdatalogger/org.kivy.android.PythonActivity init visibleRequested:false
06-06 20:41:09.519  1948  7522 D MiGgameTypeIdentificationImpl: checkIfGameBeSupported app:org.kffs.habilisdatalogger
06-06 20:41:09.519  1948  7522 I WindowManager: When perf version lower than 2.3, MiGTStub result: false, gameType: 1, packageName: org.kffs.habilisdatalogger
06-06 20:41:09.530  1948  7522 D WindowManager: setLockTaskAuth: task=Task{81d8c35 #253 type=standard A=10344:org.kffs.habilisdatalogger} mLockTaskAuth=LOCK_TASK_AUTH_PINNABLE
06-06 20:41:09.530  1948  7522 D WindowManager: Collecting in transition 3140: Task{81d8c35 #253 type=standard A=10344:org.kffs.habilisdatalogger} init visibleRequested:false
06-06 20:41:09.540  1948  7522 D WindowManager: setLockTaskAuth: task=Task{81d8c35 #253 type=standard A=10344:org.kffs.habilisdatalogger} mLockTaskAuth=LOCK_TASK_AUTH_PINNABLE
06-06 20:41:09.540  1948  7522 D MiuiFreeFormManagerService: onStartActivityInner as = Task{81d8c35 #253 type=standard A=10344:org.kffs.habilisdatalogger} op = null
06-06 20:41:09.543  3718  3785 I DynamicDDSService: handleMessage(ACTIVITY_INVOKE{appInfo=org.kffs.habilisdatalogger isFullScreen=}true)
06-06 20:41:09.544  1948  7522 I ActivityTaskManager: resumeTopActivityInnerLocked topActivity:ActivityRecord{1953d72 u0 org.kffs.habilisdatalogger/org.kivy.android.PythonActivity t253} isFocusable:true this:Task{81d8c35 #253 type=standard A=10344:org.kffs.habilisdatalogger}
06-06 20:41:09.545  1948  7522 D WindowManager: Collecting in transition 3140: ActivityRecord{1953d72 u0 org.kffs.habilisdatalogger/org.kivy.android.PythonActivity t253} init visibleRequested:false
06-06 20:41:09.546  1948  7522 I ActivityTaskManager: START u0 {act=android.intent.action.MAIN cat=[android.intent.category.LAUNCHER] flg=0x34000000 pkg=org.kffs.habilisdatalogger cmp=org.kffs.habilisdatalogger/org.kivy.android.PythonActivity} with LAUNCH_SINGLE_TASK from uid 10099 from pid 15927 callingPackage com.google.android.packageinstaller (BAL_ALLOW_VISIBLE_WINDOW) result code=0
06-06 20:41:09.548  1948  2307 I SmartPower: org.kffs.habilisdatalogger/10344(0): -1->background(0ms) R(become background) adj=-10000.
06-06 20:41:09.553 13186 13186 I FocusedNotifPromptContr: onTopActivityMayChanged: topActivity=org.kffs.habilisdatalogger
06-06 20:41:09.553 13186 13186 I FocusedNotifPromptContr: topActivityMayChanged: topActivity=org.kffs.habilisdatalogger
06-06 20:41:09.553 13186 13186 D KeyguardEditorHelper: onTopActivityMayChanged, topActivity=ComponentInfo{org.kffs.habilisdatalogger/org.kivy.android.PythonActivity}; mState=IDEL
06-06 20:41:09.557  1948  4116 I ActivityTaskManager: resumeTopActivityInnerLocked topActivity:ActivityRecord{1953d72 u0 org.kffs.habilisdatalogger/org.kivy.android.PythonActivity t253} isFocusable:true this:Task{81d8c35 #253 type=standard A=10344:org.kffs.habilisdatalogger}
06-06 20:41:09.558  1948  4116 D PerfStubImpl: perfAnimBoost: org.kffs.habilisdatalogger
06-06 20:41:09.559  1948  4116 D WindowManager: Collecting in transition 3140: ActivityRecord{1953d72 u0 org.kffs.habilisdatalogger/org.kivy.android.PythonActivity t253} init visibleRequested:false
06-06 20:41:09.580  3838  4246 E ActivityManagerWrapper: getRecentTasks: mainTaskId=253   userId=0   windowMode=1   baseIntent=Intent { act=android.intent.action.MAIN flag=872415232 cmp=ComponentInfo{org.kffs.habilisdatalogger/org.kivy.android.PythonActivity} }
06-06 20:41:09.588 16598 16598 E Zygote  : process_name_ptr:16598 org.kffs.habilisdatalogger
06-06 20:41:09.601  1948  2335 I ActivityManager: Start proc 16598:org.kffs.habilisdatalogger/u0a344 for next-top-activity {org.kffs.habilisdatalogger/org.kivy.android.PythonActivity} caller=com.google.android.packageinstaller
06-06 20:41:09.616  3838  4246 I IconCustomizer: find better bitmap : 128, for org.kffs.habilisdatalogger
06-06 20:41:09.616  3838  4246 I IconCustomizer: find better bitmap : 128, for org.kffs.habilisdatalogger
06-06 20:41:09.617  3838  4246 I IconCustomizer: find better bitmap : 128, for org.kffs.habilisdatalogger
06-06 20:41:09.618  1948  2764 D CoreBackPreview: Window{616f92d u0 Splash Screen org.kffs.habilisdatalogger}: Setting back callback OnBackInvokedCallbackInfo{mCallback=android.window.IOnBackInvokedCallback$Stub$Proxy@96fb29, mPriority=0, mIsAnimationCallback=false}
06-06 20:41:09.618  3838  4246 D IconCustomizer: Generate customized icon for org.kffs.habilisdatalogger.png, true
06-06 20:41:09.618  3838  4246 I IconCustomizer: composeIconWithTrans FullMask: for org.kffs.habilisdatalogger.png
06-06 20:41:09.646  5681  9825 W SQLiteLog: (28) double-quoted string literal: "org.kffs.habilisdatalogger"
06-06 20:41:09.647  6282  6624 D AppStatChecker: first launch package: org.kffs.habilisdatalogger
06-06 20:41:09.673 31248 31248 D AppActiveReceiver: receive app active broadcast for: org.kffs.habilisdatalogger, install from: com.google.android.packageinstaller
06-06 20:41:09.691  3838  4246 E ActivityManagerWrapper: getRecentTasks: mainTaskId=253   userId=0   windowMode=1   baseIntent=Intent { act=android.intent.action.MAIN flag=872415232 cmp=ComponentInfo{org.kffs.habilisdatalogger/org.kivy.android.PythonActivity} }
06-06 20:41:09.696  1948  2308 I SmartPower: org.kffs.habilisdatalogger/10344(0): background->visible(146ms) R(become visible) adj=-10000.
06-06 20:41:09.696  1948  2308 I WindowManager: wms.showSurfaceRobustly mWin:Window{616f92d u0 Splash Screen org.kffs.habilisdatalogger}
06-06 20:41:09.697  1948  2308 D WindowManager: Final targets: [Task{81d8c35 #253 type=standard A=10344:org.kffs.habilisdatalogger}, Task{1dcf564 #251 type=standard A=10099:com.google.android.packageinstaller}]
06-06 20:41:09.724 19295 19429 I ThumbnailBlurUtils: loadPrivacyThumbnailBlurMonthly successd{"com.google.android.apps.podcasts":5,"com.google.android.apps.youtube.music":27,"com.miui.player":27,"com.instagram.android":5,"com.amazon.kindle":5,"com.creditkarma.mobile":5,"com.uvnv.mintsim":-1,"com.miui.compass":5,"com.venmo":-1,"com.microsoft.office.outlook":10,"us.mitene":5,"com.google.android.apps.walletnfcrel":-1,"com.miui.calculator":5,"com.android.deskclock":5,"com.google.android.apps.docs.editors.docs":-1,"com.xiaomi.scanner":5,"com.xiaomi.midrop":5,"com.miui.securitycenter":5,"com.android.vending":5,"com.mercury.bank":-1,"com.strava":5,"com.android.chrome":-1,"com.google.android.apps.photos":-1,"com.ascendo.android.dictionary.de.free":-1,"com.mi.android.globalFileexplorer":5,"com.google.android.apps.docs":5,"com.google.android.apps.safetyhub":-1,"com.duokan.phone.remotecontroller":5,"com.google.android.apps.chromecast.app":-1,"com.miui.gallery":6,"com.google.android.youtube":-1,"com.google.android.apps.subscriptions.red":-1,"com.netflix.mediaclient":5,"com.google.android.apps.maps":-1,"com.google.android.apps.tachyon":5,"com.azure.authenticator":5,"com.miui.videoplayer":27,"us.zoom.videomeetings":10,"com.spotify.music":5,"com.mi.globalbrowser":5,"com.google.android.apps.messaging":5,"com.google.android.videos":-1,"com.miui.notes":5,"com.google.android.googlequicksearchbox":-1,"com.miui.miservice":5,"com.google.android.apps.googlevoice":5,"com.zhiliaoapp.musically":5,"com.google.android.contacts":-1,"com.dropbox.android":5,"com.onedebit.chime":-1,"com.facebook.orca":5,"com.microsoft.skydrive":5,"com.whatsapp":5,"com.duolingo":5,"com.huami.watch.hmwatchmanager":5,"org.kffs.habilisdatalogger":-1,"com.miui.weather2":5,"com.facebook.katana":5,"cn.wps.moffice_eng":10,"com.android.providers.downloads.ui":5,"com.android.thememanager":5,"com.google.android.dialer":-1,"com.android.camera":6,"com.google.android.gm":5,"com.android.settings":-1,"com.mi.globalminusscreen":-1,"com.google.android.apps.googleassistant":-1,"com.timehop":5,"com.google.android.calendar":5,"com.android.soundrecorder":5}
06-06 20:41:09.747  1948  2308 D WindowManager: Calling onTransitionReady info={id=3140 t=OPEN f=0x0 trk=0 r=[0@Point(0, 0)] c=[{WCT{RemoteToken{d96f737 Task{81d8c35 #253 type=standard A=10344:org.kffs.habilisdatalogger}}} m=OPEN f=NONE leash=Surface(name=Task=253#51042)/@0xe4029d1 sb=Rect(0, 0 - 1080, 2400) eb=Rect(0, 0 - 1080, 2400) d=0},{WCT{RemoteToken{6ac47a4 Task{1dcf564 #251 type=standard A=10099:com.google.android.packageinstaller}}} m=TO_BACK f=NONE leash=Surface(name=Task=251#50851)/@0x31cc736 sb=Rect(0, 0 - 1080, 2400) eb=Rect(0, 0 - 1080, 2400) d=0}] noAni=[false]}, mToken=Token{42434a4 TransitionRecord{febef id=3140 type=OPEN flags=0x0}}
06-06 20:41:09.767 13186 13275 D MiuiFullScreenTaskRepository: addOrUpdateFullScreenTaskInfo taskId=253, topActivity=ComponentInfo{org.kffs.habilisdatalogger/org.kivy.android.PythonActivity}
06-06 20:41:09.869 13186 13275 D MiuiFullScreenTaskRepository: addOrUpdateFullScreenTaskInfo taskId=253, topActivity=ComponentInfo{org.kffs.habilisdatalogger/org.kivy.android.PythonActivity}
06-06 20:41:09.873  7590  9923 D PerfEngineController: ForegroundInfo{mForegroundPackageName='org.kffs.habilisdatalogger', mForegroundUid=10344, mForegroundPid=16598, mLastForegroundPackageName='com.google.android.packageinstaller', mLastForegroundUid=10099, mLastForegroundPid=15927, mMultiWindowForegroundPackageName='org.kffs.habilisdatalogger', mMultiWindowForegroundUid=10344, mFlags=1}
06-06 20:41:09.873 19295 19420 I ProcessMonitor: onForegroundInfoChanged: ForegroundInfo{mForegroundPackageName='org.kffs.habilisdatalogger', mForegroundUid=10344, mForegroundPid=16598, mLastForegroundPackageName='com.google.android.packageinstaller', mLastForegroundUid=10099, mLastForegroundPid=15927, mMultiWindowForegroundPackageName='org.kffs.habilisdatalogger', mMultiWindowForegroundUid=10344, mFlags=1}
06-06 20:41:09.877 19295 19420 I GameBoosterService: onForegroundInfoChanged: Cur=org.kffs.habilisdatalogger	 last=com.google.android.packageinstaller
06-06 20:41:09.880 19295 19420 D GameBoosterService: onGameStatusChange foreground:ForegroundInfo{mForegroundPackageName='org.kffs.habilisdatalogger', mForegroundUid=10344, mForegroundPid=16598, mLastForegroundPackageName='com.google.android.packageinstaller', mLastForegroundUid=10099, mLastForegroundPid=15927, mMultiWindowForegroundPackageName='org.kffs.habilisdatalogger', mMultiWindowForegroundUid=10344, mFlags=1}
06-06 20:41:09.880 19295 19420 I BeautyService: onForegroundInfoChanged: Cur=org.kffs.habilisdatalogger	 last=com.google.android.packageinstaller
06-06 20:41:09.900  7953  7965 I GST     : forePkg: org.kffs.habilisdatalogger, preForePkg: com.google.android.packageinstaller
06-06 20:41:09.952  3838  4132 D AppObserver: ForegroundInfo{mForegroundPackageName='org.kffs.habilisdatalogger', mForegroundUid=10344, mForegroundPid=16598, mLastForegroundPackageName='com.google.android.packageinstaller', mLastForegroundUid=10099, mLastForegroundPid=15927, mMultiWindowForegroundPackageName='org.kffs.habilisdatalogger', mMultiWindowForegroundUid=10344, mFlags=1}
06-06 20:41:09.998 16598 16598 W ziparchive: Unable to open '/data/app/~~xohNL_sjW5EWglXuXdI8uw==/org.kffs.habilisdatalogger-hVmvN0HK_u9cJkG3-e_C8A==/base.dm': No such file or directory
06-06 20:41:09.998 16598 16598 W ziparchive: Unable to open '/data/app/~~xohNL_sjW5EWglXuXdI8uw==/org.kffs.habilisdatalogger-hVmvN0HK_u9cJkG3-e_C8A==/base.dm': No such file or directory
06-06 20:41:10.002 16598 16598 D nativeloader: Configuring clns-4 for other apk /data/app/~~xohNL_sjW5EWglXuXdI8uw==/org.kffs.habilisdatalogger-hVmvN0HK_u9cJkG3-e_C8A==/base.apk. target_sdk_version=33, uses_libraries=, library_path=/data/app/~~xohNL_sjW5EWglXuXdI8uw==/org.kffs.habilisdatalogger-hVmvN0HK_u9cJkG3-e_C8A==/lib/arm64:/data/app/~~xohNL_sjW5EWglXuXdI8uw==/org.kffs.habilisdatalogger-hVmvN0HK_u9cJkG3-e_C8A==/base.apk!/lib/arm64-v8a, permitted_path=/data:/mnt/expand:/data/user/0/org.kffs.habilisdatalogger
06-06 20:41:10.045 16598 16598 V GraphicsEnvironment: ANGLE GameManagerService for org.kffs.habilisdatalogger: false
06-06 20:41:10.045 16598 16598 V GraphicsEnvironment: org.kffs.habilisdatalogger is not listed in per-application setting
06-06 20:41:10.063 16598 16598 I ForceDarkHelperStubImpl: initialize for org.kffs.habilisdatalogger , ForceDarkOrigin
06-06 20:41:10.125  1948  7264 I ClipboardServiceI: checkProviderWakePathForClipboard: org.kffs.habilisdataloggeris not a activePermissionOwner
06-06 20:41:10.138 16598 16598 V SDL     : Device: taoyao
06-06 20:41:10.138 16598 16598 V SDL     : Model: 2203129G
06-06 20:41:10.138 16598 16598 V SDL     : onCreate()
06-06 20:41:10.145 16598 16598 V SDL     : getting identifier
06-06 20:41:10.145 16598 16598 V SDL     : kind is layout and name lottie
06-06 20:41:10.146 16598 16598 V SDL     : result is 0
06-06 20:41:10.146 16598 16598 V SDL     : couldn't find lottie layout or animation, trying static splash
06-06 20:41:10.146 16598 16598 V SDL     : getting identifier
06-06 20:41:10.146 16598 16598 V SDL     : kind is drawable and name presplash
06-06 20:41:10.146 16598 16598 V SDL     : result is 2130771969
06-06 20:41:10.143 16598 16598 W bilisdatalogger: type=1400 audit(0.0:123997): avc:  denied  { read } for  name="u:object_r:vendor_displayfeature_prop:s0" dev="tmpfs" ino=12777 scontext=u:r:untrusted_app_32:s0:c88,c257,c512,c768 tcontext=u:object_r:vendor_displayfeature_prop:s0 tclass=file permissive=0 app=org.kffs.habilisdatalogger
06-06 20:41:10.153 16598 16598 V SDL     : asked to get string presplash_color
06-06 20:41:10.153 16598 16598 V SDL     : getting identifier
06-06 20:41:10.153 16598 16598 V SDL     : kind is string and name presplash_color
06-06 20:41:10.153 16598 16598 V SDL     : result is 2131034113
06-06 20:41:10.201 16598 16598 V SDL     : onStart()
06-06 20:41:10.215 16598 16729 V pythonutil: Unpacking private app
06-06 20:41:10.216 16598 16729 V pythonutil: Data version is 11a883cbd8b2952deff8114d1f2f1416fd91b9f1
06-06 20:41:10.218 16598 16729 V pythonutil: Extracting private assets.
06-06 20:41:10.235 16598 16598 V SDL     : onResume()
06-06 20:41:10.245 16598 16729 V python  : extracting WHOKNOWS
06-06 20:41:10.246 16598 16729 V python  : extracting admin.pyc
06-06 20:41:10.249 16598 16729 V python  : extracting collect_screen.pyc
06-06 20:41:10.251 16598 16729 V python  : extracting field_data/
06-06 20:41:10.251 16598 16729 V python  : extracting field_data/admins.json
06-06 20:41:10.253 16598 16729 V python  : extracting login_screen.pyc
06-06 20:41:10.256 16598 16729 V python  : extracting main.pyc
06-06 20:41:10.257 16598 16729 V python  : extracting sitecustomize.pyc
06-06 20:41:10.258 16598 16729 V python  : extracting sync_screen.pyc
06-06 20:41:10.258 16598 16729 V python  : extracting unusedkv/
06-06 20:41:10.259 16598 16729 V python  : extracting unusedkv/collect.kv
06-06 20:41:10.259 16598 16729 V python  : extracting unusedkv/login.kv
06-06 20:41:10.260 16598 16729 V python  : extracting unusedkv/sync.kv
06-06 20:41:10.260 16598 16729 V python  : extracting p4a_env_vars.txt
06-06 20:41:10.261 16598 16729 V pythonutil: Unpacking /data/app/~~xohNL_sjW5EWglXuXdI8uw==/org.kffs.habilisdatalogger-hVmvN0HK_u9cJkG3-e_C8A==/lib/arm64/libpybundle app
06-06 20:41:10.262 16598 16729 V pythonutil: Data version is 11a883cbd8b2952deff8114d1f2f1416fd91b9f1
06-06 20:41:10.262 16598 16729 V pythonutil: Extracting /data/app/~~xohNL_sjW5EWglXuXdI8uw==/org.kffs.habilisdatalogger-hVmvN0HK_u9cJkG3-e_C8A==/lib/arm64/libpybundle assets.
06-06 20:41:10.266  1948  2054 I AppsFilter: interaction: PackageSetting{848b61a org.kffs.habilisdatalogger/10344} -> PackageSetting{8da54b com.google.android.apps.subscriptions.red/10228} BLOCKED
06-06 20:41:10.266  1948  2054 I AppsFilter: interaction: PackageSetting{848b61a org.kffs.habilisdatalogger/10344} -> PackageSetting{7ae6b28 com.android.cts.priv.ctsshim/10278} BLOCKED
06-06 20:41:10.266  1948  2054 I AppsFilter: interaction: PackageSetting{848b61a org.kffs.habilisdatalogger/10344} -> PackageSetting{2da0041 com.google.android.youtube/10225} BLOCKED
06-06 20:41:10.266  1948  2054 I AppsFilter: interaction: PackageSetting{848b61a org.kffs.habilisdatalogger/10344} -> PackageSetting{62c19e6 com.android.uwb.resources/10272} BLOCKED
06-06 20:41:10.266  1948  2054 I AppsFilter: interaction: PackageSetting{848b61a org.kffs.habilisdatalogger/10344} -> PackageSetting{e8f4b27 com.android.internal.display.cutout.emulation.corner/10009} BLOCKED
06-06 20:41:10.266  1948  2054 I AppsFilter: interaction: PackageSetting{848b61a org.kffs.habilisdatalogger/10344} -> PackageSetting{31311d4 com.android.internal.display.cutout.emulation.double/10010} BLOCKED
06-06 20:41:10.266  1948  2054 I AppsFilter: interaction: PackageSetting{848b61a org.kffs.habilisdatalogger/10344} -> PackageSetting{c855f7d com.google.android.googlequicksearchbox/10176} BLOCKED
06-06 20:41:10.266  1948  2054 I AppsFilter: interaction: PackageSetting{848b61a org.kffs.habilisdatalogger/10344} -> PackageSetting{f8fee72 cn.wps.xiaomi.abroad.lite/10297} BLOCKED
06-06 20:41:10.266  1948  2054 I AppsFilter: interaction: PackageSetting{848b61a org.kffs.habilisdatalogger/10344} -> PackageSetting{91b72c3 com.google.android.apps.googleassistant/10169} BLOCKED
06-06 20:41:10.266  1948  2054 I AppsFilter: interaction: PackageSetting{848b61a org.kffs.habilisdatalogger/10344} -> PackageSetting{3797740 com.google.android.apps.docs.editors.docs/10339} BLOCKED
06-06 20:41:10.266  1948  2054 I AppsFilter: interaction: PackageSetting{848b61a org.kffs.habilisdatalogger/10344} -> PackageSetting{88d7679 com.google.android.onetimeinitializer/10143} BLOCKED
06-06 20:41:10.266  1948  2054 I AppsFilter: interaction: PackageSetting{848b61a org.kffs.habilisdatalogger/10344} -> PackageSetting{8ea7fbe com.google.android.ext.shared/10120} BLOCKED
06-06 20:41:10.266  1948  2054 I AppsFilter: interaction: PackageSetting{848b61a org.kffs.habilisdatalogger/10344} -> PackageSetting{9b8781f com.android.internal.systemui.navbar.gestural_wide_back/10063} BLOCKED
06-06 20:41:10.266  1948  2054 I AppsFilter: interaction: PackageSetting{848b61a org.kffs.habilisdatalogger/10344} -> PackageSetting{f1ec76c com.android.virtualmachine.res/10269} BLOCKED
06-06 20:41:10.266  1948  2054 I AppsFilter: interaction: PackageSetting{848b61a org.kffs.habilisdatalogger/10344} -> PackageSetting{a660135 com.uvnv.mintsim/10326} BLOCKED
06-06 20:41:10.266  1948  2054 I AppsFilter: interaction: PackageSetting{848b61a org.kffs.habilisdatalogger/10344} -> PackageSetting{5cad9ca com.google.android.server.deviceconfig.resources/10266} BLOCKED
06-06 20:41:10.266  1948  2054 I AppsFilter: interaction: PackageSetting{848b61a org.kffs.habilisdatalogger/10344} -> PackageSetting{1f6773b com.google.android.apps.podcasts/10289} BLOCKED
06-06 20:41:10.266  1948  2054 I AppsFilter: interaction: PackageSetting{848b61a org.kffs.habilisdatalogger/10344} -> PackageSetting{e6ee58 com.android.htmlviewer/10101} BLOCKED
06-06 20:41:10.266  1948  2054 I AppsFilter: interaction: PackageSetting{848b61a org.kffs.habilisdatalogger/10344} -> PackageSetting{f027bb1 com.whatsapp/10318} BLOCKED
06-06 20:41:10.266  1948  2054 I AppsFilter: interaction: PackageSetting{848b61a org.kffs.habilisdatalogger/10344} -> PackageSetting{1a4c896 com.google.android.health.connect.backuprestore/10276} BLOCKED
06-06 20:41:10.266  1948  2054 I AppsFilter: interaction: PackageSetting{848b61a org.kffs.habilisdatalogger/10344} -> PackageSetting{24b4c17 com.google.android.apps.messaging/10175} BLOCKED
06-06 20:41:10.266  1948  2054 I AppsFilter: interaction: PackageSetting{848b61a org.kffs.habilisdatalogger/10344} -> PackageSetting{c089804 com.sfr.android.sfrjeux/10166} BLOCKED
06-06 20:41:10.266  1948  2054 I AppsFilter: interaction: PackageSetting{848b61a org.kffs.habilisdatalogger/10344} -> PackageSetting{51221ed com.quicinc.voice.activation/10244} BLOCKED
06-06 20:41:10.266  1948  2054 I AppsFilter: interaction: PackageSetting{848b61a org.kffs.habilisdatalogger/10344} -> PackageSetting{95cd822 us.mitene/10334} BLOCKED
06-06 20:41:10.266  1948  2054 I AppsFilter: interaction: PackageSetting{848b61a org.kffs.habilisdatalogger/10344} -> PackageSetting{2ae92b3 com.ironsource.appcloud.oobe.hutchison/10139} BLOCKED
06-06 20:41:10.266  1948  2054 I AppsFilter: interaction: PackageSetting{848b61a org.kffs.habilisdatalogger/10344} -> PackageSetting{e793070 com.duolingo/10321} BLOCKED
06-06 20:41:10.266  1948  2054 I AppsFilter: interaction: PackageSetting{848b61a org.kffs.habilisdatalogger/10344} -> PackageSetting{cfbefe9 com.google.android.configupdater/10138} BLOCKED
06-06 20:41:10.266  1948  2054 I AppsFilter: interaction: PackageSetting{848b61a org.kffs.habilisdatalogger/10344} -> PackageSetting{194546e com.google.android.overlay.modules.permissioncontroller/10031} BLOCKED
06-06 20:41:10.266  1948  2054 I AppsFilter: interaction: PackageSetting{848b61a org.kffs.habilisdatalogger/10344} -> PackageSetting{8f5a70f com.android.soundrecorder/10310} BLOCKED
06-06 20:41:10.266  1948  2054 I AppsFilter: interaction: PackageSetting{848b61a org.kffs.habilisdatalogger/10344} -> PackageSetting{e18e39c com.altice.android.myapps/10165} BLOCKED
06-06 20:41:10.266  1948  2054 I AppsFilter: interaction: PackageSetting{848b61a org.kffs.habilisdatalogger/10344} -> PackageSetting{c9aa1a5 com.google.android.apps.safetyhub/10162} BLOCKED
06-06 20:41:10.266  1948  2054 I AppsFilter: interaction: PackageSetting{848b61a org.kffs.habilisdatalogger/10344} -> PackageSetting{5b5497a com.mi.globalbrowser/10298} BLOCKED
06-06 20:41:10.266  1948  2054 I AppsFilter: interaction: PackageSetting{848b61a org.kffs.habilisdatalogger/10344} -> PackageSetting{8efa52b com.google.ar.core/10320} BLOCKED
06-06 20:41:10.266  1948  2054 I AppsFilter: interaction: PackageSetting{848b61a org.kffs.habilisdatalogger/10344} -> PackageSetting{c9e9d88 com.android.simappdialog/10126} BLOCKED
06-06 20:41:10.266  1948  2054 I AppsFilter: interaction: PackageSetting{848b61a org.kffs.habilisdatalogger/10344} -> PackageSetting{2b8b321 com.microsoft.skydrive/10311} BLOCKED
06-06 20:41:10.267  1948  2054 I AppsFilter: interaction: PackageSetting{848b61a org.kffs.habilisdatalogger/10344} -> PackageSetting{bbe8346 com.aura.oobe.vodafone/10140} BLOCKED
06-06 20:41:10.267  1948  2054 I AppsFilter: interaction: PackageSetting{848b61a org.kffs.habilisdatalogger/10344} -> PackageSetting{a416907 com.android.internal.display.cutout.emulation.hole/10011} BLOCKED
06-06 20:41:10.267  1948  2054 I AppsFilter: interaction: PackageSetting{848b61a org.kffs.habilisdatalogger/10344} -> PackageSetting{e440a34 com.android.internal.display.cutout.emulation.tall/10012} BLOCKED
06-06 20:41:10.267  1948  2054 I AppsFilter: interaction: PackageSetting{848b61a org.kffs.habilisdatalogger/10344} -> PackageSetting{64c605d com.android.internal.systemui.navbar.threebutton/10059} BLOCKED
06-06 20:41:10.267  1948  2054 I AppsFilter: interaction: PackageSetting{848b61a org.kffs.habilisdatalogger/10344} -> PackageSetting{8cf8dd2 us.zoom.videomeetings/10330} BLOCKED
06-06 20:41:10.267  1948  2054 I AppsFilter: interaction: PackageSetting{848b61a org.kffs.habilisdatalogger/10344} -> PackageSetting{18ea3 com.android.wifi.dialog/10242} BLOCKED
06-06 20:41:10.267  1948  2054 I AppsFilter: interaction: PackageSetting{848b61a org.kffs.habilisdatalogger/10344} -> PackageSetting{f3195a0 com.android.hotwordenrollment.xgoogle/10146} BLOCKED
06-06 20:41:10.267  1948  2054 I AppsFilter: interaction: PackageSetting{848b61a org.kffs.habilisdatalogger/10344} -> PackageSetting{d73a559 com.onedebit.chime/10328} BLOCKED
06-06 20:41:10.267  1948  2054 I AppsFilter: interaction: PackageSetting{848b61a org.kffs.habilisdatalogger/10344} -> PackageSetting{274b51e com.instagram.android/10335} BLOCKED
06-06 20:41:10.267  1948  2054 I AppsFilter: interaction: PackageSetting{848b61a org.kffs.habilisdatalogger/10344} -> PackageSetting{e1471ff com.google.android.as/10168} BLOCKED
06-06 20:41:10.267  1948  2054 I AppsFilter: interaction: PackageSetting{848b61a org.kffs.habilisdatalogger/10344} -> PackageSetting{3aa6bcc com.google.android.gm/10192} BLOCKED
06-06 20:41:10.267  1948  2054 I AppsFilter: interaction: PackageSetting{848b61a org.kffs.habilisdatalogger/10344} -> PackageSetting{8303e15 com.google.android.apps.tachyon/10292} BLOCKED
06-06 20:41:10.267  1948  2054 I AppsFilter: interaction: PackageSetting{848b61a org.kffs.habilisdatalogger/10344} -> PackageSetting{8b3052a com.google.android.overlay.gmsconfig.common/10019} BLOCKED
06-06 20:41:10.267  1948  2054 I AppsFilter: interaction: PackageSetting{848b61a org.kffs.habilisdatalogger/10344} -> PackageSetting{8482f1b com.android.settings.intelligence/10160} BLOCKED
06-06 20:41:10.267  1948  2054 I AppsFilter: interaction: PackageSetting{848b61a org.kffs.habilisdatalogger/10344} -> PackageSetting{ef878b8 com.android.internal.systemui.navbar.gestural_extra_wide_back/10061} BLOCKED
06-06 20:41:10.267  1948  2054 I AppsFilter: interaction: PackageSetting{848b61a org.kffs.habilisdatalogger/10344} -> PackageSetting{ae3a691 com.microsoft.office.outlook/10323} BLOCKED
06-06 20:41:10.267  1948  2054 I AppsFilter: interaction: PackageSetting{848b61a org.kffs.habilisdatalogger/10344} -> PackageSetting{4d449f6 com.miui.compass/10302} BLOCKED
06-06 20:41:10.267  1948  2054 I AppsFilter: interaction: PackageSetting{848b61a org.kffs.habilisdatalogger/10344} -> PackageSetting{730a1f7 com.google.android.setupwizard/10251} BLOCKED
06-06 20:41:10.267  1948  2054 I AppsFilter: interaction: PackageSetting{848b61a org.kffs.habilisdatalogger/10344} -> PackageSetting{d186864 com.miui.android.fashiongallery/10295} BLOCKED
06-06 20:41:10.267  1948  2054 I AppsFilter: interaction: PackageSetting{848b61a org.kffs.habilisdatalogger/10344} -> PackageSetting{48b1acd com.facebook.services/10111} BLOCKED
06-06 20:41:10.267  1948  2054 I AppsFilter: interaction: PackageSetting{848b61a org.kffs.habilisdatalogger/10344} -> PackageSetting{8f30f82 com.android.printspooler/10260} BLOCKED
06-06 20:41:10.267  1948  2054 I AppsFilter: interaction: PackageSetting{848b61a org.kffs.habilisdatalogger/10344} -> PackageSetting{ec36693 com.android.hotwordenrollment.okgoogle/10145} BLOCKED
06-06 20:41:10.267 16598 16729 V python  : extracting _python_bundle/
06-06 20:41:10.267  1948  2054 I AppsFilter: interaction: PackageSetting{848b61a org.kffs.habilisdatalogger/10344} -> PackageSetting{b25a6d0 org.ifaa.aidl.manager/10129} BLOCKED
06-06 20:41:10.267  1948  2054 I AppsFilter: interaction: PackageSetting{848b61a org.kffs.habilisdatalogger/10344} -> PackageSetting{cbb96c9 com.android.dreams.basic/10115} BLOCKED
06-06 20:41:10.267  1948  2054 I AppsFilter: interaction: PackageSetting{848b61a org.kffs.habilisdatalogger/10344} -> PackageSetting{c46a1ce com.google.android.as.oss/10173} BLOCKED
06-06 20:41:10.267  1948  2054 I AppsFilter: interaction: PackageSetting{848b61a org.kffs.habilisdatalogger/10344} -> PackageSetting{2b3d8ef com.duokan.phone.remotecontroller/10306} BLOCKED
06-06 20:41:10.267  1948  2054 I AppsFilter: interaction: PackageSetting{848b61a org.kffs.habilisdatalogger/10344} -> PackageSetting{a865ffc de.telekom.tsc/10112} BLOCKED
06-06 20:41:10.267  1948  2054 I AppsFilter: interaction: PackageSetting{848b61a org.kffs.habilisdatalogger/10344} -> PackageSetting{55dd685 com.android.rkpdapp/10268} BLOCKED
06-06 20:41:10.267  1948  2054 I AppsFilter: interaction: PackageSetting{848b61a org.kffs.habilisdatalogger/10344} -> PackageSetting{2f0cda com.google.android.dialer/10172} BLOCKED
06-06 20:41:10.267  1948  2054 I AppsFilter: interaction: PackageSetting{848b61a org.kffs.habilisdatalogger/10344} -> PackageSetting{48f150b com.creditkarma.mobile/10340} BLOCKED
06-06 20:41:10.267  1948  2054 I AppsFilter: interaction: PackageSetting{848b61a org.kffs.habilisdatalogger/10344} -> PackageSetting{ad77fe8 com.timehop/10329} BLOCKED
06-06 20:41:10.267  1948  2054 I AppsFilter: interaction: PackageSetting{848b61a org.kffs.habilisdatalogger/10344} -> PackageSetting{c2a5601 com.google.android.captiveportallogin/10119} BLOCKED
06-06 20:41:10.267  1948  2054 I AppsFilter: interaction: PackageSetting{848b61a org.kffs.habilisdatalogger/10344} -> PackageSetting{a011ca6 com.dropbox.android/10337} BLOCKED
06-06 20:41:10.267  1948  2054 I AppsFilter: interaction: PackageSetting{848b61a org.kffs.habilisdatalogger/10344} -> PackageSetting{797f6e7 com.google.android.overlay.gmsconfig.comms/10079} BLOCKED
06-06 20:41:10.267  1948  2054 I AppsFilter: interaction: PackageSetting{848b61a org.kffs.habilisdatalogger/10344} -> PackageSetting{698b294 com.google.android.overlay.gmsconfig.geotz/10021} BLOCKED
06-06 20:41:10.267  1948  2054 I AppsFilter: interaction: PackageSetting{848b61a org.kffs.habilisdatalogger/10344} -> PackageSetting{7e5513d com.google.android.appsearch.apk/10267} BLOCKED
06-06 20:41:10.267  1948  2054 I AppsFilter: interaction: PackageSetting{848b61a org.kffs.habilisdatalogger/10344} -> PackageSetting{d925d32 com.android.musicfx/10104} BLOCKED
06-06 20:41:10.267  1948  2054 I AppsFilter: interaction: PackageSetting{848b61a org.kffs.habilisdatalogger/10344} -> PackageSetting{6631a83 com.google.android.apps.docs/10307} BLOCKED
06-06 20:41:10.267  1948  2054 I AppsFilter: interaction: PackageSetting{848b61a org.kffs.habilisdatalogger/10344} -> PackageSetting{e986400 com.google.android.apps.maps/10212} BLOCKED
06-06 20:41:10.267  1948  2054 I AppsFilter: interaction: PackageSetting{848b61a org.kffs.habilisdatalogger/10344} -> PackageSetting{d5ac439 com.orange.update/10137} BLOCKED
06-06 20:41:10.267  1948  2054 I AppsFilter: interaction: PackageSetting{848b61a org.kffs.habilisdatalogger/10344} -> PackageSetting{4851a7e com.google.android.webview/10208} BLOCKED
06-06 20:41:10.267  1948  2054 I AppsFilter: interaction: PackageSetting{848b61a org.kffs.habilisdatalogger/10344} -> PackageSetting{632dbdf com.google.android.overlay.modules.documentsui/10030} BLOCKED
06-06 20:41:10.267  1948  2054 I AppsFilter: interaction: PackageSetting{848b61a org.kffs.habilisdatalogger/10344} -> PackageSetting{1fc02c com.amazon.appmanager/10313} BLOCKED
06-06 20:41:10.267  1948  2054 I AppsFilter: interaction: PackageSetting{848b61a org.kffs.habilisdatalogger/10344} -> PackageSetting{81a6af5 com.google.android.contactkeys/10343} BLOCKED
06-06 20:41:10.267  1948  2054 I AppsFilter: interaction: PackageSetting{848b61a org.kffs.habilisdatalogger/10344} -> PackageSetting{e54608a com.google.android.contacts/10229} BLOCKED
06-06 20:41:10.267  1948  2054 I AppsFilter: interaction: PackageSetting{848b61a org.kffs.habilisdatalogger/10344} -> PackageSetting{41356fb com.android.chrome/10183} BLOCKED
06-06 20:41:10.268  1948  2054 I AppsFilter: interaction: PackageSetting{848b61a org.kffs.habilisdatalogger/10344} -> PackageSetting{1deb318 com.huami.watch.hmwatchmanager/10338} BLOCKED
06-06 20:41:10.268  1948  2054 I AppsFilter: interaction: PackageSetting{848b61a org.kffs.habilisdatalogger/10344} -> PackageSetting{2f3c171 com.android.wifi.resources/10283} BLOCKED
06-06 20:41:10.268  1948  2054 I AppsFilter: interaction: PackageSetting{848b61a org.kffs.habilisdatalogger/10344} -> PackageSetting{51ffb56 com.google.android.apps.walletnfcrel/10319} BLOCKED
06-06 20:41:10.268  1948  2054 I AppsFilter: interaction: PackageSetting{848b61a org.kffs.habilisdatalogger/10344} -> PackageSetting{7b667d7 com.google.android.partnersetup/10144} BLOCKED
06-06 20:41:10.268  1948  2054 I AppsFilter: interaction: PackageSetting{848b61a org.kffs.habilisdatalogger/10344} -> PackageSetting{397e8c4 com.google.android.videos/10303} BLOCKED
06-06 20:41:10.268  1948  2054 I AppsFilter: interaction: PackageSetting{848b61a org.kffs.habilisdatalogger/10344} -> PackageSetting{c3203ad com.google.android.overlay.gmsconfig.asi/10080} BLOCKED
06-06 20:41:10.268  1948  2054 I AppsFilter: interaction: PackageSetting{848b61a org.kffs.habilisdatalogger/10344} -> PackageSetting{33876e2 com.google.android.overlay.gmsconfig.gsa/10020} BLOCKED
06-06 20:41:10.268  1948  2054 I AppsFilter: interaction: PackageSetting{848b61a org.kffs.habilisdatalogger/10344} -> PackageSetting{80faa73 com.android.theme.font.notoserifsource/10015} BLOCKED
06-06 20:41:10.268  1948  2054 I AppsFilter: interaction: PackageSetting{848b61a org.kffs.habilisdatalogger/10344} -> PackageSetting{c8ccd30 com.google.android.safetycenter.resources/10270} BLOCKED
06-06 20:41:10.268  1948  2054 I AppsFilter: interaction: PackageSetting{848b61a org.kffs.habilisdatalogger/10344} -> PackageSetting{1982da9 com.android.internal.display.cutout.emulation.waterfall/10018} BLOCKED
06-06 20:41:10.268  1948  2054 I AppsFilter: interaction: PackageSetting{848b61a org.kffs.habilisdatalogger/10344} -> PackageSetting{56b1f2e com.netflix.mediaclient/10316} BLOCKED
06-06 20:41:10.268  1948  2054 I AppsFilter: interaction: PackageSetting{848b61a org.kffs.habilisdatalogger/10344} -> PackageSetting{db07acf com.android.internal.systemui.navbar.transparent/10078} BLOCKED
06-06 20:41:10.268  1948  2054 I AppsFilter: interaction: PackageSetting{848b61a org.kffs.habilisdatalogger/10344} -> PackageSetting{4a98c5c com.miui.notes/10299} BLOCKED
06-06 20:41:10.268  1948  2054 I AppsFilter: interaction: PackageSetting{848b61a org.kffs.habilisdatalogger/10344} -> PackageSetting{1cfb65 com.zhiliaoapp.musically/10324} BLOCKED
06-06 20:41:10.268  1948  2054 I AppsFilter: interaction: PackageSetting{848b61a org.kffs.habilisdatalogger/10344} -> PackageSetting{60e003a com.google.android.connectivity.resources/10282} BLOCKED
06-06 20:41:10.268  1948  2054 I AppsFilter: interaction: PackageSetting{848b61a org.kffs.habilisdatalogger/10344} -> PackageSetting{ee3f4eb com.google.android.feedback/10238} BLOCKED
06-06 20:41:10.268  1948  2054 I AppsFilter: interaction: PackageSetting{848b61a org.kffs.habilisdatalogger/10344} -> PackageSetting{4711248 com.google.android.printservice.recommendation/10124} BLOCKED
06-06 20:41:10.268  1948  2054 I AppsFilter: interaction: PackageSetting{848b61a org.kffs.habilisdatalogger/10344} -> PackageSetting{366e8e1 com.xiaomi.midrop/10291} BLOCKED
06-06 20:41:10.268  1948  2054 I AppsFilter: interaction: PackageSetting{848b61a org.kffs.habilisdatalogger/10344} -> PackageSetting{ccbe606 com.google.android.apps.photos/10300} BLOCKED
06-06 20:41:10.268 16598 16729 V python  : extracting _python_bundle/modules/
06-06 20:41:10.268  1948  2054 I AppsFilter: interaction: PackageSetting{848b61a org.kffs.habilisdatalogger/10344} -> PackageSetting{6c6edd4 com.google.android.calendar/10226} BLOCKED
06-06 20:41:10.268  1948  2054 I AppsFilter: interaction: PackageSetting{848b61a org.kffs.habilisdatalogger/10344} -> PackageSetting{18af4c7 com.spotify.music/10314} BLOCKED
06-06 20:41:10.268  1948  2054 I AppsFilter: interaction: PackageSetting{848b61a org.kffs.habilisdatalogger/10344} -> PackageSetting{7a90af4 com.google.android.apps.googlevoice/10315} BLOCKED
06-06 20:41:10.268  1948  2054 I AppsFilter: interaction: PackageSetting{848b61a org.kffs.habilisdatalogger/10344} -> PackageSetting{108321d com.tencent.soter.soterserver/10134} BLOCKED
06-06 20:41:10.268  1948  2054 I AppsFilter: interaction: PackageSetting{848b61a org.kffs.habilisdatalogger/10344} -> PackageSetting{f305c92 com.google.android.documentsui/10100} BLOCKED
06-06 20:41:10.268  1948  2054 I AppsFilter: interaction: PackageSetting{848b61a org.kffs.habilisdatalogger/10344} -> PackageSetting{eb81663 com.miui.permissioncontroller.overlay/10047} BLOCKED
06-06 20:41:10.268  1948  2054 I AppsFilter: interaction: PackageSetting{848b61a org.kffs.habilisdatalogger/10344} -> PackageSetting{ec5e260 com.android.dreams.phototable/10200} BLOCKED
06-06 20:41:10.268  1948  2054 I AppsFilter: interaction: PackageSetting{848b61a org.kffs.habilisdatalogger/10344} -> PackageSetting{b7ad319 com.google.android.accessibility.switchaccess/10206} BLOCKED
06-06 20:41:10.268  1948  2054 I AppsFilter: interaction: PackageSetting{848b61a org.kffs.habilisdatalogger/10344} -> PackageSetting{df3afde com.facebook.katana/10317} BLOCKED
06-06 20:41:10.268  1948  2054 I AppsFilter: interaction: PackageSetting{848b61a org.kffs.habilisdatalogger/10344} -> PackageSetting{40bb5bf com.android.providers.partnerbookmarks/10125} BLOCKED
06-06 20:41:10.268  1948  2054 I AppsFilter: interaction: PackageSetting{848b61a org.kffs.habilisdatalogger/10344} -> PackageSetting{b16c48c com.android.smspush/10261} BLOCKED
06-06 20:41:10.268  1948  2054 I AppsFilter: interaction: PackageSetting{848b61a org.kffs.habilisdatalogger/10344} -> PackageSetting{8dc87d5 com.miui.calculator/10309} BLOCKED
06-06 20:41:10.268  1948  2054 I AppsFilter: interaction: PackageSetting{848b61a org.kffs.habilisdatalogger/10344} -> PackageSetting{b06ebea com.android.wallpaper.livepicker/10103} BLOCKED
06-06 20:41:10.268  1948  2054 I AppsFilter: interaction: PackageSetting{848b61a org.kffs.habilisdatalogger/10344} -> PackageSetting{ecfeedb com.android.apps.tag/10109} BLOCKED
06-06 20:41:10.268  1948  2054 I AppsFilter: interaction: PackageSetting{848b61a org.kffs.habilisdatalogger/10344} -> PackageSetting{1b19d78 com.facebook.orca/10322} BLOCKED
06-06 20:41:10.268  1948  2054 I AppsFilter: interaction: PackageSetting{848b61a org.kffs.habilisdatalogger/10344} -> PackageSetting{96acc51 com.mercury.bank/10336} BLOCKED
06-06 20:41:10.268  1948  2054 I AppsFilter: interaction: PackageSetting{848b61a org.kffs.habilisdatalogger/10344} -> PackageSetting{45fdcb6 com.android.imsserviceentitlement/10148} BLOCKED
06-06 20:41:10.268  1948  2054 I AppsFilter: interaction: PackageSetting{848b61a org.kffs.habilisdatalogger/10344} -> PackageSetting{cd49db7 com.facebook.system/10110} BLOCKED
06-06 20:41:10.268  1948  2054 I AppsFilter: interaction: PackageSetting{848b61a org.kffs.habilisdatalogger/10344} -> PackageSetting{11f1924 com.google.android.healthconnect.controller/10275} BLOCKED
06-06 20:41:10.268  1948  2054 I AppsFilter: interaction: PackageSetting{848b61a org.kffs.habilisdatalogger/10344} -> PackageSetting{9bedc8d com.venmo/10332} BLOCKED
06-06 20:41:10.268  1948  2054 I AppsFilter: interaction: PackageSetting{848b61a org.kffs.habilisdatalogger/10344} -> PackageSetting{f850e42 com.android.bookmarkprovider/10113} BLOCKED
06-06 20:41:10.268 16598 16729 V python  : extracting _python_bundle/modules/_asyncio.cpython-310.so
06-06 20:41:10.268  1948  2054 I AppsFilter: interaction: PackageSetting{848b61a org.kffs.habilisdatalogger/10344} -> PackageSetting{f0b5e53 com.miui.weather2/10294} BLOCKED
06-06 20:41:10.268  1948  2054 I AppsFilter: interaction: PackageSetting{848b61a org.kffs.habilisdatalogger/10344} -> PackageSetting{5c6a390 com.ascendo.android.dictionary.de.free/10331} BLOCKED
06-06 20:41:10.271  1948  2054 I AppsFilter: interaction: PackageSetting{848b61a org.kffs.habilisdatalogger/10344} -> PackageSetting{cc9b489 org.mipay.android.manager/10132} BLOCKED
06-06 20:41:10.271  1948  2054 I AppsFilter: interaction: PackageSetting{848b61a org.kffs.habilisdatalogger/10344} -> PackageSetting{1d9cc8e com.strava/10325} BLOCKED
06-06 20:41:10.271  1948  2054 I AppsFilter: interaction: PackageSetting{848b61a org.kffs.habilisdatalogger/10344} -> PackageSetting{7f13673 com.google.android.projection.gearhead/10136} BLOCKED
06-06 20:41:10.271  1948  2054 I AppsFilter: interaction: PackageSetting{848b61a org.kffs.habilisdatalogger/10344} -> PackageSetting{9e38caf com.xiaomi.scanner/10290} BLOCKED
06-06 20:41:10.271  1948  2054 I AppsFilter: interaction: PackageSetting{848b61a org.kffs.habilisdatalogger/10344} -> PackageSetting{91a68bc com.google.android.apps.turbo/10161} BLOCKED
