05-27 23:38:53.388 18815 18815 F DEBUG   :       #44 pc 0000000000234ee4  /data/app/~~rybPyfNkyS2keEYHjDMghA==/org.kffs.habilisdatalogger-pB_v9pbQ7EgXdonOwTtshQ==/lib/arm64/libpython3.10.so (_PyEval_EvalFrameDefault+9272)
05-27 23:38:53.388 18815 18815 F DEBUG   :       #45 pc 000000000023298c  /data/app/~~rybPyfNkyS2keEYHjDMghA==/org.kffs.habilisdatalogger-pB_v9pbQ7EgXdonOwTtshQ==/lib/arm64/libpython3.10.so
05-27 23:38:53.388 18815 18815 F DEBUG   :       #46 pc 000000000016afa8  /data/app/~~rybPyfNkyS2keEYHjDMghA==/org.kffs.habilisdatalogger-pB_v9pbQ7EgXdonOwTtshQ==/lib/arm64/libpython3.10.so
05-27 23:38:53.388 18815 18815 F DEBUG   :       #47 pc 000000000001ee88  /data/data/org.kffs.habilisdatalogger/files/app/_python_bundle/site-packages/kivy/_event.so
05-27 23:38:53.388 18815 18815 F DEBUG   :       #48 pc 0000000000041a34  /data/data/org.kffs.habilisdatalogger/files/app/_python_bundle/site-packages/kivy/_event.so
05-27 23:38:53.388 18815 18815 F DEBUG   :       #49 pc 0000000000037f40  /data/data/org.kffs.habilisdatalogger/files/app/_python_bundle/site-packages/kivy/_event.so
05-27 23:38:53.389 18815 18815 F DEBUG   :       #50 pc 000000000004ea4c  /data/data/org.kffs.habilisdatalogger/files/app/_python_bundle/site-packages/kivy/_event.so
05-27 23:38:53.389 18815 18815 F DEBUG   :       #51 pc 00000000002390d4  /data/app/~~rybPyfNkyS2keEYHjDMghA==/org.kffs.habilisdatalogger-pB_v9pbQ7EgXdonOwTtshQ==/lib/arm64/libpython3.10.so
05-27 23:38:53.389 18815 18815 F DEBUG   :       #52 pc 0000000000234ee4  /data/app/~~rybPyfNkyS2keEYHjDMghA==/org.kffs.habilisdatalogger-pB_v9pbQ7EgXdonOwTtshQ==/lib/arm64/libpython3.10.so (_PyEval_EvalFrameDefault+9272)
05-27 23:38:53.389 18815 18815 F DEBUG   :       #53 pc 000000000023298c  /data/app/~~rybPyfNkyS2keEYHjDMghA==/org.kffs.habilisdatalogger-pB_v9pbQ7EgXdonOwTtshQ==/lib/arm64/libpython3.10.so
05-27 23:38:53.389 18815 18815 F DEBUG   :       #54 pc 00000000002390d4  /data/app/~~rybPyfNkyS2keEYHjDMghA==/org.kffs.habilisdatalogger-pB_v9pbQ7EgXdonOwTtshQ==/lib/arm64/libpython3.10.so
05-27 23:38:53.389 18815 18815 F DEBUG   :       #55 pc 0000000000234ee4  /data/app/~~rybPyfNkyS2keEYHjDMghA==/org.kffs.habilisdatalogger-pB_v9pbQ7EgXdonOwTtshQ==/lib/arm64/libpython3.10.so (_PyEval_EvalFrameDefault+9272)
05-27 23:38:53.389 18815 18815 F DEBUG   :       #56 pc 000000000023298c  /data/app/~~rybPyfNkyS2keEYHjDMghA==/org.kffs.habilisdatalogger-pB_v9pbQ7EgXdonOwTtshQ==/lib/arm64/libpython3.10.so
05-27 23:38:53.389 18815 18815 F DEBUG   :       #57 pc 00000000002390d4  /data/app/~~rybPyfNkyS2keEYHjDMghA==/org.kffs.habilisdatalogger-pB_v9pbQ7EgXdonOwTtshQ==/lib/arm64/libpython3.10.so
05-27 23:38:53.389 18815 18815 F DEBUG   :       #58 pc 0000000000234ee4  /data/app/~~rybPyfNkyS2keEYHjDMghA==/org.kffs.habilisdatalogger-pB_v9pbQ7EgXdonOwTtshQ==/lib/arm64/libpython3.10.so (_PyEval_EvalFrameDefault+9272)
05-27 23:38:53.389 18815 18815 F DEBUG   :       #59 pc 000000000023298c  /data/app/~~rybPyfNkyS2keEYHjDMghA==/org.kffs.habilisdatalogger-pB_v9pbQ7EgXdonOwTtshQ==/lib/arm64/libpython3.10.so
05-27 23:38:53.389 18815 18815 F DEBUG   :       #60 pc 00000000002390d4  /data/app/~~rybPyfNkyS2keEYHjDMghA==/org.kffs.habilisdatalogger-pB_v9pbQ7EgXdonOwTtshQ==/lib/arm64/libpython3.10.so
05-27 23:38:53.389 18815 18815 F DEBUG   :       #61 pc 00000000002349c8  /data/app/~~rybPyfNkyS2keEYHjDMghA==/org.kffs.habilisdatalogger-pB_v9pbQ7EgXdonOwTtshQ==/lib/arm64/libpython3.10.so (_PyEval_EvalFrameDefault+7964)
05-27 23:38:53.389 18815 18815 F DEBUG   :       #62 pc 000000000023298c  /data/app/~~rybPyfNkyS2keEYHjDMghA==/org.kffs.habilisdatalogger-pB_v9pbQ7EgXdonOwTtshQ==/lib/arm64/libpython3.10.so
05-27 23:38:53.389 18815 18815 F DEBUG   :       #63 pc 00000000002390d4  /data/app/~~rybPyfNkyS2keEYHjDMghA==/org.kffs.habilisdatalogger-pB_v9pbQ7EgXdonOwTtshQ==/lib/arm64/libpython3.10.so
05-27 23:38:53.389 18815 18815 F DEBUG   :       #64 pc 0000000000234ee4  /data/app/~~rybPyfNkyS2keEYHjDMghA==/org.kffs.habilisdatalogger-pB_v9pbQ7EgXdonOwTtshQ==/lib/arm64/libpython3.10.so (_PyEval_EvalFrameDefault+9272)
05-27 23:38:53.389 18815 18815 F DEBUG   :       #65 pc 000000000023298c  /data/app/~~rybPyfNkyS2keEYHjDMghA==/org.kffs.habilisdatalogger-pB_v9pbQ7EgXdonOwTtshQ==/lib/arm64/libpython3.10.so
05-27 23:38:53.389 18815 18815 F DEBUG   :       #66 pc 00000000002328d4  /data/app/~~rybPyfNkyS2keEYHjDMghA==/org.kffs.habilisdatalogger-pB_v9pbQ7EgXdonOwTtshQ==/lib/arm64/libpython3.10.so (PyEval_EvalCode+104)
05-27 23:38:53.389 18815 18815 F DEBUG   :       #67 pc 0000000000278fec  /data/app/~~rybPyfNkyS2keEYHjDMghA==/org.kffs.habilisdatalogger-pB_v9pbQ7EgXdonOwTtshQ==/lib/arm64/libpython3.10.so (_PyRun_SimpleFileObject+1188)
05-27 23:38:53.389 18815 18815 F DEBUG   :       #68 pc 0000000000279894  /data/app/~~rybPyfNkyS2keEYHjDMghA==/org.kffs.habilisdatalogger-pB_v9pbQ7EgXdonOwTtshQ==/lib/arm64/libpython3.10.so (PyRun_SimpleFileExFlags+60)
05-27 23:38:53.389 18815 18815 F DEBUG   :       #69 pc 00000000000034c0  /data/app/~~rybPyfNkyS2keEYHjDMghA==/org.kffs.habilisdatalogger-pB_v9pbQ7EgXdonOwTtshQ==/lib/arm64/libmain.so (SDL_main+2452) (BuildId: 31dee9799880258433bef3824135a0d2bfdc25f8)
05-27 23:38:53.389 18815 18815 F DEBUG   :       #70 pc 00000000000b3e38  /data/app/~~rybPyfNkyS2keEYHjDMghA==/org.kffs.habilisdatalogger-pB_v9pbQ7EgXdonOwTtshQ==/lib/arm64/libSDL2.so (Java_org_libsdl_app_SDLActivity_nativeRunMain+772) (BuildId: 2dfa090cb8e2d0b99d6d3a8e4f2e36341627dd95)
05-27 23:38:53.390 18815 18815 F DEBUG   :       #76 pc 00000000003497dc  /data/app/~~rybPyfNkyS2keEYHjDMghA==/org.kffs.habilisdatalogger-pB_v9pbQ7EgXdonOwTtshQ==/oat/arm64/base.vdex (org.libsdl.app.SDLMain.run+0)
05-28 16:32:03.127  2054  2781 I AppsFilter: interaction: PackageSetting{9a3a371 org.kffs.habilisdatalogger/10288} -> PackageSetting{c03c892 com.microsoft.teams/10468} BLOCKED
05-28 16:32:05.022  2054  2781 I AppsFilter: interaction: PackageSetting{9a3a371 org.kffs.habilisdatalogger/10288} -> PackageSetting{2f46608 com.microsoft.skydrive/10053} BLOCKED
05-28 16:32:10.341  2054  2781 I AppsFilter: interaction: PackageSetting{9a3a371 org.kffs.habilisdatalogger/10288} -> PackageSetting{44352f8 com.microsoft.teams/10468} BLOCKED
05-28 16:32:13.351  2054  2781 I AppsFilter: interaction: PackageSetting{9a3a371 org.kffs.habilisdatalogger/10288} -> PackageSetting{b217864 com.microsoft.skydrive/10053} BLOCKED
05-28 19:06:49.448  2054  2781 I AppsFilter: interaction: PackageSetting{9a3a371 org.kffs.habilisdatalogger/10288} -> PackageSetting{fe18f5d com.google.android.apps.photos/10248} BLOCKED
05-28 19:28:31.238  2054  2781 I AppsFilter: interaction: PackageSetting{9a3a371 org.kffs.habilisdatalogger/10288} -> PackageSetting{5bae7f5 com.facebook.appmanager/10143} BLOCKED
05-28 19:29:57.828  2054  2781 I AppsFilter: interaction: PackageSetting{9a3a371 org.kffs.habilisdatalogger/10288} -> PackageSetting{6b483d3 com.creditkarma.mobile/10273} BLOCKED
05-28 19:51:19.003  2054  2781 I AppsFilter: interaction: PackageSetting{9a3a371 org.kffs.habilisdatalogger/10288} -> PackageSetting{f912eba com.facebook.appmanager/10143} BLOCKED
05-28 19:55:08.447  2054  2781 I AppsFilter: interaction: PackageSetting{9a3a371 org.kffs.habilisdatalogger/10288} -> PackageSetting{11da36c com.google.android.apps.photos/10248} BLOCKED
05-28 20:02:24.119  2054  3813 W PackageConfigPersister: App-specific configuration not found for packageName: org.kffs.habilisdatalogger and userId: 0
05-28 20:02:24.139  2054  3813 W PackageConfigPersister: App-specific configuration not found for packageName: org.kffs.habilisdatalogger and userId: 0
05-28 20:47:51.975  2054  2781 I AppsFilter: interaction: PackageSetting{25d7f04 org.kffs.habilisdatalogger/10288} -> PackageSetting{d80d922 com.facebook.system/10091} BLOCKED
05-28 20:47:52.898  2054  2781 I AppsFilter: interaction: PackageSetting{25d7f04 org.kffs.habilisdatalogger/10288} -> PackageSetting{1606c78 com.facebook.system/10091} BLOCKED
05-28 20:47:56.358  2054  2781 I AppsFilter: interaction: PackageSetting{25d7f04 org.kffs.habilisdatalogger/10288} -> PackageSetting{abec2fd com.facebook.appmanager/10143} BLOCKED
05-28 20:47:58.651  2054  2781 I AppsFilter: interaction: PackageSetting{25d7f04 org.kffs.habilisdatalogger/10288} -> PackageSetting{7db4825 com.facebook.appmanager/10143} BLOCKED
05-28 20:48:00.279  2054  2781 I AppsFilter: interaction: PackageSetting{50f79fd org.kffs.habilisdatalogger/10288} -> PackageSetting{57036f2 com.facebook.appmanager/10143} BLOCKED
05-28 20:48:01.370  2054  2781 I AppsFilter: interaction: PackageSetting{50f79fd org.kffs.habilisdatalogger/10288} -> PackageSetting{29a4943 com.facebook.appmanager/10143} BLOCKED
05-28 20:50:40.410  2054  4294 D WindowManager: Collecting in transition 2415: ActivityRecord{795e142 u0 org.kffs.habilisdatalogger/org.kivy.android.PythonActivity init visibleRequested:false
05-28 20:50:40.414  2054  4294 I WindowManager: When perf version lower than 2.3, MiGTStub result: false, gameType: 1, packageName: org.kffs.habilisdatalogger
05-28 20:50:40.423  2054  4294 D WindowManager: setLockTaskAuth: task=Task{7f3553 #53630 type=standard A=10288:org.kffs.habilisdatalogger} mLockTaskAuth=LOCK_TASK_AUTH_PINNABLE
05-28 20:50:40.423  2054  4294 D WindowManager: Collecting in transition 2415: Task{7f3553 #53630 type=standard A=10288:org.kffs.habilisdatalogger} init visibleRequested:false
05-28 20:50:40.426  2054  4294 D WindowManager: setLockTaskAuth: task=Task{7f3553 #53630 type=standard A=10288:org.kffs.habilisdatalogger} mLockTaskAuth=LOCK_TASK_AUTH_PINNABLE
05-28 20:50:40.426  2054  4294 D MiuiFreeFormManagerService: onStartActivityInner as = Task{7f3553 #53630 type=standard A=10288:org.kffs.habilisdatalogger} op = ActivityOptions(44229513), mPackageName=null, mAnimationType=13, mStartX=0, mStartY=0, mWidth=0, mHeight=0, mLaunchDisplayId=-1, activityOptionsInjector=ActivityOptionsInjector={freeformScale: -1.0, miniFreeformMode: false, needAnimation: true, useCustomLaunchBounds:false}
05-28 20:50:40.428  2054  4294 I ActivityTaskManager: resumeTopActivityInnerLocked topActivity:ActivityRecord{795e142 u0 org.kffs.habilisdatalogger/org.kivy.android.PythonActivity t53630} isFocusable:true this:Task{7f3553 #53630 type=standard A=10288:org.kffs.habilisdatalogger}
05-28 20:50:40.431  2054  4294 D WindowManager: Collecting in transition 2415: ActivityRecord{795e142 u0 org.kffs.habilisdatalogger/org.kivy.android.PythonActivity t53630} init visibleRequested:false
05-28 20:50:40.431  2054  4294 I ActivityRecordImpl: setReadyForStartingWindow activityRecord = ActivityRecord{795e142 u0 org.kffs.habilisdatalogger/org.kivy.android.PythonActivity t53630}
05-28 20:50:40.433  2054  4294 D WindowManager: Collecting in transition 2415: ActivityRecord{795e142 u0 org.kffs.habilisdatalogger/org.kivy.android.PythonActivity t53630} init visibleRequested:true
05-28 20:50:40.438  2054  4294 I ActivityTaskManager: START u0 {act=android.intent.action.MAIN cat=[android.intent.category.LAUNCHER] flg=0x10200000 cmp=org.kffs.habilisdatalogger/org.kivy.android.PythonActivity bnds=[76,1738][256,1918] (has extras)} with LAUNCH_SINGLE_TASK from uid 10080 from pid 4050 callingPackage com.miui.home (BAL_ALLOW_ALLOWLISTED_COMPONENT) result code=0
05-28 20:50:40.446  2054  2363 I BLASTSyncEngine: SyncGroup 2415:  Unfinished container:ActivityRecord{795e142 u0 org.kffs.habilisdatalogger/org.kivy.android.PythonActivity t53630}
05-28 20:50:40.446  2054  2363 I ActivityRecordImpl: isReadyForStartingWindow topActivity = ActivityRecord{795e142 u0 org.kffs.habilisdatalogger/org.kivy.android.PythonActivity t53630} isLaunchSourceTypeHome = true topActivity.mStartingWindow = null
05-28 20:50:40.446  2054  2363 I BLASTSyncEngine: isActivitySyncFinished isSyncFinished false ActivityRecord{795e142 u0 org.kffs.habilisdatalogger/org.kivy.android.PythonActivity t53630}
05-28 20:50:40.459  2054  2363 I BLASTSyncEngine: SyncGroup 2415:  Unfinished container:ActivityRecord{795e142 u0 org.kffs.habilisdatalogger/org.kivy.android.PythonActivity t53630}
05-28 20:50:40.459  2054  2363 I ActivityRecordImpl: isReadyForStartingWindow topActivity = ActivityRecord{795e142 u0 org.kffs.habilisdatalogger/org.kivy.android.PythonActivity t53630} isLaunchSourceTypeHome = true topActivity.mStartingWindow = Window{9fe3fa8 u0 Splash Screen org.kffs.habilisdatalogger}
05-28 20:50:40.459  2054  2363 I BLASTSyncEngine: SyncGroup 2415:  Unfinished container:Task{7f3553 #53630 type=standard A=10288:org.kffs.habilisdatalogger}
05-28 20:50:40.459  2054  2363 I ActivityRecordImpl: isReadyForStartingWindow topActivity = ActivityRecord{795e142 u0 org.kffs.habilisdatalogger/org.kivy.android.PythonActivity t53630} isLaunchSourceTypeHome = true topActivity.mStartingWindow = Window{9fe3fa8 u0 Splash Screen org.kffs.habilisdatalogger}
05-28 20:50:40.459  2054  2363 I SmartPower: org.kffs.habilisdatalogger/10288(0): died->visible(33302022ms) R(become visible) adj=-10000.
05-28 20:50:40.459  2054  2363 D WindowManager: Final targets: [Task{7f3553 #53630 type=standard A=10288:org.kffs.habilisdatalogger}, Task{8b7be85 #1 type=home}]
05-28 20:50:40.461  2054  2363 D WindowManager: Calling onTransitionReady info={id=2415 t=OPEN f=0x0 trk=0 r=[0@Point(0, 0)] c=[{WCT{RemoteToken{3aa383e Task{7f3553 #53630 type=standard A=10288:org.kffs.habilisdatalogger}}} m=OPEN f=NONE leash=Surface(name=Task=53630#40026)/@0xc5f5bc0 sb=Rect(0, 0 - 1080, 2400) eb=Rect(0, 0 - 1080, 2400) d=0},{WCT{RemoteToken{c90cabe Task{8b7be85 #1 type=home}}} m=TO_BACK f=SHOW_WALLPAPER leash=Surface(name=Task=1#45)/@0x9160a40 sb=Rect(0, 0 - 1080, 2400) eb=Rect(0, 0 - 1080, 2400) d=0}] noAni=[false]}, mToken=Token{a91069f TransitionRecord{d2ca3bc id=2415 type=OPEN flags=0x0}}
05-28 20:50:40.503  2054  2385 I ActivityManager: Start proc 23699:org.kffs.habilisdatalogger/u0a288 for top-activity {org.kffs.habilisdatalogger/org.kivy.android.PythonActivity} caller=com.miui.home
05-28 20:50:40.508  2054  7153 D CoreBackPreview: Window{9fe3fa8 u0 Splash Screen org.kffs.habilisdatalogger}: Setting back callback OnBackInvokedCallbackInfo{mCallback=android.window.IOnBackInvokedCallback$Stub$Proxy@615484, mPriority=0, mIsAnimationCallback=false}
05-28 20:50:40.528  2054  2363 I WindowManager: wms.showSurfaceRobustly mWin:Window{9fe3fa8 u0 Splash Screen org.kffs.habilisdatalogger}
05-28 20:50:40.531  4004  4239 D MiuiFullScreenTaskRepository: addOrUpdateFullScreenTaskInfo taskId=53630, topActivity=ComponentInfo{org.kffs.habilisdatalogger/org.kivy.android.PythonActivity}
05-28 20:50:40.658  4004  4239 D MiuiFullScreenTaskRepository: addOrUpdateFullScreenTaskInfo taskId=53630, topActivity=ComponentInfo{org.kffs.habilisdatalogger/org.kivy.android.PythonActivity}
05-28 20:50:40.669  4004  4239 D MiuiFullScreenTaskRepository: setFocusedTask taskId=53630, displayId=0, topActivity=ComponentInfo{org.kffs.habilisdatalogger/org.kivy.android.PythonActivity}
05-28 20:50:40.669  4004  4239 D MiuiFullScreenTaskRepository: addOrUpdateFullScreenTaskInfo taskId=53630, topActivity=ComponentInfo{org.kffs.habilisdatalogger/org.kivy.android.PythonActivity}
05-28 20:50:40.669  4004  4239 D MiuiFreeformModeController: onFocusTaskChanged taskInfo: TaskInfo{userId=0 taskId=53630 displayId=0 isRunning=true baseIntent=Intent { act=android.intent.action.MAIN cat=[android.intent.category.LAUNCHER] flg=0x10200000 cmp=org.kffs.habilisdatalogger/org.kivy.android.PythonActivity } baseActivity=ComponentInfo{org.kffs.habilisdatalogger/org.kivy.android.PythonActivity} topActivity=ComponentInfo{org.kffs.habilisdatalogger/org.kivy.android.PythonActivity} origActivity=null realActivity=ComponentInfo{org.kffs.habilisdatalogger/org.kivy.android.PythonActivity} numActivities=1 lastActiveTime=346514215 supportsSplitScreenMultiWindow=true supportsMultiWindow=true resizeMode=1 isResizeable=true minWidth=-1 minHeight=-1 defaultMinSize=200 token=WCT{android.window.IWindowContainerToken$Stub$Proxy@536807} topActivityType=1 pictureInPictureParams=null shouldDockBigOverlays=false launchIntoPipHostTaskId=-1 lastParentTaskIdBeforePip=-1 displayCutoutSafeInsets=Rect(0, 98 - 0, 0) topActivityInfo=ActivityInfo{99f9d34 org.kivy.android.PythonActivity} launchCookies=[] positionInParent=Point(0, 0) parentTaskId=-1 isFocused=true isVisible=true isVisibleRequested=true isSleeping=false topActivityInSizeCompat=false topActivityInMiuiSizeCompat=false topActivityEligibleForLetterboxEducation= false topActivityLetterboxed= false isFromDoubleTap= false topActivityLetterboxVerticalPosition= -1 topActivityLetterboxHorizontalPosition= -1 topActivityLetterboxWidth=-1 topActivityLetterboxHeight=-1 locusId=null displayAreaFeatureId=1 cameraCompatControlState=hidden mIsCastMode=false mTopActivityMediaSize=null mTopActivityRecordName=ActivityRecord{795e142 u0 org.kffs.habilisdatalogger/org.kivy.android.PythonActivity t53630} mTopActivityOrientation=1 mTopActivityWindowIsNowVisible=false isTranslucent=false isEmbedded=false shouldBeVisible=true mBehindAppLockPkg=null mOriginatingUid=0}
05-28 20:50:40.774  2054  6579 I UiModeManager: systemserver package:org.kffs.habilisdatalogger null
05-28 20:50:40.854  4004  4239 D MiuiFullScreenTaskRepository: setFocusedTask taskId=53630, displayId=0, topActivity=ComponentInfo{org.kffs.habilisdatalogger/org.kivy.android.PythonActivity}
05-28 20:50:40.854  4004  4239 D MiuiFullScreenTaskRepository: addOrUpdateFullScreenTaskInfo taskId=53630, topActivity=ComponentInfo{org.kffs.habilisdatalogger/org.kivy.android.PythonActivity}
05-28 20:50:40.958 23699 23699 I ForceDarkHelperStubImpl: setViewRootImplForceDark: false for org.kivy.android.PythonActivity@ea0080b, reason: AppDarkModeEnable
05-28 20:50:40.973  4004  4732 D MiuiFreeformModeObserver: activityResumed() intent： Intent { cmp=org.kffs.habilisdatalogger/org.kivy.android.PythonActivity (has extras) }
05-28 20:50:41.119  2054  2151 I Transition: finishTransition: updateLastSurfacePosition tf=Task{7f3553 #53630 type=standard A=10288:org.kffs.habilisdatalogger}
05-28 20:50:41.121  2054  8832 D CoreBackPreview: Window{3142217 u0 org.kffs.habilisdatalogger/org.kivy.android.PythonActivity}: Setting back callback OnBackInvokedCallbackInfo{mCallback=android.window.IOnBackInvokedCallback$Stub$Proxy@842e70, mPriority=0, mIsAnimationCallback=false}
05-28 20:50:41.136  2054  6579 D WindowManager: wms.Input focus has changed to Window{3142217 u0 org.kffs.habilisdatalogger/org.kivy.android.PythonActivity} display=0 updateInputWindows = true
05-28 20:50:41.241  2054  4107 D WindowManager: wms.finishDrawingLocked: mDrawState=COMMIT_DRAW_PENDING Window{3142217 u0 org.kffs.habilisdatalogger/org.kivy.android.PythonActivity} in Surface(name=org.kffs.habilisdatalogger/org.kivy.android.PythonActivity#40039)/@0x94b5b88
05-28 20:50:41.250  2054  2363 I WindowManager: wms.showSurfaceRobustly mWin:Window{3142217 u0 org.kffs.habilisdatalogger/org.kivy.android.PythonActivity}
05-28 20:50:41.270  2054  8832 D CoreBackPreview: Window{9fe3fa8 u0 Splash Screen org.kffs.habilisdatalogger}: Setting back callback null
05-28 20:50:41.275  2054  3094 D tsched_scene: handleWindowChanged: pkgName: org.kffs.habilisdatalogger, mForegroundAppName: com.miui.home
05-28 20:50:41.307  2054  4107 W PackageConfigPersister: App-specific configuration not found for packageName: org.kffs.habilisdatalogger and userId: 0
05-28 20:50:42.383  2054  6579 I PowerManagerServiceImpl: Acquire wakelock: SCREEN_BRIGHT_WAKE_LOCK        'WindowManager/displayId:0' ON_AFTER_RELEASE (uid=1000 pid=2054 pkg=android ws=WorkSource{10288 org.kffs.habilisdatalogger})
05-28 20:50:42.399  2054  6579 I PowerManagerServiceImpl: Release wakelock: SCREEN_BRIGHT_WAKE_LOCK        'WindowManager/displayId:0' ON_AFTER_RELEASE DISABLED ACQ=-13ms (uid=1000 pid=2054 pkg=android ws=WorkSource{10288 org.kffs.habilisdatalogger})
05-28 20:50:44.067  2054  7148 D MiuiFreeFormManagerService: onStartActivityInner as = Task{7f3553 #53630 type=standard A=10288:org.kffs.habilisdatalogger} op = null
05-28 20:50:44.072  2054  7148 D WindowManager: setLockTaskAuth: task=Task{7f3553 #53630 type=standard A=10288:org.kffs.habilisdatalogger} mLockTaskAuth=LOCK_TASK_AUTH_PINNABLE
05-28 20:50:44.072  2054  7148 D MiuiFreeFormManagerService: onStartActivityInner as = Task{7f3553 #53630 type=standard A=10288:org.kffs.habilisdatalogger} op = null
05-28 20:50:44.073  2054  7148 I ActivityTaskManager: resumeTopActivityInnerLocked topActivity:ActivityRecord{d8bcc9 u0 com.google.android.permissioncontroller/com.android.permissioncontroller.permission.ui.GrantPermissionsActivity t53630} isFocusable:true this:Task{7f3553 #53630 type=standard A=10288:org.kffs.habilisdatalogger}
05-28 20:50:44.078  2054  7148 I ActivityTaskManager: START u0 {act=android.content.pm.action.REQUEST_PERMISSIONS pkg=com.google.android.permissioncontroller cmp=com.google.android.permissioncontroller/com.android.permissioncontroller.permission.ui.GrantPermissionsActivity (has extras)} with LAUNCH_MULTIPLE from uid 10288 from pid 23699 callingPackage org.kffs.habilisdatalogger (BAL_ALLOW_VISIBLE_WINDOW) result code=0
05-28 20:50:44.085  2054  7148 I ActivityTaskManager: resumeTopActivityInnerLocked topActivity:ActivityRecord{d8bcc9 u0 com.google.android.permissioncontroller/com.android.permissioncontroller.permission.ui.GrantPermissionsActivity t53630} isFocusable:true this:Task{7f3553 #53630 type=standard A=10288:org.kffs.habilisdatalogger}
05-28 20:50:44.354  2054  3094 D tsched_scene: handleWindowChanged: pkgName: com.google.android.permissioncontroller, mForegroundAppName: org.kffs.habilisdatalogger
05-28 20:50:44.400  2054  7148 I ActivityTaskManager: resumeTopActivityInnerLocked topActivity:ActivityRecord{795e142 u0 org.kffs.habilisdatalogger/org.kivy.android.PythonActivity t53630} isFocusable:true this:Task{7f3553 #53630 type=standard A=10288:org.kffs.habilisdatalogger}
05-28 20:50:44.408  2054  7148 D WindowManager: wms.Input focus has changed to Window{3142217 u0 org.kffs.habilisdatalogger/org.kivy.android.PythonActivity} display=0 updateInputWindows = true
05-28 20:50:44.410  4004  4239 D MiuiFullScreenTaskRepository: setFocusedTask taskId=53630, displayId=0, topActivity=ComponentInfo{org.kffs.habilisdatalogger/org.kivy.android.PythonActivity}
05-28 20:50:44.410  4004  4239 D MiuiFullScreenTaskRepository: addOrUpdateFullScreenTaskInfo taskId=53630, topActivity=ComponentInfo{org.kffs.habilisdatalogger/org.kivy.android.PythonActivity}
05-28 20:50:44.411  2054  7148 I ActivityTaskManager: resumeTopActivityInnerLocked topActivity:ActivityRecord{795e142 u0 org.kffs.habilisdatalogger/org.kivy.android.PythonActivity t53630} isFocusable:true this:Task{7f3553 #53630 type=standard A=10288:org.kffs.habilisdatalogger}
05-28 20:50:44.411  2054  7148 I ActivityTaskManager: resumeTopActivityInnerLocked topActivity:ActivityRecord{795e142 u0 org.kffs.habilisdatalogger/org.kivy.android.PythonActivity t53630} isFocusable:true this:Task{7f3553 #53630 type=standard A=10288:org.kffs.habilisdatalogger}
05-28 20:50:44.428  4004  5269 D MiuiFreeformModeObserver: activityResumed() intent： Intent { cmp=org.kffs.habilisdatalogger/org.kivy.android.PythonActivity (has extras) }
05-28 20:50:44.438  2054  8832 W PackageConfigPersister: App-specific configuration not found for packageName: org.kffs.habilisdatalogger and userId: 0
05-28 20:50:44.475  2054  2910 I ActivityTaskManager: resumeTopActivityInnerLocked topActivity:ActivityRecord{795e142 u0 org.kffs.habilisdatalogger/org.kivy.android.PythonActivity t53630} isFocusable:true this:Task{7f3553 #53630 type=standard A=10288:org.kffs.habilisdatalogger}
05-28 20:50:44.479  2054  2363 D WindowManager: setLockTaskAuth: task=Task{7f3553 #53630 type=standard A=10288:org.kffs.habilisdatalogger} mLockTaskAuth=LOCK_TASK_AUTH_PINNABLE
05-28 20:50:44.481  4004  4239 D MiuiFullScreenTaskRepository: setFocusedTask taskId=53630, displayId=0, topActivity=ComponentInfo{org.kffs.habilisdatalogger/org.kivy.android.PythonActivity}
05-28 20:50:44.481  4004  4239 D MiuiFullScreenTaskRepository: addOrUpdateFullScreenTaskInfo taskId=53630, topActivity=ComponentInfo{org.kffs.habilisdatalogger/org.kivy.android.PythonActivity}
05-28 20:50:45.114 23699 23770 F libc    : Fatal signal 11 (SIGSEGV), code 1 (SEGV_MAPERR), fault addr 0x40 in tid 23770 (SDLThread), pid 23699 (SDLActivity)
05-28 20:50:46.018 23806 23806 F DEBUG   : Cmdline: org.kffs.habilisdatalogger
05-28 20:50:46.018 23806 23806 F DEBUG   : pid: 23699, tid: 23770, name: SDLThread  >>> org.kffs.habilisdatalogger <<<
05-28 20:50:46.018 23806 23806 F DEBUG   :   NOTE:   /data/data/org.kffs.habilisdatalogger/files/app/_python_bundle/site-packages/kivy/_event.so
05-28 20:50:46.018 23806 23806 F DEBUG   :   NOTE:   /data/data/org.kffs.habilisdatalogger/files/app/_python_bundle/site-packages/kivy/graphics/compiler.so
05-28 20:50:46.018 23806 23806 F DEBUG   :   NOTE:   /data/data/org.kffs.habilisdatalogger/files/app/_python_bundle/site-packages/kivy/graphics/instructions.so
05-28 20:50:46.018 23806 23806 F DEBUG   :   NOTE:   /data/data/org.kffs.habilisdatalogger/files/app/_python_bundle/site-packages/kivy/graphics/vbo.so
05-28 20:50:46.018 23806 23806 F DEBUG   :       #04 pc 0000000000015ab0  /data/data/org.kffs.habilisdatalogger/files/app/_python_bundle/site-packages/kivy/graphics/vbo.so
05-28 20:50:46.018 23806 23806 F DEBUG   :       #05 pc 0000000000026d54  /data/data/org.kffs.habilisdatalogger/files/app/_python_bundle/site-packages/kivy/graphics/instructions.so
05-28 20:50:46.018 23806 23806 F DEBUG   :       #06 pc 00000000000100cc  /data/data/org.kffs.habilisdatalogger/files/app/_python_bundle/site-packages/kivy/graphics/compiler.so
05-28 20:50:46.018 23806 23806 F DEBUG   :       #07 pc 0000000000024218  /data/data/org.kffs.habilisdatalogger/files/app/_python_bundle/site-packages/kivy/graphics/instructions.so
05-28 20:50:46.018 23806 23806 F DEBUG   :       #08 pc 0000000000023934  /data/data/org.kffs.habilisdatalogger/files/app/_python_bundle/site-packages/kivy/graphics/instructions.so
05-28 20:50:46.018 23806 23806 F DEBUG   :       #09 pc 00000000000279dc  /data/data/org.kffs.habilisdatalogger/files/app/_python_bundle/site-packages/kivy/graphics/instructions.so
05-28 20:50:46.018 23806 23806 F DEBUG   :       #10 pc 0000000000029700  /data/data/org.kffs.habilisdatalogger/files/app/_python_bundle/site-packages/kivy/graphics/instructions.so
05-28 20:50:46.018 23806 23806 F DEBUG   :       #11 pc 00000000000100cc  /data/data/org.kffs.habilisdatalogger/files/app/_python_bundle/site-packages/kivy/graphics/compiler.so
05-28 20:50:46.018 23806 23806 F DEBUG   :       #12 pc 0000000000024218  /data/data/org.kffs.habilisdatalogger/files/app/_python_bundle/site-packages/kivy/graphics/instructions.so
05-28 20:50:46.018 23806 23806 F DEBUG   :       #13 pc 0000000000023934  /data/data/org.kffs.habilisdatalogger/files/app/_python_bundle/site-packages/kivy/graphics/instructions.so
05-28 20:50:46.018 23806 23806 F DEBUG   :       #14 pc 00000000000100cc  /data/data/org.kffs.habilisdatalogger/files/app/_python_bundle/site-packages/kivy/graphics/compiler.so
05-28 20:50:46.018 23806 23806 F DEBUG   :       #15 pc 0000000000024218  /data/data/org.kffs.habilisdatalogger/files/app/_python_bundle/site-packages/kivy/graphics/instructions.so
05-28 20:50:46.018 23806 23806 F DEBUG   :       #16 pc 0000000000023934  /data/data/org.kffs.habilisdatalogger/files/app/_python_bundle/site-packages/kivy/graphics/instructions.so
05-28 20:50:46.018 23806 23806 F DEBUG   :       #17 pc 00000000000279dc  /data/data/org.kffs.habilisdatalogger/files/app/_python_bundle/site-packages/kivy/graphics/instructions.so
05-28 20:50:46.018 23806 23806 F DEBUG   :       #18 pc 00000000000100cc  /data/data/org.kffs.habilisdatalogger/files/app/_python_bundle/site-packages/kivy/graphics/compiler.so
05-28 20:50:46.018 23806 23806 F DEBUG   :       #19 pc 0000000000024218  /data/data/org.kffs.habilisdatalogger/files/app/_python_bundle/site-packages/kivy/graphics/instructions.so
05-28 20:50:46.018 23806 23806 F DEBUG   :       #20 pc 0000000000023934  /data/data/org.kffs.habilisdatalogger/files/app/_python_bundle/site-packages/kivy/graphics/instructions.so
05-28 20:50:46.018 23806 23806 F DEBUG   :       #21 pc 00000000000279dc  /data/data/org.kffs.habilisdatalogger/files/app/_python_bundle/site-packages/kivy/graphics/instructions.so
05-28 20:50:46.018 23806 23806 F DEBUG   :       #22 pc 00000000000100cc  /data/data/org.kffs.habilisdatalogger/files/app/_python_bundle/site-packages/kivy/graphics/compiler.so
05-28 20:50:46.018 23806 23806 F DEBUG   :       #23 pc 0000000000024218  /data/data/org.kffs.habilisdatalogger/files/app/_python_bundle/site-packages/kivy/graphics/instructions.so
05-28 20:50:46.018 23806 23806 F DEBUG   :       #24 pc 0000000000023934  /data/data/org.kffs.habilisdatalogger/files/app/_python_bundle/site-packages/kivy/graphics/instructions.so
05-28 20:50:46.018 23806 23806 F DEBUG   :       #25 pc 00000000000279dc  /data/data/org.kffs.habilisdatalogger/files/app/_python_bundle/site-packages/kivy/graphics/instructions.so
05-28 20:50:46.018 23806 23806 F DEBUG   :       #26 pc 00000000000100cc  /data/data/org.kffs.habilisdatalogger/files/app/_python_bundle/site-packages/kivy/graphics/compiler.so
05-28 20:50:46.018 23806 23806 F DEBUG   :       #27 pc 0000000000024218  /data/data/org.kffs.habilisdatalogger/files/app/_python_bundle/site-packages/kivy/graphics/instructions.so
05-28 20:50:46.018 23806 23806 F DEBUG   :       #28 pc 0000000000023934  /data/data/org.kffs.habilisdatalogger/files/app/_python_bundle/site-packages/kivy/graphics/instructions.so
05-28 20:50:46.018 23806 23806 F DEBUG   :       #29 pc 00000000000279dc  /data/data/org.kffs.habilisdatalogger/files/app/_python_bundle/site-packages/kivy/graphics/instructions.so
05-28 20:50:46.018 23806 23806 F DEBUG   :       #30 pc 00000000000100cc  /data/data/org.kffs.habilisdatalogger/files/app/_python_bundle/site-packages/kivy/graphics/compiler.so
05-28 20:50:46.018 23806 23806 F DEBUG   :       #31 pc 0000000000024218  /data/data/org.kffs.habilisdatalogger/files/app/_python_bundle/site-packages/kivy/graphics/instructions.so
05-28 20:50:46.018 23806 23806 F DEBUG   :       #32 pc 0000000000023934  /data/data/org.kffs.habilisdatalogger/files/app/_python_bundle/site-packages/kivy/graphics/instructions.so
05-28 20:50:46.018 23806 23806 F DEBUG   :       #33 pc 00000000000279dc  /data/data/org.kffs.habilisdatalogger/files/app/_python_bundle/site-packages/kivy/graphics/instructions.so
05-28 20:50:46.018 23806 23806 F DEBUG   :       #34 pc 00000000000100cc  /data/data/org.kffs.habilisdatalogger/files/app/_python_bundle/site-packages/kivy/graphics/compiler.so
05-28 20:50:46.018 23806 23806 F DEBUG   :       #35 pc 0000000000024218  /data/data/org.kffs.habilisdatalogger/files/app/_python_bundle/site-packages/kivy/graphics/instructions.so
05-28 20:50:46.018 23806 23806 F DEBUG   :       #36 pc 0000000000023934  /data/data/org.kffs.habilisdatalogger/files/app/_python_bundle/site-packages/kivy/graphics/instructions.so
05-28 20:50:46.018 23806 23806 F DEBUG   :       #37 pc 00000000000279dc  /data/data/org.kffs.habilisdatalogger/files/app/_python_bundle/site-packages/kivy/graphics/instructions.so
05-28 20:50:46.018 23806 23806 F DEBUG   :       #38 pc 0000000000029700  /data/data/org.kffs.habilisdatalogger/files/app/_python_bundle/site-packages/kivy/graphics/instructions.so
05-28 20:50:46.018 23806 23806 F DEBUG   :       #39 pc 0000000000028e40  /data/data/org.kffs.habilisdatalogger/files/app/_python_bundle/site-packages/kivy/graphics/instructions.so
05-28 20:50:46.018 23806 23806 F DEBUG   :       #40 pc 000000000003b94c  /data/data/org.kffs.habilisdatalogger/files/app/_python_bundle/site-packages/kivy/graphics/instructions.so
05-28 20:50:46.018 23806 23806 F DEBUG   :       #41 pc 000000000003b8f8  /data/data/org.kffs.habilisdatalogger/files/app/_python_bundle/site-packages/kivy/graphics/instructions.so
05-28 20:50:46.019 23806 23806 F DEBUG   :       #42 pc 0000000000044400  /data/data/org.kffs.habilisdatalogger/files/app/_python_bundle/site-packages/kivy/graphics/instructions.so
05-28 20:50:46.019 23806 23806 F DEBUG   :       #43 pc 00000000002390d4  /data/app/~~rybPyfNkyS2keEYHjDMghA==/org.kffs.habilisdatalogger-pB_v9pbQ7EgXdonOwTtshQ==/lib/arm64/libpython3.10.so
05-28 20:50:46.019 23806 23806 F DEBUG   :       #44 pc 0000000000234ee4  /data/app/~~rybPyfNkyS2keEYHjDMghA==/org.kffs.habilisdatalogger-pB_v9pbQ7EgXdonOwTtshQ==/lib/arm64/libpython3.10.so (_PyEval_EvalFrameDefault+9272)
05-28 20:50:46.019 23806 23806 F DEBUG   :       #45 pc 000000000023298c  /data/app/~~rybPyfNkyS2keEYHjDMghA==/org.kffs.habilisdatalogger-pB_v9pbQ7EgXdonOwTtshQ==/lib/arm64/libpython3.10.so
05-28 20:50:46.019 23806 23806 F DEBUG   :       #46 pc 000000000016afa8  /data/app/~~rybPyfNkyS2keEYHjDMghA==/org.kffs.habilisdatalogger-pB_v9pbQ7EgXdonOwTtshQ==/lib/arm64/libpython3.10.so
05-28 20:50:46.019 23806 23806 F DEBUG   :       #47 pc 000000000001ee88  /data/data/org.kffs.habilisdatalogger/files/app/_python_bundle/site-packages/kivy/_event.so
05-28 20:50:46.019 23806 23806 F DEBUG   :       #48 pc 0000000000041a34  /data/data/org.kffs.habilisdatalogger/files/app/_python_bundle/site-packages/kivy/_event.so
05-28 20:50:46.019 23806 23806 F DEBUG   :       #49 pc 0000000000037f40  /data/data/org.kffs.habilisdatalogger/files/app/_python_bundle/site-packages/kivy/_event.so
05-28 20:50:46.019 23806 23806 F DEBUG   :       #50 pc 000000000004ea4c  /data/data/org.kffs.habilisdatalogger/files/app/_python_bundle/site-packages/kivy/_event.so
05-28 20:50:46.019 23806 23806 F DEBUG   :       #51 pc 00000000002390d4  /data/app/~~rybPyfNkyS2keEYHjDMghA==/org.kffs.habilisdatalogger-pB_v9pbQ7EgXdonOwTtshQ==/lib/arm64/libpython3.10.so
05-28 20:50:46.019 23806 23806 F DEBUG   :       #52 pc 0000000000234ee4  /data/app/~~rybPyfNkyS2keEYHjDMghA==/org.kffs.habilisdatalogger-pB_v9pbQ7EgXdonOwTtshQ==/lib/arm64/libpython3.10.so (_PyEval_EvalFrameDefault+9272)
05-28 20:50:46.019 23806 23806 F DEBUG   :       #53 pc 000000000023298c  /data/app/~~rybPyfNkyS2keEYHjDMghA==/org.kffs.habilisdatalogger-pB_v9pbQ7EgXdonOwTtshQ==/lib/arm64/libpython3.10.so
05-28 20:50:46.019 23806 23806 F DEBUG   :       #54 pc 00000000002390d4  /data/app/~~rybPyfNkyS2keEYHjDMghA==/org.kffs.habilisdatalogger-pB_v9pbQ7EgXdonOwTtshQ==/lib/arm64/libpython3.10.so
05-28 20:50:46.019 23806 23806 F DEBUG   :       #55 pc 0000000000234ee4  /data/app/~~rybPyfNkyS2keEYHjDMghA==/org.kffs.habilisdatalogger-pB_v9pbQ7EgXdonOwTtshQ==/lib/arm64/libpython3.10.so (_PyEval_EvalFrameDefault+9272)
05-28 20:50:46.019 23806 23806 F DEBUG   :       #56 pc 000000000023298c  /data/app/~~rybPyfNkyS2keEYHjDMghA==/org.kffs.habilisdatalogger-pB_v9pbQ7EgXdonOwTtshQ==/lib/arm64/libpython3.10.so
05-28 20:50:46.019 23806 23806 F DEBUG   :       #57 pc 00000000002390d4  /data/app/~~rybPyfNkyS2keEYHjDMghA==/org.kffs.habilisdatalogger-pB_v9pbQ7EgXdonOwTtshQ==/lib/arm64/libpython3.10.so
05-28 20:50:46.019 23806 23806 F DEBUG   :       #58 pc 0000000000234ee4  /data/app/~~rybPyfNkyS2keEYHjDMghA==/org.kffs.habilisdatalogger-pB_v9pbQ7EgXdonOwTtshQ==/lib/arm64/libpython3.10.so (_PyEval_EvalFrameDefault+9272)
05-28 20:50:46.019 23806 23806 F DEBUG   :       #59 pc 000000000023298c  /data/app/~~rybPyfNkyS2keEYHjDMghA==/org.kffs.habilisdatalogger-pB_v9pbQ7EgXdonOwTtshQ==/lib/arm64/libpython3.10.so
05-28 20:50:46.019 23806 23806 F DEBUG   :       #60 pc 00000000002390d4  /data/app/~~rybPyfNkyS2keEYHjDMghA==/org.kffs.habilisdatalogger-pB_v9pbQ7EgXdonOwTtshQ==/lib/arm64/libpython3.10.so
05-28 20:50:46.019 23806 23806 F DEBUG   :       #61 pc 00000000002349c8  /data/app/~~rybPyfNkyS2keEYHjDMghA==/org.kffs.habilisdatalogger-pB_v9pbQ7EgXdonOwTtshQ==/lib/arm64/libpython3.10.so (_PyEval_EvalFrameDefault+7964)
05-28 20:50:46.019 23806 23806 F DEBUG   :       #62 pc 000000000023298c  /data/app/~~rybPyfNkyS2keEYHjDMghA==/org.kffs.habilisdatalogger-pB_v9pbQ7EgXdonOwTtshQ==/lib/arm64/libpython3.10.so
05-28 20:50:46.019 23806 23806 F DEBUG   :       #63 pc 00000000002390d4  /data/app/~~rybPyfNkyS2keEYHjDMghA==/org.kffs.habilisdatalogger-pB_v9pbQ7EgXdonOwTtshQ==/lib/arm64/libpython3.10.so
05-28 20:50:46.019 23806 23806 F DEBUG   :       #64 pc 0000000000234ee4  /data/app/~~rybPyfNkyS2keEYHjDMghA==/org.kffs.habilisdatalogger-pB_v9pbQ7EgXdonOwTtshQ==/lib/arm64/libpython3.10.so (_PyEval_EvalFrameDefault+9272)
05-28 20:50:46.019 23806 23806 F DEBUG   :       #65 pc 000000000023298c  /data/app/~~rybPyfNkyS2keEYHjDMghA==/org.kffs.habilisdatalogger-pB_v9pbQ7EgXdonOwTtshQ==/lib/arm64/libpython3.10.so
05-28 20:50:46.019 23806 23806 F DEBUG   :       #66 pc 00000000002328d4  /data/app/~~rybPyfNkyS2keEYHjDMghA==/org.kffs.habilisdatalogger-pB_v9pbQ7EgXdonOwTtshQ==/lib/arm64/libpython3.10.so (PyEval_EvalCode+104)
05-28 20:50:46.019 23806 23806 F DEBUG   :       #67 pc 0000000000278fec  /data/app/~~rybPyfNkyS2keEYHjDMghA==/org.kffs.habilisdatalogger-pB_v9pbQ7EgXdonOwTtshQ==/lib/arm64/libpython3.10.so (_PyRun_SimpleFileObject+1188)
05-28 20:50:46.019 23806 23806 F DEBUG   :       #68 pc 0000000000279894  /data/app/~~rybPyfNkyS2keEYHjDMghA==/org.kffs.habilisdatalogger-pB_v9pbQ7EgXdonOwTtshQ==/lib/arm64/libpython3.10.so (PyRun_SimpleFileExFlags+60)
05-28 20:50:46.019 23806 23806 F DEBUG   :       #69 pc 00000000000034c0  /data/app/~~rybPyfNkyS2keEYHjDMghA==/org.kffs.habilisdatalogger-pB_v9pbQ7EgXdonOwTtshQ==/lib/arm64/libmain.so (SDL_main+2452) (BuildId: 31dee9799880258433bef3824135a0d2bfdc25f8)
05-28 20:50:46.019 23806 23806 F DEBUG   :       #70 pc 00000000000b3e38  /data/app/~~rybPyfNkyS2keEYHjDMghA==/org.kffs.habilisdatalogger-pB_v9pbQ7EgXdonOwTtshQ==/lib/arm64/libSDL2.so (Java_org_libsdl_app_SDLActivity_nativeRunMain+772) (BuildId: 2dfa090cb8e2d0b99d6d3a8e4f2e36341627dd95)
05-28 20:50:46.019 23806 23806 F DEBUG   :       #76 pc 00000000003497dc  /data/app/~~rybPyfNkyS2keEYHjDMghA==/org.kffs.habilisdatalogger-pB_v9pbQ7EgXdonOwTtshQ==/oat/arm64/base.vdex (org.libsdl.app.SDLMain.run+0)
05-28 20:50:46.067  2054 23810 W ActivityTaskManager:   Force finishing activity org.kffs.habilisdatalogger/org.kivy.android.PythonActivity
05-28 20:50:46.071  2054 23810 D WindowManager: Collecting in transition 2418: Task{7f3553 #53630 type=standard A=10288:org.kffs.habilisdatalogger} init visibleRequested:true
05-28 20:50:46.071  2054 23810 D WindowManager: Collecting in transition 2418: ActivityRecord{795e142 u0 org.kffs.habilisdatalogger/org.kivy.android.PythonActivity t53630 f}} init visibleRequested:true
05-28 20:50:46.145  2054  6579 I WindowManager: WIN DEATH: Window{3142217 u0 org.kffs.habilisdatalogger/org.kivy.android.PythonActivity}
05-28 20:50:46.148  2054  8834 I ActivityManager: Process org.kffs.habilisdatalogger (pid 23699) has died: fg  TOP 
05-28 20:50:46.162  2054  8834 D WindowManager: Collecting in transition 2418: Task{7f3553 #53630 type=standard A=10288:org.kffs.habilisdatalogger} init visibleRequested:false
05-28 20:50:46.164  2054  8834 D WindowManager: Collecting in transition 2418: ActivityRecord{795e142 u0 org.kffs.habilisdatalogger/org.kivy.android.PythonActivity t53630 f}} init visibleRequested:false
05-28 20:50:46.235  2054  2363 W WindowManager: Failed to deliver inset control state change to w=Window{3142217 u0 org.kffs.habilisdatalogger/org.kivy.android.PythonActivity EXITING}
05-28 20:50:46.250  2054  2363 D WindowManager: Final targets: [Task{8b7be85 #1 type=home}, Task{7f3553 #53630 type=standard A=10288:org.kffs.habilisdatalogger}, WallpaperWindowToken{3d2313a token=android.os.BinderProxy@7f5065}, WallpaperWindowToken{af57f4 token=android.os.Binder@9f42b06}]
05-28 20:50:46.261  2054  2363 D WindowManager: Calling onTransitionReady info={id=2418 t=CLOSE f=0x10 trk=0 r=[0@Point(0, 0)] c=[{WCT{RemoteToken{c90cabe Task{8b7be85 #1 type=home}}} m=TO_FRONT f=SHOW_WALLPAPER|MOVE_TO_TOP leash=Surface(name=Task=1#45)/@0x9160a40 sb=Rect(0, 0 - 1080, 2400) eb=Rect(0, 0 - 1080, 2400) d=0},{WCT{RemoteToken{3aa383e Task{7f3553 #53630 type=standard A=10288:org.kffs.habilisdatalogger}}} m=CLOSE f=NONE leash=Surface(name=Task=53630#40026)/@0xc5f5bc0 sb=Rect(0, 0 - 1080, 2400) eb=Rect(0, 0 - 1080, 2400) d=0},{null m=TO_FRONT f=IS_WALLPAPER leash=Surface(name=WallpaperWindowToken{3d2313a token=android.os.BinderProxy@7f5065}#1804)/@0xdb5a7e8 sb=Rect(0, 0 - 1080, 2400) eb=Rect(0, 0 - 1080, 2400) d=0},{null m=TO_FRONT f=IS_WALLPAPER leash=Surface(name=WallpaperWindowToken{af57f4 token=android.os.Binder@9f42b06}#59)/@0x31ad9e1 sb=Rect(0, 0 - 1080, 2400) eb=Rect(0, 0 - 1080, 2400) d=0}] noAni=[false]}, mToken=Token{7e50f7c TransitionRecord{1a2354a id=2418 type=CLOSE flags=0x10}}
05-28 20:50:46.309  2054  2363 W WindowManager: Failed to deliver inset control state change to w=Window{3142217 u0 org.kffs.habilisdatalogger/org.kivy.android.PythonActivity EXITING}
05-28 20:50:46.569  2054  2361 W ActivityTaskManager: Activity top resumed state loss timeout for ActivityRecord{795e142 u0 org.kffs.habilisdatalogger/org.kivy.android.PythonActivity t53630 f} isExiting}
05-28 20:50:47.045  2054  2910 W WindowManager: Exception thrown during dispatchAppVisibility Window{3142217 u0 org.kffs.habilisdatalogger/org.kivy.android.PythonActivity EXITING}
05-28 20:50:47.045  2054  2910 I Transition: finishTransition: updateLastSurfacePosition tf=Task{7f3553 #53630 type=standard A=10288:org.kffs.habilisdatalogger}
05-28 20:52:01.988  2054  8827 D WindowManager: Collecting in transition 2421: ActivityRecord{d9c6b4f u0 org.kffs.habilisdatalogger/org.kivy.android.PythonActivity init visibleRequested:false
05-28 20:52:01.990  2054  8827 I WindowManager: When perf version lower than 2.3, MiGTStub result: false, gameType: 1, packageName: org.kffs.habilisdatalogger
05-28 20:52:01.994  2054  8827 D WindowManager: setLockTaskAuth: task=Task{265f2dc #53631 type=standard A=10288:org.kffs.habilisdatalogger} mLockTaskAuth=LOCK_TASK_AUTH_PINNABLE
05-28 20:52:01.994  2054  8827 D WindowManager: Collecting in transition 2421: Task{265f2dc #53631 type=standard A=10288:org.kffs.habilisdatalogger} init visibleRequested:false
05-28 20:52:01.997  2054  8827 D WindowManager: setLockTaskAuth: task=Task{265f2dc #53631 type=standard A=10288:org.kffs.habilisdatalogger} mLockTaskAuth=LOCK_TASK_AUTH_PINNABLE
05-28 20:52:01.997  2054  8827 D MiuiFreeFormManagerService: onStartActivityInner as = Task{265f2dc #53631 type=standard A=10288:org.kffs.habilisdatalogger} op = ActivityOptions(184355514), mPackageName=null, mAnimationType=13, mStartX=0, mStartY=0, mWidth=0, mHeight=0, mLaunchDisplayId=-1, activityOptionsInjector=ActivityOptionsInjector={freeformScale: -1.0, miniFreeformMode: false, needAnimation: true, useCustomLaunchBounds:false}
05-28 20:52:02.000  2054  8827 I ActivityTaskManager: resumeTopActivityInnerLocked topActivity:ActivityRecord{d9c6b4f u0 org.kffs.habilisdatalogger/org.kivy.android.PythonActivity t53631} isFocusable:true this:Task{265f2dc #53631 type=standard A=10288:org.kffs.habilisdatalogger}
05-28 20:52:02.004  2054  8827 D WindowManager: Collecting in transition 2421: ActivityRecord{d9c6b4f u0 org.kffs.habilisdatalogger/org.kivy.android.PythonActivity t53631} init visibleRequested:false
05-28 20:52:02.004  2054  8827 I ActivityRecordImpl: setReadyForStartingWindow activityRecord = ActivityRecord{d9c6b4f u0 org.kffs.habilisdatalogger/org.kivy.android.PythonActivity t53631}
05-28 20:52:02.005  2054  8827 D WindowManager: Collecting in transition 2421: ActivityRecord{d9c6b4f u0 org.kffs.habilisdatalogger/org.kivy.android.PythonActivity t53631} init visibleRequested:true
05-28 20:52:02.008  2054  8827 I ActivityTaskManager: START u0 {act=android.intent.action.MAIN cat=[android.intent.category.LAUNCHER] flg=0x10200000 cmp=org.kffs.habilisdatalogger/org.kivy.android.PythonActivity bnds=[73,1735][253,1915] (has extras)} with LAUNCH_SINGLE_TASK from uid 10080 from pid 4050 callingPackage com.miui.home (BAL_ALLOW_ALLOWLISTED_COMPONENT) result code=0
05-28 20:52:02.020  2054  2363 I BLASTSyncEngine: SyncGroup 2421:  Unfinished container:ActivityRecord{d9c6b4f u0 org.kffs.habilisdatalogger/org.kivy.android.PythonActivity t53631}
05-28 20:52:02.020  2054  2363 I ActivityRecordImpl: isReadyForStartingWindow topActivity = ActivityRecord{d9c6b4f u0 org.kffs.habilisdatalogger/org.kivy.android.PythonActivity t53631} isLaunchSourceTypeHome = true topActivity.mStartingWindow = Window{c9f5561 u0 Splash Screen org.kffs.habilisdatalogger}
05-28 20:52:02.020  2054  2363 I BLASTSyncEngine: SyncGroup 2421:  Unfinished container:Task{265f2dc #53631 type=standard A=10288:org.kffs.habilisdatalogger}
05-28 20:52:02.020  2054  2363 I ActivityRecordImpl: isReadyForStartingWindow topActivity = ActivityRecord{d9c6b4f u0 org.kffs.habilisdatalogger/org.kivy.android.PythonActivity t53631} isLaunchSourceTypeHome = true topActivity.mStartingWindow = Window{c9f5561 u0 Splash Screen org.kffs.habilisdatalogger}
05-28 20:52:02.021  2054  2363 I SmartPower: org.kffs.habilisdatalogger/10288(23699): died->visible(70454ms) R(become visible) adj=0.
05-28 20:52:02.021  2054  2363 D WindowManager: Final targets: [Task{265f2dc #53631 type=standard A=10288:org.kffs.habilisdatalogger}, Task{8b7be85 #1 type=home}]
05-28 20:52:02.024  2054  2363 D WindowManager: Calling onTransitionReady info={id=2421 t=OPEN f=0x0 trk=0 r=[0@Point(0, 0)] c=[{WCT{RemoteToken{ca63712 Task{265f2dc #53631 type=standard A=10288:org.kffs.habilisdatalogger}}} m=OPEN f=NONE leash=Surface(name=Task=53631#40095)/@0x6bbc174 sb=Rect(0, 0 - 1080, 2400) eb=Rect(0, 0 - 1080, 2400) d=0},{WCT{RemoteToken{c90cabe Task{8b7be85 #1 type=home}}} m=TO_BACK f=SHOW_WALLPAPER leash=Surface(name=Task=1#45)/@0x9160a40 sb=Rect(0, 0 - 1080, 2400) eb=Rect(0, 0 - 1080, 2400) d=0}] noAni=[false]}, mToken=Token{1791ee3 TransitionRecord{cde6d6b id=2421 type=OPEN flags=0x0}}
05-28 20:52:02.031  2054  6579 D CoreBackPreview: Window{c9f5561 u0 Splash Screen org.kffs.habilisdatalogger}: Setting back callback OnBackInvokedCallbackInfo{mCallback=android.window.IOnBackInvokedCallback$Stub$Proxy@5f9cb0c, mPriority=0, mIsAnimationCallback=false}
05-28 20:52:02.059  2054  2385 I ActivityManager: Start proc 24773:org.kffs.habilisdatalogger/u0a288 for top-activity {org.kffs.habilisdatalogger/org.kivy.android.PythonActivity} caller=com.miui.home
05-28 20:52:02.074  2054  2363 I WindowManager: wms.showSurfaceRobustly mWin:Window{c9f5561 u0 Splash Screen org.kffs.habilisdatalogger}
05-28 20:52:02.087  4004  4239 D MiuiFullScreenTaskRepository: addOrUpdateFullScreenTaskInfo taskId=53631, topActivity=ComponentInfo{org.kffs.habilisdatalogger/org.kivy.android.PythonActivity}
05-28 20:52:02.154  4004  4239 D MiuiFullScreenTaskRepository: addOrUpdateFullScreenTaskInfo taskId=53631, topActivity=ComponentInfo{org.kffs.habilisdatalogger/org.kivy.android.PythonActivity}
05-28 20:52:02.169  4004  4239 D MiuiFullScreenTaskRepository: setFocusedTask taskId=53631, displayId=0, topActivity=ComponentInfo{org.kffs.habilisdatalogger/org.kivy.android.PythonActivity}
05-28 20:52:02.169  4004  4239 D MiuiFullScreenTaskRepository: addOrUpdateFullScreenTaskInfo taskId=53631, topActivity=ComponentInfo{org.kffs.habilisdatalogger/org.kivy.android.PythonActivity}
05-28 20:52:02.170  4004  4239 D MiuiFreeformModeController: onFocusTaskChanged taskInfo: TaskInfo{userId=0 taskId=53631 displayId=0 isRunning=true baseIntent=Intent { act=android.intent.action.MAIN cat=[android.intent.category.LAUNCHER] flg=0x10200000 cmp=org.kffs.habilisdatalogger/org.kivy.android.PythonActivity } baseActivity=ComponentInfo{org.kffs.habilisdatalogger/org.kivy.android.PythonActivity} topActivity=ComponentInfo{org.kffs.habilisdatalogger/org.kivy.android.PythonActivity} origActivity=null realActivity=ComponentInfo{org.kffs.habilisdatalogger/org.kivy.android.PythonActivity} numActivities=1 lastActiveTime=346595711 supportsSplitScreenMultiWindow=true supportsMultiWindow=true resizeMode=1 isResizeable=true minWidth=-1 minHeight=-1 defaultMinSize=200 token=WCT{android.window.IWindowContainerToken$Stub$Proxy@f0ec33b} topActivityType=1 pictureInPictureParams=null shouldDockBigOverlays=false launchIntoPipHostTaskId=-1 lastParentTaskIdBeforePip=-1 displayCutoutSafeInsets=Rect(0, 98 - 0, 0) topActivityInfo=ActivityInfo{3674a58 org.kivy.android.PythonActivity} launchCookies=[] positionInParent=Point(0, 0) parentTaskId=-1 isFocused=true isVisible=true isVisibleRequested=true isSleeping=false topActivityInSizeCompat=false topActivityInMiuiSizeCompat=false topActivityEligibleForLetterboxEducation= false topActivityLetterboxed= false isFromDoubleTap= false topActivityLetterboxVerticalPosition= -1 topActivityLetterboxHorizontalPosition= -1 topActivityLetterboxWidth=-1 topActivityLetterboxHeight=-1 locusId=null displayAreaFeatureId=1 cameraCompatControlState=hidden mIsCastMode=false mTopActivityMediaSize=null mTopActivityRecordName=ActivityRecord{d9c6b4f u0 org.kffs.habilisdatalogger/org.kivy.android.PythonActivity t53631} mTopActivityOrientation=1 mTopActivityWindowIsNowVisible=false isTranslucent=false isEmbedded=false shouldBeVisible=true mBehindAppLockPkg=null mOriginatingUid=0}
05-28 20:52:02.243  2054  6579 I UiModeManager: systemserver package:org.kffs.habilisdatalogger null
05-28 20:52:02.300  4004  4239 D MiuiFullScreenTaskRepository: setFocusedTask taskId=53631, displayId=0, topActivity=ComponentInfo{org.kffs.habilisdatalogger/org.kivy.android.PythonActivity}
05-28 20:52:02.300  4004  4239 D MiuiFullScreenTaskRepository: addOrUpdateFullScreenTaskInfo taskId=53631, topActivity=ComponentInfo{org.kffs.habilisdatalogger/org.kivy.android.PythonActivity}
05-28 20:52:02.354 24773 24773 I ForceDarkHelperStubImpl: setViewRootImplForceDark: false for org.kivy.android.PythonActivity@18f6e8, reason: AppDarkModeEnable
05-28 20:52:02.367  4004  4736 D MiuiFreeformModeObserver: activityResumed() intent： Intent { cmp=org.kffs.habilisdatalogger/org.kivy.android.PythonActivity (has extras) }
