06-06 20:41:10.271  1948  2054 I AppsFilter: interaction: PackageSetting{848b61a org.kffs.habilisdatalogger/10344} -> PackageSetting{9901045 com.google.android.safetycore/10342} BLOCKED
06-06 20:41:10.271  1948  2054 I AppsFilter: interaction: PackageSetting{848b61a org.kffs.habilisdatalogger/10344} -> PackageSetting{1aa239a com.google.android.apps.chromecast.app/10341} BLOCKED
06-06 20:41:10.271  1948  2054 I AppsFilter: interaction: PackageSetting{848b61a org.kffs.habilisdatalogger/10344} -> PackageSetting{3d6930 com.android.cts.ctsshim/10279} BLOCKED
06-06 20:41:10.271  1948  2054 I AppsFilter: interaction: PackageSetting{848b61a org.kffs.habilisdatalogger/10344} -> PackageSetting{f6644cb com.miui.mediaeditor/10301} BLOCKED
06-06 20:41:10.271  1948  2054 I AppsFilter: interaction: PackageSetting{848b61a org.kffs.habilisdatalogger/10344} -> PackageSetting{78354a8 com.miui.yellowpage/10171} BLOCKED
06-06 20:41:10.271  1948  2054 I AppsFilter: interaction: PackageSetting{848b61a org.kffs.habilisdatalogger/10344} -> PackageSetting{8a66bc1 com.mi.global.shop/10296} BLOCKED
06-06 20:41:10.271  1948  2054 I AppsFilter: interaction: PackageSetting{848b61a org.kffs.habilisdatalogger/10344} -> PackageSetting{bf6df66 com.google.android.apps.setupwizard.searchselector/10174} BLOCKED
06-06 20:41:10.271  1948  2054 I AppsFilter: interaction: PackageSetting{848b61a org.kffs.habilisdatalogger/10344} -> PackageSetting{f1262a7 com.android.hotspot2.osulogin/10284} BLOCKED
06-06 20:41:10.271  1948  2054 I AppsFilter: interaction: PackageSetting{848b61a org.kffs.habilisdatalogger/10344} -> PackageSetting{90d1354 com.azure.authenticator/10327} BLOCKED
06-06 20:41:10.271  1948  2054 I AppsFilter: interaction: PackageSetting{848b61a org.kffs.habilisdatalogger/10344} -> PackageSetting{d6d02fd com.google.android.gms.location.history/10181} BLOCKED
06-06 20:41:10.271  1948  2054 I AppsFilter: interaction: PackageSetting{848b61a org.kffs.habilisdatalogger/10344} -> PackageSetting{b018bf2 com.android.internal.systemui.navbar.gestural/10060} BLOCKED
06-06 20:41:10.271  1948  2054 I AppsFilter: interaction: PackageSetting{848b61a org.kffs.habilisdatalogger/10344} -> PackageSetting{7788243 com.google.android.overlay.gmsconfig.personalsafety/10025} BLOCKED
06-06 20:41:10.271  1948  2054 I AppsFilter: interaction: PackageSetting{848b61a org.kffs.habilisdatalogger/10344} -> PackageSetting{8d210c0 com.dti.bouyguestelecom/10163} BLOCKED
06-06 20:41:10.271  1948  2054 I AppsFilter: interaction: PackageSetting{848b61a org.kffs.habilisdatalogger/10344} -> PackageSetting{70bd1f9 com.google.android.apps.youtube.music/10293} BLOCKED
06-06 20:41:10.271  1948  2054 I AppsFilter: interaction: PackageSetting{848b61a org.kffs.habilisdatalogger/10344} -> PackageSetting{998753e com.android.bluetoothmidiservice/10114} BLOCKED
06-06 20:41:10.271  1948  2054 I AppsFilter: interaction: PackageSetting{848b61a org.kffs.habilisdatalogger/10344} -> PackageSetting{596ff9f com.facebook.appmanager/10128} BLOCKED
06-06 20:41:10.271  1948  2054 I AppsFilter: interaction: PackageSetting{848b61a org.kffs.habilisdatalogger/10344} -> PackageSetting{72778ec com.google.android.cellbroadcastreceiver/10285} BLOCKED
06-06 20:41:10.271  1948  2054 I AppsFilter: interaction: PackageSetting{848b61a org.kffs.habilisdatalogger/10344} -> PackageSetting{52e94b5 com.orange.aura.oobe/10159} BLOCKED
06-06 20:41:10.271  1948  2054 I AppsFilter: interaction: PackageSetting{848b61a org.kffs.habilisdatalogger/10344} -> PackageSetting{f22a74a com.android.internal.systemui.navbar.gestural_narrow_back/10062} BLOCKED
06-06 20:41:10.271  1948  2054 I AppsFilter: interaction: PackageSetting{848b61a org.kffs.habilisdatalogger/10344} -> PackageSetting{df5f6bb com.google.android.photopicker/10286} BLOCKED
06-06 20:41:10.271  1948  2054 I AppsFilter: interaction: PackageSetting{848b61a org.kffs.habilisdatalogger/10344} -> PackageSetting{28937d8 cn.wps.moffice_eng/10312} BLOCKED
06-06 20:41:10.272  1948  2054 I AppsFilter: interaction: PackageSetting{848b61a org.kffs.habilisdatalogger/10344} -> PackageSetting{c80c731 com.miui.core/10215} BLOCKED
06-06 20:41:10.272  1948  2054 I AppsFilter: interaction: PackageSetting{848b61a org.kffs.habilisdatalogger/10344} -> PackageSetting{6bee16 com.google.android.inputmethod.latin/10186} BLOCKED
06-06 20:41:10.272  1948  2054 I AppsFilter: interaction: PackageSetting{848b61a org.kffs.habilisdatalogger/10344} -> PackageSetting{b834397 com.amazon.kindle/10333} BLOCKED
06-06 20:41:10.272  1948  2054 I AppsFilter: interaction: PackageSetting{848b61a org.kffs.habilisdatalogger/10344} -> PackageSetting{345f984 com.google.android.apps.restore/10147} BLOCKED
06-06 20:41:10.274 16598 16729 V python  : extracting _python_bundle/modules/_bisect.cpython-310.so
06-06 20:41:10.275 16598 16729 V python  : extracting _python_bundle/modules/_blake2.cpython-310.so
06-06 20:41:10.277 16598 16729 V python  : extracting _python_bundle/modules/_codecs_cn.cpython-310.so
06-06 20:41:10.282 16598 16729 V python  : extracting _python_bundle/modules/_codecs_hk.cpython-310.so
06-06 20:41:10.285 16598 16729 V python  : extracting _python_bundle/modules/_codecs_iso2022.cpython-310.so
06-06 20:41:10.287 16598 16729 V python  : extracting _python_bundle/modules/_codecs_jp.cpython-310.so
06-06 20:41:10.293 16598 16729 V python  : extracting _python_bundle/modules/_codecs_kr.cpython-310.so
06-06 20:41:10.294 13186 20627 D MiuiFreeformModeObserver: activityResumed() intent： Intent { cmp=org.kffs.habilisdatalogger/org.kivy.android.PythonActivity (has extras) }
06-06 20:41:10.295  3838  3838 D RecentsImpl: mActivityStateObserver org.kivy.android.PythonActivity
06-06 20:41:10.296  3838  3838 W RecentsImpl: onResumed className=org.kivy.android.PythonActivity   mIsInAnotherPro=false   isKeyguardLocked=false   mSecuritySpaceGuideShown=false
06-06 20:41:10.298 16598 16729 V python  : extracting _python_bundle/modules/_codecs_tw.cpython-310.so
06-06 20:41:10.306  1948  3881 D CoreBackPreview: Window{5eb29f0 u0 org.kffs.habilisdatalogger/org.kivy.android.PythonActivity}: Setting back callback OnBackInvokedCallbackInfo{mCallback=android.window.IOnBackInvokedCallback$Stub$Proxy@70f51c, mPriority=0, mIsAnimationCallback=false}
06-06 20:41:10.306 13186 13275 D MiuiFullScreenTaskRepository: setFocusedTask taskId=253, displayId=0, topActivity=ComponentInfo{org.kffs.habilisdatalogger/org.kivy.android.PythonActivity}
06-06 20:41:10.306 13186 13275 D MiuiFullScreenTaskRepository: addOrUpdateFullScreenTaskInfo taskId=253, topActivity=ComponentInfo{org.kffs.habilisdatalogger/org.kivy.android.PythonActivity}
06-06 20:41:10.307 13186 13275 D MiuiFreeformModeController: onFocusTaskChanged taskInfo: TaskInfo{userId=0 taskId=253 displayId=0 isRunning=true baseIntent=Intent { act=android.intent.action.MAIN cat=[android.intent.category.LAUNCHER] flg=0x34000000 pkg=org.kffs.habilisdatalogger cmp=org.kffs.habilisdatalogger/org.kivy.android.PythonActivity } baseActivity=ComponentInfo{org.kffs.habilisdatalogger/org.kivy.android.PythonActivity} topActivity=ComponentInfo{org.kffs.habilisdatalogger/org.kivy.android.PythonActivity} origActivity=null realActivity=ComponentInfo{org.kffs.habilisdatalogger/org.kivy.android.PythonActivity} numActivities=1 lastActiveTime=213684341 supportsSplitScreenMultiWindow=true supportsMultiWindow=true resizeMode=1 isResizeable=true minWidth=-1 minHeight=-1 defaultMinSize=200 token=WCT{android.window.IWindowContainerToken$Stub$Proxy@4233b9c} topActivityType=1 pictureInPictureParams=null shouldDockBigOverlays=false launchIntoPipHostTaskId=-1 lastParentTaskIdBeforePip=-1 displayCutoutSafeInsets=Rect(0, 98 - 0, 0) topActivityInfo=ActivityInfo{5d219a5 org.kivy.android.PythonActivity} launchCookies=[] positionInParent=Point(0, 0) parentTaskId=-1 isFocused=true isVisible=true isVisibleRequested=true isSleeping=false topActivityInSizeCompat=false topActivityInMiuiSizeCompat=false topActivityEligibleForLetterboxEducation= false topActivityLetterboxed= false isFromDoubleTap= false topActivityLetterboxVerticalPosition= -1 topActivityLetterboxHorizontalPosition= -1 topActivityLetterboxWidth=-1 topActivityLetterboxHeight=-1 locusId=null displayAreaFeatureId=1 cameraCompatControlState=hidden mIsCastMode=false mTopActivityMediaSize=null mTopActivityRecordName=ActivityRecord{1953d72 u0 org.kffs.habilisdatalogger/org.kivy.android.PythonActivity t253} mTopActivityOrientation=1 mTopActivityWindowIsNowVisible=false isTranslucent=false isEmbedded=false shouldBeVisible=true mBehindAppLockPkg=null mOriginatingUid=0}
06-06 20:41:10.310 16598 16729 V python  : extracting _python_bundle/modules/_contextvars.cpython-310.so
06-06 20:41:10.311 16598 16729 V python  : extracting _python_bundle/modules/_csv.cpython-310.so
06-06 20:41:10.313 16598 16729 V python  : extracting _python_bundle/modules/_ctypes.cpython-310.so
06-06 20:41:10.316 16598 16729 V python  : extracting _python_bundle/modules/_ctypes_test.cpython-310.so
06-06 20:41:10.317 16598 16729 V python  : extracting _python_bundle/modules/_datetime.cpython-310.so
06-06 20:41:10.322 16598 16729 V python  : extracting _python_bundle/modules/_decimal.cpython-310.so
06-06 20:41:10.326  1948  3881 D WindowManager: wms.Input focus has changed to Window{5eb29f0 u0 org.kffs.habilisdatalogger/org.kivy.android.PythonActivity} display=0 updateInputWindows = true
06-06 20:41:10.329 16598 16729 V python  : extracting _python_bundle/modules/_elementtree.cpython-310.so
06-06 20:41:10.332 16598 16729 V python  : extracting _python_bundle/modules/_hashlib.cpython-310.so
06-06 20:41:10.333 16598 16729 V python  : extracting _python_bundle/modules/_heapq.cpython-310.so
06-06 20:41:10.335 16598 16729 V python  : extracting _python_bundle/modules/_json.cpython-310.so
06-06 20:41:10.335  1363  2713 I SurfaceFlinger: sf.setTransactionState focusRequest transactionId:8366596764776 frontWin:5eb29f0 org.kffs.habilisdatalogger/org.kivy.android.PythonActivity
06-06 20:41:10.336 16598 16729 V python  : extracting _python_bundle/modules/_lsprof.cpython-310.so
06-06 20:41:10.338 16598 16729 V python  : extracting _python_bundle/modules/_md5.cpython-310.so
06-06 20:41:10.338 16598 16729 V python  : extracting _python_bundle/modules/_multibytecodec.cpython-310.so
06-06 20:41:10.340 16598 16729 V python  : extracting _python_bundle/modules/_multiprocessing.cpython-310.so
06-06 20:41:10.341 16598 16729 V python  : extracting _python_bundle/modules/_opcode.cpython-310.so
06-06 20:41:10.342 16598 16729 V python  : extracting _python_bundle/modules/_pickle.cpython-310.so
06-06 20:41:10.345 16598 16729 V python  : extracting _python_bundle/modules/_posixsubprocess.cpython-310.so
06-06 20:41:10.347 16598 16729 V python  : extracting _python_bundle/modules/_queue.cpython-310.so
06-06 20:41:10.348 16598 16729 V python  : extracting _python_bundle/modules/_random.cpython-310.so
06-06 20:41:10.348 16598 16729 V python  : extracting _python_bundle/modules/_sha1.cpython-310.so
06-06 20:41:10.349 16598 16729 V python  : extracting _python_bundle/modules/_sha256.cpython-310.so
06-06 20:41:10.350 16598 16729 V python  : extracting _python_bundle/modules/_sha3.cpython-310.so
06-06 20:41:10.353 16598 16729 V python  : extracting _python_bundle/modules/_sha512.cpython-310.so
06-06 20:41:10.354 16598 16729 V python  : extracting _python_bundle/modules/_socket.cpython-310.so
06-06 20:41:10.357 16598 16729 V python  : extracting _python_bundle/modules/_sqlite3.cpython-310.so
06-06 20:41:10.359 16598 16729 V python  : extracting _python_bundle/modules/_ssl.cpython-310.so
06-06 20:41:10.364 16598 16729 V python  : extracting _python_bundle/modules/_statistics.cpython-310.so
06-06 20:41:10.364 16598 16729 V python  : extracting _python_bundle/modules/_struct.cpython-310.so
06-06 20:41:10.366 16598 16729 V python  : extracting _python_bundle/modules/_sysconfigdata__linux_aarch64-linux-android.pyc
06-06 20:41:10.367 16598 16729 V python  : extracting _python_bundle/modules/_testbuffer.cpython-310.so
06-06 20:41:10.369 16598 16729 V python  : extracting _python_bundle/modules/_testcapi.cpython-310.so
06-06 20:41:10.373 16598 16729 V python  : extracting _python_bundle/modules/_testclinic.cpython-310.so
06-06 20:41:10.374 16598 16729 V python  : extracting _python_bundle/modules/_testimportmultiple.cpython-310.so
06-06 20:41:10.375 16598 16729 V python  : extracting _python_bundle/modules/_testinternalcapi.cpython-310.so
06-06 20:41:10.376 16598 16729 V python  : extracting _python_bundle/modules/_testmultiphase.cpython-310.so
06-06 20:41:10.378 16598 16729 V python  : extracting _python_bundle/modules/_xxsubinterpreters.cpython-310.so
06-06 20:41:10.379 16598 16729 V python  : extracting _python_bundle/modules/_xxtestfuzz.cpython-310.so
06-06 20:41:10.380 16598 16729 V python  : extracting _python_bundle/modules/_zoneinfo.cpython-310.so
06-06 20:41:10.382 16598 16729 V python  : extracting _python_bundle/modules/array.cpython-310.so
06-06 20:41:10.384 16598 16729 V python  : extracting _python_bundle/modules/audioop.cpython-310.so
06-06 20:41:10.387 16598 16729 V python  : extracting _python_bundle/modules/binascii.cpython-310.so
06-06 20:41:10.389 16598 16729 V python  : extracting _python_bundle/modules/cmath.cpython-310.so
06-06 20:41:10.391 16598 16729 V python  : extracting _python_bundle/modules/fcntl.cpython-310.so
06-06 20:41:10.392 16598 16729 V python  : extracting _python_bundle/modules/math.cpython-310.so
06-06 20:41:10.393 16598 16729 V python  : extracting _python_bundle/modules/mmap.cpython-310.so
06-06 20:41:10.395 16598 16729 V python  : extracting _python_bundle/modules/ossaudiodev.cpython-310.so
06-06 20:41:10.396 16598 16729 V python  : extracting _python_bundle/modules/pyexpat.cpython-310.so
06-06 20:41:10.401 16598 16729 V python  : extracting _python_bundle/modules/resource.cpython-310.so
06-06 20:41:10.405 16598 16729 V python  : extracting _python_bundle/modules/select.cpython-310.so
06-06 20:41:10.406 16598 16729 V python  : extracting _python_bundle/modules/syslog.cpython-310.so
06-06 20:41:10.407 16598 16729 V python  : extracting _python_bundle/modules/termios.cpython-310.so
06-06 20:41:10.408 16598 16729 V python  : extracting _python_bundle/modules/unicodedata.cpython-310.so
06-06 20:41:10.436 16598 16729 V python  : extracting _python_bundle/modules/xxlimited.cpython-310.so
06-06 20:41:10.437 16598 16729 V python  : extracting _python_bundle/modules/xxlimited_35.cpython-310.so
06-06 20:41:10.438 16598 16729 V python  : extracting _python_bundle/modules/zlib.cpython-310.so
06-06 20:41:10.440 16598 16729 V python  : extracting _python_bundle/site-packages/
06-06 20:41:10.440 16598 16729 V python  : extracting _python_bundle/site-packages/4ef79d6367bb14396397__mypyc.so
06-06 20:41:10.460 16598 16729 V python  : extracting _python_bundle/site-packages/PIL/
06-06 20:41:10.460 16598 16729 V python  : extracting _python_bundle/site-packages/PIL/AvifImagePlugin.pyc
06-06 20:41:10.461 16598 16729 V python  : extracting _python_bundle/site-packages/PIL/BdfFontFile.pyc
06-06 20:41:10.462 16598 16729 V python  : extracting _python_bundle/site-packages/PIL/BlpImagePlugin.pyc
06-06 20:41:10.463 16598 16729 V python  : extracting _python_bundle/site-packages/PIL/BmpImagePlugin.pyc
06-06 20:41:10.464 16598 16729 V python  : extracting _python_bundle/site-packages/PIL/BufrStubImagePlugin.pyc
06-06 20:41:10.465 16598 16729 V python  : extracting _python_bundle/site-packages/PIL/ContainerIO.pyc
06-06 20:41:10.466 16598 16729 V python  : extracting _python_bundle/site-packages/PIL/CurImagePlugin.pyc
06-06 20:41:10.469 16598 16729 V python  : extracting _python_bundle/site-packages/PIL/DcxImagePlugin.pyc
06-06 20:41:10.470 16598 16729 V python  : extracting _python_bundle/site-packages/PIL/DdsImagePlugin.pyc
06-06 20:41:10.472 16598 16729 V python  : extracting _python_bundle/site-packages/PIL/EpsImagePlugin.pyc
06-06 20:41:10.473 16598 16729 V python  : extracting _python_bundle/site-packages/PIL/ExifTags.pyc
06-06 20:41:10.474 16598 16729 V python  : extracting _python_bundle/site-packages/PIL/FitsImagePlugin.pyc
06-06 20:41:10.477 16598 16729 V python  : extracting _python_bundle/site-packages/PIL/FliImagePlugin.pyc
06-06 20:41:10.482 16598 16729 V python  : extracting _python_bundle/site-packages/PIL/FontFile.pyc
06-06 20:41:10.484 16598 16729 V python  : extracting _python_bundle/site-packages/PIL/FpxImagePlugin.pyc
06-06 20:41:10.485 16598 16729 V python  : extracting _python_bundle/site-packages/PIL/FtexImagePlugin.pyc
06-06 20:41:10.485 16598 16729 V python  : extracting _python_bundle/site-packages/PIL/GbrImagePlugin.pyc
06-06 20:41:10.486 16598 16729 V python  : extracting _python_bundle/site-packages/PIL/GdImageFile.pyc
06-06 20:41:10.487 16598 16729 V python  : extracting _python_bundle/site-packages/PIL/GifImagePlugin.pyc
06-06 20:41:10.488 16598 16729 V python  : extracting _python_bundle/site-packages/PIL/GimpGradientFile.pyc
06-06 20:41:10.496 16598 16729 V python  : extracting _python_bundle/site-packages/PIL/GimpPaletteFile.pyc
06-06 20:41:10.499 16598 16729 V python  : extracting _python_bundle/site-packages/PIL/GribStubImagePlugin.pyc
06-06 20:41:10.500 16598 16729 V python  : extracting _python_bundle/site-packages/PIL/Hdf5StubImagePlugin.pyc
06-06 20:41:10.504 16598 16729 V python  : extracting _python_bundle/site-packages/PIL/IcnsImagePlugin.pyc
06-06 20:41:10.505 16598 16729 V python  : extracting _python_bundle/site-packages/PIL/IcoImagePlugin.pyc
06-06 20:41:10.506 16598 16729 V python  : extracting _python_bundle/site-packages/PIL/ImImagePlugin.pyc
06-06 20:41:10.507 16598 16729 V python  : extracting _python_bundle/site-packages/PIL/Image.pyc
06-06 20:41:10.508  1948  2054 D WindowManager: wms.finishDrawingLocked: mDrawState=COMMIT_DRAW_PENDING Window{5eb29f0 u0 org.kffs.habilisdatalogger/org.kivy.android.PythonActivity} in Surface(name=org.kffs.habilisdatalogger/org.kivy.android.PythonActivity#51055)/@0xe4b6a9e
06-06 20:41:10.509 16598 16729 V python  : extracting _python_bundle/site-packages/PIL/ImageChops.pyc
06-06 20:41:10.510 16598 16729 V python  : extracting _python_bundle/site-packages/PIL/ImageCms.pyc
06-06 20:41:10.511 16598 16729 V python  : extracting _python_bundle/site-packages/PIL/ImageColor.pyc
06-06 20:41:10.512 16598 16729 V python  : extracting _python_bundle/site-packages/PIL/ImageDraw.pyc
06-06 20:41:10.513 16598 16729 V python  : extracting _python_bundle/site-packages/PIL/ImageDraw2.pyc
06-06 20:41:10.514 16598 16729 V python  : extracting _python_bundle/site-packages/PIL/ImageEnhance.pyc
06-06 20:41:10.515 16598 16729 V python  : extracting _python_bundle/site-packages/PIL/ImageFile.pyc
06-06 20:41:10.518 16598 16729 V python  : extracting _python_bundle/site-packages/PIL/ImageFilter.pyc
06-06 20:41:10.522  1948  2074 W ziparchive: Unable to open '/data/app/~~xohNL_sjW5EWglXuXdI8uw==/org.kffs.habilisdatalogger-hVmvN0HK_u9cJkG3-e_C8A==/base.dm': No such file or directory
06-06 20:41:10.523  1948  2308 I WindowManager: wms.showSurfaceRobustly mWin:Window{5eb29f0 u0 org.kffs.habilisdatalogger/org.kivy.android.PythonActivity}
06-06 20:41:10.525  1948  2074 I ActivityTaskManager: Displayed org.kffs.habilisdatalogger/org.kivy.android.PythonActivity for user 0: +1s10ms
06-06 20:41:10.528 16598 16729 V python  : extracting _python_bundle/site-packages/PIL/ImageFont.pyc
06-06 20:41:10.536 16598 16598 V SDL     : onWindowFocusChanged(): true
06-06 20:41:10.540  1948  2054 D CoreBackPreview: Window{616f92d u0 Splash Screen org.kffs.habilisdatalogger}: Setting back callback null
06-06 20:41:10.541  1948  3881 I ImeTracker: org.kffs.habilisdatalogger:f317ccce: onRequestHide at ORIGIN_SERVER_HIDE_INPUT reason HIDE_UNSPECIFIED_WINDOW
06-06 20:41:10.541  1948  3881 I ImeTracker: org.kffs.habilisdatalogger:f317ccce: onCancelled at PHASE_SERVER_SHOULD_HIDE
06-06 20:41:10.541  1948  3617 W InputManager-JNI: Input channel object '616f92d Splash Screen org.kffs.habilisdatalogger (client)' was disposed without first being removed with the input manager!
06-06 20:41:10.544  1948  2972 D tsched_scene: handleWindowChanged: pkgName: org.kffs.habilisdatalogger, mForegroundAppName: com.google.android.packageinstaller
06-06 20:41:10.546  1363  2719 D MI-SF   : updateScene: module = 270 (Input), value = 0, pkg = org.kffs.habilisdatalogger, Vrr = 1
06-06 20:41:10.563 22864 22864 I GoogleInputMethodService: GoogleInputMethodService.onStartInput():1446 onStartInput(EditorInfo{EditorInfo{packageName=org.kffs.habilisdatalogger, inputType=0, inputTypeString=NULL, enableLearning=false, autoCorrection=false, autoComplete=false, imeOptions=0, privateImeOptions=null, actionName=UNSPECIFIED, actionLabel=null, initialSelStart=-1, initialSelEnd=-1, initialCapsMode=0, label=null, fieldId=0, fieldName=null, extras=Bundle[mParcelledData.dataSize=72], hintText=null, hintLocales=[]}}, false)
06-06 20:41:10.565  1948  3617 W PackageConfigPersister: App-specific configuration not found for packageName: org.kffs.habilisdatalogger and userId: 0
06-06 20:41:10.577  1948  3617 I Transition: finishTransition: updateLastSurfacePosition tf=Task{81d8c35 #253 type=standard A=10344:org.kffs.habilisdatalogger}
06-06 20:41:10.579 16598 16729 V python  : extracting _python_bundle/site-packages/PIL/ImageGrab.pyc
06-06 20:41:10.580  3838  4246 W RecentsModel: getRunningTask   taskInfo=TaskInfo{userId=0 taskId=253 displayId=0 isRunning=true baseIntent=Intent { act=android.intent.action.MAIN cat=[android.intent.category.LAUNCHER] flg=0x34000000 pkg=org.kffs.habilisdatalogger cmp=org.kffs.habilisdatalogger/org.kivy.android.PythonActivity } baseActivity=ComponentInfo{org.kffs.habilisdatalogger/org.kivy.android.PythonActivity} topActivity=ComponentInfo{org.kffs.habilisdatalogger/org.kivy.android.PythonActivity} origActivity=null realActivity=ComponentInfo{org.kffs.habilisdatalogger/org.kivy.android.PythonActivity} numActivities=1 lastActiveTime=213685056 supportsSplitScreenMultiWindow=true supportsMultiWindow=true resizeMode=1 isResizeable=true minWidth=-1 minHeight=-1 defaultMinSize=200 token=WCT{android.window.IWindowContainerToken$Stub$Proxy@2b73a5d} topActivityType=1 pictureInPictureParams=null shouldDockBigOverlays=false launchIntoPipHostTaskId=-1 lastParentTaskIdBeforePip=-1 displayCutoutSafeInsets=Rect(0, 98 - 0, 0) topActivityInfo=ActivityInfo{cba5fd2 org.kivy.android.PythonActivity} launchCookies=[] positionInParent=Point(0, 0) parentTaskId=-1 isFocused=true isVisible=true isVisibleRequested=true isSleeping=false topActivityInSizeCompat=false topActivityInMiuiSizeCompat=false topActivityEligibleForLetterboxEducation= false topActivityLetterboxed= false isFromDoubleTap= false topActivityLetterboxVerticalPosition= -1 topActivityLetterboxHorizontalPosition= -1 topActivityLetterboxWidth=-1 topActivityLetterboxHeight=-1 locusId=null displayAreaFeatureId=1 cameraCompatControlState=hidden mIsCastMode=false mTopActivityMediaSize=null mTopActivityRecordName=ActivityRecord{1953d72 u0 org.kffs.habilisdatalogger/org.kivy.android.PythonActivity t253} mTopActivityOrientation=1 mTopActivityWindowIsNowVisible=true isTranslucent=false isEmbedded=false shouldBeVisible=true mBehindAppLockPkg=null mOriginatingUid=0}
06-06 20:41:10.580  3838  4246 W RecentsModel: getTaskInfoIgnoreHomeAndFreeform   taskInfo=ComponentInfo{org.kffs.habilisdatalogger/org.kivy.android.PythonActivity}
06-06 20:41:10.585 16598 16729 V python  : extracting _python_bundle/site-packages/PIL/ImageMath.pyc
06-06 20:41:10.586  1948  2307 I ActivityTaskManager: resumeTopActivityInnerLocked topActivity:ActivityRecord{1953d72 u0 org.kffs.habilisdatalogger/org.kivy.android.PythonActivity t253} isFocusable:true this:Task{81d8c35 #253 type=standard A=10344:org.kffs.habilisdatalogger}
06-06 20:41:10.589 16598 16729 V python  : extracting _python_bundle/site-packages/PIL/ImageMode.pyc
06-06 20:41:10.593 16598 16729 V python  : extracting _python_bundle/site-packages/PIL/ImageMorph.pyc
06-06 20:41:10.596 16598 16729 V python  : extracting _python_bundle/site-packages/PIL/ImageOps.pyc
06-06 20:41:10.597  3838  4246 E ActivityManagerWrapper: getRecentTasks: mainTaskId=253   userId=0   windowMode=1   baseIntent=Intent { act=android.intent.action.MAIN flag=872415232 cmp=ComponentInfo{org.kffs.habilisdatalogger/org.kivy.android.PythonActivity} }
06-06 20:41:10.601 16598 16729 V python  : extracting _python_bundle/site-packages/PIL/ImagePalette.pyc
06-06 20:41:10.618 16598 16729 V python  : extracting _python_bundle/site-packages/PIL/ImagePath.pyc
06-06 20:41:10.630 16598 16729 V python  : extracting _python_bundle/site-packages/PIL/ImageQt.pyc
06-06 20:41:10.637 16598 16729 V python  : extracting _python_bundle/site-packages/PIL/ImageSequence.pyc
06-06 20:41:10.639 16598 16729 V python  : extracting _python_bundle/site-packages/PIL/ImageShow.pyc
06-06 20:41:10.650 16598 16729 V python  : extracting _python_bundle/site-packages/PIL/ImageStat.pyc
06-06 20:41:10.673 16598 16729 V python  : extracting _python_bundle/site-packages/PIL/ImageTk.pyc
06-06 20:41:10.684 16598 16729 V python  : extracting _python_bundle/site-packages/PIL/ImageTransform.pyc
06-06 20:41:10.695 16598 16729 V python  : extracting _python_bundle/site-packages/PIL/ImageWin.pyc
06-06 20:41:10.702 16598 16729 V python  : extracting _python_bundle/site-packages/PIL/ImtImagePlugin.pyc
06-06 20:41:10.703 16598 16729 V python  : extracting _python_bundle/site-packages/PIL/IptcImagePlugin.pyc
06-06 20:41:10.705 16598 16729 V python  : extracting _python_bundle/site-packages/PIL/Jpeg2KImagePlugin.pyc
06-06 20:41:10.706  1948  3590 I ActivityTaskManager: resumeTopActivityInnerLocked topActivity:ActivityRecord{1953d72 u0 org.kffs.habilisdatalogger/org.kivy.android.PythonActivity t253} isFocusable:true this:Task{81d8c35 #253 type=standard A=10344:org.kffs.habilisdatalogger}
06-06 20:41:10.713 16598 16729 V python  : extracting _python_bundle/site-packages/PIL/JpegImagePlugin.pyc
06-06 20:41:10.717 16598 16729 V python  : extracting _python_bundle/site-packages/PIL/JpegPresets.pyc
06-06 20:41:10.719 16598 16729 V python  : extracting _python_bundle/site-packages/PIL/McIdasImagePlugin.pyc
06-06 20:41:10.720 16598 16729 V python  : extracting _python_bundle/site-packages/PIL/MicImagePlugin.pyc
06-06 20:41:10.720 16598 16729 V python  : extracting _python_bundle/site-packages/PIL/MpegImagePlugin.pyc
06-06 20:41:10.721 16598 16729 V python  : extracting _python_bundle/site-packages/PIL/MpoImagePlugin.pyc
06-06 20:41:10.722 16598 16729 V python  : extracting _python_bundle/site-packages/PIL/MspImagePlugin.pyc
06-06 20:41:10.724 16598 16729 V python  : extracting _python_bundle/site-packages/PIL/PSDraw.pyc
06-06 20:41:10.725 16598 16729 V python  : extracting _python_bundle/site-packages/PIL/PaletteFile.pyc
06-06 20:41:10.726 16598 16729 V python  : extracting _python_bundle/site-packages/PIL/PalmImagePlugin.pyc
06-06 20:41:10.726 16598 16729 V python  : extracting _python_bundle/site-packages/PIL/PcdImagePlugin.pyc
06-06 20:41:10.728 16598 16729 V python  : extracting _python_bundle/site-packages/PIL/PcfFontFile.pyc
06-06 20:41:10.729 16598 16729 V python  : extracting _python_bundle/site-packages/PIL/PcxImagePlugin.pyc
06-06 20:41:10.730 16598 16729 V python  : extracting _python_bundle/site-packages/PIL/PdfImagePlugin.pyc
06-06 20:41:10.737 16598 16729 V python  : extracting _python_bundle/site-packages/PIL/PdfParser.pyc
06-06 20:41:10.740 16598 16729 V python  : extracting _python_bundle/site-packages/PIL/PixarImagePlugin.pyc
06-06 20:41:10.744 16598 16729 V python  : extracting _python_bundle/site-packages/PIL/PngImagePlugin.pyc
06-06 20:41:10.756 16598 16729 V python  : extracting _python_bundle/site-packages/PIL/PpmImagePlugin.pyc
06-06 20:41:10.757 16598 16729 V python  : extracting _python_bundle/site-packages/PIL/PsdImagePlugin.pyc
06-06 20:41:10.758 16598 16729 V python  : extracting _python_bundle/site-packages/PIL/QoiImagePlugin.pyc
06-06 20:41:10.759 16598 16729 V python  : extracting _python_bundle/site-packages/PIL/SgiImagePlugin.pyc
06-06 20:41:10.760 16598 16729 V python  : extracting _python_bundle/site-packages/PIL/SpiderImagePlugin.pyc
06-06 20:41:10.761 16598 16729 V python  : extracting _python_bundle/site-packages/PIL/SunImagePlugin.pyc
06-06 20:41:10.762 16598 16729 V python  : extracting _python_bundle/site-packages/PIL/TarIO.pyc
06-06 20:41:10.762 16598 16729 V python  : extracting _python_bundle/site-packages/PIL/TgaImagePlugin.pyc
06-06 20:41:10.763 16598 16729 V python  : extracting _python_bundle/site-packages/PIL/TiffImagePlugin.pyc
06-06 20:41:10.768 16598 16729 V python  : extracting _python_bundle/site-packages/PIL/TiffTags.pyc
06-06 20:41:10.772 16598 16729 V python  : extracting _python_bundle/site-packages/PIL/WalImageFile.pyc
06-06 20:41:10.773 16598 16729 V python  : extracting _python_bundle/site-packages/PIL/WebPImagePlugin.pyc
06-06 20:41:10.778 16598 16729 V python  : extracting _python_bundle/site-packages/PIL/WmfImagePlugin.pyc
06-06 20:41:10.780 16598 16729 V python  : extracting _python_bundle/site-packages/PIL/XVThumbImagePlugin.pyc
06-06 20:41:10.781 16598 16729 V python  : extracting _python_bundle/site-packages/PIL/XbmImagePlugin.pyc
06-06 20:41:10.782 16598 16729 V python  : extracting _python_bundle/site-packages/PIL/XpmImagePlugin.pyc
06-06 20:41:10.782 16598 16729 V python  : extracting _python_bundle/site-packages/PIL/__init__.pyc
06-06 20:41:10.783 16598 16729 V python  : extracting _python_bundle/site-packages/PIL/__main__.pyc
06-06 20:41:10.783 16598 16729 V python  : extracting _python_bundle/site-packages/PIL/_avif.pyi
06-06 20:41:10.784 16598 16729 V python  : extracting _python_bundle/site-packages/PIL/_binary.pyc
06-06 20:41:10.784 16598 16729 V python  : extracting _python_bundle/site-packages/PIL/_deprecate.pyc
06-06 20:41:10.785 16598 16729 V python  : extracting _python_bundle/site-packages/PIL/_imaging.pyi
06-06 20:41:10.786 16598 16729 V python  : extracting _python_bundle/site-packages/PIL/_imaging.so
06-06 20:41:10.800 16598 16729 V python  : extracting _python_bundle/site-packages/PIL/_imagingcms.pyi
06-06 20:41:10.802 16598 16729 V python  : extracting _python_bundle/site-packages/PIL/_imagingft.pyi
06-06 20:41:10.802 16598 16729 V python  : extracting _python_bundle/site-packages/PIL/_imagingft.so
06-06 20:41:10.804 16598 16729 V python  : extracting _python_bundle/site-packages/PIL/_imagingmath.pyi
06-06 20:41:10.804 16598 16729 V python  : extracting _python_bundle/site-packages/PIL/_imagingmath.so
06-06 20:41:10.805 16598 16729 V python  : extracting _python_bundle/site-packages/PIL/_imagingmorph.pyi
06-06 20:41:10.806 16598 16729 V python  : extracting _python_bundle/site-packages/PIL/_imagingmorph.so
06-06 20:41:10.806 16598 16729 V python  : extracting _python_bundle/site-packages/PIL/_imagingtk.pyi
06-06 20:41:10.807 16598 16729 V python  : extracting _python_bundle/site-packages/PIL/_imagingtk.so
06-06 20:41:10.807 16598 16729 V python  : extracting _python_bundle/site-packages/PIL/_tkinter_finder.pyc
06-06 20:41:10.808 16598 16729 V python  : extracting _python_bundle/site-packages/PIL/_typing.pyc
06-06 20:41:10.808 16598 16729 V python  : extracting _python_bundle/site-packages/PIL/_util.pyc
06-06 20:41:10.809 16598 16729 V python  : extracting _python_bundle/site-packages/PIL/_version.pyc
06-06 20:41:10.809 16598 16729 V python  : extracting _python_bundle/site-packages/PIL/_webp.pyi
06-06 20:41:10.810 16598 16729 V python  : extracting _python_bundle/site-packages/PIL/features.pyc
06-06 20:41:10.810 16598 16729 V python  : extracting _python_bundle/site-packages/PIL/py.typed
06-06 20:41:10.811 16598 16729 V python  : extracting _python_bundle/site-packages/PIL/report.pyc
06-06 20:41:10.827 16598 16729 V python  : extracting _python_bundle/site-packages/_distutils_hack/
06-06 20:41:10.828 16598 16729 V python  : extracting _python_bundle/site-packages/_distutils_hack/__init__.pyc
06-06 20:41:10.828 16598 16729 V python  : extracting _python_bundle/site-packages/_distutils_hack/override.pyc
06-06 20:41:10.829 16598 16729 V python  : extracting _python_bundle/site-packages/android-1.0.dist-info/
06-06 20:41:10.829 16598 16729 V python  : extracting _python_bundle/site-packages/android-1.0.dist-info/METADATA
06-06 20:41:10.830 16598 16729 V python  : extracting _python_bundle/site-packages/android-1.0.dist-info/RECORD
06-06 20:41:10.830 16598 16729 V python  : extracting _python_bundle/site-packages/android-1.0.dist-info/WHEEL
06-06 20:41:10.831 16598 16729 V python  : extracting _python_bundle/site-packages/android-1.0.dist-info/top_level.txt
06-06 20:41:10.831 16598 16729 V python  : extracting _python_bundle/site-packages/android/
06-06 20:41:10.832 16598 16729 V python  : extracting _python_bundle/site-packages/android/__init__.pyc
06-06 20:41:10.832 16598 16729 V python  : extracting _python_bundle/site-packages/android/_android.so
06-06 20:41:10.837 16598 16729 V python  : extracting _python_bundle/site-packages/android/_android_billing.so
06-06 20:41:10.852 16598 16729 V python  : extracting _python_bundle/site-packages/android/_android_sound.so
06-06 20:41:10.855 16598 16729 V python  : extracting _python_bundle/site-packages/android/_ctypes_library_finder.pyc
06-06 20:41:10.858 16598 16729 V python  : extracting _python_bundle/site-packages/android/activity.pyc
06-06 20:41:10.858 16598 16729 V python  : extracting _python_bundle/site-packages/android/billing.pyc
06-06 20:41:10.859 16598 16729 V python  : extracting _python_bundle/site-packages/android/broadcast.pyc
06-06 20:41:10.859  1948  7850 I ActivityTaskManager: resumeTopActivityInnerLocked topActivity:ActivityRecord{1953d72 u0 org.kffs.habilisdatalogger/org.kivy.android.PythonActivity t253} isFocusable:true this:Task{81d8c35 #253 type=standard A=10344:org.kffs.habilisdatalogger}
06-06 20:41:10.860 16598 16729 V python  : extracting _python_bundle/site-packages/android/config.pyc
06-06 20:41:10.861 16598 16729 V python  : extracting _python_bundle/site-packages/android/display_cutout.pyc
06-06 20:41:10.861 16598 16729 V python  : extracting _python_bundle/site-packages/android/loadingscreen.pyc
06-06 20:41:10.862 16598 16729 V python  : extracting _python_bundle/site-packages/android/mixer.pyc
06-06 20:41:10.863 16598 16729 V python  : extracting _python_bundle/site-packages/android/permissions.pyc
06-06 20:41:10.869 16598 16729 V python  : extracting _python_bundle/site-packages/android/runnable.pyc
06-06 20:41:10.870 16598 16729 V python  : extracting _python_bundle/site-packages/android/storage.pyc
06-06 20:41:10.870 16598 16729 V python  : extracting _python_bundle/site-packages/android/touch.pyc
06-06 20:41:10.871 16598 16729 V python  : extracting _python_bundle/site-packages/bin/
06-06 20:41:10.871 16598 16729 V python  : extracting _python_bundle/site-packages/bin/chardetect
06-06 20:41:10.872 16598 16729 V python  : extracting _python_bundle/site-packages/bin/filetype
06-06 20:41:10.872 16598 16729 V python  : extracting _python_bundle/site-packages/bin/idna
06-06 20:41:10.872 16598 16729 V python  : extracting _python_bundle/site-packages/bin/kivymd.add_view
06-06 20:41:10.873 16598 16729 V python  : extracting _python_bundle/site-packages/bin/kivymd.create_project
06-06 20:41:10.873 16598 16729 V python  : extracting _python_bundle/site-packages/bin/kivymd.make_release
06-06 20:41:10.873 16598 16729 V python  : extracting _python_bundle/site-packages/bin/qr
06-06 20:41:10.874 16598 16729 V python  : extracting _python_bundle/site-packages/certifi-2026.5.20.dist-info/
06-06 20:41:10.874 16598 16729 V python  : extracting _python_bundle/site-packages/certifi-2026.5.20.dist-info/INSTALLER
06-06 20:41:10.885 16598 16729 V python  : extracting _python_bundle/site-packages/certifi-2026.5.20.dist-info/METADATA
06-06 20:41:10.885 16598 16729 V python  : extracting _python_bundle/site-packages/certifi-2026.5.20.dist-info/RECORD
06-06 20:41:10.886 16598 16729 V python  : extracting _python_bundle/site-packages/certifi-2026.5.20.dist-info/REQUESTED
06-06 20:41:10.886 16598 16729 V python  : extracting _python_bundle/site-packages/certifi-2026.5.20.dist-info/WHEEL
06-06 20:41:10.886 16598 16729 V python  : extracting _python_bundle/site-packages/certifi-2026.5.20.dist-info/licenses/
06-06 20:41:10.887 16598 16729 V python  : extracting _python_bundle/site-packages/certifi-2026.5.20.dist-info/licenses/LICENSE
06-06 20:41:10.887 16598 16729 V python  : extracting _python_bundle/site-packages/certifi-2026.5.20.dist-info/top_level.txt
06-06 20:41:10.887 16598 16729 V python  : extracting _python_bundle/site-packages/certifi/
06-06 20:41:10.888 16598 16729 V python  : extracting _python_bundle/site-packages/certifi/__init__.pyc
06-06 20:41:10.888 16598 16729 V python  : extracting _python_bundle/site-packages/certifi/__main__.pyc
06-06 20:41:10.889 16598 16729 V python  : extracting _python_bundle/site-packages/certifi/cacert.pem
06-06 20:41:10.895 16598 16729 V python  : extracting _python_bundle/site-packages/certifi/core.pyc
06-06 20:41:10.896 16598 16729 V python  : extracting _python_bundle/site-packages/certifi/py.typed
06-06 20:41:10.896 16598 16729 V python  : extracting _python_bundle/site-packages/chardet-7.4.3.dist-info/
06-06 20:41:10.897 16598 16729 V python  : extracting _python_bundle/site-packages/chardet-7.4.3.dist-info/INSTALLER
06-06 20:41:10.897 16598 16729 V python  : extracting _python_bundle/site-packages/chardet-7.4.3.dist-info/METADATA
06-06 20:41:10.898 16598 16729 V python  : extracting _python_bundle/site-packages/chardet-7.4.3.dist-info/RECORD
06-06 20:41:10.898 16598 16729 V python  : extracting _python_bundle/site-packages/chardet-7.4.3.dist-info/REQUESTED
06-06 20:41:10.899 16598 16729 V python  : extracting _python_bundle/site-packages/chardet-7.4.3.dist-info/WHEEL
06-06 20:41:10.899 16598 16729 V python  : extracting _python_bundle/site-packages/chardet-7.4.3.dist-info/entry_points.txt
06-06 20:41:10.904 16598 16729 V python  : extracting _python_bundle/site-packages/chardet-7.4.3.dist-info/licenses/
06-06 20:41:10.904 16598 16729 V python  : extracting _python_bundle/site-packages/chardet-7.4.3.dist-info/licenses/LICENSE
06-06 20:41:10.905 16598 16729 V python  : extracting _python_bundle/site-packages/chardet/
06-06 20:41:10.906 16598 16729 V python  : extracting _python_bundle/site-packages/chardet/__init__.pyc
06-06 20:41:10.906 16598 16729 V python  : extracting _python_bundle/site-packages/chardet/__main__.pyc
06-06 20:41:10.907 16598 16729 V python  : extracting _python_bundle/site-packages/chardet/_utils.pyc
06-06 20:41:10.907 16598 16729 V python  : extracting _python_bundle/site-packages/chardet/_version.pyc
06-06 20:41:10.908 16598 16729 V python  : extracting _python_bundle/site-packages/chardet/cli.pyc
06-06 20:41:10.908 16598 16729 V python  : extracting _python_bundle/site-packages/chardet/detector.pyc
06-06 20:41:10.909 16598 16729 V python  : extracting _python_bundle/site-packages/chardet/enums.pyc
06-06 20:41:10.909 16598 16729 V python  : extracting _python_bundle/site-packages/chardet/equivalences.pyc
06-06 20:41:10.909 16598 16729 V python  : extracting _python_bundle/site-packages/chardet/models/
06-06 20:41:10.910 16598 16729 V python  : extracting _python_bundle/site-packages/chardet/models/__init__.pyc
06-06 20:41:10.911 16598 16729 V python  : extracting _python_bundle/site-packages/chardet/models/__init__.so
06-06 20:41:10.925 16598 16729 V python  : extracting _python_bundle/site-packages/chardet/models/confusion.bin
06-06 20:41:10.925 16598 16729 V python  : extracting _python_bundle/site-packages/chardet/models/idf.bin
06-06 20:41:10.927 16598 16729 V python  : extracting _python_bundle/site-packages/chardet/models/models.bin
06-06 20:41:10.950 16598 16729 V python  : extracting _python_bundle/site-packages/chardet/models/training_metadata.yaml
06-06 20:41:10.964 16598 16729 V python  : extracting _python_bundle/site-packages/chardet/pipeline/
06-06 20:41:10.964 16598 16729 V python  : extracting _python_bundle/site-packages/chardet/pipeline/__init__.pyc
06-06 20:41:10.965 16598 16729 V python  : extracting _python_bundle/site-packages/chardet/pipeline/ascii.pyc
06-06 20:41:10.966 16598 16729 V python  : extracting _python_bundle/site-packages/chardet/pipeline/ascii.so
06-06 20:41:10.966 16598 16729 V python  : extracting _python_bundle/site-packages/chardet/pipeline/binary.pyc
06-06 20:41:10.967 16598 16729 V python  : extracting _python_bundle/site-packages/chardet/pipeline/bom.pyc
06-06 20:41:10.968 16598 16729 V python  : extracting _python_bundle/site-packages/chardet/pipeline/confusion.pyc
06-06 20:41:10.968 16598 16729 V python  : extracting _python_bundle/site-packages/chardet/pipeline/confusion.so
06-06 20:41:10.969 16598 16729 V python  : extracting _python_bundle/site-packages/chardet/pipeline/escape.pyc
06-06 20:41:10.969 16598 16729 V python  : extracting _python_bundle/site-packages/chardet/pipeline/escape.so
06-06 20:41:10.970 16598 16729 V python  : extracting _python_bundle/site-packages/chardet/pipeline/magic.pyc
06-06 20:41:10.972 16598 16729 V python  : extracting _python_bundle/site-packages/chardet/pipeline/magic.so
06-06 20:41:10.978 16598 16729 V python  : extracting _python_bundle/site-packages/chardet/pipeline/markup.pyc
06-06 20:41:10.978 16598 16729 V python  : extracting _python_bundle/site-packages/chardet/pipeline/orchestrator.pyc
06-06 20:41:10.979 16598 16729 V python  : extracting _python_bundle/site-packages/chardet/pipeline/orchestrator.so
06-06 20:41:10.980 16598 16729 V python  : extracting _python_bundle/site-packages/chardet/pipeline/statistical.pyc
06-06 20:41:10.980 16598 16729 V python  : extracting _python_bundle/site-packages/chardet/pipeline/statistical.so
06-06 20:41:10.985 16598 16729 V python  : extracting _python_bundle/site-packages/chardet/pipeline/structural.pyc
06-06 20:41:10.986 16598 16729 V python  : extracting _python_bundle/site-packages/chardet/pipeline/structural.so
06-06 20:41:10.986 16598 16729 V python  : extracting _python_bundle/site-packages/chardet/pipeline/utf1632.pyc
06-06 20:41:10.987 16598 16729 V python  : extracting _python_bundle/site-packages/chardet/pipeline/utf1632.so
06-06 20:41:10.987 16598 16729 V python  : extracting _python_bundle/site-packages/chardet/pipeline/utf8.pyc
06-06 20:41:10.988 16598 16729 V python  : extracting _python_bundle/site-packages/chardet/pipeline/utf8.so
06-06 20:41:10.988 16598 16729 V python  : extracting _python_bundle/site-packages/chardet/pipeline/validity.pyc
06-06 20:41:10.989 16598 16729 V python  : extracting _python_bundle/site-packages/chardet/pipeline/validity.so
06-06 20:41:10.989 16598 16729 V python  : extracting _python_bundle/site-packages/chardet/py.typed
06-06 20:41:10.990 16598 16729 V python  : extracting _python_bundle/site-packages/chardet/registry.pyc
06-06 20:41:10.991 16598 16729 V python  : extracting _python_bundle/site-packages/chardet/universaldetector.pyc
06-06 20:41:10.994 16598 16729 V python  : extracting _python_bundle/site-packages/distutils-precedence.pth
06-06 20:41:10.995 16598 16729 V python  : extracting _python_bundle/site-packages/filetype-1.2.0.dist-info/
06-06 20:41:10.995 16598 16729 V python  : extracting _python_bundle/site-packages/filetype-1.2.0.dist-info/INSTALLER
06-06 20:41:10.996 16598 16729 V python  : extracting _python_bundle/site-packages/filetype-1.2.0.dist-info/LICENSE
06-06 20:41:10.996 16598 16729 V python  : extracting _python_bundle/site-packages/filetype-1.2.0.dist-info/METADATA
06-06 20:41:10.997 16598 16729 V python  : extracting _python_bundle/site-packages/filetype-1.2.0.dist-info/RECORD
06-06 20:41:10.999 16598 16729 V python  : extracting _python_bundle/site-packages/filetype-1.2.0.dist-info/REQUESTED
06-06 20:41:11.000 16598 16729 V python  : extracting _python_bundle/site-packages/filetype-1.2.0.dist-info/WHEEL
06-06 20:41:11.000 16598 16729 V python  : extracting _python_bundle/site-packages/filetype-1.2.0.dist-info/entry_points.txt
06-06 20:41:11.001 16598 16729 V python  : extracting _python_bundle/site-packages/filetype-1.2.0.dist-info/top_level.txt
06-06 20:41:11.001 16598 16729 V python  : extracting _python_bundle/site-packages/filetype-1.2.0.dist-info/zip-safe
06-06 20:41:11.001 16598 16729 V python  : extracting _python_bundle/site-packages/filetype/
06-06 20:41:11.002 16598 16729 V python  : extracting _python_bundle/site-packages/filetype/__init__.pyc
06-06 20:41:11.002 16598 16729 V python  : extracting _python_bundle/site-packages/filetype/__main__.pyc
06-06 20:41:11.003 16598 16729 V python  : extracting _python_bundle/site-packages/filetype/filetype.pyc
06-06 20:41:11.003 16598 16729 V python  : extracting _python_bundle/site-packages/filetype/helpers.pyc
06-06 20:41:11.021 16598 16729 V python  : extracting _python_bundle/site-packages/filetype/match.pyc
06-06 20:41:11.022 16598 16729 V python  : extracting _python_bundle/site-packages/filetype/types/
06-06 20:41:11.022 16598 16729 V python  : extracting _python_bundle/site-packages/filetype/types/__init__.pyc
06-06 20:41:11.023 16598 16729 V python  : extracting _python_bundle/site-packages/filetype/types/application.pyc
06-06 20:41:11.023 16598 16729 V python  : extracting _python_bundle/site-packages/filetype/types/archive.pyc
06-06 20:41:11.024 16598 16729 V python  : extracting _python_bundle/site-packages/filetype/types/audio.pyc
06-06 20:41:11.025 16598 16729 V python  : extracting _python_bundle/site-packages/filetype/types/base.pyc
06-06 20:41:11.031 16598 16729 V python  : extracting _python_bundle/site-packages/filetype/types/document.pyc
06-06 20:41:11.031 16598 16729 V python  : extracting _python_bundle/site-packages/filetype/types/font.pyc
06-06 20:41:11.032 16598 16729 V python  : extracting _python_bundle/site-packages/filetype/types/image.pyc
06-06 20:41:11.032 16598 16729 V python  : extracting _python_bundle/site-packages/filetype/types/isobmff.pyc
06-06 20:41:11.033 16598 16729 V python  : extracting _python_bundle/site-packages/filetype/types/video.pyc
06-06 20:41:11.033 16598 16729 V python  : extracting _python_bundle/site-packages/filetype/utils.pyc
06-06 20:41:11.034 16598 16729 V python  : extracting _python_bundle/site-packages/idna-3.18.dist-info/
06-06 20:41:11.042 16598 16729 V python  : extracting _python_bundle/site-packages/idna-3.18.dist-info/INSTALLER
06-06 20:41:11.043 16598 16729 V python  : extracting _python_bundle/site-packages/idna-3.18.dist-info/METADATA
06-06 20:41:11.043 16598 16729 V python  : extracting _python_bundle/site-packages/idna-3.18.dist-info/RECORD
06-06 20:41:11.044 16598 16729 V python  : extracting _python_bundle/site-packages/idna-3.18.dist-info/REQUESTED
06-06 20:41:11.044 16598 16729 V python  : extracting _python_bundle/site-packages/idna-3.18.dist-info/WHEEL
06-06 20:41:11.045 16598 16729 V python  : extracting _python_bundle/site-packages/idna-3.18.dist-info/entry_points.txt
06-06 20:41:11.045 16598 16729 V python  : extracting _python_bundle/site-packages/idna-3.18.dist-info/licenses/
06-06 20:41:11.045 16598 16729 V python  : extracting _python_bundle/site-packages/idna-3.18.dist-info/licenses/LICENSE.md
06-06 20:41:11.046 16598 16729 V python  : extracting _python_bundle/site-packages/idna/
06-06 20:41:11.046 16598 16729 V python  : extracting _python_bundle/site-packages/idna/__init__.pyc
06-06 20:41:11.047 16598 16729 V python  : extracting _python_bundle/site-packages/idna/__main__.pyc
06-06 20:41:11.047 16598 16729 V python  : extracting _python_bundle/site-packages/idna/cli.pyc
06-06 20:41:11.048 16598 16729 V python  : extracting _python_bundle/site-packages/idna/codec.pyc
06-06 20:41:11.048 16598 16729 V python  : extracting _python_bundle/site-packages/idna/compat.pyc
06-06 20:41:11.049 16598 16729 V python  : extracting _python_bundle/site-packages/idna/core.pyc
06-06 20:41:11.049 16598 16729 V python  : extracting _python_bundle/site-packages/idna/idnadata.pyc
06-06 20:41:11.050 16598 16729 V python  : extracting _python_bundle/site-packages/idna/intranges.pyc
06-06 20:41:11.051 16598 16729 V python  : extracting _python_bundle/site-packages/idna/package_data.pyc
06-06 20:41:11.051 16598 16729 V python  : extracting _python_bundle/site-packages/idna/py.typed
06-06 20:41:11.052 16598 16729 V python  : extracting _python_bundle/site-packages/idna/uts46data.pyc
06-06 20:41:11.054 16598 16729 V python  : extracting _python_bundle/site-packages/jnius/
06-06 20:41:11.054 16598 16729 V python  : extracting _python_bundle/site-packages/jnius/__init__.pyc
06-06 20:41:11.054 16598 16729 V python  : extracting _python_bundle/site-packages/jnius/env.pyc
06-06 20:41:11.055 16598 16729 V python  : extracting _python_bundle/site-packages/jnius/jnius.so
06-06 20:41:11.067 16598 16729 V python  : extracting _python_bundle/site-packages/jnius/reflect.pyc
06-06 20:41:11.068 16598 16729 V python  : extracting _python_bundle/site-packages/jnius/signatures.pyc
06-06 20:41:11.069 16598 16729 V python  : extracting _python_bundle/site-packages/jnius/src/org/
06-06 20:41:11.069 16598 16729 V python  : extracting _python_bundle/site-packages/jnius/src/org/jnius/
06-06 20:41:11.070 16598 16729 V python  : extracting _python_bundle/site-packages/jnius/src/org/jnius/NativeInvocationHandler.class
06-06 20:41:11.070 16598 16729 V python  : extracting _python_bundle/site-packages/jnius/src/org/jnius/NativeInvocationHandler.java
06-06 20:41:11.071 16598 16729 V python  : extracting _python_bundle/site-packages/jnius_config.pyc
06-06 20:41:11.075 16598 16729 V python  : extracting _python_bundle/site-packages/kivy-2.2.1.dist-info/
06-06 20:41:11.076 16598 16729 V python  : extracting _python_bundle/site-packages/kivy-2.2.1.dist-info/METADATA
06-06 20:41:11.076 16598 16729 V python  : extracting _python_bundle/site-packages/kivy-2.2.1.dist-info/RECORD
06-06 20:41:11.078 16598 16729 V python  : extracting _python_bundle/site-packages/kivy-2.2.1.dist-info/WHEEL
