06-12 22:14:58.744  3838  4246 E ActivityManagerWrapper: getRecentTasks: mainTaskId=625   userId=0   windowMode=1   baseIntent=Intent { act=android.intent.action.MAIN flag=268435456 cmp=ComponentInfo{org.kffs.habilisdatalogger/org.kivy.android.PythonActivity} }
06-12 22:14:58.747  3838  4246 D WorldCirculate: getWorldCirculateInfo, taskInfo.baseIntent=Intent { act=android.intent.action.MAIN cat=[android.intent.category.LAUNCHER] flg=0x10000000 pkg=org.kffs.habilisdatalogger cmp=org.kffs.habilisdatalogger/org.kivy.android.PythonActivity }, displayId=-1, but get Display failed
06-12 22:14:58.761  3838  4246 E ActivityManagerWrapper: getRecentTasks: mainTaskId=625   userId=0   windowMode=1   baseIntent=Intent { act=android.intent.action.MAIN flag=268435456 cmp=ComponentInfo{org.kffs.habilisdatalogger/org.kivy.android.PythonActivity} }
06-12 22:14:58.762  3838  4246 D WorldCirculate: getWorldCirculateInfo, taskInfo.baseIntent=Intent { act=android.intent.action.MAIN cat=[android.intent.category.LAUNCHER] flg=0x10000000 pkg=org.kffs.habilisdatalogger cmp=org.kffs.habilisdatalogger/org.kivy.android.PythonActivity }, displayId=-1, but get Display failed
06-12 22:14:59.692  3838  3838 D Launcher.CellLayout: touch item:ShortcutInfo, id=138, itemType=0, user=UserHandle{0}, mIconType=0, pkgName=org.kffs.habilisdatalogger, className=org.kivy.android.PythonActivity, screenId=2, container=-100, cellX=3, cellY=2, spanX=1, spanY=1
06-12 22:14:59.764  3838  3838 D Launcher: launch, launchIntent=Intent { act=android.intent.action.MAIN cat=[android.intent.category.LAUNCHER] flg=0x10200000 cmp=org.kffs.habilisdatalogger/org.kivy.android.PythonActivity (has extras) }
06-12 22:14:59.772  1948  7880 D WindowManager: Collecting in transition 9515: ActivityRecord{fd590c9 u0 org.kffs.habilisdatalogger/org.kivy.android.PythonActivity init visibleRequested:false
06-12 22:14:59.774  1948  7880 D MiGgameTypeIdentificationImpl: checkIfGameBeSupported app:org.kffs.habilisdatalogger
06-12 22:14:59.774  1948  7880 I WindowManager: When perf version lower than 2.3, MiGTStub result: false, gameType: 1, packageName: org.kffs.habilisdatalogger
06-12 22:14:59.778  1948  7880 D WindowManager: setLockTaskAuth: task=Task{48213ce #627 type=standard A=10362:org.kffs.habilisdatalogger} mLockTaskAuth=LOCK_TASK_AUTH_PINNABLE
06-12 22:14:59.778  1948  7880 D WindowManager: Collecting in transition 9515: Task{48213ce #627 type=standard A=10362:org.kffs.habilisdatalogger} init visibleRequested:false
06-12 22:14:59.781  1948  7880 D WindowManager: setLockTaskAuth: task=Task{48213ce #627 type=standard A=10362:org.kffs.habilisdatalogger} mLockTaskAuth=LOCK_TASK_AUTH_PINNABLE
06-12 22:14:59.782  1948  7880 D MiuiFreeFormManagerService: onStartActivityInner as = Task{48213ce #627 type=standard A=10362:org.kffs.habilisdatalogger} op = ActivityOptions(24912380), mPackageName=null, mAnimationType=13, mStartX=0, mStartY=0, mWidth=0, mHeight=0, mLaunchDisplayId=-1, activityOptionsInjector=ActivityOptionsInjector={freeformScale: -1.0, miniFreeformMode: false, needAnimation: true, useCustomLaunchBounds:false}
06-12 22:14:59.783  3718  3785 I DynamicDDSService: handleMessage(ACTIVITY_INVOKE{appInfo=org.kffs.habilisdatalogger isFullScreen=}true)
06-12 22:14:59.784  1948  7880 I ActivityTaskManager: resumeTopActivityInnerLocked topActivity:ActivityRecord{fd590c9 u0 org.kffs.habilisdatalogger/org.kivy.android.PythonActivity t627} isFocusable:true this:Task{48213ce #627 type=standard A=10362:org.kffs.habilisdatalogger}
06-12 22:14:59.786  1948  7880 D WindowManager: Collecting in transition 9515: ActivityRecord{fd590c9 u0 org.kffs.habilisdatalogger/org.kivy.android.PythonActivity t627} init visibleRequested:false
06-12 22:14:59.786  1948  7880 I ActivityRecordImpl: setReadyForStartingWindow activityRecord = ActivityRecord{fd590c9 u0 org.kffs.habilisdatalogger/org.kivy.android.PythonActivity t627}
06-12 22:14:59.788  1948  7880 D WindowManager: Collecting in transition 9515: ActivityRecord{fd590c9 u0 org.kffs.habilisdatalogger/org.kivy.android.PythonActivity t627} init visibleRequested:true
06-12 22:14:59.790 13186 13275 D WindowManagerShell: wct=WindowContainerTransaction { changes = {} hops = [] errorCallbackToken=null taskFragmentOrganizer=null }, hander=com.android.wm.shell.transition.SoScMixedHandler@730d704, transitionToken=android.os.BinderProxy@d543d0a, request=TransitionRequestInfo { type = OPEN, triggerTask = TaskInfo{userId=0 taskId=627 displayId=0 isRunning=true baseIntent=Intent { act=android.intent.action.MAIN cat=[android.intent.category.LAUNCHER] flg=0x10200000 cmp=org.kffs.habilisdatalogger/org.kivy.android.PythonActivity } baseActivity=ComponentInfo{org.kffs.habilisdatalogger/org.kivy.android.PythonActivity} topActivity=ComponentInfo{org.kffs.habilisdatalogger/org.kivy.android.PythonActivity} origActivity=null realActivity=ComponentInfo{org.kffs.habilisdatalogger/org.kivy.android.PythonActivity} numActivities=1 lastActiveTime=737710350 supportsSplitScreenMultiWindow=true supportsMultiWindow=true resizeMode=1 isResizeable=true minWidth=-1 minHeight=-1 defaultMinSize=200 token=WCT{android.window.IWindowContainerToken$Stub$Proxy@733397b} topActivityType=1 pictureInPictureParams=null shouldDockBigOverlays=false launchIntoPipHostTaskId=-1 lastParentTaskIdBeforePip=-1 displayCutoutSafeInsets=Rect(0, 98 - 0, 0) topActivityInfo=ActivityInfo{c752398 org.kivy.android.PythonActivity} launchCookies=[] positionInParent=Point(0, 0) parentTaskId=-1 isFocused=false isVisible=false isVisibleRequested=true isSleeping=false topActivityInSizeCompat=false topActivityInMiuiSizeCompat=false topActivityEligibleForLetterboxEducation= false topActivityLetterboxed= false isFromDoubleTap= false topActivityLetterboxVerticalPosition= -1 topActivityLetterboxHorizontalPosition= -1 topActivityLetterboxWidth=-1 topActivityLetterboxHeight=-1 locusId=null displayAreaFeatureId=1 cameraCompatControlState=hidden mIsCastMode=false mTopActivityMediaSize=null mTopActivityRecordName=ActivityRecord{fd590c9 u0 org.kffs.habilisdatalogger/org.kivy.android.PythonActivity t627} mTopActivityOrientation=1 mTopActivityWindowIsNowVisible=false isTranslucent=false isEmbedded=false shouldBeVisible=true mBehindAppLockPkg=null mOriginatingUid=0}, remoteTransition = RemoteTransition { remoteTransition = android.window.IRemoteTransition$Stub$Proxy@e48a7f1, appThread = null, debugName = null }, displayChange = null }
06-12 22:14:59.792  1948  7880 I ActivityTaskManager: START u0 {act=android.intent.action.MAIN cat=[android.intent.category.LAUNCHER] flg=0x10200000 cmp=org.kffs.habilisdatalogger/org.kivy.android.PythonActivity bnds=[838,793][1011,966] (has extras)} with LAUNCH_SINGLE_TASK from uid 10158 from pid 3838 callingPackage com.miui.home (BAL_ALLOW_ALLOWLISTED_COMPONENT) result code=0
06-12 22:14:59.805 13186 13186 I FocusedNotifPromptContr: onTopActivityMayChanged: topActivity=org.kffs.habilisdatalogger
06-12 22:14:59.805 13186 13186 I FocusedNotifPromptContr: topActivityMayChanged: topActivity=org.kffs.habilisdatalogger
06-12 22:14:59.805 13186 13186 D KeyguardEditorHelper: onTopActivityMayChanged, topActivity=ComponentInfo{org.kffs.habilisdatalogger/org.kivy.android.PythonActivity}; mState=IDEL
06-12 22:14:59.808  1948  2308 I BLASTSyncEngine: SyncGroup 9515:  Unfinished container:ActivityRecord{fd590c9 u0 org.kffs.habilisdatalogger/org.kivy.android.PythonActivity t627}
06-12 22:14:59.808  1948  2308 I ActivityRecordImpl: isReadyForStartingWindow topActivity = ActivityRecord{fd590c9 u0 org.kffs.habilisdatalogger/org.kivy.android.PythonActivity t627} isLaunchSourceTypeHome = true topActivity.mStartingWindow = Window{4c93f0b u0 Splash Screen org.kffs.habilisdatalogger}
06-12 22:14:59.808  1948  2308 I BLASTSyncEngine: SyncGroup 9515:  Unfinished container:Task{48213ce #627 type=standard A=10362:org.kffs.habilisdatalogger}
06-12 22:14:59.808  1948  2308 I ActivityRecordImpl: isReadyForStartingWindow topActivity = ActivityRecord{fd590c9 u0 org.kffs.habilisdatalogger/org.kivy.android.PythonActivity t627} isLaunchSourceTypeHome = true topActivity.mStartingWindow = Window{4c93f0b u0 Splash Screen org.kffs.habilisdatalogger}
06-12 22:14:59.808  1948  2308 I SmartPower: org.kffs.habilisdatalogger/10362(26464): died->visible(62717ms) R(become visible) adj=0.
06-12 22:14:59.809  1948  2308 D WindowManager: Final targets: [Task{48213ce #627 type=standard A=10362:org.kffs.habilisdatalogger}, Task{fc1ced5 #1 type=home}]
06-12 22:14:59.811  1948  2308 D WindowManager: Calling onTransitionReady info={id=9515 t=OPEN f=0x0 trk=0 r=[0@Point(0, 0)] c=[{WCT{RemoteToken{a44b494 Task{48213ce #627 type=standard A=10362:org.kffs.habilisdatalogger}}} m=OPEN f=NONE leash=Surface(name=Task=627#153518)/@0xbf8cea6 sb=Rect(0, 0 - 1080, 2400) eb=Rect(0, 0 - 1080, 2400) d=0},{WCT{RemoteToken{e07270c Task{fc1ced5 #1 type=home}}} m=TO_BACK f=SHOW_WALLPAPER leash=Surface(name=Task=1#16716)/@0xdd7d3e6 sb=Rect(0, 0 - 1080, 2400) eb=Rect(0, 0 - 1080, 2400) d=0}] noAni=[false]}, mToken=Token{cbe2b3d TransitionRecord{91d7085 id=9515 type=OPEN flags=0x0}}
06-12 22:14:59.813  1948  4117 D CoreBackPreview: Window{4c93f0b u0 Splash Screen org.kffs.habilisdatalogger}: Setting back callback OnBackInvokedCallbackInfo{mCallback=android.window.IOnBackInvokedCallback$Stub$Proxy@e028600, mPriority=0, mIsAnimationCallback=false}
06-12 22:14:59.830  3838  3838 D RemoteAnimationAdapterCompat: printLeash::taskInfo = TaskInfo{userId=0 taskId=627 displayId=0 isRunning=true baseIntent=Intent { act=android.intent.action.MAIN cat=[android.intent.category.LAUNCHER] flg=0x10200000 cmp=org.kffs.habilisdatalogger/org.kivy.android.PythonActivity } baseActivity=ComponentInfo{org.kffs.habilisdatalogger/org.kivy.android.PythonActivity} topActivity=ComponentInfo{org.kffs.habilisdatalogger/org.kivy.android.PythonActivity} origActivity=null realActivity=ComponentInfo{org.kffs.habilisdatalogger/org.kivy.android.PythonActivity} numActivities=1 lastActiveTime=737710350 supportsSplitScreenMultiWindow=true supportsMultiWindow=true resizeMode=1 isResizeable=true minWidth=-1 minHeight=-1 defaultMinSize=200 token=WCT{android.window.IWindowContainerToken$Stub$Proxy@2c06bb1} topActivityType=1 pictureInPictureParams=null shouldDockBigOverlays=false launchIntoPipHostTaskId=-1 lastParentTaskIdBeforePip=-1 displayCutoutSafeInsets=Rect(0, 98 - 0, 0) topActivityInfo=ActivityInfo{8a3f896 org.kivy.android.PythonActivity} launchCookies=[] positionInParent=Point(0, 0) parentTaskId=-1 isFocused=false isVisible=true isVisibleRequested=true isSleeping=false topActivityInSizeCompat=false topActivityInMiuiSizeCompat=false topActivityEligibleForLetterboxEducation= false topActivityLetterboxed= false isFromDoubleTap= false topActivityLetterboxVerticalPosition= -1 topActivityLetterboxHorizontalPosition= -1 topActivityLetterboxWidth=-1 topActivityLetterboxHeight=-1 locusId=null displayAreaFeatureId=1 cameraCompatControlState=hidden mIsCastMode=false mTopActivityMediaSize=null mTopActivityRecordName=ActivityRecord{fd590c9 u0 org.kffs.habilisdatalogger/org.kivy.android.PythonActivity t627} mTopActivityOrientation=1 mTopActivityWindowIsNowVisible=false isTranslucent=false isEmbedded=false shouldBeVisible=true mBehindAppLockPkg=null mOriginatingUid=0}
06-12 22:14:59.838  3838  3838 E LauncherAnimationRunner: onAnimationStart:   target=RemoteAnimationTargetCompat{taskId=627, mode=0, isTranslucent=false, clipRect=Rect(0, 0 - 0, 0), position=Point(0, 0), sourceContainerBounds=Rect(0, 0 - 1080, 2400), prefixOrderIndex=2, isNotInRecents=false, contentInsets=Rect(0, 0 - 0, 0), activityType=1, packageName=org.kffs.habilisdatalogger, startBounds=Rect(0, 0 - 1080, 2400), windowType=-1}
06-12 22:14:59.847  3838  4246 E ActivityManagerWrapper: getRecentTasks: mainTaskId=627   userId=0   windowMode=1   baseIntent=Intent { act=android.intent.action.MAIN flag=270532608 cmp=ComponentInfo{org.kffs.habilisdatalogger/org.kivy.android.PythonActivity} }
06-12 22:14:59.852  1948  2308 I WindowManager: wms.showSurfaceRobustly mWin:Window{4c93f0b u0 Splash Screen org.kffs.habilisdatalogger}
06-12 22:14:59.857  1948  2335 I ActivityManager: Start proc 27343:org.kffs.habilisdatalogger/u0a362 for top-activity {org.kffs.habilisdatalogger/org.kivy.android.PythonActivity} caller=com.miui.home
06-12 22:14:59.858 13186 13275 D MiuiFullScreenTaskRepository: addOrUpdateFullScreenTaskInfo taskId=627, topActivity=ComponentInfo{org.kffs.habilisdatalogger/org.kivy.android.PythonActivity}
06-12 22:14:59.866  3838  4246 E ActivityManagerWrapper: getRecentTasks: mainTaskId=627   userId=0   windowMode=1   baseIntent=Intent { act=android.intent.action.MAIN flag=270532608 cmp=ComponentInfo{org.kffs.habilisdatalogger/org.kivy.android.PythonActivity} }
06-12 22:14:59.869 27343 27343 E Zygote  : process_name_ptr:27343 org.kffs.habilisdatalogger
06-12 22:14:59.907  3838  4246 E ActivityManagerWrapper: getRecentTasks: mainTaskId=627   userId=0   windowMode=1   baseIntent=Intent { act=android.intent.action.MAIN flag=270532608 cmp=ComponentInfo{org.kffs.habilisdatalogger/org.kivy.android.PythonActivity} }
06-12 22:14:59.932  3838  4246 E ActivityManagerWrapper: getRecentTasks: mainTaskId=627   userId=0   windowMode=1   baseIntent=Intent { act=android.intent.action.MAIN flag=270532608 cmp=ComponentInfo{org.kffs.habilisdatalogger/org.kivy.android.PythonActivity} }
06-12 22:14:59.964 13186 13275 D MiuiFullScreenTaskRepository: addOrUpdateFullScreenTaskInfo taskId=627, topActivity=ComponentInfo{org.kffs.habilisdatalogger/org.kivy.android.PythonActivity}
06-12 22:14:59.972 13186 13275 D MiuiFullScreenTaskRepository: setFocusedTask taskId=627, displayId=0, topActivity=ComponentInfo{org.kffs.habilisdatalogger/org.kivy.android.PythonActivity}
06-12 22:14:59.972 13186 13275 D MiuiFullScreenTaskRepository: addOrUpdateFullScreenTaskInfo taskId=627, topActivity=ComponentInfo{org.kffs.habilisdatalogger/org.kivy.android.PythonActivity}
06-12 22:14:59.974 13186 13275 D MiuiFreeformModeController: onFocusTaskChanged taskInfo: TaskInfo{userId=0 taskId=627 displayId=0 isRunning=true baseIntent=Intent { act=android.intent.action.MAIN cat=[android.intent.category.LAUNCHER] flg=0x10200000 cmp=org.kffs.habilisdatalogger/org.kivy.android.PythonActivity } baseActivity=ComponentInfo{org.kffs.habilisdatalogger/org.kivy.android.PythonActivity} topActivity=ComponentInfo{org.kffs.habilisdatalogger/org.kivy.android.PythonActivity} origActivity=null realActivity=ComponentInfo{org.kffs.habilisdatalogger/org.kivy.android.PythonActivity} numActivities=1 lastActiveTime=737710527 supportsSplitScreenMultiWindow=true supportsMultiWindow=true resizeMode=1 isResizeable=true minWidth=-1 minHeight=-1 defaultMinSize=200 token=WCT{android.window.IWindowContainerToken$Stub$Proxy@3e52374} topActivityType=1 pictureInPictureParams=null shouldDockBigOverlays=false launchIntoPipHostTaskId=-1 lastParentTaskIdBeforePip=-1 displayCutoutSafeInsets=Rect(0, 98 - 0, 0) topActivityInfo=ActivityInfo{915a09d org.kivy.android.PythonActivity} launchCookies=[] positionInParent=Point(0, 0) parentTaskId=-1 isFocused=true isVisible=true isVisibleRequested=true isSleeping=false topActivityInSizeCompat=false topActivityInMiuiSizeCompat=false topActivityEligibleForLetterboxEducation= false topActivityLetterboxed= false isFromDoubleTap= false topActivityLetterboxVerticalPosition= -1 topActivityLetterboxHorizontalPosition= -1 topActivityLetterboxWidth=-1 topActivityLetterboxHeight=-1 locusId=null displayAreaFeatureId=1 cameraCompatControlState=hidden mIsCastMode=false mTopActivityMediaSize=null mTopActivityRecordName=ActivityRecord{fd590c9 u0 org.kffs.habilisdatalogger/org.kivy.android.PythonActivity t627} mTopActivityOrientation=1 mTopActivityWindowIsNowVisible=false isTranslucent=false isEmbedded=false shouldBeVisible=true mBehindAppLockPkg=null mOriginatingUid=0}
06-12 22:14:59.976  3838  4159 D AppObserver: ForegroundInfo{mForegroundPackageName='org.kffs.habilisdatalogger', mForegroundUid=10362, mForegroundPid=27343, mLastForegroundPackageName='com.miui.home', mLastForegroundUid=10158, mLastForegroundPid=3838, mMultiWindowForegroundPackageName='org.kffs.habilisdatalogger', mMultiWindowForegroundUid=10362, mFlags=1}
06-12 22:14:59.976  7953  7963 I GST     : forePkg: org.kffs.habilisdatalogger, preForePkg: com.miui.home
06-12 22:14:59.976  7590 11082 D PerfEngineController: ForegroundInfo{mForegroundPackageName='org.kffs.habilisdatalogger', mForegroundUid=10362, mForegroundPid=27343, mLastForegroundPackageName='com.miui.home', mLastForegroundUid=10158, mLastForegroundPid=3838, mMultiWindowForegroundPackageName='org.kffs.habilisdatalogger', mMultiWindowForegroundUid=10362, mFlags=1}
06-12 22:14:59.977 19295 22245 I ProcessMonitor: onForegroundInfoChanged: ForegroundInfo{mForegroundPackageName='org.kffs.habilisdatalogger', mForegroundUid=10362, mForegroundPid=27343, mLastForegroundPackageName='com.miui.home', mLastForegroundUid=10158, mLastForegroundPid=3838, mMultiWindowForegroundPackageName='org.kffs.habilisdatalogger', mMultiWindowForegroundUid=10362, mFlags=1}
06-12 22:14:59.978 22923 23694 D BluetoothLatencyMode: ForegroundInfo{mForegroundPackageName='org.kffs.habilisdatalogger', mForegroundUid=10362, mForegroundPid=27343, mLastForegroundPackageName='com.miui.home', mLastForegroundUid=10158, mLastForegroundPid=3838, mMultiWindowForegroundPackageName='org.kffs.habilisdatalogger', mMultiWindowForegroundUid=10362, mFlags=1}
06-12 22:14:59.978 19295 22245 I GameBoosterService: onForegroundInfoChanged: Cur=org.kffs.habilisdatalogger	 last=com.miui.home
06-12 22:14:59.978 19295 22245 D GameBoosterService: onGameStatusChange foreground:ForegroundInfo{mForegroundPackageName='org.kffs.habilisdatalogger', mForegroundUid=10362, mForegroundPid=27343, mLastForegroundPackageName='com.miui.home', mLastForegroundUid=10158, mLastForegroundPid=3838, mMultiWindowForegroundPackageName='org.kffs.habilisdatalogger', mMultiWindowForegroundUid=10362, mFlags=1}
06-12 22:14:59.978 19295 22245 I BeautyService: onForegroundInfoChanged: Cur=org.kffs.habilisdatalogger	 last=com.miui.home
06-12 22:15:00.016 27343 27343 D nativeloader: Configuring clns-4 for other apk /data/app/~~RbYtQA5_QD4_PwU3W-BErg==/org.kffs.habilisdatalogger-oRBy3Y2soySzARK6rLBbgA==/base.apk. target_sdk_version=30, uses_libraries=, library_path=/data/app/~~RbYtQA5_QD4_PwU3W-BErg==/org.kffs.habilisdatalogger-oRBy3Y2soySzARK6rLBbgA==/lib/arm64:/data/app/~~RbYtQA5_QD4_PwU3W-BErg==/org.kffs.habilisdatalogger-oRBy3Y2soySzARK6rLBbgA==/base.apk!/lib/arm64-v8a, permitted_path=/data:/mnt/expand:/data/user/0/org.kffs.habilisdatalogger
06-12 22:15:00.037 27343 27343 V GraphicsEnvironment: ANGLE GameManagerService for org.kffs.habilisdatalogger: false
06-12 22:15:00.037 27343 27343 V GraphicsEnvironment: org.kffs.habilisdatalogger is not listed in per-application setting
06-12 22:15:00.045  1948  4119 I UiModeManager: systemserver package:org.kffs.habilisdatalogger null
06-12 22:15:00.045 27343 27343 I ForceDarkHelperStubImpl: initialize for org.kffs.habilisdatalogger , ForceDarkAppConfig: null
06-12 22:15:00.081  1948  6126 I ClipboardServiceI: checkProviderWakePathForClipboard: org.kffs.habilisdataloggeris not a activePermissionOwner
06-12 22:15:00.093 27343 27343 V SDL     : Device: taoyao
06-12 22:15:00.093 27343 27343 V SDL     : Model: 2203129G
06-12 22:15:00.093 27343 27343 V SDL     : onCreate()
06-12 22:15:00.094 27343 27343 W bilisdatalogger: type=1400 audit(0.0:448948): avc:  denied  { read } for  name="u:object_r:vendor_displayfeature_prop:s0" dev="tmpfs" ino=12777 scontext=u:r:untrusted_app_30:s0:c106,c257,c512,c768 tcontext=u:object_r:vendor_displayfeature_prop:s0 tclass=file permissive=0 app=org.kffs.habilisdatalogger
06-12 22:15:00.098 27343 27343 V SDL     : getting identifier
06-12 22:15:00.098 27343 27343 V SDL     : kind is layout and name lottie
06-12 22:15:00.098 27343 27343 V SDL     : result is 0
06-12 22:15:00.099 27343 27343 V SDL     : couldn't find lottie layout or animation, trying static splash
06-12 22:15:00.099 27343 27343 V SDL     : getting identifier
06-12 22:15:00.099 27343 27343 V SDL     : kind is drawable and name presplash
06-12 22:15:00.099 27343 27343 V SDL     : result is 2130771969
06-12 22:15:00.103 13186 13275 D MiuiFullScreenTaskRepository: setFocusedTask taskId=627, displayId=0, topActivity=ComponentInfo{org.kffs.habilisdatalogger/org.kivy.android.PythonActivity}
06-12 22:15:00.103 13186 13275 D MiuiFullScreenTaskRepository: addOrUpdateFullScreenTaskInfo taskId=627, topActivity=ComponentInfo{org.kffs.habilisdatalogger/org.kivy.android.PythonActivity}
06-12 22:15:00.112 27343 27343 V SDL     : asked to get string presplash_color
06-12 22:15:00.112 27343 27343 V SDL     : getting identifier
06-12 22:15:00.112 27343 27343 V SDL     : kind is string and name presplash_color
06-12 22:15:00.112 27343 27343 V SDL     : result is 2131034113
06-12 22:15:00.132 27343 27374 V pythonutil: Unpacking private app
06-12 22:15:00.132 27343 27374 V pythonutil: Data version is be45cdad08c157b6b35147d3c82ba83fd51bf2bb
06-12 22:15:00.132 27343 27343 V SDL     : onStart()
06-12 22:15:00.136 27343 27343 V SDL     : onResume()
06-12 22:15:00.137 27343 27374 V pythonutil: Unpacking /data/app/~~RbYtQA5_QD4_PwU3W-BErg==/org.kffs.habilisdatalogger-oRBy3Y2soySzARK6rLBbgA==/lib/arm64/libpybundle app
06-12 22:15:00.138 27343 27374 V pythonutil: Data version is be45cdad08c157b6b35147d3c82ba83fd51bf2bb
06-12 22:15:00.158  1948  4119 I AppsFilter: interaction: PackageSetting{ac22e92 org.kffs.habilisdatalogger/10362} -> PackageSetting{9707dd7 com.google.android.apps.subscriptions.red/10228} BLOCKED
06-12 22:15:00.158  1948  4119 I AppsFilter: interaction: PackageSetting{ac22e92 org.kffs.habilisdatalogger/10362} -> PackageSetting{1f204e2 com.android.cts.priv.ctsshim/10278} BLOCKED
06-12 22:15:00.158  1948  4119 I AppsFilter: interaction: PackageSetting{ac22e92 org.kffs.habilisdatalogger/10362} -> PackageSetting{a552073 com.upside.consumer.android/10348} BLOCKED
06-12 22:15:00.158  1948  4119 I AppsFilter: interaction: PackageSetting{ac22e92 org.kffs.habilisdatalogger/10362} -> PackageSetting{51193a9 com.google.android.youtube/10225} BLOCKED
06-12 22:15:00.158  1948  4119 I AppsFilter: interaction: PackageSetting{ac22e92 org.kffs.habilisdatalogger/10362} -> PackageSetting{e66aa5c com.android.uwb.resources/10272} BLOCKED
06-12 22:15:00.158  1948  4119 I AppsFilter: interaction: PackageSetting{ac22e92 org.kffs.habilisdatalogger/10362} -> PackageSetting{e8f4b27 com.android.internal.display.cutout.emulation.corner/10009} BLOCKED
06-12 22:15:00.158  1948  4119 I AppsFilter: interaction: PackageSetting{ac22e92 org.kffs.habilisdatalogger/10362} -> PackageSetting{31311d4 com.android.internal.display.cutout.emulation.double/10010} BLOCKED
06-12 22:15:00.158  1948  4119 I AppsFilter: interaction: PackageSetting{ac22e92 org.kffs.habilisdatalogger/10362} -> PackageSetting{fe21048 com.google.android.googlequicksearchbox/10176} BLOCKED
06-12 22:15:00.158  1948  4119 I AppsFilter: interaction: PackageSetting{ac22e92 org.kffs.habilisdatalogger/10362} -> PackageSetting{2f01406 cn.wps.xiaomi.abroad.lite/10297} BLOCKED
06-12 22:15:00.158  1948  4119 I AppsFilter: interaction: PackageSetting{ac22e92 org.kffs.habilisdatalogger/10362} -> PackageSetting{64b81d com.google.android.apps.googleassistant/10169} BLOCKED
06-12 22:15:00.158  1948  4119 I AppsFilter: interaction: PackageSetting{ac22e92 org.kffs.habilisdatalogger/10362} -> PackageSetting{e696a92 com.google.android.apps.docs.editors.docs/10339} BLOCKED
06-12 22:15:00.159  1948  4119 I AppsFilter: interaction: PackageSetting{ac22e92 org.kffs.habilisdatalogger/10362} -> PackageSetting{b98a060 com.google.android.onetimeinitializer/10143} BLOCKED
06-12 22:15:00.159  1948  4119 I AppsFilter: interaction: PackageSetting{ac22e92 org.kffs.habilisdatalogger/10362} -> PackageSetting{b19b919 com.google.android.ext.shared/10120} BLOCKED
06-12 22:15:00.159  1948  4119 I AppsFilter: interaction: PackageSetting{ac22e92 org.kffs.habilisdatalogger/10362} -> PackageSetting{9b8781f com.android.internal.systemui.navbar.gestural_wide_back/10063} BLOCKED
06-12 22:15:00.159  1948  4119 I AppsFilter: interaction: PackageSetting{ac22e92 org.kffs.habilisdatalogger/10362} -> PackageSetting{557628c com.android.virtualmachine.res/10269} BLOCKED
06-12 22:15:00.159  1948  4119 I AppsFilter: interaction: PackageSetting{ac22e92 org.kffs.habilisdatalogger/10362} -> PackageSetting{a93b9ea com.uvnv.mintsim/10326} BLOCKED
06-12 22:15:00.159  1948  4119 I AppsFilter: interaction: PackageSetting{ac22e92 org.kffs.habilisdatalogger/10362} -> PackageSetting{887a4db com.google.android.server.deviceconfig.resources/10266} BLOCKED
06-12 22:15:00.159  1948  4119 I AppsFilter: interaction: PackageSetting{ac22e92 org.kffs.habilisdatalogger/10362} -> PackageSetting{25e1b78 com.android.htmlviewer/10101} BLOCKED
06-12 22:15:00.159  1948  4119 I AppsFilter: interaction: PackageSetting{ac22e92 org.kffs.habilisdatalogger/10362} -> PackageSetting{5407251 com.whatsapp/10318} BLOCKED
06-12 22:15:00.159  1948  4119 I AppsFilter: interaction: PackageSetting{ac22e92 org.kffs.habilisdatalogger/10362} -> PackageSetting{aeb8ab6 com.mtb.mbanking.sc.retail.prod/10349} BLOCKED
06-12 22:15:00.159  1948  4119 I AppsFilter: interaction: PackageSetting{ac22e92 org.kffs.habilisdatalogger/10362} -> PackageSetting{951b3b7 com.google.android.apps.docs.editors.sheets/10357} BLOCKED
06-12 22:15:00.159  1948  4119 I AppsFilter: interaction: PackageSetting{ac22e92 org.kffs.habilisdatalogger/10362} -> PackageSetting{3157724 com.google.android.health.connect.backuprestore/10276} BLOCKED
06-12 22:15:00.159  1948  4119 I AppsFilter: interaction: PackageSetting{ac22e92 org.kffs.habilisdatalogger/10362} -> PackageSetting{448e28d com.google.android.apps.messaging/10175} BLOCKED
06-12 22:15:00.159  1948  4119 I AppsFilter: interaction: PackageSetting{ac22e92 org.kffs.habilisdatalogger/10362} -> PackageSetting{e1d9c42 com.sfr.android.sfrjeux/10166} BLOCKED
06-12 22:15:00.159  1948  4119 I AppsFilter: interaction: PackageSetting{ac22e92 org.kffs.habilisdatalogger/10362} -> PackageSetting{543d453 com.quicinc.voice.activation/10244} BLOCKED
06-12 22:15:00.159  1948  4119 I AppsFilter: interaction: PackageSetting{ac22e92 org.kffs.habilisdatalogger/10362} -> PackageSetting{3c4e190 us.mitene/10334} BLOCKED
06-12 22:15:00.159  1948  4119 I AppsFilter: interaction: PackageSetting{ac22e92 org.kffs.habilisdatalogger/10362} -> PackageSetting{cee1a89 com.ironsource.appcloud.oobe.hutchison/10139} BLOCKED
06-12 22:15:00.159  1948  4119 I AppsFilter: interaction: PackageSetting{ac22e92 org.kffs.habilisdatalogger/10362} -> PackageSetting{c6d3a8e com.duolingo/10321} BLOCKED
06-12 22:15:00.159  1948  4119 I AppsFilter: interaction: PackageSetting{ac22e92 org.kffs.habilisdatalogger/10362} -> PackageSetting{a2d62af com.google.android.configupdater/10138} BLOCKED
06-12 22:15:00.159  1948  4119 I AppsFilter: interaction: PackageSetting{ac22e92 org.kffs.habilisdatalogger/10362} -> PackageSetting{194546e com.google.android.overlay.modules.permissioncontroller/10031} BLOCKED
06-12 22:15:00.159  1948  4119 I AppsFilter: interaction: PackageSetting{ac22e92 org.kffs.habilisdatalogger/10362} -> PackageSetting{bbe86bc com.android.soundrecorder/10310} BLOCKED
06-12 22:15:00.159  1948  4119 I AppsFilter: interaction: PackageSetting{ac22e92 org.kffs.habilisdatalogger/10362} -> PackageSetting{e94d645 com.altice.android.myapps/10165} BLOCKED
06-12 22:15:00.159  1948  4119 I AppsFilter: interaction: PackageSetting{ac22e92 org.kffs.habilisdatalogger/10362} -> PackageSetting{d06719a com.google.android.apps.safetyhub/10162} BLOCKED
06-12 22:15:00.159  1948  4119 I AppsFilter: interaction: PackageSetting{ac22e92 org.kffs.habilisdatalogger/10362} -> PackageSetting{9777acb com.mi.globalbrowser/10298} BLOCKED
06-12 22:15:00.159  1948  4119 I AppsFilter: interaction: PackageSetting{ac22e92 org.kffs.habilisdatalogger/10362} -> PackageSetting{34b52a8 com.google.ar.core/10320} BLOCKED
06-12 22:15:00.159  1948  4119 I AppsFilter: interaction: PackageSetting{ac22e92 org.kffs.habilisdatalogger/10362} -> PackageSetting{3191c1 com.android.simappdialog/10126} BLOCKED
06-12 22:15:00.159  1948  4119 I AppsFilter: interaction: PackageSetting{ac22e92 org.kffs.habilisdatalogger/10362} -> PackageSetting{bca0d66 com.microsoft.skydrive/10311} BLOCKED
06-12 22:15:00.159  1948  4119 I AppsFilter: interaction: PackageSetting{ac22e92 org.kffs.habilisdatalogger/10362} -> PackageSetting{800f8a7 com.aura.oobe.vodafone/10140} BLOCKED
06-12 22:15:00.159  1948  4119 I AppsFilter: interaction: PackageSetting{ac22e92 org.kffs.habilisdatalogger/10362} -> PackageSetting{a416907 com.android.internal.display.cutout.emulation.hole/10011} BLOCKED
06-12 22:15:00.159  1948  4119 I AppsFilter: interaction: PackageSetting{ac22e92 org.kffs.habilisdatalogger/10362} -> PackageSetting{e440a34 com.android.internal.display.cutout.emulation.tall/10012} BLOCKED
06-12 22:15:00.159  1948  4119 I AppsFilter: interaction: PackageSetting{ac22e92 org.kffs.habilisdatalogger/10362} -> PackageSetting{64c605d com.android.internal.systemui.navbar.threebutton/10059} BLOCKED
06-12 22:15:00.159  1948  4119 I AppsFilter: interaction: PackageSetting{ac22e92 org.kffs.habilisdatalogger/10362} -> PackageSetting{c56f154 us.zoom.videomeetings/10330} BLOCKED
06-12 22:15:00.159  1948  4119 I AppsFilter: interaction: PackageSetting{ac22e92 org.kffs.habilisdatalogger/10362} -> PackageSetting{98488fd com.eken.doorbell/10361} BLOCKED
06-12 22:15:00.159  1948  4119 I AppsFilter: interaction: PackageSetting{ac22e92 org.kffs.habilisdatalogger/10362} -> PackageSetting{fd999f2 com.android.wifi.dialog/10242} BLOCKED
06-12 22:15:00.159  1948  4119 I AppsFilter: interaction: PackageSetting{ac22e92 org.kffs.habilisdatalogger/10362} -> PackageSetting{fba7843 com.android.hotwordenrollment.xgoogle/10146} BLOCKED
06-12 22:15:00.159  1948  4119 I AppsFilter: interaction: PackageSetting{ac22e92 org.kffs.habilisdatalogger/10362} -> PackageSetting{9dbcec0 com.usbank.mobilebanking/10355} BLOCKED
06-12 22:15:00.159  1948  4119 I AppsFilter: interaction: PackageSetting{ac22e92 org.kffs.habilisdatalogger/10362} -> PackageSetting{415b7f9 com.onedebit.chime/10328} BLOCKED
06-12 22:15:00.160  1948  4119 I AppsFilter: interaction: PackageSetting{ac22e92 org.kffs.habilisdatalogger/10362} -> PackageSetting{ee3633e com.instagram.android/10335} BLOCKED
06-12 22:15:00.160  1948  4119 I AppsFilter: interaction: PackageSetting{ac22e92 org.kffs.habilisdatalogger/10362} -> PackageSetting{f02559f com.google.android.as/10168} BLOCKED
06-12 22:15:00.160  1948  4119 I AppsFilter: interaction: PackageSetting{ac22e92 org.kffs.habilisdatalogger/10362} -> PackageSetting{20f16ec com.google.android.gm/10192} BLOCKED
06-12 22:15:00.160  1948  4119 I AppsFilter: interaction: PackageSetting{ac22e92 org.kffs.habilisdatalogger/10362} -> PackageSetting{ff0dab5 com.google.android.apps.tachyon/10292} BLOCKED
06-12 22:15:00.160  1948  4119 I AppsFilter: interaction: PackageSetting{ac22e92 org.kffs.habilisdatalogger/10362} -> PackageSetting{8b3052a com.google.android.overlay.gmsconfig.common/10019} BLOCKED
06-12 22:15:00.160  1948  4119 I AppsFilter: interaction: PackageSetting{ac22e92 org.kffs.habilisdatalogger/10362} -> PackageSetting{92e754a com.android.settings.intelligence/10160} BLOCKED
06-12 22:15:00.160  1948  4119 I AppsFilter: interaction: PackageSetting{ac22e92 org.kffs.habilisdatalogger/10362} -> PackageSetting{ef878b8 com.android.internal.systemui.navbar.gestural_extra_wide_back/10061} BLOCKED
06-12 22:15:00.160  1948  4119 I AppsFilter: interaction: PackageSetting{ac22e92 org.kffs.habilisdatalogger/10362} -> PackageSetting{1c0acbb com.microsoft.office.outlook/10356} BLOCKED
06-12 22:15:00.160  1948  4119 I AppsFilter: interaction: PackageSetting{ac22e92 org.kffs.habilisdatalogger/10362} -> PackageSetting{74cb5d8 com.miui.compass/10302} BLOCKED
06-12 22:15:00.160  1948  4119 I AppsFilter: interaction: PackageSetting{ac22e92 org.kffs.habilisdatalogger/10362} -> PackageSetting{8216d31 com.google.android.setupwizard/10251} BLOCKED
06-12 22:15:00.160  1948  4119 I AppsFilter: interaction: PackageSetting{ac22e92 org.kffs.habilisdatalogger/10362} -> PackageSetting{a669c16 com.miui.android.fashiongallery/10295} BLOCKED
06-12 22:15:00.160  1948  4119 I AppsFilter: interaction: PackageSetting{ac22e92 org.kffs.habilisdatalogger/10362} -> PackageSetting{435997 com.facebook.services/10111} BLOCKED
06-12 22:15:00.160  1948  4119 I AppsFilter: interaction: PackageSetting{ac22e92 org.kffs.habilisdatalogger/10362} -> PackageSetting{3c35784 com.android.printspooler/10260} BLOCKED
06-12 22:15:00.160  1948  4119 I AppsFilter: interaction: PackageSetting{ac22e92 org.kffs.habilisdatalogger/10362} -> PackageSetting{2eeab6d com.android.hotwordenrollment.okgoogle/10145} BLOCKED
06-12 22:15:00.160  1948  4119 I AppsFilter: interaction: PackageSetting{ac22e92 org.kffs.habilisdatalogger/10362} -> PackageSetting{b2863a2 org.ifaa.aidl.manager/10129} BLOCKED
06-12 22:15:00.160  1948  4119 I AppsFilter: interaction: PackageSetting{ac22e92 org.kffs.habilisdatalogger/10362} -> PackageSetting{fd9f833 com.android.dreams.basic/10115} BLOCKED
06-12 22:15:00.160  1948  4119 I AppsFilter: interaction: PackageSetting{ac22e92 org.kffs.habilisdatalogger/10362} -> PackageSetting{3e067f0 com.google.android.as.oss/10173} BLOCKED
06-12 22:15:00.160  1948  4119 I AppsFilter: interaction: PackageSetting{ac22e92 org.kffs.habilisdatalogger/10362} -> PackageSetting{9d79169 de.telekom.tsc/10112} BLOCKED
06-12 22:15:00.160  1948  4119 I AppsFilter: interaction: PackageSetting{ac22e92 org.kffs.habilisdatalogger/10362} -> PackageSetting{f4d17ee com.android.rkpdapp/10268} BLOCKED
06-12 22:15:00.160  1948  4119 I AppsFilter: interaction: PackageSetting{ac22e92 org.kffs.habilisdatalogger/10362} -> PackageSetting{131e48f com.google.android.dialer/10172} BLOCKED
06-12 22:15:00.160  1948  4119 I AppsFilter: interaction: PackageSetting{ac22e92 org.kffs.habilisdatalogger/10362} -> PackageSetting{b7c131c com.creditkarma.mobile/10340} BLOCKED
06-12 22:15:00.160  1948  4119 I AppsFilter: interaction: PackageSetting{ac22e92 org.kffs.habilisdatalogger/10362} -> PackageSetting{54edb25 com.timehop/10329} BLOCKED
06-12 22:15:00.160  1948  4119 I AppsFilter: interaction: PackageSetting{ac22e92 org.kffs.habilisdatalogger/10362} -> PackageSetting{cf6c4fa com.google.android.captiveportallogin/10119} BLOCKED
06-12 22:15:00.160  1948  4119 I AppsFilter: interaction: PackageSetting{ac22e92 org.kffs.habilisdatalogger/10362} -> PackageSetting{8723aab com.dropbox.android/10337} BLOCKED
06-12 22:15:00.160  1948  4119 I AppsFilter: interaction: PackageSetting{ac22e92 org.kffs.habilisdatalogger/10362} -> PackageSetting{797f6e7 com.google.android.overlay.gmsconfig.comms/10079} BLOCKED
06-12 22:15:00.160  1948  4119 I AppsFilter: interaction: PackageSetting{ac22e92 org.kffs.habilisdatalogger/10362} -> PackageSetting{698b294 com.google.android.overlay.gmsconfig.geotz/10021} BLOCKED
06-12 22:15:00.160  1948  4119 I AppsFilter: interaction: PackageSetting{ac22e92 org.kffs.habilisdatalogger/10362} -> PackageSetting{1c54508 com.google.android.appsearch.apk/10267} BLOCKED
06-12 22:15:00.160  1948  4119 I AppsFilter: interaction: PackageSetting{ac22e92 org.kffs.habilisdatalogger/10362} -> PackageSetting{83704a1 com.android.musicfx/10104} BLOCKED
06-12 22:15:00.160  1948  4119 I AppsFilter: interaction: PackageSetting{ac22e92 org.kffs.habilisdatalogger/10362} -> PackageSetting{85c36c6 com.google.android.apps.docs/10307} BLOCKED
06-12 22:15:00.160  1948  4119 I AppsFilter: interaction: PackageSetting{ac22e92 org.kffs.habilisdatalogger/10362} -> PackageSetting{b17d687 com.google.android.apps.maps/10212} BLOCKED
06-12 22:15:00.160  1948  4119 I AppsFilter: interaction: PackageSetting{ac22e92 org.kffs.habilisdatalogger/10362} -> PackageSetting{feda9b4 com.orange.update/10137} BLOCKED
06-12 22:15:00.160  1948  4119 I AppsFilter: interaction: PackageSetting{ac22e92 org.kffs.habilisdatalogger/10362} -> PackageSetting{71e49dd com.google.android.webview/10208} BLOCKED
06-12 22:15:00.160  1948  4119 I AppsFilter: interaction: PackageSetting{ac22e92 org.kffs.habilisdatalogger/10362} -> PackageSetting{632dbdf com.google.android.overlay.modules.documentsui/10030} BLOCKED
06-12 22:15:00.160  1948  4119 I AppsFilter: interaction: PackageSetting{ac22e92 org.kffs.habilisdatalogger/10362} -> PackageSetting{54f952 com.amazon.appmanager/10313} BLOCKED
06-12 22:15:00.160  1948  4119 I AppsFilter: interaction: PackageSetting{ac22e92 org.kffs.habilisdatalogger/10362} -> PackageSetting{f915423 com.google.android.contactkeys/10343} BLOCKED
06-12 22:15:00.160  1948  4119 I AppsFilter: interaction: PackageSetting{ac22e92 org.kffs.habilisdatalogger/10362} -> PackageSetting{e95ad20 com.google.android.contacts/10229} BLOCKED
06-12 22:15:00.160  1948  4119 I AppsFilter: interaction: PackageSetting{ac22e92 org.kffs.habilisdatalogger/10362} -> PackageSetting{73aa6d9 com.android.chrome/10183} BLOCKED
06-12 22:15:00.160  1948  4119 I AppsFilter: interaction: PackageSetting{ac22e92 org.kffs.habilisdatalogger/10362} -> PackageSetting{a9b0f7f com.huami.watch.hmwatchmanager/10338} BLOCKED
06-12 22:15:00.160  1948  4119 I AppsFilter: interaction: PackageSetting{ac22e92 org.kffs.habilisdatalogger/10362} -> PackageSetting{42f6781 com.android.wifi.resources/10283} BLOCKED
06-12 22:15:00.160  1948  4119 I AppsFilter: interaction: PackageSetting{ac22e92 org.kffs.habilisdatalogger/10362} -> PackageSetting{87e9026 com.google.android.apps.walletnfcrel/10319} BLOCKED
06-12 22:15:00.160  1948  4119 I AppsFilter: interaction: PackageSetting{ac22e92 org.kffs.habilisdatalogger/10362} -> PackageSetting{1332467 com.google.android.partnersetup/10144} BLOCKED
06-12 22:15:00.161  1948  4119 I AppsFilter: interaction: PackageSetting{ac22e92 org.kffs.habilisdatalogger/10362} -> PackageSetting{c3203ad com.google.android.overlay.gmsconfig.asi/10080} BLOCKED
06-12 22:15:00.161  1948  4119 I AppsFilter: interaction: PackageSetting{ac22e92 org.kffs.habilisdatalogger/10362} -> PackageSetting{33876e2 com.google.android.overlay.gmsconfig.gsa/10020} BLOCKED
06-12 22:15:00.161  1948  4119 I AppsFilter: interaction: PackageSetting{ac22e92 org.kffs.habilisdatalogger/10362} -> PackageSetting{80faa73 com.android.theme.font.notoserifsource/10015} BLOCKED
06-12 22:15:00.161  1948  4119 I AppsFilter: interaction: PackageSetting{ac22e92 org.kffs.habilisdatalogger/10362} -> PackageSetting{6881214 com.google.android.safetycenter.resources/10270} BLOCKED
06-12 22:15:00.161  1948  4119 I AppsFilter: interaction: PackageSetting{ac22e92 org.kffs.habilisdatalogger/10362} -> PackageSetting{1982da9 com.android.internal.display.cutout.emulation.waterfall/10018} BLOCKED
06-12 22:15:00.161  1948  4119 I AppsFilter: interaction: PackageSetting{ac22e92 org.kffs.habilisdatalogger/10362} -> PackageSetting{53388b2 com.netflix.mediaclient/10316} BLOCKED
06-12 22:15:00.161  1948  4119 I AppsFilter: interaction: PackageSetting{ac22e92 org.kffs.habilisdatalogger/10362} -> PackageSetting{db07acf com.android.internal.systemui.navbar.transparent/10078} BLOCKED
06-12 22:15:00.161  1948  4119 I AppsFilter: interaction: PackageSetting{ac22e92 org.kffs.habilisdatalogger/10362} -> PackageSetting{643a003 com.miui.notes/10299} BLOCKED
06-12 22:15:00.161  1948  4119 I AppsFilter: interaction: PackageSetting{ac22e92 org.kffs.habilisdatalogger/10362} -> PackageSetting{ade3b80 com.zhiliaoapp.musically/10324} BLOCKED
06-12 22:15:00.161  1948  4119 I AppsFilter: interaction: PackageSetting{ac22e92 org.kffs.habilisdatalogger/10362} -> PackageSetting{bc085b9 com.google.android.connectivity.resources/10282} BLOCKED
06-12 22:15:00.161  1948  4119 I AppsFilter: interaction: PackageSetting{ac22e92 org.kffs.habilisdatalogger/10362} -> PackageSetting{fcd7dfe com.google.android.feedback/10238} BLOCKED
06-12 22:15:00.161  1948  4119 I AppsFilter: interaction: PackageSetting{ac22e92 org.kffs.habilisdatalogger/10362} -> PackageSetting{717fa98 com.google.android.printservice.recommendation/10124} BLOCKED
06-12 22:15:00.161  1948  4119 I AppsFilter: interaction: PackageSetting{ac22e92 org.kffs.habilisdatalogger/10362} -> PackageSetting{13b8262 com.xiaomi.midrop/10291} BLOCKED
06-12 22:15:00.161  1948  4119 I AppsFilter: interaction: PackageSetting{ac22e92 org.kffs.habilisdatalogger/10362} -> PackageSetting{1dc8ff3 com.google.android.apps.photos/10300} BLOCKED
06-12 22:15:00.161  1948  4119 I AppsFilter: interaction: PackageSetting{ac22e92 org.kffs.habilisdatalogger/10362} -> PackageSetting{7e74fa8 com.google.android.calendar/10226} BLOCKED
06-12 22:15:00.161  1948  4119 I AppsFilter: interaction: PackageSetting{ac22e92 org.kffs.habilisdatalogger/10362} -> PackageSetting{7b784b0 com.spotify.music/10314} BLOCKED
06-12 22:15:00.161  1948  4119 I AppsFilter: interaction: PackageSetting{ac22e92 org.kffs.habilisdatalogger/10362} -> PackageSetting{3b14f29 com.google.android.apps.googlevoice/10315} BLOCKED
06-12 22:15:00.161  1948  4119 I AppsFilter: interaction: PackageSetting{ac22e92 org.kffs.habilisdatalogger/10362} -> PackageSetting{b5362ae com.tencent.soter.soterserver/10134} BLOCKED
06-12 22:15:00.161  1948  4119 I AppsFilter: interaction: PackageSetting{ac22e92 org.kffs.habilisdatalogger/10362} -> PackageSetting{b26384f com.google.android.documentsui/10100} BLOCKED
06-12 22:15:00.161  1948  4119 I AppsFilter: interaction: PackageSetting{ac22e92 org.kffs.habilisdatalogger/10362} -> PackageSetting{eb81663 com.miui.permissioncontroller.overlay/10047} BLOCKED
06-12 22:15:00.161  1948  4119 I AppsFilter: interaction: PackageSetting{ac22e92 org.kffs.habilisdatalogger/10362} -> PackageSetting{883bdc com.android.dreams.phototable/10200} BLOCKED
06-12 22:15:00.161  1948  4119 I AppsFilter: interaction: PackageSetting{ac22e92 org.kffs.habilisdatalogger/10362} -> PackageSetting{466b4e5 com.google.android.accessibility.switchaccess/10206} BLOCKED
06-12 22:15:00.161  1948  4119 I AppsFilter: interaction: PackageSetting{ac22e92 org.kffs.habilisdatalogger/10362} -> PackageSetting{8f6fbba com.facebook.katana/10317} BLOCKED
06-12 22:15:00.161  1948  4119 I AppsFilter: interaction: PackageSetting{ac22e92 org.kffs.habilisdatalogger/10362} -> PackageSetting{db80a6b com.android.providers.partnerbookmarks/10125} BLOCKED
06-12 22:15:00.161  1948  4119 I AppsFilter: interaction: PackageSetting{ac22e92 org.kffs.habilisdatalogger/10362} -> PackageSetting{44b39c8 com.android.smspush/10261} BLOCKED
06-12 22:15:00.161  1948  4119 I AppsFilter: interaction: PackageSetting{ac22e92 org.kffs.habilisdatalogger/10362} -> PackageSetting{852ba61 com.miui.calculator/10309} BLOCKED
06-12 22:15:00.161  1948  4119 I AppsFilter: interaction: PackageSetting{ac22e92 org.kffs.habilisdatalogger/10362} -> PackageSetting{8091986 com.android.wallpaper.livepicker/10103} BLOCKED
06-12 22:15:00.161  1948  4119 I AppsFilter: interaction: PackageSetting{ac22e92 org.kffs.habilisdatalogger/10362} -> PackageSetting{bbe2a74 com.android.apps.tag/10109} BLOCKED
06-12 22:15:00.161  1948  4119 I AppsFilter: interaction: PackageSetting{ac22e92 org.kffs.habilisdatalogger/10362} -> PackageSetting{a9f9b9d com.facebook.orca/10322} BLOCKED
06-12 22:15:00.161  1948  4119 I AppsFilter: interaction: PackageSetting{ac22e92 org.kffs.habilisdatalogger/10362} -> PackageSetting{6495be3 com.mercury.bank/10336} BLOCKED
06-12 22:15:00.162  1948  4119 I AppsFilter: interaction: PackageSetting{ac22e92 org.kffs.habilisdatalogger/10362} -> PackageSetting{bcd79e0 com.android.imsserviceentitlement/10148} BLOCKED
06-12 22:15:00.162  1948  4119 I AppsFilter: interaction: PackageSetting{ac22e92 org.kffs.habilisdatalogger/10362} -> PackageSetting{4df5499 com.facebook.system/10110} BLOCKED
06-12 22:15:00.162  1948  4119 I AppsFilter: interaction: PackageSetting{ac22e92 org.kffs.habilisdatalogger/10362} -> PackageSetting{72bd33f com.google.android.healthconnect.controller/10275} BLOCKED
06-12 22:15:00.162  1948  4119 I AppsFilter: interaction: PackageSetting{ac22e92 org.kffs.habilisdatalogger/10362} -> PackageSetting{9c0540c com.venmo/10332} BLOCKED
06-12 22:15:00.162  1948  4119 I AppsFilter: interaction: PackageSetting{ac22e92 org.kffs.habilisdatalogger/10362} -> PackageSetting{de5c76a com.android.bookmarkprovider/10113} BLOCKED
06-12 22:15:00.162  1948  4119 I AppsFilter: interaction: PackageSetting{ac22e92 org.kffs.habilisdatalogger/10362} -> PackageSetting{394645b com.miui.weather2/10294} BLOCKED
06-12 22:15:00.162  1948  4119 I AppsFilter: interaction: PackageSetting{ac22e92 org.kffs.habilisdatalogger/10362} -> PackageSetting{624a4f8 com.ascendo.android.dictionary.de.free/10331} BLOCKED
06-12 22:15:00.162  1948  4119 I AppsFilter: interaction: PackageSetting{ac22e92 org.kffs.habilisdatalogger/10362} -> PackageSetting{7adfdd1 org.mipay.android.manager/10132} BLOCKED
06-12 22:15:00.162  1948  4119 I AppsFilter: interaction: PackageSetting{ac22e92 org.kffs.habilisdatalogger/10362} -> PackageSetting{910f036 com.strava/10325} BLOCKED
06-12 22:15:00.162  1948  4119 I AppsFilter: interaction: PackageSetting{ac22e92 org.kffs.habilisdatalogger/10362} -> PackageSetting{f911657 com.google.android.projection.gearhead/10136} BLOCKED
06-12 22:15:00.162  1948  4119 I AppsFilter: interaction: PackageSetting{ac22e92 org.kffs.habilisdatalogger/10362} -> PackageSetting{52aeb37 com.xiaomi.scanner/10290} BLOCKED
06-12 22:15:00.162  1948  4119 I AppsFilter: interaction: PackageSetting{ac22e92 org.kffs.habilisdatalogger/10362} -> PackageSetting{a7b18a4 com.google.android.apps.turbo/10161} BLOCKED
06-12 22:15:00.162  1948  4119 I AppsFilter: interaction: PackageSetting{ac22e92 org.kffs.habilisdatalogger/10362} -> PackageSetting{ac3a60d com.google.android.safetycore/10342} BLOCKED
06-12 22:15:00.162  1948  4119 I AppsFilter: interaction: PackageSetting{ac22e92 org.kffs.habilisdatalogger/10362} -> PackageSetting{cf3d9c2 com.google.android.apps.chromecast.app/10341} BLOCKED
06-12 22:15:00.162  1948  4119 I AppsFilter: interaction: PackageSetting{ac22e92 org.kffs.habilisdatalogger/10362} -> PackageSetting{3df3544 com.android.cts.ctsshim/10279} BLOCKED
06-12 22:15:00.162  1948  4119 I AppsFilter: interaction: PackageSetting{ac22e92 org.kffs.habilisdatalogger/10362} -> PackageSetting{229d00e com.miui.mediaeditor/10301} BLOCKED
06-12 22:15:00.162  1948  4119 I AppsFilter: interaction: PackageSetting{ac22e92 org.kffs.habilisdatalogger/10362} -> PackageSetting{db6df1a com.miui.yellowpage/10171} BLOCKED
06-12 22:15:00.162  1948  4119 I AppsFilter: interaction: PackageSetting{ac22e92 org.kffs.habilisdatalogger/10362} -> PackageSetting{6f31a4b com.mi.global.shop/10296} BLOCKED
06-12 22:15:00.162  1948  4119 I AppsFilter: interaction: PackageSetting{ac22e92 org.kffs.habilisdatalogger/10362} -> PackageSetting{8873c28 com.google.android.apps.setupwizard.searchselector/10174} BLOCKED
06-12 22:15:00.162  1948  4119 I AppsFilter: interaction: PackageSetting{ac22e92 org.kffs.habilisdatalogger/10362} -> PackageSetting{4d8fd41 com.android.hotspot2.osulogin/10284} BLOCKED
06-12 22:15:00.162  1948  4119 I AppsFilter: interaction: PackageSetting{ac22e92 org.kffs.habilisdatalogger/10362} -> PackageSetting{ed3d2e6 com.azure.authenticator/10327} BLOCKED
06-12 22:15:00.162  1948  4119 I AppsFilter: interaction: PackageSetting{ac22e92 org.kffs.habilisdatalogger/10362} -> PackageSetting{e571027 com.google.android.gms.location.history/10181} BLOCKED
06-12 22:15:00.162  1948  4119 I AppsFilter: interaction: PackageSetting{ac22e92 org.kffs.habilisdatalogger/10362} -> PackageSetting{b018bf2 com.android.internal.systemui.navbar.gestural/10060} BLOCKED
06-12 22:15:00.162  1948  4119 I AppsFilter: interaction: PackageSetting{ac22e92 org.kffs.habilisdatalogger/10362} -> PackageSetting{7788243 com.google.android.overlay.gmsconfig.personalsafety/10025} BLOCKED
06-12 22:15:00.162  1948  4119 I AppsFilter: interaction: PackageSetting{ac22e92 org.kffs.habilisdatalogger/10362} -> PackageSetting{727f2d4 com.dti.bouyguestelecom/10163} BLOCKED
06-12 22:15:00.162  1948  4119 I AppsFilter: interaction: PackageSetting{ac22e92 org.kffs.habilisdatalogger/10362} -> PackageSetting{bf72c7d com.android.bluetoothmidiservice/10114} BLOCKED
06-12 22:15:00.162  1948  4119 I AppsFilter: interaction: PackageSetting{ac22e92 org.kffs.habilisdatalogger/10362} -> PackageSetting{d7a3772 com.facebook.appmanager/10128} BLOCKED
06-12 22:15:00.162  1948  4119 I AppsFilter: interaction: PackageSetting{ac22e92 org.kffs.habilisdatalogger/10362} -> PackageSetting{e1a87c3 com.google.android.cellbroadcastreceiver/10285} BLOCKED
06-12 22:15:00.162  1948  4119 I AppsFilter: interaction: PackageSetting{ac22e92 org.kffs.habilisdatalogger/10362} -> PackageSetting{a7b6840 com.orange.aura.oobe/10159} BLOCKED
06-12 22:15:00.162  1948  4119 I AppsFilter: interaction: PackageSetting{ac22e92 org.kffs.habilisdatalogger/10362} -> PackageSetting{f22a74a com.android.internal.systemui.navbar.gestural_narrow_back/10062} BLOCKED
06-12 22:15:00.162  1948  4119 I AppsFilter: interaction: PackageSetting{ac22e92 org.kffs.habilisdatalogger/10362} -> PackageSetting{1cf1379 com.google.android.photopicker/10286} BLOCKED
06-12 22:15:00.162  1948  4119 I AppsFilter: interaction: PackageSetting{ac22e92 org.kffs.habilisdatalogger/10362} -> PackageSetting{5b058be cn.wps.moffice_eng/10312} BLOCKED
06-12 22:15:00.162  1948  4119 I AppsFilter: interaction: PackageSetting{ac22e92 org.kffs.habilisdatalogger/10362} -> PackageSetting{813dd1f com.miui.core/10215} BLOCKED
06-12 22:15:00.163  1948  4119 I AppsFilter: interaction: PackageSetting{ac22e92 org.kffs.habilisdatalogger/10362} -> PackageSetting{2cec86c com.google.android.inputmethod.latin/10186} BLOCKED
06-12 22:15:00.163  1948  4119 I AppsFilter: interaction: PackageSetting{ac22e92 org.kffs.habilisdatalogger/10362} -> PackageSetting{2a46e35 com.amazon.kindle/10333} BLOCKED
