05-28 20:52:02.503  2054  6579 D CoreBackPreview: Window{a4a0234 u0 org.kffs.habilisdatalogger/org.kivy.android.PythonActivity}: Setting back callback OnBackInvokedCallbackInfo{mCallback=android.window.IOnBackInvokedCallback$Stub$Proxy@8f4bd2a, mPriority=0, mIsAnimationCallback=false}
05-28 20:52:02.517  2054  6579 D WindowManager: wms.Input focus has changed to Window{a4a0234 u0 org.kffs.habilisdatalogger/org.kivy.android.PythonActivity} display=0 updateInputWindows = true
05-28 20:52:02.579  2054  7684 D WindowManager: wms.finishDrawingLocked: mDrawState=COMMIT_DRAW_PENDING Window{a4a0234 u0 org.kffs.habilisdatalogger/org.kivy.android.PythonActivity} in Surface(name=org.kffs.habilisdatalogger/org.kivy.android.PythonActivity#40108)/@0xa9979f7
05-28 20:52:02.586  2054  2363 I WindowManager: wms.showSurfaceRobustly mWin:Window{a4a0234 u0 org.kffs.habilisdatalogger/org.kivy.android.PythonActivity}
05-28 20:52:02.619  2054  7684 D CoreBackPreview: Window{c9f5561 u0 Splash Screen org.kffs.habilisdatalogger}: Setting back callback null
05-28 20:52:02.620  2054  3094 D tsched_scene: handleWindowChanged: pkgName: org.kffs.habilisdatalogger, mForegroundAppName: com.miui.home
05-28 20:52:02.646  2054  7137 W PackageConfigPersister: App-specific configuration not found for packageName: org.kffs.habilisdatalogger and userId: 0
05-28 20:52:02.668  2054  7137 I Transition: finishTransition: updateLastSurfacePosition tf=Task{265f2dc #53631 type=standard A=10288:org.kffs.habilisdatalogger}
05-28 20:52:03.767  2054  7683 I PowerManagerServiceImpl: Acquire wakelock: SCREEN_BRIGHT_WAKE_LOCK        'WindowManager/displayId:0' ON_AFTER_RELEASE (uid=1000 pid=2054 pkg=android ws=WorkSource{10288 org.kffs.habilisdatalogger})
05-28 20:52:03.782  2054  7683 I PowerManagerServiceImpl: Release wakelock: SCREEN_BRIGHT_WAKE_LOCK        'WindowManager/displayId:0' ON_AFTER_RELEASE DISABLED ACQ=-14ms (uid=1000 pid=2054 pkg=android ws=WorkSource{10288 org.kffs.habilisdatalogger})
05-28 20:52:05.323  2054  6579 D MiuiFreeFormManagerService: onStartActivityInner as = Task{265f2dc #53631 type=standard A=10288:org.kffs.habilisdatalogger} op = null
05-28 20:52:05.327  2054  6579 D WindowManager: setLockTaskAuth: task=Task{265f2dc #53631 type=standard A=10288:org.kffs.habilisdatalogger} mLockTaskAuth=LOCK_TASK_AUTH_PINNABLE
05-28 20:52:05.328  2054  6579 D MiuiFreeFormManagerService: onStartActivityInner as = Task{265f2dc #53631 type=standard A=10288:org.kffs.habilisdatalogger} op = null
05-28 20:52:05.329  2054  6579 I ActivityTaskManager: resumeTopActivityInnerLocked topActivity:ActivityRecord{267e0c4 u0 com.google.android.permissioncontroller/com.android.permissioncontroller.permission.ui.GrantPermissionsActivity t53631} isFocusable:true this:Task{265f2dc #53631 type=standard A=10288:org.kffs.habilisdatalogger}
05-28 20:52:05.333  2054  6579 I ActivityTaskManager: START u0 {act=android.content.pm.action.REQUEST_PERMISSIONS pkg=com.google.android.permissioncontroller cmp=com.google.android.permissioncontroller/com.android.permissioncontroller.permission.ui.GrantPermissionsActivity (has extras)} with LAUNCH_MULTIPLE from uid 10288 from pid 24773 callingPackage org.kffs.habilisdatalogger (BAL_ALLOW_VISIBLE_WINDOW) result code=0
05-28 20:52:05.344  2054  6579 I ActivityTaskManager: resumeTopActivityInnerLocked topActivity:ActivityRecord{267e0c4 u0 com.google.android.permissioncontroller/com.android.permissioncontroller.permission.ui.GrantPermissionsActivity t53631} isFocusable:true this:Task{265f2dc #53631 type=standard A=10288:org.kffs.habilisdatalogger}
05-28 20:52:05.433  2054  3094 D tsched_scene: handleWindowChanged: pkgName: com.google.android.permissioncontroller, mForegroundAppName: org.kffs.habilisdatalogger
05-28 20:52:05.517  2054  7684 I ActivityTaskManager: resumeTopActivityInnerLocked topActivity:ActivityRecord{d9c6b4f u0 org.kffs.habilisdatalogger/org.kivy.android.PythonActivity t53631} isFocusable:true this:Task{265f2dc #53631 type=standard A=10288:org.kffs.habilisdatalogger}
05-28 20:52:05.523  2054  7684 D WindowManager: wms.Input focus has changed to Window{a4a0234 u0 org.kffs.habilisdatalogger/org.kivy.android.PythonActivity} display=0 updateInputWindows = true
05-28 20:52:05.527  2054  7684 I ActivityTaskManager: resumeTopActivityInnerLocked topActivity:ActivityRecord{d9c6b4f u0 org.kffs.habilisdatalogger/org.kivy.android.PythonActivity t53631} isFocusable:true this:Task{265f2dc #53631 type=standard A=10288:org.kffs.habilisdatalogger}
05-28 20:52:05.527  4004  4239 D MiuiFullScreenTaskRepository: setFocusedTask taskId=53631, displayId=0, topActivity=ComponentInfo{org.kffs.habilisdatalogger/org.kivy.android.PythonActivity}
05-28 20:52:05.527  4004  4239 D MiuiFullScreenTaskRepository: addOrUpdateFullScreenTaskInfo taskId=53631, topActivity=ComponentInfo{org.kffs.habilisdatalogger/org.kivy.android.PythonActivity}
05-28 20:52:05.528  2054  7684 I ActivityTaskManager: resumeTopActivityInnerLocked topActivity:ActivityRecord{d9c6b4f u0 org.kffs.habilisdatalogger/org.kivy.android.PythonActivity t53631} isFocusable:true this:Task{265f2dc #53631 type=standard A=10288:org.kffs.habilisdatalogger}
05-28 20:52:05.560  4004  4440 D MiuiFreeformModeObserver: activityResumed() intent： Intent { cmp=org.kffs.habilisdatalogger/org.kivy.android.PythonActivity (has extras) }
05-28 20:52:05.568  2054  7683 W PackageConfigPersister: App-specific configuration not found for packageName: org.kffs.habilisdatalogger and userId: 0
05-28 20:52:05.581  2054  4248 I ActivityTaskManager: resumeTopActivityInnerLocked topActivity:ActivityRecord{d9c6b4f u0 org.kffs.habilisdatalogger/org.kivy.android.PythonActivity t53631} isFocusable:true this:Task{265f2dc #53631 type=standard A=10288:org.kffs.habilisdatalogger}
05-28 20:52:05.595  2054  2363 D WindowManager: setLockTaskAuth: task=Task{265f2dc #53631 type=standard A=10288:org.kffs.habilisdatalogger} mLockTaskAuth=LOCK_TASK_AUTH_PINNABLE
05-28 20:52:05.597  4004  4239 D MiuiFullScreenTaskRepository: setFocusedTask taskId=53631, displayId=0, topActivity=ComponentInfo{org.kffs.habilisdatalogger/org.kivy.android.PythonActivity}
05-28 20:52:05.597  4004  4239 D MiuiFullScreenTaskRepository: addOrUpdateFullScreenTaskInfo taskId=53631, topActivity=ComponentInfo{org.kffs.habilisdatalogger/org.kivy.android.PythonActivity}
05-28 20:52:06.321 24773 24814 F libc    : Fatal signal 11 (SIGSEGV), code 1 (SEGV_MAPERR), fault addr 0x40 in tid 24814 (SDLThread), pid 24773 (SDLActivity)
05-28 20:52:06.622 24843 24843 F DEBUG   : Cmdline: org.kffs.habilisdatalogger
05-28 20:52:06.622 24843 24843 F DEBUG   : pid: 24773, tid: 24814, name: SDLThread  >>> org.kffs.habilisdatalogger <<<
05-28 20:52:06.623 24843 24843 F DEBUG   :   NOTE:   /data/data/org.kffs.habilisdatalogger/files/app/_python_bundle/site-packages/kivy/_event.so
05-28 20:52:06.623 24843 24843 F DEBUG   :   NOTE:   /data/data/org.kffs.habilisdatalogger/files/app/_python_bundle/site-packages/kivy/graphics/compiler.so
05-28 20:52:06.623 24843 24843 F DEBUG   :   NOTE:   /data/data/org.kffs.habilisdatalogger/files/app/_python_bundle/site-packages/kivy/graphics/instructions.so
05-28 20:52:06.623 24843 24843 F DEBUG   :   NOTE:   /data/data/org.kffs.habilisdatalogger/files/app/_python_bundle/site-packages/kivy/graphics/vbo.so
05-28 20:52:06.623 24843 24843 F DEBUG   :       #04 pc 0000000000015ab0  /data/data/org.kffs.habilisdatalogger/files/app/_python_bundle/site-packages/kivy/graphics/vbo.so
05-28 20:52:06.623 24843 24843 F DEBUG   :       #05 pc 0000000000026d54  /data/data/org.kffs.habilisdatalogger/files/app/_python_bundle/site-packages/kivy/graphics/instructions.so
05-28 20:52:06.623 24843 24843 F DEBUG   :       #06 pc 00000000000100cc  /data/data/org.kffs.habilisdatalogger/files/app/_python_bundle/site-packages/kivy/graphics/compiler.so
05-28 20:52:06.623 24843 24843 F DEBUG   :       #07 pc 0000000000024218  /data/data/org.kffs.habilisdatalogger/files/app/_python_bundle/site-packages/kivy/graphics/instructions.so
05-28 20:52:06.623 24843 24843 F DEBUG   :       #08 pc 0000000000023934  /data/data/org.kffs.habilisdatalogger/files/app/_python_bundle/site-packages/kivy/graphics/instructions.so
05-28 20:52:06.623 24843 24843 F DEBUG   :       #09 pc 00000000000279dc  /data/data/org.kffs.habilisdatalogger/files/app/_python_bundle/site-packages/kivy/graphics/instructions.so
05-28 20:52:06.623 24843 24843 F DEBUG   :       #10 pc 0000000000029700  /data/data/org.kffs.habilisdatalogger/files/app/_python_bundle/site-packages/kivy/graphics/instructions.so
05-28 20:52:06.623 24843 24843 F DEBUG   :       #11 pc 00000000000100cc  /data/data/org.kffs.habilisdatalogger/files/app/_python_bundle/site-packages/kivy/graphics/compiler.so
05-28 20:52:06.623 24843 24843 F DEBUG   :       #12 pc 0000000000024218  /data/data/org.kffs.habilisdatalogger/files/app/_python_bundle/site-packages/kivy/graphics/instructions.so
05-28 20:52:06.623 24843 24843 F DEBUG   :       #13 pc 0000000000023934  /data/data/org.kffs.habilisdatalogger/files/app/_python_bundle/site-packages/kivy/graphics/instructions.so
05-28 20:52:06.623 24843 24843 F DEBUG   :       #14 pc 00000000000100cc  /data/data/org.kffs.habilisdatalogger/files/app/_python_bundle/site-packages/kivy/graphics/compiler.so
05-28 20:52:06.623 24843 24843 F DEBUG   :       #15 pc 0000000000024218  /data/data/org.kffs.habilisdatalogger/files/app/_python_bundle/site-packages/kivy/graphics/instructions.so
05-28 20:52:06.623 24843 24843 F DEBUG   :       #16 pc 0000000000023934  /data/data/org.kffs.habilisdatalogger/files/app/_python_bundle/site-packages/kivy/graphics/instructions.so
05-28 20:52:06.623 24843 24843 F DEBUG   :       #17 pc 00000000000279dc  /data/data/org.kffs.habilisdatalogger/files/app/_python_bundle/site-packages/kivy/graphics/instructions.so
05-28 20:52:06.623 24843 24843 F DEBUG   :       #18 pc 00000000000100cc  /data/data/org.kffs.habilisdatalogger/files/app/_python_bundle/site-packages/kivy/graphics/compiler.so
05-28 20:52:06.623 24843 24843 F DEBUG   :       #19 pc 0000000000024218  /data/data/org.kffs.habilisdatalogger/files/app/_python_bundle/site-packages/kivy/graphics/instructions.so
05-28 20:52:06.623 24843 24843 F DEBUG   :       #20 pc 0000000000023934  /data/data/org.kffs.habilisdatalogger/files/app/_python_bundle/site-packages/kivy/graphics/instructions.so
05-28 20:52:06.623 24843 24843 F DEBUG   :       #21 pc 00000000000279dc  /data/data/org.kffs.habilisdatalogger/files/app/_python_bundle/site-packages/kivy/graphics/instructions.so
05-28 20:52:06.623 24843 24843 F DEBUG   :       #22 pc 00000000000100cc  /data/data/org.kffs.habilisdatalogger/files/app/_python_bundle/site-packages/kivy/graphics/compiler.so
05-28 20:52:06.623 24843 24843 F DEBUG   :       #23 pc 0000000000024218  /data/data/org.kffs.habilisdatalogger/files/app/_python_bundle/site-packages/kivy/graphics/instructions.so
05-28 20:52:06.623 24843 24843 F DEBUG   :       #24 pc 0000000000023934  /data/data/org.kffs.habilisdatalogger/files/app/_python_bundle/site-packages/kivy/graphics/instructions.so
05-28 20:52:06.623 24843 24843 F DEBUG   :       #25 pc 00000000000279dc  /data/data/org.kffs.habilisdatalogger/files/app/_python_bundle/site-packages/kivy/graphics/instructions.so
05-28 20:52:06.623 24843 24843 F DEBUG   :       #26 pc 00000000000100cc  /data/data/org.kffs.habilisdatalogger/files/app/_python_bundle/site-packages/kivy/graphics/compiler.so
05-28 20:52:06.623 24843 24843 F DEBUG   :       #27 pc 0000000000024218  /data/data/org.kffs.habilisdatalogger/files/app/_python_bundle/site-packages/kivy/graphics/instructions.so
05-28 20:52:06.623 24843 24843 F DEBUG   :       #28 pc 0000000000023934  /data/data/org.kffs.habilisdatalogger/files/app/_python_bundle/site-packages/kivy/graphics/instructions.so
05-28 20:52:06.623 24843 24843 F DEBUG   :       #29 pc 00000000000279dc  /data/data/org.kffs.habilisdatalogger/files/app/_python_bundle/site-packages/kivy/graphics/instructions.so
05-28 20:52:06.623 24843 24843 F DEBUG   :       #30 pc 00000000000100cc  /data/data/org.kffs.habilisdatalogger/files/app/_python_bundle/site-packages/kivy/graphics/compiler.so
05-28 20:52:06.623 24843 24843 F DEBUG   :       #31 pc 0000000000024218  /data/data/org.kffs.habilisdatalogger/files/app/_python_bundle/site-packages/kivy/graphics/instructions.so
05-28 20:52:06.623 24843 24843 F DEBUG   :       #32 pc 0000000000023934  /data/data/org.kffs.habilisdatalogger/files/app/_python_bundle/site-packages/kivy/graphics/instructions.so
05-28 20:52:06.623 24843 24843 F DEBUG   :       #33 pc 00000000000279dc  /data/data/org.kffs.habilisdatalogger/files/app/_python_bundle/site-packages/kivy/graphics/instructions.so
05-28 20:52:06.623 24843 24843 F DEBUG   :       #34 pc 00000000000100cc  /data/data/org.kffs.habilisdatalogger/files/app/_python_bundle/site-packages/kivy/graphics/compiler.so
05-28 20:52:06.623 24843 24843 F DEBUG   :       #35 pc 0000000000024218  /data/data/org.kffs.habilisdatalogger/files/app/_python_bundle/site-packages/kivy/graphics/instructions.so
05-28 20:52:06.623 24843 24843 F DEBUG   :       #36 pc 0000000000023934  /data/data/org.kffs.habilisdatalogger/files/app/_python_bundle/site-packages/kivy/graphics/instructions.so
05-28 20:52:06.623 24843 24843 F DEBUG   :       #37 pc 00000000000279dc  /data/data/org.kffs.habilisdatalogger/files/app/_python_bundle/site-packages/kivy/graphics/instructions.so
05-28 20:52:06.623 24843 24843 F DEBUG   :       #38 pc 0000000000029700  /data/data/org.kffs.habilisdatalogger/files/app/_python_bundle/site-packages/kivy/graphics/instructions.so
05-28 20:52:06.623 24843 24843 F DEBUG   :       #39 pc 0000000000028e40  /data/data/org.kffs.habilisdatalogger/files/app/_python_bundle/site-packages/kivy/graphics/instructions.so
05-28 20:52:06.623 24843 24843 F DEBUG   :       #40 pc 000000000003b94c  /data/data/org.kffs.habilisdatalogger/files/app/_python_bundle/site-packages/kivy/graphics/instructions.so
05-28 20:52:06.623 24843 24843 F DEBUG   :       #41 pc 000000000003b8f8  /data/data/org.kffs.habilisdatalogger/files/app/_python_bundle/site-packages/kivy/graphics/instructions.so
05-28 20:52:06.623 24843 24843 F DEBUG   :       #42 pc 0000000000044400  /data/data/org.kffs.habilisdatalogger/files/app/_python_bundle/site-packages/kivy/graphics/instructions.so
05-28 20:52:06.623 24843 24843 F DEBUG   :       #43 pc 00000000002390d4  /data/app/~~rybPyfNkyS2keEYHjDMghA==/org.kffs.habilisdatalogger-pB_v9pbQ7EgXdonOwTtshQ==/lib/arm64/libpython3.10.so
05-28 20:52:06.623 24843 24843 F DEBUG   :       #44 pc 0000000000234ee4  /data/app/~~rybPyfNkyS2keEYHjDMghA==/org.kffs.habilisdatalogger-pB_v9pbQ7EgXdonOwTtshQ==/lib/arm64/libpython3.10.so (_PyEval_EvalFrameDefault+9272)
05-28 20:52:06.623 24843 24843 F DEBUG   :       #45 pc 000000000023298c  /data/app/~~rybPyfNkyS2keEYHjDMghA==/org.kffs.habilisdatalogger-pB_v9pbQ7EgXdonOwTtshQ==/lib/arm64/libpython3.10.so
05-28 20:52:06.623 24843 24843 F DEBUG   :       #46 pc 000000000016afa8  /data/app/~~rybPyfNkyS2keEYHjDMghA==/org.kffs.habilisdatalogger-pB_v9pbQ7EgXdonOwTtshQ==/lib/arm64/libpython3.10.so
05-28 20:52:06.623 24843 24843 F DEBUG   :       #47 pc 000000000001ee88  /data/data/org.kffs.habilisdatalogger/files/app/_python_bundle/site-packages/kivy/_event.so
05-28 20:52:06.623 24843 24843 F DEBUG   :       #48 pc 0000000000041a34  /data/data/org.kffs.habilisdatalogger/files/app/_python_bundle/site-packages/kivy/_event.so
05-28 20:52:06.623 24843 24843 F DEBUG   :       #49 pc 0000000000037f40  /data/data/org.kffs.habilisdatalogger/files/app/_python_bundle/site-packages/kivy/_event.so
05-28 20:52:06.623 24843 24843 F DEBUG   :       #50 pc 000000000004ea4c  /data/data/org.kffs.habilisdatalogger/files/app/_python_bundle/site-packages/kivy/_event.so
05-28 20:52:06.623 24843 24843 F DEBUG   :       #51 pc 00000000002390d4  /data/app/~~rybPyfNkyS2keEYHjDMghA==/org.kffs.habilisdatalogger-pB_v9pbQ7EgXdonOwTtshQ==/lib/arm64/libpython3.10.so
05-28 20:52:06.623 24843 24843 F DEBUG   :       #52 pc 0000000000234ee4  /data/app/~~rybPyfNkyS2keEYHjDMghA==/org.kffs.habilisdatalogger-pB_v9pbQ7EgXdonOwTtshQ==/lib/arm64/libpython3.10.so (_PyEval_EvalFrameDefault+9272)
05-28 20:52:06.623 24843 24843 F DEBUG   :       #53 pc 000000000023298c  /data/app/~~rybPyfNkyS2keEYHjDMghA==/org.kffs.habilisdatalogger-pB_v9pbQ7EgXdonOwTtshQ==/lib/arm64/libpython3.10.so
05-28 20:52:06.623 24843 24843 F DEBUG   :       #54 pc 00000000002390d4  /data/app/~~rybPyfNkyS2keEYHjDMghA==/org.kffs.habilisdatalogger-pB_v9pbQ7EgXdonOwTtshQ==/lib/arm64/libpython3.10.so
05-28 20:52:06.623 24843 24843 F DEBUG   :       #55 pc 0000000000234ee4  /data/app/~~rybPyfNkyS2keEYHjDMghA==/org.kffs.habilisdatalogger-pB_v9pbQ7EgXdonOwTtshQ==/lib/arm64/libpython3.10.so (_PyEval_EvalFrameDefault+9272)
05-28 20:52:06.623 24843 24843 F DEBUG   :       #56 pc 000000000023298c  /data/app/~~rybPyfNkyS2keEYHjDMghA==/org.kffs.habilisdatalogger-pB_v9pbQ7EgXdonOwTtshQ==/lib/arm64/libpython3.10.so
05-28 20:52:06.623 24843 24843 F DEBUG   :       #57 pc 00000000002390d4  /data/app/~~rybPyfNkyS2keEYHjDMghA==/org.kffs.habilisdatalogger-pB_v9pbQ7EgXdonOwTtshQ==/lib/arm64/libpython3.10.so
05-28 20:52:06.624 24843 24843 F DEBUG   :       #58 pc 0000000000234ee4  /data/app/~~rybPyfNkyS2keEYHjDMghA==/org.kffs.habilisdatalogger-pB_v9pbQ7EgXdonOwTtshQ==/lib/arm64/libpython3.10.so (_PyEval_EvalFrameDefault+9272)
05-28 20:52:06.624 24843 24843 F DEBUG   :       #59 pc 000000000023298c  /data/app/~~rybPyfNkyS2keEYHjDMghA==/org.kffs.habilisdatalogger-pB_v9pbQ7EgXdonOwTtshQ==/lib/arm64/libpython3.10.so
05-28 20:52:06.624 24843 24843 F DEBUG   :       #60 pc 00000000002390d4  /data/app/~~rybPyfNkyS2keEYHjDMghA==/org.kffs.habilisdatalogger-pB_v9pbQ7EgXdonOwTtshQ==/lib/arm64/libpython3.10.so
05-28 20:52:06.624 24843 24843 F DEBUG   :       #61 pc 00000000002349c8  /data/app/~~rybPyfNkyS2keEYHjDMghA==/org.kffs.habilisdatalogger-pB_v9pbQ7EgXdonOwTtshQ==/lib/arm64/libpython3.10.so (_PyEval_EvalFrameDefault+7964)
05-28 20:52:06.624 24843 24843 F DEBUG   :       #62 pc 000000000023298c  /data/app/~~rybPyfNkyS2keEYHjDMghA==/org.kffs.habilisdatalogger-pB_v9pbQ7EgXdonOwTtshQ==/lib/arm64/libpython3.10.so
05-28 20:52:06.624 24843 24843 F DEBUG   :       #63 pc 00000000002390d4  /data/app/~~rybPyfNkyS2keEYHjDMghA==/org.kffs.habilisdatalogger-pB_v9pbQ7EgXdonOwTtshQ==/lib/arm64/libpython3.10.so
05-28 20:52:06.624 24843 24843 F DEBUG   :       #64 pc 0000000000234ee4  /data/app/~~rybPyfNkyS2keEYHjDMghA==/org.kffs.habilisdatalogger-pB_v9pbQ7EgXdonOwTtshQ==/lib/arm64/libpython3.10.so (_PyEval_EvalFrameDefault+9272)
05-28 20:52:06.624 24843 24843 F DEBUG   :       #65 pc 000000000023298c  /data/app/~~rybPyfNkyS2keEYHjDMghA==/org.kffs.habilisdatalogger-pB_v9pbQ7EgXdonOwTtshQ==/lib/arm64/libpython3.10.so
05-28 20:52:06.624 24843 24843 F DEBUG   :       #66 pc 00000000002328d4  /data/app/~~rybPyfNkyS2keEYHjDMghA==/org.kffs.habilisdatalogger-pB_v9pbQ7EgXdonOwTtshQ==/lib/arm64/libpython3.10.so (PyEval_EvalCode+104)
05-28 20:52:06.624 24843 24843 F DEBUG   :       #67 pc 0000000000278fec  /data/app/~~rybPyfNkyS2keEYHjDMghA==/org.kffs.habilisdatalogger-pB_v9pbQ7EgXdonOwTtshQ==/lib/arm64/libpython3.10.so (_PyRun_SimpleFileObject+1188)
05-28 20:52:06.624 24843 24843 F DEBUG   :       #68 pc 0000000000279894  /data/app/~~rybPyfNkyS2keEYHjDMghA==/org.kffs.habilisdatalogger-pB_v9pbQ7EgXdonOwTtshQ==/lib/arm64/libpython3.10.so (PyRun_SimpleFileExFlags+60)
05-28 20:52:06.624 24843 24843 F DEBUG   :       #69 pc 00000000000034c0  /data/app/~~rybPyfNkyS2keEYHjDMghA==/org.kffs.habilisdatalogger-pB_v9pbQ7EgXdonOwTtshQ==/lib/arm64/libmain.so (SDL_main+2452) (BuildId: 31dee9799880258433bef3824135a0d2bfdc25f8)
05-28 20:52:06.624 24843 24843 F DEBUG   :       #70 pc 00000000000b3e38  /data/app/~~rybPyfNkyS2keEYHjDMghA==/org.kffs.habilisdatalogger-pB_v9pbQ7EgXdonOwTtshQ==/lib/arm64/libSDL2.so (Java_org_libsdl_app_SDLActivity_nativeRunMain+772) (BuildId: 2dfa090cb8e2d0b99d6d3a8e4f2e36341627dd95)
05-28 20:52:06.624 24843 24843 F DEBUG   :       #76 pc 00000000003497dc  /data/app/~~rybPyfNkyS2keEYHjDMghA==/org.kffs.habilisdatalogger-pB_v9pbQ7EgXdonOwTtshQ==/oat/arm64/base.vdex (org.libsdl.app.SDLMain.run+0)
05-28 20:52:06.668  2054 24846 W ActivityTaskManager:   Force finishing activity org.kffs.habilisdatalogger/org.kivy.android.PythonActivity
05-28 20:52:06.673  2054 24846 D WindowManager: Collecting in transition 2424: Task{265f2dc #53631 type=standard A=10288:org.kffs.habilisdatalogger} init visibleRequested:true
05-28 20:52:06.674  2054 24846 D WindowManager: Collecting in transition 2424: ActivityRecord{d9c6b4f u0 org.kffs.habilisdatalogger/org.kivy.android.PythonActivity t53631 f}} init visibleRequested:true
05-28 20:52:06.685  2054  2359 I ActivityManager: Showing crash dialog for package org.kffs.habilisdatalogger u0
05-28 20:52:06.711  2054  2820 I WindowManager: WIN DEATH: Window{a4a0234 u0 org.kffs.habilisdatalogger/org.kivy.android.PythonActivity}
05-28 20:52:06.744  2054  4248 I ActivityManager: Process org.kffs.habilisdatalogger (pid 24773) has died: fg  TOP 
05-28 20:52:06.749  2054  4248 D WindowManager: Collecting in transition 2424: Task{265f2dc #53631 type=standard A=10288:org.kffs.habilisdatalogger} init visibleRequested:false
05-28 20:52:06.753  2054  4248 D WindowManager: Collecting in transition 2424: ActivityRecord{d9c6b4f u0 org.kffs.habilisdatalogger/org.kivy.android.PythonActivity t53631 f}} init visibleRequested:false
05-28 20:52:06.772  2054 24846 W ActivityManager: Ignoring remove of inactive process: ProcessRecord{914c63f 0:org.kffs.habilisdatalogger/u0a288}
05-28 20:52:06.797  2054  2363 W WindowManager: Failed to deliver inset control state change to w=Window{a4a0234 u0 org.kffs.habilisdatalogger/org.kivy.android.PythonActivity EXITING}
05-28 20:52:06.819  2054  2363 D WindowManager: Final targets: [Task{8b7be85 #1 type=home}, Task{265f2dc #53631 type=standard A=10288:org.kffs.habilisdatalogger}, WallpaperWindowToken{3d2313a token=android.os.BinderProxy@7f5065}, WallpaperWindowToken{af57f4 token=android.os.Binder@9f42b06}]
05-28 20:52:06.828  2054  2363 D WindowManager: Calling onTransitionReady info={id=2424 t=CLOSE f=0x10 trk=0 r=[0@Point(0, 0)] c=[{WCT{RemoteToken{c90cabe Task{8b7be85 #1 type=home}}} m=TO_FRONT f=SHOW_WALLPAPER|MOVE_TO_TOP leash=Surface(name=Task=1#45)/@0x9160a40 sb=Rect(0, 0 - 1080, 2400) eb=Rect(0, 0 - 1080, 2400) d=0},{WCT{RemoteToken{ca63712 Task{265f2dc #53631 type=standard A=10288:org.kffs.habilisdatalogger}}} m=CLOSE f=NONE leash=Surface(name=Task=53631#40095)/@0x6bbc174 sb=Rect(0, 0 - 1080, 2400) eb=Rect(0, 0 - 1080, 2400) d=0},{null m=TO_FRONT f=IS_WALLPAPER leash=Surface(name=WallpaperWindowToken{3d2313a token=android.os.BinderProxy@7f5065}#1804)/@0xdb5a7e8 sb=Rect(0, 0 - 1080, 2400) eb=Rect(0, 0 - 1080, 2400) d=0},{null m=TO_FRONT f=IS_WALLPAPER leash=Surface(name=WallpaperWindowToken{af57f4 token=android.os.Binder@9f42b06}#59)/@0x31ad9e1 sb=Rect(0, 0 - 1080, 2400) eb=Rect(0, 0 - 1080, 2400) d=0}] noAni=[false]}, mToken=Token{763660a TransitionRecord{ef2e1ee id=2424 type=CLOSE flags=0x10}}
05-28 20:52:06.870  2054  2363 W WindowManager: Failed to deliver inset control state change to w=Window{a4a0234 u0 org.kffs.habilisdatalogger/org.kivy.android.PythonActivity EXITING}
05-28 20:52:07.172  2054  2361 W ActivityTaskManager: Activity top resumed state loss timeout for ActivityRecord{d9c6b4f u0 org.kffs.habilisdatalogger/org.kivy.android.PythonActivity t53631 f} isExiting}
05-28 20:52:07.620  2054  7685 W WindowManager: Exception thrown during dispatchAppVisibility Window{a4a0234 u0 org.kffs.habilisdatalogger/org.kivy.android.PythonActivity EXITING}
05-28 20:52:07.620  2054  7685 I Transition: finishTransition: updateLastSurfacePosition tf=Task{265f2dc #53631 type=standard A=10288:org.kffs.habilisdatalogger}
05-28 20:54:37.404  4050  4516 E ActivityManagerWrapper: getRecentTasks: mainTaskId=53631   userId=0   windowMode=1   baseIntent=Intent { act=android.intent.action.MAIN flag=270532608 cmp=ComponentInfo{org.kffs.habilisdatalogger/org.kivy.android.PythonActivity} }
05-28 20:54:37.418  4050  4516 D WorldCirculate: getWorldCirculateInfo, taskInfo.baseIntent=Intent { act=android.intent.action.MAIN cat=[android.intent.category.LAUNCHER] flg=0x10200000 cmp=org.kffs.habilisdatalogger/org.kivy.android.PythonActivity }, displayId=-1, but get Display failed
05-28 20:54:37.429  4050  4516 E ActivityManagerWrapper: getRecentTasks: mainTaskId=53631   userId=0   windowMode=1   baseIntent=Intent { act=android.intent.action.MAIN flag=270532608 cmp=ComponentInfo{org.kffs.habilisdatalogger/org.kivy.android.PythonActivity} }
05-28 20:54:37.430  4050  4516 D WorldCirculate: getWorldCirculateInfo, taskInfo.baseIntent=Intent { act=android.intent.action.MAIN cat=[android.intent.category.LAUNCHER] flg=0x10200000 cmp=org.kffs.habilisdatalogger/org.kivy.android.PythonActivity }, displayId=-1, but get Display failed
05-28 20:56:34.283  8252  9520 I PowerRankHelperHolder: mDesktopPkgSet =[com.milink.service, com.miui.player, com.amazon.kindle, com.creditkarma.mobile, co.mangotechnologies.clickup, com.miui.compass, com.stopandshop.mobile.droid, co.za.wigroup.dunkindonutsge, us.mitene, com.miui.calculator, com.android.deskclock, com.microsoft.seeingai, com.garmin.android.apps.connectmobile, com.madinsweden.sleeptalk, com.strava, com.xiaomi.finddevice, com.google.android.apps.photos, com.android.nfc, com.google.android.apps.safetyhub, com.thestorygraph.thestorygraph, com.mobcrab.deutschgrammatika1a2b1b2, com.familywall, com.google.android.apps.maps, com.miui.videoplayer, org.wordpress.android, com.mfashiongallery.emag, com.google.android.apps.messaging, com.google.android.googlequicksearchbox, com.google.android.apps.googlevoice, com.zhiliaoapp.musically, com.miui.home, com.roku.remote, com.konylabs.capitalone, com.microsoft.skydrive, com.android.quicksearchbox, com.huami.watch.hmwatchmanager, com.miui.weather2, com.facebook.katana, com.stripe.android.dashboard, com.miui.miwallpaper, com.quonticbank.android, com.android.thememanager, com.android.camera, com.android.incallui, com.android.settings, com.xiaomi.glgm, com.google.android.apps.googleassistant, com.timehop, com.android.soundrecorder, com.microsoft.teams, com.instagram.android, com.discoverfinancial.mobile, com.uvnv.mintsim, com.venmo, com.microsoft.office.outlook, com.miui.mishare.connectivity, com.google.android.apps.kids.familylink, com.jetpack.android, com.odd.collectforstripe, com.google.android.apps.docs.editors.docs, com.xiaomi.scanner, com.miui.securitycenter, com.android.vending, com.mercury.bank, com.overdrive.mobile.android.libby, com.einnovation.temu, com.android.chrome, com.microsoft.windowsintune.companyportal, com.xfinity.digitalhome, com.ascendo.android.dictionary.de.free, com.mi.android.globalFileexplorer, com.ichi2.anki, com.google.android.apps.docs, com.miui.gallery, com.google.android.apps.subscriptions.red, com.azure.authenticator, app.indie.my, com.google.android.apps.adm, com.eken.aiwit, com.spotify.music, com.bunq.android, com.miui.miservice, com.google.android.contacts, com.dropbox.android, com.onedebit.chime, com.facebook.orca, com.whatsapp, com.duolingo, org.kffs.habilisdatalogger, email.titan.app, com.mi.android.globallauncher, com.usbank.mobilebanking, com.android.providers.downloads.ui, flar2.homebutton, com.google.android.apps.docs.editors.sheets, com.google.android.dialer, com.sofi.mobile, com.google.android.gm, com.mi.globalminusscreen, com.google.android.apps.authenticator2, com.mtb.mbanking.sc.retail.prod, com.shutterfly, com.google.android.calendar]
05-28 20:56:38.490  4050  4516 E ActivityManagerWrapper: getRecentTasks: mainTaskId=53631   userId=0   windowMode=1   baseIntent=Intent { act=android.intent.action.MAIN flag=270532608 cmp=ComponentInfo{org.kffs.habilisdatalogger/org.kivy.android.PythonActivity} }
05-28 20:56:38.495  4050  4516 D WorldCirculate: getWorldCirculateInfo, taskInfo.baseIntent=Intent { act=android.intent.action.MAIN cat=[android.intent.category.LAUNCHER] flg=0x10200000 cmp=org.kffs.habilisdatalogger/org.kivy.android.PythonActivity }, displayId=-1, but get Display failed
05-28 20:56:38.509  4050  4516 E ActivityManagerWrapper: getRecentTasks: mainTaskId=53631   userId=0   windowMode=1   baseIntent=Intent { act=android.intent.action.MAIN flag=270532608 cmp=ComponentInfo{org.kffs.habilisdatalogger/org.kivy.android.PythonActivity} }
05-28 20:56:38.510  4050  4516 D WorldCirculate: getWorldCirculateInfo, taskInfo.baseIntent=Intent { act=android.intent.action.MAIN cat=[android.intent.category.LAUNCHER] flg=0x10200000 cmp=org.kffs.habilisdatalogger/org.kivy.android.PythonActivity }, displayId=-1, but get Display failed
05-28 20:56:40.415  4050  4516 E ActivityManagerWrapper: getRecentTasks: mainTaskId=53631   userId=0   windowMode=1   baseIntent=Intent { act=android.intent.action.MAIN flag=270532608 cmp=ComponentInfo{org.kffs.habilisdatalogger/org.kivy.android.PythonActivity} }
05-28 20:56:40.445  4050  4516 D WorldCirculate: getWorldCirculateInfo, taskInfo.baseIntent=Intent { act=android.intent.action.MAIN cat=[android.intent.category.LAUNCHER] flg=0x10200000 cmp=org.kffs.habilisdatalogger/org.kivy.android.PythonActivity }, displayId=-1, but get Display failed
05-28 20:56:40.459  4050  4516 E ActivityManagerWrapper: getRecentTasks: mainTaskId=53631   userId=0   windowMode=1   baseIntent=Intent { act=android.intent.action.MAIN flag=270532608 cmp=ComponentInfo{org.kffs.habilisdatalogger/org.kivy.android.PythonActivity} }
05-28 20:56:40.459  4050  4516 D WorldCirculate: getWorldCirculateInfo, taskInfo.baseIntent=Intent { act=android.intent.action.MAIN cat=[android.intent.category.LAUNCHER] flg=0x10200000 cmp=org.kffs.habilisdatalogger/org.kivy.android.PythonActivity }, displayId=-1, but get Display failed
05-28 20:56:40.468  4050  4516 E ActivityManagerWrapper: getRecentTasks: mainTaskId=53631   userId=0   windowMode=1   baseIntent=Intent { act=android.intent.action.MAIN flag=270532608 cmp=ComponentInfo{org.kffs.habilisdatalogger/org.kivy.android.PythonActivity} }
05-28 20:56:40.469  4050  4516 D WorldCirculate: getWorldCirculateInfo, taskInfo.baseIntent=Intent { act=android.intent.action.MAIN cat=[android.intent.category.LAUNCHER] flg=0x10200000 cmp=org.kffs.habilisdatalogger/org.kivy.android.PythonActivity }, displayId=-1, but get Display failed
05-28 20:56:44.859  4050  4516 E ActivityManagerWrapper: getRecentTasks: mainTaskId=53631   userId=0   windowMode=1   baseIntent=Intent { act=android.intent.action.MAIN flag=270532608 cmp=ComponentInfo{org.kffs.habilisdatalogger/org.kivy.android.PythonActivity} }
05-28 20:56:44.869  4050  4516 D WorldCirculate: getWorldCirculateInfo, taskInfo.baseIntent=Intent { act=android.intent.action.MAIN cat=[android.intent.category.LAUNCHER] flg=0x10200000 cmp=org.kffs.habilisdatalogger/org.kivy.android.PythonActivity }, displayId=-1, but get Display failed
05-28 20:56:44.888  4050  4516 E ActivityManagerWrapper: getRecentTasks: mainTaskId=53631   userId=0   windowMode=1   baseIntent=Intent { act=android.intent.action.MAIN flag=270532608 cmp=ComponentInfo{org.kffs.habilisdatalogger/org.kivy.android.PythonActivity} }
05-28 20:56:44.891  4050  4516 D WorldCirculate: getWorldCirculateInfo, taskInfo.baseIntent=Intent { act=android.intent.action.MAIN cat=[android.intent.category.LAUNCHER] flg=0x10200000 cmp=org.kffs.habilisdatalogger/org.kivy.android.PythonActivity }, displayId=-1, but get Display failed
05-28 20:56:46.802  4050  4516 E ActivityManagerWrapper: getRecentTasks: mainTaskId=53631   userId=0   windowMode=1   baseIntent=Intent { act=android.intent.action.MAIN flag=270532608 cmp=ComponentInfo{org.kffs.habilisdatalogger/org.kivy.android.PythonActivity} }
05-28 20:56:46.806  4050  4516 D WorldCirculate: getWorldCirculateInfo, taskInfo.baseIntent=Intent { act=android.intent.action.MAIN cat=[android.intent.category.LAUNCHER] flg=0x10200000 cmp=org.kffs.habilisdatalogger/org.kivy.android.PythonActivity }, displayId=-1, but get Display failed
05-28 20:56:46.816  4050  4516 E ActivityManagerWrapper: getRecentTasks: mainTaskId=53631   userId=0   windowMode=1   baseIntent=Intent { act=android.intent.action.MAIN flag=270532608 cmp=ComponentInfo{org.kffs.habilisdatalogger/org.kivy.android.PythonActivity} }
05-28 20:56:46.817  4050  4516 D WorldCirculate: getWorldCirculateInfo, taskInfo.baseIntent=Intent { act=android.intent.action.MAIN cat=[android.intent.category.LAUNCHER] flg=0x10200000 cmp=org.kffs.habilisdatalogger/org.kivy.android.PythonActivity }, displayId=-1, but get Display failed
05-28 20:57:50.252  4050  4516 E ActivityManagerWrapper: getRecentTasks: mainTaskId=53631   userId=0   windowMode=1   baseIntent=Intent { act=android.intent.action.MAIN flag=270532608 cmp=ComponentInfo{org.kffs.habilisdatalogger/org.kivy.android.PythonActivity} }
05-28 20:57:50.264  4050  4516 D WorldCirculate: getWorldCirculateInfo, taskInfo.baseIntent=Intent { act=android.intent.action.MAIN cat=[android.intent.category.LAUNCHER] flg=0x10200000 cmp=org.kffs.habilisdatalogger/org.kivy.android.PythonActivity }, displayId=-1, but get Display failed
05-28 20:57:52.556  4050  4516 E ActivityManagerWrapper: getRecentTasks: mainTaskId=53631   userId=0   windowMode=1   baseIntent=Intent { act=android.intent.action.MAIN flag=270532608 cmp=ComponentInfo{org.kffs.habilisdatalogger/org.kivy.android.PythonActivity} }
05-28 20:57:52.565  4050  4516 D WorldCirculate: getWorldCirculateInfo, taskInfo.baseIntent=Intent { act=android.intent.action.MAIN cat=[android.intent.category.LAUNCHER] flg=0x10200000 cmp=org.kffs.habilisdatalogger/org.kivy.android.PythonActivity }, displayId=-1, but get Display failed
05-28 20:57:52.640  4050  4516 E ActivityManagerWrapper: getRecentTasks: mainTaskId=53631   userId=0   windowMode=1   baseIntent=Intent { act=android.intent.action.MAIN flag=270532608 cmp=ComponentInfo{org.kffs.habilisdatalogger/org.kivy.android.PythonActivity} }
05-28 20:57:52.647  4050  4516 D WorldCirculate: getWorldCirculateInfo, taskInfo.baseIntent=Intent { act=android.intent.action.MAIN cat=[android.intent.category.LAUNCHER] flg=0x10200000 cmp=org.kffs.habilisdatalogger/org.kivy.android.PythonActivity }, displayId=-1, but get Display failed
05-28 20:58:05.922  4050  4516 E ActivityManagerWrapper: getRecentTasks: mainTaskId=53631   userId=0   windowMode=1   baseIntent=Intent { act=android.intent.action.MAIN flag=270532608 cmp=ComponentInfo{org.kffs.habilisdatalogger/org.kivy.android.PythonActivity} }
05-28 20:58:05.931  4050  4516 D WorldCirculate: getWorldCirculateInfo, taskInfo.baseIntent=Intent { act=android.intent.action.MAIN cat=[android.intent.category.LAUNCHER] flg=0x10200000 cmp=org.kffs.habilisdatalogger/org.kivy.android.PythonActivity }, displayId=-1, but get Display failed
05-28 20:58:05.960  4050  4516 E ActivityManagerWrapper: getRecentTasks: mainTaskId=53631   userId=0   windowMode=1   baseIntent=Intent { act=android.intent.action.MAIN flag=270532608 cmp=ComponentInfo{org.kffs.habilisdatalogger/org.kivy.android.PythonActivity} }
05-28 20:58:05.962  4050  4516 D WorldCirculate: getWorldCirculateInfo, taskInfo.baseIntent=Intent { act=android.intent.action.MAIN cat=[android.intent.category.LAUNCHER] flg=0x10200000 cmp=org.kffs.habilisdatalogger/org.kivy.android.PythonActivity }, displayId=-1, but get Display failed
05-28 20:58:07.153  4050  4516 E ActivityManagerWrapper: getRecentTasks: mainTaskId=53631   userId=0   windowMode=1   baseIntent=Intent { act=android.intent.action.MAIN flag=270532608 cmp=ComponentInfo{org.kffs.habilisdatalogger/org.kivy.android.PythonActivity} }
05-28 20:58:07.193  4050  4516 D WorldCirculate: getWorldCirculateInfo, taskInfo.baseIntent=Intent { act=android.intent.action.MAIN cat=[android.intent.category.LAUNCHER] flg=0x10200000 cmp=org.kffs.habilisdatalogger/org.kivy.android.PythonActivity }, displayId=-1, but get Display failed
05-28 20:58:07.211  4050  4516 E ActivityManagerWrapper: getRecentTasks: mainTaskId=53631   userId=0   windowMode=1   baseIntent=Intent { act=android.intent.action.MAIN flag=270532608 cmp=ComponentInfo{org.kffs.habilisdatalogger/org.kivy.android.PythonActivity} }
05-28 20:58:07.212  4050  4516 D WorldCirculate: getWorldCirculateInfo, taskInfo.baseIntent=Intent { act=android.intent.action.MAIN cat=[android.intent.category.LAUNCHER] flg=0x10200000 cmp=org.kffs.habilisdatalogger/org.kivy.android.PythonActivity }, displayId=-1, but get Display failed
05-28 20:58:14.191  4050  4516 E ActivityManagerWrapper: getRecentTasks: mainTaskId=53631   userId=0   windowMode=1   baseIntent=Intent { act=android.intent.action.MAIN flag=270532608 cmp=ComponentInfo{org.kffs.habilisdatalogger/org.kivy.android.PythonActivity} }
05-28 20:58:14.205  4050  4516 D WorldCirculate: getWorldCirculateInfo, taskInfo.baseIntent=Intent { act=android.intent.action.MAIN cat=[android.intent.category.LAUNCHER] flg=0x10200000 cmp=org.kffs.habilisdatalogger/org.kivy.android.PythonActivity }, displayId=-1, but get Display failed
05-28 20:58:14.228  4050  4516 E ActivityManagerWrapper: getRecentTasks: mainTaskId=53631   userId=0   windowMode=1   baseIntent=Intent { act=android.intent.action.MAIN flag=270532608 cmp=ComponentInfo{org.kffs.habilisdatalogger/org.kivy.android.PythonActivity} }
05-28 20:58:14.229  4050  4516 D WorldCirculate: getWorldCirculateInfo, taskInfo.baseIntent=Intent { act=android.intent.action.MAIN cat=[android.intent.category.LAUNCHER] flg=0x10200000 cmp=org.kffs.habilisdatalogger/org.kivy.android.PythonActivity }, displayId=-1, but get Display failed
05-28 20:58:15.730  4050  4516 E ActivityManagerWrapper: getRecentTasks: mainTaskId=53631   userId=0   windowMode=1   baseIntent=Intent { act=android.intent.action.MAIN flag=270532608 cmp=ComponentInfo{org.kffs.habilisdatalogger/org.kivy.android.PythonActivity} }
05-28 20:58:15.761  4050  4516 D WorldCirculate: getWorldCirculateInfo, taskInfo.baseIntent=Intent { act=android.intent.action.MAIN cat=[android.intent.category.LAUNCHER] flg=0x10200000 cmp=org.kffs.habilisdatalogger/org.kivy.android.PythonActivity }, displayId=-1, but get Display failed
05-28 20:58:15.810  4050  4516 E ActivityManagerWrapper: getRecentTasks: mainTaskId=53631   userId=0   windowMode=1   baseIntent=Intent { act=android.intent.action.MAIN flag=270532608 cmp=ComponentInfo{org.kffs.habilisdatalogger/org.kivy.android.PythonActivity} }
05-28 20:58:15.813  4050  4516 D WorldCirculate: getWorldCirculateInfo, taskInfo.baseIntent=Intent { act=android.intent.action.MAIN cat=[android.intent.category.LAUNCHER] flg=0x10200000 cmp=org.kffs.habilisdatalogger/org.kivy.android.PythonActivity }, displayId=-1, but get Display failed
05-28 20:58:59.023  4050  4516 E ActivityManagerWrapper: getRecentTasks: mainTaskId=53631   userId=0   windowMode=1   baseIntent=Intent { act=android.intent.action.MAIN flag=270532608 cmp=ComponentInfo{org.kffs.habilisdatalogger/org.kivy.android.PythonActivity} }
05-28 20:58:59.046  4050  4516 D WorldCirculate: getWorldCirculateInfo, taskInfo.baseIntent=Intent { act=android.intent.action.MAIN cat=[android.intent.category.LAUNCHER] flg=0x10200000 cmp=org.kffs.habilisdatalogger/org.kivy.android.PythonActivity }, displayId=-1, but get Display failed
05-28 20:58:59.071  4050  4516 E ActivityManagerWrapper: getRecentTasks: mainTaskId=53631   userId=0   windowMode=1   baseIntent=Intent { act=android.intent.action.MAIN flag=270532608 cmp=ComponentInfo{org.kffs.habilisdatalogger/org.kivy.android.PythonActivity} }
05-28 20:58:59.072  4050  4516 D WorldCirculate: getWorldCirculateInfo, taskInfo.baseIntent=Intent { act=android.intent.action.MAIN cat=[android.intent.category.LAUNCHER] flg=0x10200000 cmp=org.kffs.habilisdatalogger/org.kivy.android.PythonActivity }, displayId=-1, but get Display failed
05-28 20:59:57.528  4050  4516 E ActivityManagerWrapper: getRecentTasks: mainTaskId=53631   userId=0   windowMode=1   baseIntent=Intent { act=android.intent.action.MAIN flag=270532608 cmp=ComponentInfo{org.kffs.habilisdatalogger/org.kivy.android.PythonActivity} }
05-28 20:59:57.534  4050  4516 D WorldCirculate: getWorldCirculateInfo, taskInfo.baseIntent=Intent { act=android.intent.action.MAIN cat=[android.intent.category.LAUNCHER] flg=0x10200000 cmp=org.kffs.habilisdatalogger/org.kivy.android.PythonActivity }, displayId=-1, but get Display failed
05-28 20:59:57.553  4050  4516 E ActivityManagerWrapper: getRecentTasks: mainTaskId=53631   userId=0   windowMode=1   baseIntent=Intent { act=android.intent.action.MAIN flag=270532608 cmp=ComponentInfo{org.kffs.habilisdatalogger/org.kivy.android.PythonActivity} }
05-28 20:59:57.553  4050  4516 D WorldCirculate: getWorldCirculateInfo, taskInfo.baseIntent=Intent { act=android.intent.action.MAIN cat=[android.intent.category.LAUNCHER] flg=0x10200000 cmp=org.kffs.habilisdatalogger/org.kivy.android.PythonActivity }, displayId=-1, but get Display failed
05-28 21:00:02.538  8252  9520 I PowerRankHelperHolder: mDesktopPkgSet =[com.milink.service, com.miui.player, com.amazon.kindle, com.creditkarma.mobile, co.mangotechnologies.clickup, com.miui.compass, com.stopandshop.mobile.droid, co.za.wigroup.dunkindonutsge, us.mitene, com.miui.calculator, com.android.deskclock, com.microsoft.seeingai, com.garmin.android.apps.connectmobile, com.madinsweden.sleeptalk, com.strava, com.xiaomi.finddevice, com.google.android.apps.photos, com.android.nfc, com.google.android.apps.safetyhub, com.thestorygraph.thestorygraph, com.mobcrab.deutschgrammatika1a2b1b2, com.familywall, com.google.android.apps.maps, com.miui.videoplayer, org.wordpress.android, com.mfashiongallery.emag, com.google.android.apps.messaging, com.google.android.googlequicksearchbox, com.google.android.apps.googlevoice, com.zhiliaoapp.musically, com.miui.home, com.roku.remote, com.konylabs.capitalone, com.microsoft.skydrive, com.android.quicksearchbox, com.huami.watch.hmwatchmanager, com.miui.weather2, com.facebook.katana, com.stripe.android.dashboard, com.miui.miwallpaper, com.quonticbank.android, com.android.thememanager, com.android.camera, com.android.incallui, com.android.settings, com.xiaomi.glgm, com.google.android.apps.googleassistant, com.timehop, com.android.soundrecorder, com.microsoft.teams, com.instagram.android, com.discoverfinancial.mobile, com.uvnv.mintsim, com.venmo, com.microsoft.office.outlook, com.miui.mishare.connectivity, com.google.android.apps.kids.familylink, com.jetpack.android, com.odd.collectforstripe, com.google.android.apps.docs.editors.docs, com.xiaomi.scanner, com.miui.securitycenter, com.android.vending, com.mercury.bank, com.overdrive.mobile.android.libby, com.einnovation.temu, com.android.chrome, com.microsoft.windowsintune.companyportal, com.xfinity.digitalhome, com.ascendo.android.dictionary.de.free, com.mi.android.globalFileexplorer, com.ichi2.anki, com.google.android.apps.docs, com.miui.gallery, com.google.android.apps.subscriptions.red, com.azure.authenticator, app.indie.my, com.google.android.apps.adm, com.eken.aiwit, com.spotify.music, com.bunq.android, com.miui.miservice, com.google.android.contacts, com.dropbox.android, com.onedebit.chime, com.facebook.orca, com.whatsapp, com.duolingo, org.kffs.habilisdatalogger, email.titan.app, com.mi.android.globallauncher, com.usbank.mobilebanking, com.android.providers.downloads.ui, flar2.homebutton, com.google.android.apps.docs.editors.sheets, com.google.android.dialer, com.sofi.mobile, com.google.android.gm, com.mi.globalminusscreen, com.google.android.apps.authenticator2, com.mtb.mbanking.sc.retail.prod, com.shutterfly, com.google.android.calendar]
05-28 21:00:09.504 29521 29527 W ndroid.settings: ApkAssets: Deleting an ApkAssets object '<empty> and /data/app/~~rybPyfNkyS2keEYHjDMghA==/org.kffs.habilisdatalogger-pB_v9pbQ7EgXdonOwTtshQ==/base.apk' with 1 weak references
05-28 21:02:53.376  4050  4516 E ActivityManagerWrapper: getRecentTasks: mainTaskId=53631   userId=0   windowMode=1   baseIntent=Intent { act=android.intent.action.MAIN flag=270532608 cmp=ComponentInfo{org.kffs.habilisdatalogger/org.kivy.android.PythonActivity} }
05-28 21:02:53.405  4050  4516 D WorldCirculate: getWorldCirculateInfo, taskInfo.baseIntent=Intent { act=android.intent.action.MAIN cat=[android.intent.category.LAUNCHER] flg=0x10200000 cmp=org.kffs.habilisdatalogger/org.kivy.android.PythonActivity }, displayId=-1, but get Display failed
05-28 21:02:56.428  4050  4050 D TaskView: TaskView bind task, task=[TaskKey{id=53631, stackId=0, baseIntent=Intent { act=android.intent.action.MAIN cat=[android.intent.category.LAUNCHER] flg=0x10200000 cmp=org.kffs.habilisdatalogger/org.kivy.android.PythonActivity }, userId=0, lastActiveTime=346600231, windowingMode=1, isThumbnailBlur=false, isScreening=false, topActivity=null, mHashCode=1598644673}, title=Habilis Data Logger, titleDescription=Habilis Data Logger, bounds=null, isLaunchTarget=false, isStackTask=true, isSystemApp=false, isDockable=true, baseActivity=null, isLocked=false, isAccessLocked=false, mNeedHide=false, hasMultipleTasks=false, cti1Key=, cti2Key=] , isLock=false
05-28 21:02:56.461  4050  4050 D TaskViewThumbnail: setThumbnail, t=[TaskKey{id=53631, stackId=0, baseIntent=Intent { act=android.intent.action.MAIN cat=[android.intent.category.LAUNCHER] flg=0x10200000 cmp=org.kffs.habilisdatalogger/org.kivy.android.PythonActivity }, userId=0, lastActiveTime=346600231, windowingMode=1, isThumbnailBlur=false, isScreening=false, topActivity=null, mHashCode=1598644673}, title=Habilis Data Logger, titleDescription=Habilis Data Logger, bounds=null, isLaunchTarget=false, isStackTask=true, isSystemApp=false, isDockable=true, baseActivity=null, isLocked=false, isAccessLocked=false, mNeedHide=false, hasMultipleTasks=false, cti1Key=, cti2Key=] , mThumbnailInfo=com.android.systemui.shared.recents.model.TaskThumbnailInfo@475b4df, mThumbnailBitmapRect=Rect(0, 0 - 1080, 2270)
05-28 21:02:56.461  4050  4050 D TaskViewThumbnail: updateThumbnailScale, t=[TaskKey{id=53631, stackId=0, baseIntent=Intent { act=android.intent.action.MAIN cat=[android.intent.category.LAUNCHER] flg=0x10200000 cmp=org.kffs.habilisdatalogger/org.kivy.android.PythonActivity }, userId=0, lastActiveTime=346600231, windowingMode=1, isThumbnailBlur=false, isScreening=false, topActivity=null, mHashCode=1598644673}, title=Habilis Data Logger, titleDescription=Habilis Data Logger, bounds=null, isLaunchTarget=false, isStackTask=true, isSystemApp=false, isDockable=true, baseActivity=null, isLocked=false, isAccessLocked=false, mNeedHide=false, hasMultipleTasks=false, cti1Key=, cti2Key=] , mThumbnailBitmapSizeAfterScaled=(469, 985)
05-28 21:03:02.424  4050  4050 D Launcher_DragView: new DragView:ShortcutInfo, id=-1, itemType=0, user=UserHandle{0}, mIconType=0, pkgName=org.kffs.habilisdatalogger, className=org.kivy.android.PythonActivity
05-28 21:03:02.742  4050  4050 D Launcher.ShortcutMenu: show shortcut menu when drop, pkgName=org.kffs.habilisdatalogger
05-28 21:03:03.275  4050  4292 W PreviewDisappear: getIcon info target: ComponentInfo{org.kffs.habilisdatalogger/org.kivy.android.PythonActivity}
05-28 21:03:03.275  4050  4292 W PreviewDisappear: getIcon info intent: Intent { act=android.intent.action.MAIN cat=[android.intent.category.LAUNCHER] flg=0x10200000 cmp=org.kffs.habilisdatalogger/org.kivy.android.PythonActivity (has extras) }
05-28 21:03:03.276  4050  4050 W System.err: android.content.pm.PackageManager$NameNotFoundException: org.kffs.habilisdatalogger
05-28 21:03:04.965  4050  4289 W System.err: android.content.pm.PackageManager$NameNotFoundException: org.kffs.habilisdatalogger
05-28 21:03:04.983  2054  7680 D PackageManager: Uninstall pkg: org.kffs.habilisdatalogger u0 flags:4 from u10080/4050 of com.miui.home
05-28 21:03:04.988  4050  4284 D Launcher.LauncherUtils: app(org.kffs.habilisdatalogger|UserHandle{0}) isDisable=false, backupProcessingPkg=null
05-28 21:03:04.997  4050  4284 D AutoInstallsParser: isPAIPackageName: org.kffs.habilisdatalogger
05-28 21:03:04.997  4050  4284 D Launcher.Model: onReceiveBackground, mAllAppsList=add=[], remove=[(0, AppInfo, id=-1, itemType=0, user=UserHandle{0}, mIconType=0, pkgName=org.kffs.habilisdatalogger, className=org.kivy.android.PythonActivity, screenId=-1, container=-1, cellX=-1, cellY=-1, spanX=1, spanY=1)], modified=[]
05-28 21:03:05.002  4050  4050 D Launcher: remove icon when bind apps removed:ShortcutInfo, id=1200, itemType=0, user=UserHandle{0}, mIconType=0, pkgName=org.kffs.habilisdatalogger, className=org.kivy.android.PythonActivity, screenId=2, container=-100, cellX=0, cellY=5, spanX=1, spanY=1
05-28 21:03:05.002  4050  4050 D Launcher.CellLayout: remove icon for ShortcutInfo, id=1200, itemType=0, user=UserHandle{0}, mIconType=0, pkgName=org.kffs.habilisdatalogger, className=org.kivy.android.PythonActivity, screenId=2, container=-100, cellX=0, cellY=5, spanX=1, spanY=1
05-28 21:03:05.003  4050  4050 D Launcher.CellLayout: updateCellOccupiedMarks, remove, ShortcutInfo, id=1200, itemType=0, user=UserHandle{0}, mIconType=0, pkgName=org.kffs.habilisdatalogger, className=org.kivy.android.PythonActivity, screenId=2, container=-100, cellX=0, cellY=5, spanX=1, spanY=1
05-28 21:03:05.003  4050  4050 D Launcher: removeShortcutIcon, info=(ShortcutInfo, id=1200, itemType=0, user=UserHandle{0}, mIconType=0, pkgName=org.kffs.habilisdatalogger, className=org.kivy.android.PythonActivity, screenId=2, container=-100, cellX=0, cellY=5, spanX=1, spanY=1), removeFromDB=true
05-28 21:03:05.004  4050  4050 D Launcher.Model: deleteItemFromDatabase, item=ShortcutInfo, id=1200, itemType=0, user=UserHandle{0}, mIconType=0, pkgName=org.kffs.habilisdatalogger, className=org.kivy.android.PythonActivity, screenId=2, container=-100, cellX=0, cellY=5, spanX=1, spanY=1
05-28 21:03:05.016  2054  2384 I ActivityManager: Force stopping org.kffs.habilisdatalogger appid=10288 user=0: deletePackageX
05-28 21:03:05.017  2054  2781 I AppsFilter: interaction: PackageSetting{e8b2717 com.fido.asm/10106} -> PackageSetting{25d7f04 org.kffs.habilisdatalogger/10288} BLOCKED
