05-29 20:56:23.648 21388 21422 V python  : extracting _python_bundle/site-packages/PIL/ImageMode.pyc
05-29 20:56:23.649 21388 21422 V python  : extracting _python_bundle/site-packages/PIL/ImageMorph.pyc
05-29 20:56:23.649 21388 21422 V python  : extracting _python_bundle/site-packages/PIL/ImageOps.pyc
05-29 20:56:23.650 21388 21422 V python  : extracting _python_bundle/site-packages/PIL/ImagePalette.pyc
05-29 20:56:23.651 21388 21422 V python  : extracting _python_bundle/site-packages/PIL/ImagePath.pyc
05-29 20:56:23.651 21388 21422 V python  : extracting _python_bundle/site-packages/PIL/ImageQt.pyc
05-29 20:56:23.652 21388 21422 V python  : extracting _python_bundle/site-packages/PIL/ImageSequence.pyc
05-29 20:56:23.653 21388 21422 V python  : extracting _python_bundle/site-packages/PIL/ImageShow.pyc
05-29 20:56:23.653 21388 21422 V python  : extracting _python_bundle/site-packages/PIL/ImageStat.pyc
05-29 20:56:23.654 21388 21422 V python  : extracting _python_bundle/site-packages/PIL/ImageTk.pyc
05-29 20:56:23.655 21388 21422 V python  : extracting _python_bundle/site-packages/PIL/ImageTransform.pyc
05-29 20:56:23.655 21388 21422 V python  : extracting _python_bundle/site-packages/PIL/ImageWin.pyc
05-29 20:56:23.656 21388 21422 V python  : extracting _python_bundle/site-packages/PIL/ImtImagePlugin.pyc
05-29 20:56:23.657 21388 21422 V python  : extracting _python_bundle/site-packages/PIL/IptcImagePlugin.pyc
05-29 20:56:23.657 21388 21422 V python  : extracting _python_bundle/site-packages/PIL/Jpeg2KImagePlugin.pyc
05-29 20:56:23.658 21388 21422 V python  : extracting _python_bundle/site-packages/PIL/JpegImagePlugin.pyc
05-29 20:56:23.659 21388 21422 V python  : extracting _python_bundle/site-packages/PIL/JpegPresets.pyc
05-29 20:56:23.660 21388 21422 V python  : extracting _python_bundle/site-packages/PIL/McIdasImagePlugin.pyc
05-29 20:56:23.660 21388 21422 V python  : extracting _python_bundle/site-packages/PIL/MicImagePlugin.pyc
05-29 20:56:23.661 21388 21422 V python  : extracting _python_bundle/site-packages/PIL/MpegImagePlugin.pyc
05-29 20:56:23.661 21388 21422 V python  : extracting _python_bundle/site-packages/PIL/MpoImagePlugin.pyc
05-29 20:56:23.662 21388 21422 V python  : extracting _python_bundle/site-packages/PIL/MspImagePlugin.pyc
05-29 20:56:23.663 21388 21422 V python  : extracting _python_bundle/site-packages/PIL/PSDraw.pyc
05-29 20:56:23.663 21388 21422 V python  : extracting _python_bundle/site-packages/PIL/PaletteFile.pyc
05-29 20:56:23.664 21388 21422 V python  : extracting _python_bundle/site-packages/PIL/PalmImagePlugin.pyc
05-29 20:56:23.664 21388 21422 V python  : extracting _python_bundle/site-packages/PIL/PcdImagePlugin.pyc
05-29 20:56:23.665 21388 21422 V python  : extracting _python_bundle/site-packages/PIL/PcfFontFile.pyc
05-29 20:56:23.665 21388 21422 V python  : extracting _python_bundle/site-packages/PIL/PcxImagePlugin.pyc
05-29 20:56:23.666 21388 21422 V python  : extracting _python_bundle/site-packages/PIL/PdfImagePlugin.pyc
05-29 20:56:23.667 21388 21422 V python  : extracting _python_bundle/site-packages/PIL/PdfParser.pyc
05-29 20:56:23.668 21388 21422 V python  : extracting _python_bundle/site-packages/PIL/PixarImagePlugin.pyc
05-29 20:56:23.669 21388 21422 V python  : extracting _python_bundle/site-packages/PIL/PngImagePlugin.pyc
05-29 20:56:23.670 21388 21422 V python  : extracting _python_bundle/site-packages/PIL/PpmImagePlugin.pyc
05-29 20:56:23.673 21388 21422 V python  : extracting _python_bundle/site-packages/PIL/PsdImagePlugin.pyc
05-29 20:56:23.673 21388 21422 V python  : extracting _python_bundle/site-packages/PIL/QoiImagePlugin.pyc
05-29 20:56:23.674 21388 21422 V python  : extracting _python_bundle/site-packages/PIL/SgiImagePlugin.pyc
05-29 20:56:23.675 21388 21422 V python  : extracting _python_bundle/site-packages/PIL/SpiderImagePlugin.pyc
05-29 20:56:23.676 21388 21422 V python  : extracting _python_bundle/site-packages/PIL/SunImagePlugin.pyc
05-29 20:56:23.676 21388 21422 V python  : extracting _python_bundle/site-packages/PIL/TarIO.pyc
05-29 20:56:23.677 21388 21422 V python  : extracting _python_bundle/site-packages/PIL/TgaImagePlugin.pyc
05-29 20:56:23.677 21388 21422 V python  : extracting _python_bundle/site-packages/PIL/TiffImagePlugin.pyc
05-29 20:56:23.679 21388 21422 V python  : extracting _python_bundle/site-packages/PIL/TiffTags.pyc
05-29 20:56:23.680 21388 21422 V python  : extracting _python_bundle/site-packages/PIL/WalImageFile.pyc
05-29 20:56:23.680 21388 21422 V python  : extracting _python_bundle/site-packages/PIL/WebPImagePlugin.pyc
05-29 20:56:23.681 21388 21422 V python  : extracting _python_bundle/site-packages/PIL/WmfImagePlugin.pyc
05-29 20:56:23.681 21388 21422 V python  : extracting _python_bundle/site-packages/PIL/XVThumbImagePlugin.pyc
05-29 20:56:23.682 21388 21422 V python  : extracting _python_bundle/site-packages/PIL/XbmImagePlugin.pyc
05-29 20:56:23.682 21388 21422 V python  : extracting _python_bundle/site-packages/PIL/XpmImagePlugin.pyc
05-29 20:56:23.683 21388 21422 V python  : extracting _python_bundle/site-packages/PIL/__init__.pyc
05-29 20:56:23.683 21388 21422 V python  : extracting _python_bundle/site-packages/PIL/__main__.pyc
05-29 20:56:23.684 21388 21422 V python  : extracting _python_bundle/site-packages/PIL/_avif.pyi
05-29 20:56:23.684 21388 21422 V python  : extracting _python_bundle/site-packages/PIL/_binary.pyc
05-29 20:56:23.685 21388 21422 V python  : extracting _python_bundle/site-packages/PIL/_deprecate.pyc
05-29 20:56:23.685 21388 21422 V python  : extracting _python_bundle/site-packages/PIL/_imaging.pyi
05-29 20:56:23.686 21388 21422 V python  : extracting _python_bundle/site-packages/PIL/_imaging.so
05-29 20:56:23.704 21388 21422 V python  : extracting _python_bundle/site-packages/PIL/_imagingcms.pyi
05-29 20:56:23.705 21388 21422 V python  : extracting _python_bundle/site-packages/PIL/_imagingft.pyi
05-29 20:56:23.706 21388 21422 V python  : extracting _python_bundle/site-packages/PIL/_imagingft.so
05-29 20:56:23.706  2054  8807 D WindowManager: wms.finishDrawingLocked: mDrawState=COMMIT_DRAW_PENDING Window{29db6b8 u0 org.kffs.habilisdatalogger/org.kivy.android.PythonActivity} in Surface(name=org.kffs.habilisdatalogger/org.kivy.android.PythonActivity#54646)/@0xa05c85
05-29 20:56:23.708 21388 21422 V python  : extracting _python_bundle/site-packages/PIL/_imagingmath.pyi
05-29 20:56:23.708 21388 21422 V python  : extracting _python_bundle/site-packages/PIL/_imagingmath.so
05-29 20:56:23.709 21388 21422 V python  : extracting _python_bundle/site-packages/PIL/_imagingmorph.pyi
05-29 20:56:23.709 21388 21422 V python  : extracting _python_bundle/site-packages/PIL/_imagingmorph.so
05-29 20:56:23.710 21388 21422 V python  : extracting _python_bundle/site-packages/PIL/_imagingtk.pyi
05-29 20:56:23.710 21388 21422 V python  : extracting _python_bundle/site-packages/PIL/_imagingtk.so
05-29 20:56:23.711 21388 21422 V python  : extracting _python_bundle/site-packages/PIL/_tkinter_finder.pyc
05-29 20:56:23.711 21388 21422 V python  : extracting _python_bundle/site-packages/PIL/_typing.pyc
05-29 20:56:23.712 21388 21422 V python  : extracting _python_bundle/site-packages/PIL/_util.pyc
05-29 20:56:23.712 21388 21422 V python  : extracting _python_bundle/site-packages/PIL/_version.pyc
05-29 20:56:23.712 21388 21422 V python  : extracting _python_bundle/site-packages/PIL/_webp.pyi
05-29 20:56:23.713 21388 21422 V python  : extracting _python_bundle/site-packages/PIL/features.pyc
05-29 20:56:23.713 21388 21422 V python  : extracting _python_bundle/site-packages/PIL/py.typed
05-29 20:56:23.714 21388 21422 V python  : extracting _python_bundle/site-packages/PIL/report.pyc
05-29 20:56:23.714 21388 21422 V python  : extracting _python_bundle/site-packages/_distutils_hack/
05-29 20:56:23.714 21388 21422 V python  : extracting _python_bundle/site-packages/_distutils_hack/__init__.pyc
05-29 20:56:23.715 21388 21422 V python  : extracting _python_bundle/site-packages/_distutils_hack/override.pyc
05-29 20:56:23.716 21388 21422 V python  : extracting _python_bundle/site-packages/android-1.0.dist-info/
05-29 20:56:23.716 21388 21422 V python  : extracting _python_bundle/site-packages/android-1.0.dist-info/METADATA
05-29 20:56:23.716 21388 21422 V python  : extracting _python_bundle/site-packages/android-1.0.dist-info/RECORD
05-29 20:56:23.717 21388 21422 V python  : extracting _python_bundle/site-packages/android-1.0.dist-info/WHEEL
05-29 20:56:23.717 21388 21422 V python  : extracting _python_bundle/site-packages/android-1.0.dist-info/top_level.txt
05-29 20:56:23.718 21388 21422 V python  : extracting _python_bundle/site-packages/android/
05-29 20:56:23.718 21388 21422 V python  : extracting _python_bundle/site-packages/android/__init__.pyc
05-29 20:56:23.719 21388 21422 V python  : extracting _python_bundle/site-packages/android/_android.so
05-29 20:56:23.719  2054  2363 I WindowManager: wms.showSurfaceRobustly mWin:Window{29db6b8 u0 org.kffs.habilisdatalogger/org.kivy.android.PythonActivity}
05-29 20:56:23.726 21388 21422 V python  : extracting _python_bundle/site-packages/android/_android_billing.so
05-29 20:56:23.728 21388 21422 V python  : extracting _python_bundle/site-packages/android/_android_sound.so
05-29 20:56:23.729  2054  2154 I ActivityTaskManager: Displayed org.kffs.habilisdatalogger/org.kivy.android.PythonActivity for user 0: +826ms
05-29 20:56:23.731 21388 21422 V python  : extracting _python_bundle/site-packages/android/_ctypes_library_finder.pyc
05-29 20:56:23.731 21388 21422 V python  : extracting _python_bundle/site-packages/android/activity.pyc
05-29 20:56:23.732 21388 21422 V python  : extracting _python_bundle/site-packages/android/billing.pyc
05-29 20:56:23.732 21388 21422 V python  : extracting _python_bundle/site-packages/android/broadcast.pyc
05-29 20:56:23.733 21388 21422 V python  : extracting _python_bundle/site-packages/android/config.pyc
05-29 20:56:23.733 21388 21422 V python  : extracting _python_bundle/site-packages/android/display_cutout.pyc
05-29 20:56:23.734 21388 21422 V python  : extracting _python_bundle/site-packages/android/loadingscreen.pyc
05-29 20:56:23.734 21388 21422 V python  : extracting _python_bundle/site-packages/android/mixer.pyc
05-29 20:56:23.734  2054  8832 D CoreBackPreview: Window{c62069f u0 Splash Screen org.kffs.habilisdatalogger}: Setting back callback null
05-29 20:56:23.735 21388 21422 V python  : extracting _python_bundle/site-packages/android/permissions.pyc
05-29 20:56:23.736 21388 21422 V python  : extracting _python_bundle/site-packages/android/runnable.pyc
05-29 20:56:23.736 21388 21422 V python  : extracting _python_bundle/site-packages/android/storage.pyc
05-29 20:56:23.737 21388 21422 V python  : extracting _python_bundle/site-packages/android/touch.pyc
05-29 20:56:23.737 21388 21422 V python  : extracting _python_bundle/site-packages/bin/
05-29 20:56:23.738 21388 21422 V python  : extracting _python_bundle/site-packages/bin/chardetect
05-29 20:56:23.738 21388 21422 V python  : extracting _python_bundle/site-packages/bin/filetype
05-29 20:56:23.738  2054  3094 D tsched_scene: handleWindowChanged: pkgName: org.kffs.habilisdatalogger, mForegroundAppName: com.miui.global.packageinstaller
05-29 20:56:23.738 21388 21422 V python  : extracting _python_bundle/site-packages/bin/idna
05-29 20:56:23.739 21388 21422 V python  : extracting _python_bundle/site-packages/bin/kivymd.add_view
05-29 20:56:23.740 21388 21422 V python  : extracting _python_bundle/site-packages/bin/kivymd.create_project
05-29 20:56:23.740 21388 21422 V python  : extracting _python_bundle/site-packages/bin/kivymd.make_release
05-29 20:56:23.741 21388 21422 V python  : extracting _python_bundle/site-packages/bin/qr
05-29 20:56:23.741 21388 21388 V SDL     : onWindowFocusChanged(): true
05-29 20:56:23.741 21388 21422 V python  : extracting _python_bundle/site-packages/certifi-2026.5.20.dist-info/
05-29 20:56:23.741 21388 21422 V python  : extracting _python_bundle/site-packages/certifi-2026.5.20.dist-info/INSTALLER
05-29 20:56:23.742 21388 21422 V python  : extracting _python_bundle/site-packages/certifi-2026.5.20.dist-info/METADATA
05-29 20:56:23.742 21388 21422 V python  : extracting _python_bundle/site-packages/certifi-2026.5.20.dist-info/RECORD
05-29 20:56:23.743 21388 21422 V python  : extracting _python_bundle/site-packages/certifi-2026.5.20.dist-info/REQUESTED
05-29 20:56:23.743 21388 21422 V python  : extracting _python_bundle/site-packages/certifi-2026.5.20.dist-info/WHEEL
05-29 20:56:23.743  2054  8827 W InputManager-JNI: Input channel object 'c62069f Splash Screen org.kffs.habilisdatalogger (client)' was disposed without first being removed with the input manager!
05-29 20:56:23.744 21388 21422 V python  : extracting _python_bundle/site-packages/certifi-2026.5.20.dist-info/licenses/
05-29 20:56:23.744 21388 21422 V python  : extracting _python_bundle/site-packages/certifi-2026.5.20.dist-info/licenses/LICENSE
05-29 20:56:23.744 21388 21422 V python  : extracting _python_bundle/site-packages/certifi-2026.5.20.dist-info/top_level.txt
05-29 20:56:23.745 21388 21422 V python  : extracting _python_bundle/site-packages/certifi/
05-29 20:56:23.745 21388 21422 V python  : extracting _python_bundle/site-packages/certifi/__init__.pyc
05-29 20:56:23.745 21388 21422 V python  : extracting _python_bundle/site-packages/certifi/__main__.pyc
05-29 20:56:23.746 21388 21422 V python  : extracting _python_bundle/site-packages/certifi/cacert.pem
05-29 20:56:23.752 21388 21422 V python  : extracting _python_bundle/site-packages/certifi/core.pyc
05-29 20:56:23.753 21388 21422 V python  : extracting _python_bundle/site-packages/certifi/py.typed
05-29 20:56:23.753 21388 21422 V python  : extracting _python_bundle/site-packages/chardet-7.4.3.dist-info/
05-29 20:56:23.754 21388 21422 V python  : extracting _python_bundle/site-packages/chardet-7.4.3.dist-info/INSTALLER
05-29 20:56:23.755 21388 21422 V python  : extracting _python_bundle/site-packages/chardet-7.4.3.dist-info/METADATA
05-29 20:56:23.756 21388 21422 V python  : extracting _python_bundle/site-packages/chardet-7.4.3.dist-info/RECORD
05-29 20:56:23.756 21388 21422 V python  : extracting _python_bundle/site-packages/chardet-7.4.3.dist-info/REQUESTED
05-29 20:56:23.756 21388 21422 V python  : extracting _python_bundle/site-packages/chardet-7.4.3.dist-info/WHEEL
05-29 20:56:23.757 21388 21422 V python  : extracting _python_bundle/site-packages/chardet-7.4.3.dist-info/entry_points.txt
05-29 20:56:23.757 21388 21422 V python  : extracting _python_bundle/site-packages/chardet-7.4.3.dist-info/licenses/
05-29 20:56:23.757 21388 21422 V python  : extracting _python_bundle/site-packages/chardet-7.4.3.dist-info/licenses/LICENSE
05-29 20:56:23.758 21388 21422 V python  : extracting _python_bundle/site-packages/chardet/
05-29 20:56:23.758 21388 21422 V python  : extracting _python_bundle/site-packages/chardet/__init__.pyc
05-29 20:56:23.758 21388 21422 V python  : extracting _python_bundle/site-packages/chardet/__main__.pyc
05-29 20:56:23.759 21388 21422 V python  : extracting _python_bundle/site-packages/chardet/_utils.pyc
05-29 20:56:23.759 21388 21422 V python  : extracting _python_bundle/site-packages/chardet/_version.pyc
05-29 20:56:23.759  2054  8832 I ImeTracker: org.kffs.habilisdatalogger:8bbe509: onRequestHide at ORIGIN_SERVER_HIDE_INPUT reason HIDE_UNSPECIFIED_WINDOW
05-29 20:56:23.760  2054  8832 I ImeTracker: org.kffs.habilisdatalogger:8bbe509: onCancelled at PHASE_SERVER_SHOULD_HIDE
05-29 20:56:23.760 21388 21422 V python  : extracting _python_bundle/site-packages/chardet/cli.pyc
05-29 20:56:23.760 21388 21422 V python  : extracting _python_bundle/site-packages/chardet/detector.pyc
05-29 20:56:23.761 21388 21422 V python  : extracting _python_bundle/site-packages/chardet/enums.pyc
05-29 20:56:23.761 21388 21422 V python  : extracting _python_bundle/site-packages/chardet/equivalences.pyc
05-29 20:56:23.762 21388 21422 V python  : extracting _python_bundle/site-packages/chardet/models/
05-29 20:56:23.762 21388 21422 V python  : extracting _python_bundle/site-packages/chardet/models/__init__.pyc
05-29 20:56:23.763  1417  2768 D MI-SF   : updateScene: module = 270 (Input), value = 0, pkg = org.kffs.habilisdatalogger, Vrr = 1
05-29 20:56:23.763 21388 21422 V python  : extracting _python_bundle/site-packages/chardet/models/__init__.so
05-29 20:56:23.763 21388 21422 V python  : extracting _python_bundle/site-packages/chardet/models/confusion.bin
05-29 20:56:23.764 21388 21422 V python  : extracting _python_bundle/site-packages/chardet/models/idf.bin
05-29 20:56:23.766 21388 21422 V python  : extracting _python_bundle/site-packages/chardet/models/models.bin
05-29 20:56:23.776 28949 28949 I GoogleInputMethodService: GoogleInputMethodService.onStartInput():1446 onStartInput(EditorInfo{EditorInfo{packageName=org.kffs.habilisdatalogger, inputType=0, inputTypeString=NULL, enableLearning=false, autoCorrection=false, autoComplete=false, imeOptions=0, privateImeOptions=null, actionName=UNSPECIFIED, actionLabel=null, initialSelStart=-1, initialSelEnd=-1, initialCapsMode=0, label=null, fieldId=0, fieldName=null, extras=Bundle[mParcelledData.dataSize=72], hintText=null, hintLocales=[]}}, false)
05-29 20:56:23.778  2054  2151 W PackageConfigPersister: App-specific configuration not found for packageName: org.kffs.habilisdatalogger and userId: 0
05-29 20:56:23.796 21388 21422 V python  : extracting _python_bundle/site-packages/chardet/models/training_metadata.yaml
05-29 20:56:23.797 21388 21422 V python  : extracting _python_bundle/site-packages/chardet/pipeline/
05-29 20:56:23.798 21388 21422 V python  : extracting _python_bundle/site-packages/chardet/pipeline/__init__.pyc
05-29 20:56:23.798 21388 21422 V python  : extracting _python_bundle/site-packages/chardet/pipeline/ascii.pyc
05-29 20:56:23.799 21388 21422 V python  : extracting _python_bundle/site-packages/chardet/pipeline/ascii.so
05-29 20:56:23.799 21388 21422 V python  : extracting _python_bundle/site-packages/chardet/pipeline/binary.pyc
05-29 20:56:23.800 21388 21422 V python  : extracting _python_bundle/site-packages/chardet/pipeline/bom.pyc
05-29 20:56:23.801 21388 21422 V python  : extracting _python_bundle/site-packages/chardet/pipeline/confusion.pyc
05-29 20:56:23.801 21388 21422 V python  : extracting _python_bundle/site-packages/chardet/pipeline/confusion.so
05-29 20:56:23.802 21388 21422 V python  : extracting _python_bundle/site-packages/chardet/pipeline/escape.pyc
05-29 20:56:23.803 21388 21422 V python  : extracting _python_bundle/site-packages/chardet/pipeline/escape.so
05-29 20:56:23.803 21388 21422 V python  : extracting _python_bundle/site-packages/chardet/pipeline/magic.pyc
05-29 20:56:23.805 21388 21422 V python  : extracting _python_bundle/site-packages/chardet/pipeline/magic.so
05-29 20:56:23.805 21388 21422 V python  : extracting _python_bundle/site-packages/chardet/pipeline/markup.pyc
05-29 20:56:23.806 21388 21422 V python  : extracting _python_bundle/site-packages/chardet/pipeline/orchestrator.pyc
05-29 20:56:23.807 21388 21422 V python  : extracting _python_bundle/site-packages/chardet/pipeline/orchestrator.so
05-29 20:56:23.807 21388 21422 V python  : extracting _python_bundle/site-packages/chardet/pipeline/statistical.pyc
05-29 20:56:23.808 21388 21422 V python  : extracting _python_bundle/site-packages/chardet/pipeline/statistical.so
05-29 20:56:23.808 21388 21422 V python  : extracting _python_bundle/site-packages/chardet/pipeline/structural.pyc
05-29 20:56:23.809 21388 21422 V python  : extracting _python_bundle/site-packages/chardet/pipeline/structural.so
05-29 20:56:23.809 21388 21422 V python  : extracting _python_bundle/site-packages/chardet/pipeline/utf1632.pyc
05-29 20:56:23.810 21388 21422 V python  : extracting _python_bundle/site-packages/chardet/pipeline/utf1632.so
05-29 20:56:23.810 21388 21422 V python  : extracting _python_bundle/site-packages/chardet/pipeline/utf8.pyc
05-29 20:56:23.811 21388 21422 V python  : extracting _python_bundle/site-packages/chardet/pipeline/utf8.so
05-29 20:56:23.811 21388 21422 V python  : extracting _python_bundle/site-packages/chardet/pipeline/validity.pyc
05-29 20:56:23.811 21388 21422 V python  : extracting _python_bundle/site-packages/chardet/pipeline/validity.so
05-29 20:56:23.812 21388 21422 V python  : extracting _python_bundle/site-packages/chardet/py.typed
05-29 20:56:23.812 21388 21422 V python  : extracting _python_bundle/site-packages/chardet/registry.pyc
05-29 20:56:23.813 21388 21422 V python  : extracting _python_bundle/site-packages/chardet/universaldetector.pyc
05-29 20:56:23.813 21388 21422 V python  : extracting _python_bundle/site-packages/distutils-precedence.pth
05-29 20:56:23.814 21388 21422 V python  : extracting _python_bundle/site-packages/filetype-1.2.0.dist-info/
05-29 20:56:23.814 21388 21422 V python  : extracting _python_bundle/site-packages/filetype-1.2.0.dist-info/INSTALLER
05-29 20:56:23.814 21388 21422 V python  : extracting _python_bundle/site-packages/filetype-1.2.0.dist-info/LICENSE
05-29 20:56:23.815 21388 21422 V python  : extracting _python_bundle/site-packages/filetype-1.2.0.dist-info/METADATA
05-29 20:56:23.815 21388 21422 V python  : extracting _python_bundle/site-packages/filetype-1.2.0.dist-info/RECORD
05-29 20:56:23.817 21388 21422 V python  : extracting _python_bundle/site-packages/filetype-1.2.0.dist-info/REQUESTED
05-29 20:56:23.817 21388 21422 V python  : extracting _python_bundle/site-packages/filetype-1.2.0.dist-info/WHEEL
05-29 20:56:23.820 21388 21422 V python  : extracting _python_bundle/site-packages/filetype-1.2.0.dist-info/entry_points.txt
05-29 20:56:23.821 21388 21422 V python  : extracting _python_bundle/site-packages/filetype-1.2.0.dist-info/top_level.txt
05-29 20:56:23.823 21388 21422 V python  : extracting _python_bundle/site-packages/filetype-1.2.0.dist-info/zip-safe
05-29 20:56:23.824 21388 21422 V python  : extracting _python_bundle/site-packages/filetype/
05-29 20:56:23.824 21388 21422 V python  : extracting _python_bundle/site-packages/filetype/__init__.pyc
05-29 20:56:23.825 21388 21422 V python  : extracting _python_bundle/site-packages/filetype/__main__.pyc
05-29 20:56:23.825 21388 21422 V python  : extracting _python_bundle/site-packages/filetype/filetype.pyc
05-29 20:56:23.826 21388 21422 V python  : extracting _python_bundle/site-packages/filetype/helpers.pyc
05-29 20:56:23.826 21388 21422 V python  : extracting _python_bundle/site-packages/filetype/match.pyc
05-29 20:56:23.827 21388 21422 V python  : extracting _python_bundle/site-packages/filetype/types/
05-29 20:56:23.827 21388 21422 V python  : extracting _python_bundle/site-packages/filetype/types/__init__.pyc
05-29 20:56:23.828 21388 21422 V python  : extracting _python_bundle/site-packages/filetype/types/application.pyc
05-29 20:56:23.828 21388 21422 V python  : extracting _python_bundle/site-packages/filetype/types/archive.pyc
05-29 20:56:23.829 21388 21422 V python  : extracting _python_bundle/site-packages/filetype/types/audio.pyc
05-29 20:56:23.830 21388 21422 V python  : extracting _python_bundle/site-packages/filetype/types/base.pyc
05-29 20:56:23.830 21388 21422 V python  : extracting _python_bundle/site-packages/filetype/types/document.pyc
05-29 20:56:23.831 21388 21422 V python  : extracting _python_bundle/site-packages/filetype/types/font.pyc
05-29 20:56:23.831 21388 21422 V python  : extracting _python_bundle/site-packages/filetype/types/image.pyc
05-29 20:56:23.832 21388 21422 V python  : extracting _python_bundle/site-packages/filetype/types/isobmff.pyc
05-29 20:56:23.833 21388 21422 V python  : extracting _python_bundle/site-packages/filetype/types/video.pyc
05-29 20:56:23.833 21388 21422 V python  : extracting _python_bundle/site-packages/filetype/utils.pyc
05-29 20:56:23.834 21388 21422 V python  : extracting _python_bundle/site-packages/idna-3.16.dist-info/
05-29 20:56:23.836 21388 21422 V python  : extracting _python_bundle/site-packages/idna-3.16.dist-info/INSTALLER
05-29 20:56:23.837 21388 21422 V python  : extracting _python_bundle/site-packages/idna-3.16.dist-info/METADATA
05-29 20:56:23.838 21388 21422 V python  : extracting _python_bundle/site-packages/idna-3.16.dist-info/RECORD
05-29 20:56:23.839 21388 21422 V python  : extracting _python_bundle/site-packages/idna-3.16.dist-info/REQUESTED
05-29 20:56:23.839 21388 21422 V python  : extracting _python_bundle/site-packages/idna-3.16.dist-info/WHEEL
05-29 20:56:23.840 21388 21422 V python  : extracting _python_bundle/site-packages/idna-3.16.dist-info/entry_points.txt
05-29 20:56:23.840 21388 21422 V python  : extracting _python_bundle/site-packages/idna-3.16.dist-info/licenses/
05-29 20:56:23.840 21388 21422 V python  : extracting _python_bundle/site-packages/idna-3.16.dist-info/licenses/LICENSE.md
05-29 20:56:23.841 21388 21422 V python  : extracting _python_bundle/site-packages/idna/
05-29 20:56:23.841 21388 21422 V python  : extracting _python_bundle/site-packages/idna/__init__.pyc
05-29 20:56:23.842 21388 21422 V python  : extracting _python_bundle/site-packages/idna/__main__.pyc
05-29 20:56:23.842 21388 21422 V python  : extracting _python_bundle/site-packages/idna/cli.pyc
05-29 20:56:23.843 21388 21422 V python  : extracting _python_bundle/site-packages/idna/codec.pyc
05-29 20:56:23.843 21388 21422 V python  : extracting _python_bundle/site-packages/idna/compat.pyc
05-29 20:56:23.844 21388 21422 V python  : extracting _python_bundle/site-packages/idna/core.pyc
05-29 20:56:23.845 21388 21422 V python  : extracting _python_bundle/site-packages/idna/idnadata.pyc
05-29 20:56:23.848 21388 21422 V python  : extracting _python_bundle/site-packages/idna/intranges.pyc
05-29 20:56:23.848 21388 21422 V python  : extracting _python_bundle/site-packages/idna/package_data.pyc
05-29 20:56:23.849 21388 21422 V python  : extracting _python_bundle/site-packages/idna/py.typed
05-29 20:56:23.849 21388 21422 V python  : extracting _python_bundle/site-packages/idna/uts46data.pyc
05-29 20:56:23.852 21388 21422 V python  : extracting _python_bundle/site-packages/jnius/
05-29 20:56:23.852 21388 21422 V python  : extracting _python_bundle/site-packages/jnius/__init__.pyc
05-29 20:56:23.853 21388 21422 V python  : extracting _python_bundle/site-packages/jnius/env.pyc
05-29 20:56:23.854 21388 21422 V python  : extracting _python_bundle/site-packages/jnius/jnius.so
05-29 20:56:23.866 21388 21422 V python  : extracting _python_bundle/site-packages/jnius/reflect.pyc
05-29 20:56:23.868 21388 21422 V python  : extracting _python_bundle/site-packages/jnius/signatures.pyc
05-29 20:56:23.869 21388 21422 V python  : extracting _python_bundle/site-packages/jnius/src/org/
05-29 20:56:23.870 21388 21422 V python  : extracting _python_bundle/site-packages/jnius/src/org/jnius/
05-29 20:56:23.871 21388 21422 V python  : extracting _python_bundle/site-packages/jnius/src/org/jnius/NativeInvocationHandler.class
05-29 20:56:23.871 21388 21422 V python  : extracting _python_bundle/site-packages/jnius/src/org/jnius/NativeInvocationHandler.java
05-29 20:56:23.872 21388 21422 V python  : extracting _python_bundle/site-packages/jnius_config.pyc
05-29 20:56:23.873 21388 21422 V python  : extracting _python_bundle/site-packages/kivy-2.3.0.dist-info/
05-29 20:56:23.873 21388 21422 V python  : extracting _python_bundle/site-packages/kivy-2.3.0.dist-info/METADATA
05-29 20:56:23.874 21388 21422 V python  : extracting _python_bundle/site-packages/kivy-2.3.0.dist-info/RECORD
05-29 20:56:23.875 21388 21422 V python  : extracting _python_bundle/site-packages/kivy-2.3.0.dist-info/WHEEL
05-29 20:56:23.876 21388 21422 V python  : extracting _python_bundle/site-packages/kivy-2.3.0.dist-info/dependency_links.txt
05-29 20:56:23.876 21388 21422 V python  : extracting _python_bundle/site-packages/kivy-2.3.0.dist-info/licenses/
05-29 20:56:23.877 21388 21422 V python  : extracting _python_bundle/site-packages/kivy-2.3.0.dist-info/licenses/AUTHORS
05-29 20:56:23.877 21388 21422 V python  : extracting _python_bundle/site-packages/kivy-2.3.0.dist-info/licenses/LICENSE
05-29 20:56:23.878 21388 21422 V python  : extracting _python_bundle/site-packages/kivy-2.3.0.dist-info/top_level.txt
05-29 20:56:23.878 21388 21422 V python  : extracting _python_bundle/site-packages/kivy/
05-29 20:56:23.878 21388 21422 V python  : extracting _python_bundle/site-packages/kivy/__init__.pyc
05-29 20:56:23.879 21388 21422 V python  : extracting _python_bundle/site-packages/kivy/_clock.so
05-29 20:56:23.884 21388 21422 V python  : extracting _python_bundle/site-packages/kivy/_event.so
05-29 20:56:23.888 21388 21422 V python  : extracting _python_bundle/site-packages/kivy/_metrics.so
05-29 20:56:23.889 21388 21422 V python  : extracting _python_bundle/site-packages/kivy/_version.pyc
05-29 20:56:23.889 21388 21422 V python  : extracting _python_bundle/site-packages/kivy/animation.pyc
05-29 20:56:23.890 21388 21422 V python  : extracting _python_bundle/site-packages/kivy/app.pyc
05-29 20:56:23.891 21388 21422 V python  : extracting _python_bundle/site-packages/kivy/atlas.pyc
05-29 20:56:23.891 21388 21422 V python  : extracting _python_bundle/site-packages/kivy/base.pyc
05-29 20:56:23.892 21388 21422 V python  : extracting _python_bundle/site-packages/kivy/cache.pyc
05-29 20:56:23.892 21388 21422 V python  : extracting _python_bundle/site-packages/kivy/clock.pyc
05-29 20:56:23.892 21388 21422 V python  : extracting _python_bundle/site-packages/kivy/compat.pyc
05-29 20:56:23.893 21388 21422 V python  : extracting _python_bundle/site-packages/kivy/config.pyc
05-29 20:56:23.893 21388 21422 V python  : extracting _python_bundle/site-packages/kivy/context.pyc
05-29 20:56:23.894 21388 21422 V python  : extracting _python_bundle/site-packages/kivy/core/
05-29 20:56:23.894 21388 21422 V python  : extracting _python_bundle/site-packages/kivy/core/__init__.pyc
05-29 20:56:23.894 21388 21422 V python  : extracting _python_bundle/site-packages/kivy/core/audio/
05-29 20:56:23.895 21388 21422 V python  : extracting _python_bundle/site-packages/kivy/core/audio/__init__.pyc
05-29 20:56:23.895 21388 21422 V python  : extracting _python_bundle/site-packages/kivy/core/audio/audio_android.pyc
05-29 20:56:23.896 21388 21422 V python  : extracting _python_bundle/site-packages/kivy/core/audio/audio_avplayer.pyc
05-29 20:56:23.896 21388 21422 V python  : extracting _python_bundle/site-packages/kivy/core/audio/audio_ffpyplayer.pyc
05-29 20:56:23.897 21388 21422 V python  : extracting _python_bundle/site-packages/kivy/core/audio/audio_gstplayer.pyc
05-29 20:56:23.897 21388 21422 V python  : extracting _python_bundle/site-packages/kivy/core/audio/audio_pygame.pyc
05-29 20:56:23.897 21388 21422 V python  : extracting _python_bundle/site-packages/kivy/core/audio/audio_sdl2.so
05-29 20:56:23.900 21388 21422 V python  : extracting _python_bundle/site-packages/kivy/core/camera/
05-29 20:56:23.902 21388 21422 V python  : extracting _python_bundle/site-packages/kivy/core/camera/__init__.pyc
05-29 20:56:23.903 21388 21422 V python  : extracting _python_bundle/site-packages/kivy/core/camera/camera_android.pyc
05-29 20:56:23.903 21388 21422 V python  : extracting _python_bundle/site-packages/kivy/core/camera/camera_gi.pyc
05-29 20:56:23.904 21388 21422 V python  : extracting _python_bundle/site-packages/kivy/core/camera/camera_opencv.pyc
05-29 20:56:23.904 21388 21422 V python  : extracting _python_bundle/site-packages/kivy/core/camera/camera_picamera.pyc
05-29 20:56:23.904 21388 21422 V python  : extracting _python_bundle/site-packages/kivy/core/clipboard/
05-29 20:56:23.905 21388 21422 V python  : extracting _python_bundle/site-packages/kivy/core/clipboard/__init__.pyc
05-29 20:56:23.905 21388 21422 V python  : extracting _python_bundle/site-packages/kivy/core/clipboard/_clipboard_ext.pyc
05-29 20:56:23.905 21388 21422 V python  : extracting _python_bundle/site-packages/kivy/core/clipboard/_clipboard_sdl2.so
05-29 20:56:23.906 21388 21422 V python  : extracting _python_bundle/site-packages/kivy/core/clipboard/clipboard_android.pyc
05-29 20:56:23.907 21388 21422 V python  : extracting _python_bundle/site-packages/kivy/core/clipboard/clipboard_dbusklipper.pyc
05-29 20:56:23.907 21388 21422 V python  : extracting _python_bundle/site-packages/kivy/core/clipboard/clipboard_dummy.pyc
05-29 20:56:23.907 21388 21422 V python  : extracting _python_bundle/site-packages/kivy/core/clipboard/clipboard_gtk3.pyc
05-29 20:56:23.908 21388 21422 V python  : extracting _python_bundle/site-packages/kivy/core/clipboard/clipboard_nspaste.pyc
05-29 20:56:23.908 21388 21422 V python  : extracting _python_bundle/site-packages/kivy/core/clipboard/clipboard_pygame.pyc
05-29 20:56:23.908 21388 21422 V python  : extracting _python_bundle/site-packages/kivy/core/clipboard/clipboard_sdl2.pyc
05-29 20:56:23.909 21388 21422 V python  : extracting _python_bundle/site-packages/kivy/core/clipboard/clipboard_winctypes.pyc
05-29 20:56:23.909 21388 21422 V python  : extracting _python_bundle/site-packages/kivy/core/clipboard/clipboard_xclip.pyc
05-29 20:56:23.909 21388 21422 V python  : extracting _python_bundle/site-packages/kivy/core/clipboard/clipboard_xsel.pyc
05-29 20:56:23.910 21388 21422 V python  : extracting _python_bundle/site-packages/kivy/core/gl/
05-29 20:56:23.910 21388 21422 V python  : extracting _python_bundle/site-packages/kivy/core/gl/__init__.pyc
05-29 20:56:23.910 21388 21422 V python  : extracting _python_bundle/site-packages/kivy/core/image/
05-29 20:56:23.911 21388 21422 V python  : extracting _python_bundle/site-packages/kivy/core/image/__init__.pyc
05-29 20:56:23.911 21388 21422 V python  : extracting _python_bundle/site-packages/kivy/core/image/_img_sdl2.so
05-29 20:56:23.913 21388 21422 V python  : extracting _python_bundle/site-packages/kivy/core/image/img_dds.pyc
05-29 20:56:23.913 21388 21422 V python  : extracting _python_bundle/site-packages/kivy/core/image/img_ffpyplayer.pyc
05-29 20:56:23.913 21388 21422 V python  : extracting _python_bundle/site-packages/kivy/core/image/img_pil.pyc
05-29 20:56:23.914 21388 21422 V python  : extracting _python_bundle/site-packages/kivy/core/image/img_pygame.pyc
05-29 20:56:23.914 21388 21422 V python  : extracting _python_bundle/site-packages/kivy/core/image/img_sdl2.pyc
05-29 20:56:23.914 21388 21422 V python  : extracting _python_bundle/site-packages/kivy/core/image/img_tex.pyc
05-29 20:56:23.915 21388 21422 V python  : extracting _python_bundle/site-packages/kivy/core/spelling/
05-29 20:56:23.915 21388 21422 V python  : extracting _python_bundle/site-packages/kivy/core/spelling/__init__.pyc
05-29 20:56:23.916 21388 21422 V python  : extracting _python_bundle/site-packages/kivy/core/spelling/spelling_enchant.pyc
05-29 20:56:23.916 21388 21422 V python  : extracting _python_bundle/site-packages/kivy/core/text/
05-29 20:56:23.916 21388 21422 V python  : extracting _python_bundle/site-packages/kivy/core/text/__init__.pyc
05-29 20:56:23.917 21388 21422 V python  : extracting _python_bundle/site-packages/kivy/core/text/_text_sdl2.so
05-29 20:56:23.919 21388 21422 V python  : extracting _python_bundle/site-packages/kivy/core/text/markup.pyc
05-29 20:56:23.920 21388 21422 V python  : extracting _python_bundle/site-packages/kivy/core/text/text_layout.so
05-29 20:56:23.922 21388 21422 V python  : extracting _python_bundle/site-packages/kivy/core/text/text_pango.pyc
05-29 20:56:23.923 21388 21422 V python  : extracting _python_bundle/site-packages/kivy/core/text/text_pil.pyc
05-29 20:56:23.923 21388 21422 V python  : extracting _python_bundle/site-packages/kivy/core/text/text_pygame.pyc
05-29 20:56:23.923 21388 21422 V python  : extracting _python_bundle/site-packages/kivy/core/text/text_sdl2.pyc
05-29 20:56:23.924 21388 21422 V python  : extracting _python_bundle/site-packages/kivy/core/video/
05-29 20:56:23.924 21388 21422 V python  : extracting _python_bundle/site-packages/kivy/core/video/__init__.pyc
05-29 20:56:23.925 21388 21422 V python  : extracting _python_bundle/site-packages/kivy/core/video/video_ffmpeg.pyc
05-29 20:56:23.925 21388 21422 V python  : extracting _python_bundle/site-packages/kivy/core/video/video_ffpyplayer.pyc
05-29 20:56:23.925 21388 21422 V python  : extracting _python_bundle/site-packages/kivy/core/video/video_gstplayer.pyc
05-29 20:56:23.926 21388 21422 V python  : extracting _python_bundle/site-packages/kivy/core/video/video_null.pyc
05-29 20:56:23.926 21388 21422 V python  : extracting _python_bundle/site-packages/kivy/core/window/
05-29 20:56:23.926 21388 21422 V python  : extracting _python_bundle/site-packages/kivy/core/window/__init__.pyc
05-29 20:56:23.927 21388 21422 V python  : extracting _python_bundle/site-packages/kivy/core/window/_window_sdl2.so
05-29 20:56:23.930 21388 21422 V python  : extracting _python_bundle/site-packages/kivy/core/window/window_egl_rpi.pyc
05-29 20:56:23.930 21388 21422 V python  : extracting _python_bundle/site-packages/kivy/core/window/window_info.so
05-29 20:56:23.931 21388 21422 V python  : extracting _python_bundle/site-packages/kivy/core/window/window_pygame.pyc
05-29 20:56:23.932 21388 21422 V python  : extracting _python_bundle/site-packages/kivy/core/window/window_sdl2.pyc
05-29 20:56:23.933 21388 21422 V python  : extracting _python_bundle/site-packages/kivy/data/
05-29 20:56:23.933 21388 21422 V python  : extracting _python_bundle/site-packages/kivy/data/fonts/
05-29 20:56:23.933 21388 21422 V python  : extracting _python_bundle/site-packages/kivy/data/fonts/DejaVuSans.ttf
05-29 20:56:23.943 21388 21422 V python  : extracting _python_bundle/site-packages/kivy/data/fonts/Roboto-Bold.ttf
05-29 20:56:23.946 21388 21422 V python  : extracting _python_bundle/site-packages/kivy/data/fonts/Roboto-BoldItalic.ttf
05-29 20:56:23.949 21388 21422 V python  : extracting _python_bundle/site-packages/kivy/data/fonts/Roboto-Italic.ttf
05-29 20:56:23.952 21388 21422 V python  : extracting _python_bundle/site-packages/kivy/data/fonts/Roboto-Regular.ttf
05-29 20:56:23.955 21388 21422 V python  : extracting _python_bundle/site-packages/kivy/data/fonts/RobotoMono-Regular.ttf
05-29 20:56:23.957 21388 21422 V python  : extracting _python_bundle/site-packages/kivy/data/glsl/
05-29 20:56:23.958 21388 21422 V python  : extracting _python_bundle/site-packages/kivy/data/glsl/default.fs
05-29 20:56:23.958 21388 21422 V python  : extracting _python_bundle/site-packages/kivy/data/glsl/default.png
05-29 20:56:23.958 21388 21422 V python  : extracting _python_bundle/site-packages/kivy/data/glsl/default.vs
05-29 20:56:23.959 21388 21422 V python  : extracting _python_bundle/site-packages/kivy/data/glsl/header.fs
05-29 20:56:23.959 21388 21422 V python  : extracting _python_bundle/site-packages/kivy/data/glsl/header.vs
05-29 20:56:23.959 21388 21422 V python  : extracting _python_bundle/site-packages/kivy/data/images/
05-29 20:56:23.959 21388 21422 V python  : extracting _python_bundle/site-packages/kivy/data/images/background.jpg
05-29 20:56:23.960 21388 21422 V python  : extracting _python_bundle/site-packages/kivy/data/images/cursor.png
05-29 20:56:23.960 21388 21422 V python  : extracting _python_bundle/site-packages/kivy/data/images/defaultshape.png
05-29 20:56:23.961 21388 21422 V python  : extracting _python_bundle/site-packages/kivy/data/images/defaulttheme-0.png
05-29 20:56:23.962 21388 21422 V python  : extracting _python_bundle/site-packages/kivy/data/images/defaulttheme.atlas
05-29 20:56:23.963 21388 21422 V python  : extracting _python_bundle/site-packages/kivy/data/images/image-loading.gif
05-29 20:56:23.963 21388 21422 V python  : extracting _python_bundle/site-packages/kivy/data/images/image-loading.zip
05-29 20:56:23.963 21388 21422 V python  : extracting _python_bundle/site-packages/kivy/data/images/testpattern.png
05-29 20:56:23.964 21388 21422 V python  : extracting _python_bundle/site-packages/kivy/data/keyboards/
05-29 20:56:23.964 21388 21422 V python  : extracting _python_bundle/site-packages/kivy/data/keyboards/azerty.json
05-29 20:56:23.965 21388 21422 V python  : extracting _python_bundle/site-packages/kivy/data/keyboards/de.json
05-29 20:56:23.965 21388 21422 V python  : extracting _python_bundle/site-packages/kivy/data/keyboards/de_CH.json
05-29 20:56:23.966 21388 21422 V python  : extracting _python_bundle/site-packages/kivy/data/keyboards/en_US.json
05-29 20:56:23.966 21388 21422 V python  : extracting _python_bundle/site-packages/kivy/data/keyboards/es_ES.json
05-29 20:56:23.967 21388 21422 V python  : extracting _python_bundle/site-packages/kivy/data/keyboards/fr_CH.json
05-29 20:56:23.967 21388 21422 V python  : extracting _python_bundle/site-packages/kivy/data/keyboards/qwerty.json
05-29 20:56:23.967 21388 21422 V python  : extracting _python_bundle/site-packages/kivy/data/keyboards/qwertz.json
05-29 20:56:23.968 21388 21422 V python  : extracting _python_bundle/site-packages/kivy/data/logo/
05-29 20:56:23.968 21388 21422 V python  : extracting _python_bundle/site-packages/kivy/data/logo/kivy-icon-128.png
05-29 20:56:23.969 21388 21422 V python  : extracting _python_bundle/site-packages/kivy/data/logo/kivy-icon-16.png
05-29 20:56:23.969 21388 21422 V python  : extracting _python_bundle/site-packages/kivy/data/logo/kivy-icon-24.png
05-29 20:56:23.969 21388 21422 V python  : extracting _python_bundle/site-packages/kivy/data/logo/kivy-icon-256.png
05-29 20:56:23.970 21388 21422 V python  : extracting _python_bundle/site-packages/kivy/data/logo/kivy-icon-32.png
05-29 20:56:23.970 21388 21422 V python  : extracting _python_bundle/site-packages/kivy/data/logo/kivy-icon-48.png
05-29 20:56:23.971 21388 21422 V python  : extracting _python_bundle/site-packages/kivy/data/logo/kivy-icon-512.png
05-29 20:56:23.971 21388 21422 V python  : extracting _python_bundle/site-packages/kivy/data/logo/kivy-icon-64.ico
05-29 20:56:23.972 21388 21422 V python  : extracting _python_bundle/site-packages/kivy/data/logo/kivy-icon-64.png
05-29 20:56:23.972 21388 21422 V python  : extracting _python_bundle/site-packages/kivy/data/settings_kivy.json
05-29 20:56:23.973 21388 21422 V python  : extracting _python_bundle/site-packages/kivy/data/style.kv
05-29 20:56:23.973 21388 21422 V python  : extracting _python_bundle/site-packages/kivy/deps/
05-29 20:56:23.973 21388 21422 V python  : extracting _python_bundle/site-packages/kivy/deps/__init__.pyc
05-29 20:56:23.974 21388 21422 V python  : extracting _python_bundle/site-packages/kivy/effects/
05-29 20:56:23.974 21388 21422 V python  : extracting _python_bundle/site-packages/kivy/effects/__init__.pyc
05-29 20:56:23.974 21388 21422 V python  : extracting _python_bundle/site-packages/kivy/effects/dampedscroll.pyc
05-29 20:56:23.975 21388 21422 V python  : extracting _python_bundle/site-packages/kivy/effects/kinetic.pyc
05-29 20:56:23.975 21388 21422 V python  : extracting _python_bundle/site-packages/kivy/effects/opacityscroll.pyc
05-29 20:56:23.975 21388 21422 V python  : extracting _python_bundle/site-packages/kivy/effects/scroll.pyc
05-29 20:56:23.976 21388 21422 V python  : extracting _python_bundle/site-packages/kivy/event.pyc
05-29 20:56:23.976 21388 21422 V python  : extracting _python_bundle/site-packages/kivy/eventmanager/
05-29 20:56:23.976 21388 21422 V python  : extracting _python_bundle/site-packages/kivy/eventmanager/__init__.pyc
05-29 20:56:23.976 21388 21422 V python  : extracting _python_bundle/site-packages/kivy/extras/
05-29 20:56:23.977 21388 21422 V python  : extracting _python_bundle/site-packages/kivy/extras/__init__.pyc
05-29 20:56:23.977 21388 21422 V python  : extracting _python_bundle/site-packages/kivy/extras/highlight.pyc
05-29 20:56:23.977 21388 21422 V python  : extracting _python_bundle/site-packages/kivy/factory.pyc
05-29 20:56:23.978 21388 21422 V python  : extracting _python_bundle/site-packages/kivy/factory_registers.pyc
05-29 20:56:23.978 21388 21422 V python  : extracting _python_bundle/site-packages/kivy/garden/
05-29 20:56:23.978 21388 21422 V python  : extracting _python_bundle/site-packages/kivy/garden/__init__.pyc
05-29 20:56:23.978 21388 21422 V python  : extracting _python_bundle/site-packages/kivy/geometry.pyc
05-29 20:56:23.979 21388 21422 V python  : extracting _python_bundle/site-packages/kivy/gesture.pyc
05-29 20:56:23.979 21388 21422 V python  : extracting _python_bundle/site-packages/kivy/graphics/
05-29 20:56:23.979 21388 21422 V python  : extracting _python_bundle/site-packages/kivy/graphics/__init__.pyc
05-29 20:56:23.980 21388 21422 V python  : extracting _python_bundle/site-packages/kivy/graphics/boxshadow.so
05-29 20:56:23.982 21388 21422 V python  : extracting _python_bundle/site-packages/kivy/graphics/buffer.so
05-29 20:56:23.983 21388 21422 V python  : extracting _python_bundle/site-packages/kivy/graphics/cgl.so
05-29 20:56:23.985 21388 21422 V python  : extracting _python_bundle/site-packages/kivy/graphics/cgl_backend/
05-29 20:56:23.986 21388 21422 V python  : extracting _python_bundle/site-packages/kivy/graphics/cgl_backend/__init__.pyc
05-29 20:56:23.986 21388 21422 V python  : extracting _python_bundle/site-packages/kivy/graphics/cgl_backend/cgl_debug.so
05-29 20:56:23.989 21388 21422 V python  : extracting _python_bundle/site-packages/kivy/graphics/cgl_backend/cgl_gl.so
05-29 20:56:23.990 21388 21422 V python  : extracting _python_bundle/site-packages/kivy/graphics/cgl_backend/cgl_glew.so
05-29 20:56:23.991 21388 21422 V python  : extracting _python_bundle/site-packages/kivy/graphics/cgl_backend/cgl_mock.so
05-29 20:56:23.992 21388 21422 V python  : extracting _python_bundle/site-packages/kivy/graphics/cgl_backend/cgl_sdl2.so
05-29 20:56:23.993 21388 21422 V python  : extracting _python_bundle/site-packages/kivy/graphics/compiler.so
05-29 20:56:23.995 21388 21422 V python  : extracting _python_bundle/site-packages/kivy/graphics/context.so
05-29 20:56:23.997 21388 21422 V python  : extracting _python_bundle/site-packages/kivy/graphics/context_instructions.so
05-29 20:56:24.002 21388 21422 V python  : extracting _python_bundle/site-packages/kivy/graphics/fbo.so
05-29 20:56:24.004 21388 21422 V python  : extracting _python_bundle/site-packages/kivy/graphics/gl_instructions.so
05-29 20:56:24.006 21388 21422 V python  : extracting _python_bundle/site-packages/kivy/graphics/instructions.so
05-29 20:56:24.009 21388 21422 V python  : extracting _python_bundle/site-packages/kivy/graphics/opengl.so
05-29 20:56:24.014 21388 21422 V python  : extracting _python_bundle/site-packages/kivy/graphics/opengl_utils.so
05-29 20:56:24.016 21388 21422 V python  : extracting _python_bundle/site-packages/kivy/graphics/scissor_instructions.so
05-29 20:56:24.018 21388 21422 V python  : extracting _python_bundle/site-packages/kivy/graphics/shader.so
05-29 20:56:24.020 21388 21422 V python  : extracting _python_bundle/site-packages/kivy/graphics/stencil_instructions.so
05-29 20:56:24.023 21388 21422 V python  : extracting _python_bundle/site-packages/kivy/graphics/svg.so
05-29 20:56:24.028 21388 21422 V python  : extracting _python_bundle/site-packages/kivy/graphics/tesselator.so
05-29 20:56:24.035 21388 21422 V python  : extracting _python_bundle/site-packages/kivy/graphics/texture.so
05-29 20:56:24.040 21388 21422 V python  : extracting _python_bundle/site-packages/kivy/graphics/transformation.so
05-29 20:56:24.042 21388 21422 V python  : extracting _python_bundle/site-packages/kivy/graphics/vbo.so
05-29 20:56:24.044 21388 21422 V python  : extracting _python_bundle/site-packages/kivy/graphics/vertex.so
05-29 20:56:24.045 21388 21422 V python  : extracting _python_bundle/site-packages/kivy/graphics/vertex_instructions.so
05-29 20:56:24.055 21388 21422 V python  : extracting _python_bundle/site-packages/kivy/input/
05-29 20:56:24.056 21388 21422 V python  : extracting _python_bundle/site-packages/kivy/input/__init__.pyc
05-29 20:56:24.056 21388 21422 V python  : extracting _python_bundle/site-packages/kivy/input/factory.pyc
05-29 20:56:24.057 21388 21422 V python  : extracting _python_bundle/site-packages/kivy/input/motionevent.pyc
05-29 20:56:24.057  2054  8832 I Transition: finishTransition: updateLastSurfacePosition tf=Task{fced3af #53671 type=standard A=10307:org.kffs.habilisdatalogger}
05-29 20:56:24.057 21388 21422 V python  : extracting _python_bundle/site-packages/kivy/input/postproc/
05-29 20:56:24.057 21388 21422 V python  : extracting _python_bundle/site-packages/kivy/input/postproc/__init__.pyc
05-29 20:56:24.058 21388 21422 V python  : extracting _python_bundle/site-packages/kivy/input/postproc/calibration.pyc
05-29 20:56:24.058 21388 21422 V python  : extracting _python_bundle/site-packages/kivy/input/postproc/dejitter.pyc
05-29 20:56:24.059 21388 21422 V python  : extracting _python_bundle/site-packages/kivy/input/postproc/doubletap.pyc
05-29 20:56:24.059 21388 21422 V python  : extracting _python_bundle/site-packages/kivy/input/postproc/ignorelist.pyc
05-29 20:56:24.059 21388 21422 V python  : extracting _python_bundle/site-packages/kivy/input/postproc/retaintouch.pyc
05-29 20:56:24.060 21388 21422 V python  : extracting _python_bundle/site-packages/kivy/input/postproc/tripletap.pyc
05-29 20:56:24.060 21388 21422 V python  : extracting _python_bundle/site-packages/kivy/input/provider.pyc
05-29 20:56:24.060 21388 21422 V python  : extracting _python_bundle/site-packages/kivy/input/providers/
05-29 20:56:24.061 21388 21422 V python  : extracting _python_bundle/site-packages/kivy/input/providers/__init__.pyc
05-29 20:56:24.061 21388 21422 V python  : extracting _python_bundle/site-packages/kivy/input/providers/androidjoystick.pyc
05-29 20:56:24.061 21388 21422 V python  : extracting _python_bundle/site-packages/kivy/input/providers/leapfinger.pyc
05-29 20:56:24.062 21388 21422 V python  : extracting _python_bundle/site-packages/kivy/input/providers/linuxwacom.pyc
05-29 20:56:24.062 21388 21422 V python  : extracting _python_bundle/site-packages/kivy/input/providers/mouse.pyc
