05-29 20:48:32.463 16242 16242 F DEBUG   :       #24 pc 0000000000023934  /data/data/org.kffs.habilisdatalogger/files/app/_python_bundle/site-packages/kivy/graphics/instructions.so
05-29 20:48:32.463 16242 16242 F DEBUG   :       #25 pc 00000000000279dc  /data/data/org.kffs.habilisdatalogger/files/app/_python_bundle/site-packages/kivy/graphics/instructions.so
05-29 20:48:32.463 16242 16242 F DEBUG   :       #26 pc 00000000000100cc  /data/data/org.kffs.habilisdatalogger/files/app/_python_bundle/site-packages/kivy/graphics/compiler.so
05-29 20:48:32.463 16242 16242 F DEBUG   :       #27 pc 0000000000024218  /data/data/org.kffs.habilisdatalogger/files/app/_python_bundle/site-packages/kivy/graphics/instructions.so
05-29 20:48:32.463 16242 16242 F DEBUG   :       #28 pc 0000000000023934  /data/data/org.kffs.habilisdatalogger/files/app/_python_bundle/site-packages/kivy/graphics/instructions.so
05-29 20:48:32.463 16242 16242 F DEBUG   :       #29 pc 00000000000279dc  /data/data/org.kffs.habilisdatalogger/files/app/_python_bundle/site-packages/kivy/graphics/instructions.so
05-29 20:48:32.463 16242 16242 F DEBUG   :       #30 pc 00000000000100cc  /data/data/org.kffs.habilisdatalogger/files/app/_python_bundle/site-packages/kivy/graphics/compiler.so
05-29 20:48:32.463 16242 16242 F DEBUG   :       #31 pc 0000000000024218  /data/data/org.kffs.habilisdatalogger/files/app/_python_bundle/site-packages/kivy/graphics/instructions.so
05-29 20:48:32.463 16242 16242 F DEBUG   :       #32 pc 0000000000023934  /data/data/org.kffs.habilisdatalogger/files/app/_python_bundle/site-packages/kivy/graphics/instructions.so
05-29 20:48:32.463 16242 16242 F DEBUG   :       #33 pc 00000000000279dc  /data/data/org.kffs.habilisdatalogger/files/app/_python_bundle/site-packages/kivy/graphics/instructions.so
05-29 20:48:32.463 16242 16242 F DEBUG   :       #34 pc 00000000000100cc  /data/data/org.kffs.habilisdatalogger/files/app/_python_bundle/site-packages/kivy/graphics/compiler.so
05-29 20:48:32.463 16242 16242 F DEBUG   :       #35 pc 0000000000024218  /data/data/org.kffs.habilisdatalogger/files/app/_python_bundle/site-packages/kivy/graphics/instructions.so
05-29 20:48:32.463 16242 16242 F DEBUG   :       #36 pc 0000000000023934  /data/data/org.kffs.habilisdatalogger/files/app/_python_bundle/site-packages/kivy/graphics/instructions.so
05-29 20:48:32.463 16242 16242 F DEBUG   :       #37 pc 00000000000279dc  /data/data/org.kffs.habilisdatalogger/files/app/_python_bundle/site-packages/kivy/graphics/instructions.so
05-29 20:48:32.463 16242 16242 F DEBUG   :       #38 pc 0000000000029700  /data/data/org.kffs.habilisdatalogger/files/app/_python_bundle/site-packages/kivy/graphics/instructions.so
05-29 20:48:32.463 16242 16242 F DEBUG   :       #39 pc 0000000000028e40  /data/data/org.kffs.habilisdatalogger/files/app/_python_bundle/site-packages/kivy/graphics/instructions.so
05-29 20:48:32.463 16242 16242 F DEBUG   :       #40 pc 000000000003b94c  /data/data/org.kffs.habilisdatalogger/files/app/_python_bundle/site-packages/kivy/graphics/instructions.so
05-29 20:48:32.463 16242 16242 F DEBUG   :       #41 pc 000000000003b8f8  /data/data/org.kffs.habilisdatalogger/files/app/_python_bundle/site-packages/kivy/graphics/instructions.so
05-29 20:48:32.463 16242 16242 F DEBUG   :       #42 pc 0000000000044400  /data/data/org.kffs.habilisdatalogger/files/app/_python_bundle/site-packages/kivy/graphics/instructions.so
05-29 20:48:32.463 16242 16242 F DEBUG   :       #43 pc 00000000002390d4  /data/app/~~IESdjbLRY-XKw5z75ZY1mg==/org.kffs.habilisdatalogger-qOp-cGCb9R74WEOb8L7adA==/lib/arm64/libpython3.10.so
05-29 20:48:32.463 16242 16242 F DEBUG   :       #44 pc 0000000000234ee4  /data/app/~~IESdjbLRY-XKw5z75ZY1mg==/org.kffs.habilisdatalogger-qOp-cGCb9R74WEOb8L7adA==/lib/arm64/libpython3.10.so (_PyEval_EvalFrameDefault+9272)
05-29 20:48:32.463 16242 16242 F DEBUG   :       #45 pc 000000000023298c  /data/app/~~IESdjbLRY-XKw5z75ZY1mg==/org.kffs.habilisdatalogger-qOp-cGCb9R74WEOb8L7adA==/lib/arm64/libpython3.10.so
05-29 20:48:32.463 16242 16242 F DEBUG   :       #46 pc 000000000016afa8  /data/app/~~IESdjbLRY-XKw5z75ZY1mg==/org.kffs.habilisdatalogger-qOp-cGCb9R74WEOb8L7adA==/lib/arm64/libpython3.10.so
05-29 20:48:32.463 16242 16242 F DEBUG   :       #47 pc 000000000001ee88  /data/data/org.kffs.habilisdatalogger/files/app/_python_bundle/site-packages/kivy/_event.so
05-29 20:48:32.463 16242 16242 F DEBUG   :       #48 pc 0000000000041a34  /data/data/org.kffs.habilisdatalogger/files/app/_python_bundle/site-packages/kivy/_event.so
05-29 20:48:32.463 16242 16242 F DEBUG   :       #49 pc 0000000000037f40  /data/data/org.kffs.habilisdatalogger/files/app/_python_bundle/site-packages/kivy/_event.so
05-29 20:48:32.463 16242 16242 F DEBUG   :       #50 pc 000000000004ea4c  /data/data/org.kffs.habilisdatalogger/files/app/_python_bundle/site-packages/kivy/_event.so
05-29 20:48:32.463 16242 16242 F DEBUG   :       #51 pc 00000000002390d4  /data/app/~~IESdjbLRY-XKw5z75ZY1mg==/org.kffs.habilisdatalogger-qOp-cGCb9R74WEOb8L7adA==/lib/arm64/libpython3.10.so
05-29 20:48:32.463 16242 16242 F DEBUG   :       #52 pc 0000000000234ee4  /data/app/~~IESdjbLRY-XKw5z75ZY1mg==/org.kffs.habilisdatalogger-qOp-cGCb9R74WEOb8L7adA==/lib/arm64/libpython3.10.so (_PyEval_EvalFrameDefault+9272)
05-29 20:48:32.463 16242 16242 F DEBUG   :       #53 pc 000000000023298c  /data/app/~~IESdjbLRY-XKw5z75ZY1mg==/org.kffs.habilisdatalogger-qOp-cGCb9R74WEOb8L7adA==/lib/arm64/libpython3.10.so
05-29 20:48:32.463 16242 16242 F DEBUG   :       #54 pc 00000000002390d4  /data/app/~~IESdjbLRY-XKw5z75ZY1mg==/org.kffs.habilisdatalogger-qOp-cGCb9R74WEOb8L7adA==/lib/arm64/libpython3.10.so
05-29 20:48:32.463 16242 16242 F DEBUG   :       #55 pc 0000000000234ee4  /data/app/~~IESdjbLRY-XKw5z75ZY1mg==/org.kffs.habilisdatalogger-qOp-cGCb9R74WEOb8L7adA==/lib/arm64/libpython3.10.so (_PyEval_EvalFrameDefault+9272)
05-29 20:48:32.463 16242 16242 F DEBUG   :       #56 pc 000000000023298c  /data/app/~~IESdjbLRY-XKw5z75ZY1mg==/org.kffs.habilisdatalogger-qOp-cGCb9R74WEOb8L7adA==/lib/arm64/libpython3.10.so
05-29 20:48:32.463 16242 16242 F DEBUG   :       #57 pc 00000000002390d4  /data/app/~~IESdjbLRY-XKw5z75ZY1mg==/org.kffs.habilisdatalogger-qOp-cGCb9R74WEOb8L7adA==/lib/arm64/libpython3.10.so
05-29 20:48:32.463 16242 16242 F DEBUG   :       #58 pc 0000000000234ee4  /data/app/~~IESdjbLRY-XKw5z75ZY1mg==/org.kffs.habilisdatalogger-qOp-cGCb9R74WEOb8L7adA==/lib/arm64/libpython3.10.so (_PyEval_EvalFrameDefault+9272)
05-29 20:48:32.463 16242 16242 F DEBUG   :       #59 pc 000000000023298c  /data/app/~~IESdjbLRY-XKw5z75ZY1mg==/org.kffs.habilisdatalogger-qOp-cGCb9R74WEOb8L7adA==/lib/arm64/libpython3.10.so
05-29 20:48:32.463 16242 16242 F DEBUG   :       #60 pc 00000000002390d4  /data/app/~~IESdjbLRY-XKw5z75ZY1mg==/org.kffs.habilisdatalogger-qOp-cGCb9R74WEOb8L7adA==/lib/arm64/libpython3.10.so
05-29 20:48:32.463 16242 16242 F DEBUG   :       #61 pc 00000000002349c8  /data/app/~~IESdjbLRY-XKw5z75ZY1mg==/org.kffs.habilisdatalogger-qOp-cGCb9R74WEOb8L7adA==/lib/arm64/libpython3.10.so (_PyEval_EvalFrameDefault+7964)
05-29 20:48:32.463 16242 16242 F DEBUG   :       #62 pc 000000000023298c  /data/app/~~IESdjbLRY-XKw5z75ZY1mg==/org.kffs.habilisdatalogger-qOp-cGCb9R74WEOb8L7adA==/lib/arm64/libpython3.10.so
05-29 20:48:32.463 16242 16242 F DEBUG   :       #63 pc 00000000002390d4  /data/app/~~IESdjbLRY-XKw5z75ZY1mg==/org.kffs.habilisdatalogger-qOp-cGCb9R74WEOb8L7adA==/lib/arm64/libpython3.10.so
05-29 20:48:32.463 16242 16242 F DEBUG   :       #64 pc 0000000000234ee4  /data/app/~~IESdjbLRY-XKw5z75ZY1mg==/org.kffs.habilisdatalogger-qOp-cGCb9R74WEOb8L7adA==/lib/arm64/libpython3.10.so (_PyEval_EvalFrameDefault+9272)
05-29 20:48:32.463 16242 16242 F DEBUG   :       #65 pc 000000000023298c  /data/app/~~IESdjbLRY-XKw5z75ZY1mg==/org.kffs.habilisdatalogger-qOp-cGCb9R74WEOb8L7adA==/lib/arm64/libpython3.10.so
05-29 20:48:32.463 16242 16242 F DEBUG   :       #66 pc 00000000002328d4  /data/app/~~IESdjbLRY-XKw5z75ZY1mg==/org.kffs.habilisdatalogger-qOp-cGCb9R74WEOb8L7adA==/lib/arm64/libpython3.10.so (PyEval_EvalCode+104)
05-29 20:48:32.463 16242 16242 F DEBUG   :       #67 pc 0000000000278fec  /data/app/~~IESdjbLRY-XKw5z75ZY1mg==/org.kffs.habilisdatalogger-qOp-cGCb9R74WEOb8L7adA==/lib/arm64/libpython3.10.so (_PyRun_SimpleFileObject+1188)
05-29 20:48:32.463 16242 16242 F DEBUG   :       #68 pc 0000000000279894  /data/app/~~IESdjbLRY-XKw5z75ZY1mg==/org.kffs.habilisdatalogger-qOp-cGCb9R74WEOb8L7adA==/lib/arm64/libpython3.10.so (PyRun_SimpleFileExFlags+60)
05-29 20:48:32.463 16242 16242 F DEBUG   :       #69 pc 00000000000034c0  /data/app/~~IESdjbLRY-XKw5z75ZY1mg==/org.kffs.habilisdatalogger-qOp-cGCb9R74WEOb8L7adA==/lib/arm64/libmain.so (SDL_main+2452) (BuildId: 31dee9799880258433bef3824135a0d2bfdc25f8)
05-29 20:48:32.463 16242 16242 F DEBUG   :       #70 pc 00000000000b3e38  /data/app/~~IESdjbLRY-XKw5z75ZY1mg==/org.kffs.habilisdatalogger-qOp-cGCb9R74WEOb8L7adA==/lib/arm64/libSDL2.so (Java_org_libsdl_app_SDLActivity_nativeRunMain+772) (BuildId: 2dfa090cb8e2d0b99d6d3a8e4f2e36341627dd95)
05-29 20:48:32.464 16242 16242 F DEBUG   :       #76 pc 00000000003497dc  /data/app/~~IESdjbLRY-XKw5z75ZY1mg==/org.kffs.habilisdatalogger-qOp-cGCb9R74WEOb8L7adA==/oat/arm64/base.vdex (org.libsdl.app.SDLMain.run+0)
05-29 20:48:32.502  2054 16272 W ActivityTaskManager:   Force finishing activity org.kffs.habilisdatalogger/org.kivy.android.PythonActivity
05-29 20:48:32.504  2054 16272 D WindowManager: Collecting in transition 3350: Task{a421b19 #53667 type=standard A=10298:org.kffs.habilisdatalogger} init visibleRequested:true
05-29 20:48:32.505  2054 16272 D WindowManager: Collecting in transition 3350: ActivityRecord{5da557b u0 org.kffs.habilisdatalogger/org.kivy.android.PythonActivity t53667 f}} init visibleRequested:true
05-29 20:48:32.553  2054  3764 I WindowManager: WIN DEATH: Window{8056c1a u0 org.kffs.habilisdatalogger/org.kivy.android.PythonActivity}
05-29 20:48:32.553  2054  3741 I ActivityManager: Process org.kffs.habilisdatalogger (pid 16165) has died: fg  TOP 
05-29 20:48:32.553  2054  3764 W InputManager-JNI: Input channel object '8056c1a org.kffs.habilisdatalogger/org.kivy.android.PythonActivity (client)' was disposed without first being removed with the input manager!
05-29 20:48:32.559  2054  3741 D WindowManager: Collecting in transition 3350: Task{a421b19 #53667 type=standard A=10298:org.kffs.habilisdatalogger} init visibleRequested:false
05-29 20:48:32.559  2054  3741 D WindowManager: Collecting in transition 3350: ActivityRecord{5da557b u0 org.kffs.habilisdatalogger/org.kivy.android.PythonActivity t53667 f}} init visibleRequested:false
05-29 20:48:32.568  9307 31745 D PerfEngineController: ForegroundInfo{mForegroundPackageName='com.miui.home', mForegroundUid=10080, mForegroundPid=4050, mLastForegroundPackageName='org.kffs.habilisdatalogger', mLastForegroundUid=10298, mLastForegroundPid=16165, mMultiWindowForegroundPackageName='com.miui.home', mMultiWindowForegroundUid=10080, mFlags=0}
05-29 20:48:32.568  8252 20632 I ProcessMonitor: onForegroundInfoChanged: ForegroundInfo{mForegroundPackageName='com.miui.home', mForegroundUid=10080, mForegroundPid=4050, mLastForegroundPackageName='org.kffs.habilisdatalogger', mLastForegroundUid=10298, mLastForegroundPid=16165, mMultiWindowForegroundPackageName='com.miui.home', mMultiWindowForegroundUid=10080, mFlags=0}
05-29 20:48:32.569 10068 14277 I GST     : forePkg: com.miui.home, preForePkg: org.kffs.habilisdatalogger
05-29 20:48:32.569  4050 18617 D AppObserver: ForegroundInfo{mForegroundPackageName='com.miui.home', mForegroundUid=10080, mForegroundPid=4050, mLastForegroundPackageName='org.kffs.habilisdatalogger', mLastForegroundUid=10298, mLastForegroundPid=16165, mMultiWindowForegroundPackageName='com.miui.home', mMultiWindowForegroundUid=10080, mFlags=0}
05-29 20:48:32.569 27976 31920 D BluetoothLatencyMode: ForegroundInfo{mForegroundPackageName='com.miui.home', mForegroundUid=10080, mForegroundPid=4050, mLastForegroundPackageName='org.kffs.habilisdatalogger', mLastForegroundUid=10298, mLastForegroundPid=16165, mMultiWindowForegroundPackageName='com.miui.home', mMultiWindowForegroundUid=10080, mFlags=0}
05-29 20:48:32.572  8252 20632 I GameBoosterService: onForegroundInfoChanged: Cur=com.miui.home	 last=org.kffs.habilisdatalogger
05-29 20:48:32.574  8252 20632 D GameBoosterService: onGameStatusChange foreground:ForegroundInfo{mForegroundPackageName='com.miui.home', mForegroundUid=10080, mForegroundPid=4050, mLastForegroundPackageName='org.kffs.habilisdatalogger', mLastForegroundUid=10298, mLastForegroundPid=16165, mMultiWindowForegroundPackageName='com.miui.home', mMultiWindowForegroundUid=10080, mFlags=0}
05-29 20:48:32.581  8252 20632 I BeautyService: onForegroundInfoChanged: Cur=com.miui.home	 last=org.kffs.habilisdatalogger
05-29 20:48:32.610  2054  2363 W WindowManager: Failed to deliver inset control state change to w=Window{8056c1a u0 org.kffs.habilisdatalogger/org.kivy.android.PythonActivity EXITING}
05-29 20:48:32.637  2054  2363 D WindowManager: Final targets: [Task{8b7be85 #1 type=home}, Task{a421b19 #53667 type=standard A=10298:org.kffs.habilisdatalogger}, WallpaperWindowToken{d0b3c9f token=android.os.BinderProxy@373863e}, WallpaperWindowToken{af57f4 token=android.os.Binder@9f42b06}]
05-29 20:48:32.649  2054  2363 D WindowManager: Calling onTransitionReady info={id=3350 t=CLOSE f=0x10 trk=0 r=[0@Point(0, 0)] c=[{WCT{RemoteToken{c90cabe Task{8b7be85 #1 type=home}}} m=TO_FRONT f=SHOW_WALLPAPER|MOVE_TO_TOP leash=Surface(name=Task=1#45)/@0x9160a40 sb=Rect(0, 0 - 1080, 2400) eb=Rect(0, 0 - 1080, 2400) d=0},{WCT{RemoteToken{aba0124 Task{a421b19 #53667 type=standard A=10298:org.kffs.habilisdatalogger}}} m=CLOSE f=NONE leash=Surface(name=Task=53667#54263)/@0x59139b0 sb=Rect(0, 0 - 1080, 2400) eb=Rect(0, 0 - 1080, 2400) d=0},{null m=TO_FRONT f=IS_WALLPAPER leash=Surface(name=WallpaperWindowToken{d0b3c9f token=android.os.BinderProxy@373863e}#41912)/@0xdd2a2ff sb=Rect(0, 0 - 1080, 2400) eb=Rect(0, 0 - 1080, 2400) d=0},{null m=TO_FRONT f=IS_WALLPAPER leash=Surface(name=WallpaperWindowToken{af57f4 token=android.os.Binder@9f42b06}#59)/@0x31ad9e1 sb=Rect(0, 0 - 1080, 2400) eb=Rect(0, 0 - 1080, 2400) d=0}] noAni=[false]}, mToken=Token{528b05a TransitionRecord{a954033 id=3350 type=CLOSE flags=0x10}}
05-29 20:48:32.653  4050  4050 D RemoteAnimationAdapterCompat: printLeash::taskInfo = TaskInfo{userId=0 taskId=53667 displayId=0 isRunning=false baseIntent=Intent { act=android.intent.action.MAIN cat=[android.intent.category.LAUNCHER] flg=0x10300000 cmp=org.kffs.habilisdatalogger/org.kivy.android.PythonActivity } baseActivity=null topActivity=null origActivity=null realActivity=ComponentInfo{org.kffs.habilisdatalogger/org.kivy.android.PythonActivity} numActivities=0 lastActiveTime=432786062 supportsSplitScreenMultiWindow=true supportsMultiWindow=true resizeMode=1 isResizeable=true minWidth=-1 minHeight=-1 defaultMinSize=200 token=WCT{android.window.IWindowContainerToken$Stub$Proxy@51a1123} topActivityType=1 pictureInPictureParams=null shouldDockBigOverlays=false launchIntoPipHostTaskId=-1 lastParentTaskIdBeforePip=-1 displayCutoutSafeInsets=Rect(0, 98 - 0, 0) topActivityInfo=null launchCookies=[] positionInParent=Point(0, 0) parentTaskId=-1 isFocused=false isVisible=true isVisibleRequested=false isSleeping=false topActivityInSizeCompat=false topActivityInMiuiSizeCompat=false topActivityEligibleForLetterboxEducation= false topActivityLetterboxed= false isFromDoubleTap= false topActivityLetterboxVerticalPosition= -1 topActivityLetterboxHorizontalPosition= -1 topActivityLetterboxWidth=-1 topActivityLetterboxHeight=-1 locusId=null displayAreaFeatureId=1 cameraCompatControlState=hidden mIsCastMode=false mTopActivityMediaSize=null mTopActivityRecordName=null mTopActivityOrientation=-2 mTopActivityWindowIsNowVisible=false isTranslucent=true isEmbedded=false shouldBeVisible=false mBehindAppLockPkg=null mOriginatingUid=0}
05-29 20:48:32.654  4050  4050 I ConnectAnimFinishCallbackManager: clear leash = Surface(name=TL_Surface(name=Task=53667#54263)/@0xa79c6b1_transition-leash#54268)/@0x61eca9c, key = ComponentInfo{org.kffs.habilisdatalogger/org.kivy.android.PythonActivity}
05-29 20:48:32.675  6534  6881 D DigestGenerator: digest=============org.kffs.habilisdatalogger /vendor/lib/egl/libGLESv_adreno.so (!!!!!!+) ()
05-29 20:48:32.675  6534  6881 D DigestGenerator:  /data/data/org.kffs.habilisdatalogger/files/app/_python_bundle/site-packages/kivy/graphics/vbo.so
05-29 20:48:32.675  6534  6881 D DigestGenerator:  /data/data/org.kffs.habilisdatalogger/files/app/_python_bundle/site-packages/kivy/graphics/instructions.so
05-29 20:48:32.675  6534  6881 D DigestGenerator:  /data/data/org.kffs.habilisdatalogger/files/app/_python_bundle/site-packages/kivy/graphics/compiler.so
05-29 20:48:32.675  6534  6881 D DigestGenerator:  /data/data/org.kffs.habilisdatalogger/files/app/_python_bundle/site-packages/kivy/graphics/instructions.so
05-29 20:48:32.675  6534  6881 D DigestGenerator:  /data/data/org.kffs.habilisdatalogger/files/app/_python_bundle/site-packages/kivy/graphics/instructions.so
05-29 20:48:32.675  6534  6881 D DigestGenerator:  /data/data/org.kffs.habilisdatalogger/files/app/_python_bundle/site-packages/kivy/graphics/instructions.so
05-29 20:48:32.675  6534  6881 D DigestGenerator:  /data/data/org.kffs.habilisdatalogger/files/app/_python_bundle/site-packages/kivy/graphics/instructions.so
05-29 20:48:32.675  6534  6881 D DigestGenerator:  /data/data/org.kffs.habilisdatalogger/files/app/_python_bundle/site-packages/kivy/graphics/compiler.so
05-29 20:48:32.675  6534  6881 D DigestGenerator:  /data/data/org.kffs.habilisdatalogger/files/app/_python_bundle/site-packages/kivy/graphics/instructions.so
05-29 20:48:32.675  6534  6881 D DigestGenerator:  /data/data/org.kffs.habilisdatalogger/files/app/_python_bundle/site-packages/kivy/graphics/instructions.so
05-29 20:48:32.675  6534  6881 D DigestGenerator:  /data/data/org.kffs.habilisdatalogger/files/app/_python_bundle/site-packages/kivy/graphics/compiler.so
05-29 20:48:32.675  6534  6881 D DigestGenerator:  /data/data/org.kffs.habilisdatalogger/files/app/_python_bundle/site-packages/kivy/graphics/instructions.so
05-29 20:48:32.675  6534  6881 D DigestGenerator:  /data/data/org.kffs.habilisdatalogger/files/app/_python_bundle/site-packages/kivy/graphics/instructions.so
05-29 20:48:32.675  6534  6881 D DigestGenerator:  /data/data/org.kffs.habilisdatalogger/files/app/_python_bundle/site-packages/kivy/graphics/instructions.so
05-29 20:48:32.675  6534  6881 D DigestGenerator:  /data/data/org.kffs.habilisdatalogger/files/app/_python_bundle/site-packages/kivy/graphics/compiler.so
05-29 20:48:32.675  6534  6881 D DigestGenerator:  /data/data/org.kffs.habilisdatalogger/files/app/_python_bundle/site-packages/kivy/graphics/instructions.so
05-29 20:48:32.675  6534  6881 D DigestGenerator:  /data/data/org.kffs.habilisdatalogger/files/app/_python_bundle/site-packages/kivy/graphics/instructions.so
05-29 20:48:32.675  6534  6881 D DigestGenerator:  /data/data/org.kffs.habilisdatalogger/files/app/_python_bundle/site-packages/kivy/graphics/instructions.so
05-29 20:48:32.675  6534  6881 D DigestGenerator:  /data/data/org.kffs.habilisdatalogger/files/app/_python_bundle/site-packages/kivy/graphics/compiler.so
05-29 20:48:32.675  6534  6881 D DigestGenerator:  /data/data/org.kffs.habilisdatalogger/files/app/_python_bundle/site-packages/kivy/graphics/instructions.so
05-29 20:48:32.675  6534  6881 D DigestGenerator:  /data/data/org.kffs.habilisdatalogger/files/app/_python_bundle/site-packages/kivy/graphics/instructions.so
05-29 20:48:32.675  6534  6881 D DigestGenerator:  /data/data/org.kffs.habilisdatalogger/files/app/_python_bundle/site-packages/kivy/graphics/instructions.so
05-29 20:48:32.675  6534  6881 D DigestGenerator:  /data/data/org.kffs.habilisdatalogger/files/app/_python_bundle/site-packages/kivy/graphics/compiler.so
05-29 20:48:32.675  6534  6881 D DigestGenerator:  /data/data/org.kffs.habilisdatalogger/files/app/_python_bundle/site-packages/kivy/graphics/instructions.so
05-29 20:48:32.675  6534  6881 D DigestGenerator:  /data/data/org.kffs.habilisdatalogger/files/app/_python_bundle/site-packages/kivy/graphics/instructions.so
05-29 20:48:32.675  6534  6881 D DigestGenerator:  /data/data/org.kffs.habilisdatalogger/files/app/_python_bundle/site-packages/kivy/graphics/instructions.so
05-29 20:48:32.675  6534  6881 D DigestGenerator:  /data/data/org.kffs.habilisdatalogger/files/app/_python_bundle/site-packages/kivy/graphics/compiler.so
05-29 20:48:32.675  6534  6881 D DigestGenerator:  /data/data/org.kffs.habilisdatalogger/files/app/_python_bundle/site-packages/kivy/graphics/instructions.so
05-29 20:48:32.675  6534  6881 D DigestGenerator:  /data/data/org.kffs.habilisdatalogger/files/app/_python_bundle/site-packages/kivy/graphics/instructions.so
05-29 20:48:32.675  6534  6881 D DigestGenerator:  /data/data/org.kffs.habilisdatalogger/files/app/_python_bundle/site-packages/kivy/graphics/instructions.so
05-29 20:48:32.675  6534  6881 D DigestGenerator:  /data/data/org.kffs.habilisdatalogger/files/app/_python_bundle/site-packages/kivy/graphics/compiler.so
05-29 20:48:32.675  6534  6881 D DigestGenerator:  /data/data/org.kffs.habilisdatalogger/files/app/_python_bundle/site-packages/kivy/graphics/instructions.so
05-29 20:48:32.675  6534  6881 D DigestGenerator:  /data/data/org.kffs.habilisdatalogger/files/app/_python_bundle/site-packages/kivy/graphics/instructions.so
05-29 20:48:32.675  6534  6881 D DigestGenerator:  /data/data/org.kffs.habilisdatalogger/files/app/_python_bundle/site-packages/kivy/graphics/instructions.so
05-29 20:48:32.675  6534  6881 D DigestGenerator:  /data/data/org.kffs.habilisdatalogger/files/app/_python_bundle/site-packages/kivy/graphics/instructions.so
05-29 20:48:32.675  6534  6881 D DigestGenerator:  /data/data/org.kffs.habilisdatalogger/files/app/_python_bundle/site-packages/kivy/graphics/instructions.so
05-29 20:48:32.675  6534  6881 D DigestGenerator:  /data/data/org.kffs.habilisdatalogger/files/app/_python_bundle/site-packages/kivy/graphics/instructions.so
05-29 20:48:32.675  6534  6881 D DigestGenerator:  /data/data/org.kffs.habilisdatalogger/files/app/_python_bundle/site-packages/kivy/graphics/instructions.so
05-29 20:48:32.675  6534  6881 D DigestGenerator:  /data/data/org.kffs.habilisdatalogger/files/app/_python_bundle/site-packages/kivy/graphics/instructions.so
05-29 20:48:32.675  6534  6881 D DigestGenerator:  XXlib/arm/libpython..so
05-29 20:48:32.675  6534  6881 D DigestGenerator:  XXlib/arm/libpython..so (_PyEval_EvalFrameDefault+)
05-29 20:48:32.675  6534  6881 D DigestGenerator:  XXlib/arm/libpython..so
05-29 20:48:32.675  6534  6881 D DigestGenerator:  XXlib/arm/libpython..so
05-29 20:48:32.675  6534  6881 D DigestGenerator:  /data/data/org.kffs.habilisdatalogger/files/app/_python_bundle/site-packages/kivy/_event.so
05-29 20:48:32.675  6534  6881 D DigestGenerator:  /data/data/org.kffs.habilisdatalogger/files/app/_python_bundle/site-packages/kivy/_event.so
05-29 20:48:32.675  6534  6881 D DigestGenerator:  /data/data/org.kffs.habilisdatalogger/files/app/_python_bundle/site-packages/kivy/_event.so
05-29 20:48:32.675  6534  6881 D DigestGenerator:  /data/data/org.kffs.habilisdatalogger/files/app/_python_bundle/site-packages/kivy/_event.so
05-29 20:48:32.675  6534  6881 D DigestGenerator:  XXlib/arm/libpython..so
05-29 20:48:32.675  6534  6881 D DigestGenerator:  XXlib/arm/libpython..so (_PyEval_EvalFrameDefault+)
05-29 20:48:32.675  6534  6881 D DigestGenerator:  XXlib/arm/libpython..so
05-29 20:48:32.675  6534  6881 D DigestGenerator:  XXlib/arm/libpython..so
05-29 20:48:32.675  6534  6881 D DigestGenerator:  XXlib/arm/libpython..so (_PyEval_EvalFrameDefault+)
05-29 20:48:32.675  6534  6881 D DigestGenerator:  XXlib/arm/libpython..so
05-29 20:48:32.675  6534  6881 D DigestGenerator:  XXlib/arm/libpython..so
05-29 20:48:32.675  6534  6881 D DigestGenerator:  XXlib/arm/libpython..so (_PyEval_EvalFrameDefault+)
05-29 20:48:32.675  6534  6881 D DigestGenerator:  XXlib/arm/libpython..so
05-29 20:48:32.675  6534  6881 D DigestGenerator:  XXlib/arm/libpython..so
05-29 20:48:32.675  6534  6881 D DigestGenerator:  XXlib/arm/libpython..so (_PyEval_EvalFrameDefault+)
05-29 20:48:32.675  6534  6881 D DigestGenerator:  XXlib/arm/libpython..so
05-29 20:48:32.675  6534  6881 D DigestGenerator:  XXlib/arm/libpython..so
05-29 20:48:32.675  6534  6881 D DigestGenerator:  XXlib/arm/libpython..so (_PyEval_EvalFrameDefault+)
05-29 20:48:32.675  6534  6881 D DigestGenerator:  XXlib/arm/libpython..so
05-29 20:48:32.675  6534  6881 D DigestGenerator:  XXlib/arm/libpython..so (PyEval_EvalCode+)
05-29 20:48:32.675  6534  6881 D DigestGenerator:  XXlib/arm/libpython..so (_PyRun_SimpleFileObject+)
05-29 20:48:32.675  6534  6881 D DigestGenerator:  XXlib/arm/libpython..so (PyRun_SimpleFileExFlags+)
05-29 20:48:32.675  6534  6881 D DigestGenerator:  XXlib/arm/libmain.so (SDL_main+) ()
05-29 20:48:32.675  6534  6881 D DigestGenerator:  XXlib/arm/libSDL.so (Java_org_libsdl_app_SDLActivity_nativeRunMain+) ()
05-29 20:48:32.675  6534  6881 D DigestGenerator:  XXoat/arm/base.vdex (org.libsdl.app.SDLMain.run+)
05-29 20:48:32.676  4050  4050 E LauncherAnimationRunner: onAnimationStart:   target=RemoteAnimationTargetCompat{taskId=53667, mode=1, isTranslucent=false, clipRect=Rect(0, 0 - 0, 0), position=Point(0, 0), sourceContainerBounds=Rect(0, 0 - 1080, 2400), prefixOrderIndex=3, isNotInRecents=true, contentInsets=Rect(0, 0 - 0, 0), activityType=1, packageName=org.kffs.habilisdatalogger, startBounds=Rect(0, 0 - 1080, 2400), windowType=-1}
05-29 20:48:32.682  4050  4050 D QuickstepAppTransitionManagerImpl: getClosingShortcutIcon:CloseShortcutIconUtils.getCloseShortcutIcon  cn=ComponentInfo{org.kffs.habilisdatalogger/org.kivy.android.PythonActivity}   userId=0
05-29 20:48:32.689  6534  6881 D MiSightJni: MiSight: Java_com_miui_misight_MiSight_nativeSendEvent enter called. '{"CrashType":"100000000","Stacktrace":"versionName:0.1, versionCode:10211##Build fingerprint: 'Xiaomi\/taoyao_eea\/taoyao:14\/UKQ1.231003.002\/V816.0.38.0.ULIEUXM:user\/release-keys'##Revision: '0'##ABI: 'arm64'##Process uptime: 6s##Cmdline: org.kffs.habilisdatalogger##pid: 16165, tid: 16203, name: SDLThread  >>> org.kffs.habilisdatalogger <<<##uid: 10298##signal 11 (SIGSEGV), code 1 (SEGV_MAPERR), fault addr 0x0000000000000040##Cause: null pointer dereference##    x0  0000000000000001  x1  0000000000000000  x2  0000000000000003  x3  0f0514b5d8f65cf4##    x4  b400007c3d166cbc  x5  0000000000000003  x6  b400007c3d166f9c  x7  b400007c34096a10##    x8  0000000000000003  x9  0000000000000003  x10 0000007cb59e8684  x11 b400007c3d166cc4##    x12 b400007c3cf30aec  x13 0000007cb59e868c  x14 0000000000000000  x15 0000000000000000##    x16 0000000000000001  x17 0000000000000000  x18 0000000000000000  x19 0000000000000001##    x20 b400007c3d166c00  x
05-29 20:48:32.689  6534  6881 D MiEvent : flatten EventId 901001003 -t 1780102112 -paraList {"CrashType":"100000000","CurrentTime":1780102111000,"Digest":"4970f597d90d3741e10b772815e9a3e3","Keyword":"{\"vn\":\"0.1\",\"vc\":\"10211\",\"isRoot\":false,\"count\":1,\"preInstalled\":false,\"unfold\":false,\"ram\":8,\"rom\":128}","PackageName":"org.kffs.habilisdatalogger","Stacktrace":"versionName:0.1, versionCode:10211##Build fingerprint: 'Xiaomi/taoyao_eea/taoyao:14/UKQ1.231003.002/V816.0.38.0.ULIEUXM:user/release-keys'##Revision: '0'##ABI: 'arm64'##Process uptime: 6s##Cmdline: org.kffs.habilisdatalogger##pid: 16165, tid: 16203, name: SDLThread  >>> org.kffs.habilisdatalogger <<<##uid: 10298##signal 11 (SIGSEGV), code 1 (SEGV_MAPERR), fault addr 0x0000000000000040##Cause: null pointer dereference##    x0  0000000000000001  x1  0000000000000000  x2  0000000000000003  x3  0f0514b5d8f65cf4##    x4  b400007c3d166cbc  x5  0000000000000003  x6  b400007c3d166f9c  x7  b400007c34096a10##    x8  0000000000000003  x9  0000000000000003  x10 0000007cb59e8684  x11 b4
05-29 20:48:32.689  6534  6881 D MiEvent : report:EventId 901001003 -t 1780102112 -paraList {"CrashType":"100000000","CurrentTime":1780102111000,"Digest":"4970f597d90d3741e10b772815e9a3e3","Keyword":"{\"vn\":\"0.1\",\"vc\":\"10211\",\"isRoot\":false,\"count\":1,\"preInstalled\":false,\"unfold\":false,\"ram\":8,\"rom\":128}","PackageName":"org.kffs.habilisdatalogger","Stacktrace":"versionName:0.1, versionCode:10211##Build fingerprint: 'Xiaomi/taoyao_eea/taoyao:14/UKQ1.231003.002/V816.0.38.0.ULIEUXM:user/release-keys'##Revision: '0'##ABI: 'arm64'##Process uptime: 6s##Cmdline: org.kffs.habilisdatalogger##pid: 16165, tid: 16203, name: SDLThread  >>> org.kffs.habilisdatalogger <<<##uid: 10298##signal 11 (SIGSEGV), code 1 (SEGV_MAPERR), fault addr 0x0000000000000040##Cause: null pointer dereference##    x0  0000000000000001  x1  0000000000000000  x2  0000000000000003  x3  0f0514b5d8f65cf4##    x4  b400007c3d166cbc  x5  0000000000000003  x6  b400007c3d166f9c  x7  b400007c34096a10##    x8  0000000000000003  x9  0000000000000003  x10 0000007cb59e8684  x11 b40
05-29 20:48:32.697  1885  1944 I misight : OnEvent event 901001003 param not json string, {"CrashType":"100000000","CurrentTime":1780102111000,"Digest":"4970f597d90d3741e10b772815e9a3e3","Keyword":"{\"vn\":\"0.1\",\"vc\":\"10211\",\"isRoot\":false,\"count\":1,\"preInstalled\":false,\"unfold\":false,\"ram\":8,\"rom\":128}","PackageName":"org.kffs.habilisdatalogger","Stacktrace":"versionName:0.1, versionCode:10211##Build fingerprint: 'Xiaomi/taoyao_eea/taoyao:14/UKQ1.231003.002/V816.0.38.0.ULIEUXM:user/release-keys'##Revision: '0'##ABI: 'arm64'##Process uptime: 6s##Cmdline: org.kffs.habilisdatalogger##pid: 16165, tid: 16203, name: SDLThread  >>> org.kffs.habilisdatalogger <<<##uid: 10298##signal 11 (SIGSEGV), code 1 (SEGV_MAPERR), fault addr 0x0000000000000040##Cause: null pointer dereference##    x0  0000000000000001  x1  0000000000000000  x2  0000000000000003  x3  0f0514b5d8f65cf4##    x4  b400007c3d166cbc  x5  0000000000000003  x6  b400007c3d166f9c  x7  b400007c34096a10##    x8  0000000000000003  x9  0000000000000003  x10 0000007cb59e8684  x11 b4000
05-29 20:48:33.004  2054  2361 W ActivityTaskManager: Activity top resumed state loss timeout for ActivityRecord{5da557b u0 org.kffs.habilisdatalogger/org.kivy.android.PythonActivity t53667 f} isExiting}
05-29 20:48:33.441  2054  3764 W WindowManager: Exception thrown during dispatchAppVisibility Window{8056c1a u0 org.kffs.habilisdatalogger/org.kivy.android.PythonActivity EXITING}
05-29 20:48:33.442  2054  3764 I Transition: finishTransition: updateLastSurfacePosition tf=Task{a421b19 #53667 type=standard A=10298:org.kffs.habilisdatalogger}
05-29 20:48:33.508  4050  4516 E ActivityManagerWrapper: getRecentTasks: mainTaskId=53667   userId=0   windowMode=1   baseIntent=Intent { act=android.intent.action.MAIN flag=271581184 cmp=ComponentInfo{org.kffs.habilisdatalogger/org.kivy.android.PythonActivity} }
05-29 20:48:33.512  4050  4516 D WorldCirculate: getWorldCirculateInfo, taskInfo.baseIntent=Intent { act=android.intent.action.MAIN cat=[android.intent.category.LAUNCHER] flg=0x10300000 cmp=org.kffs.habilisdatalogger/org.kivy.android.PythonActivity }, displayId=-1, but get Display failed
05-29 20:49:29.547  4050  4516 E ActivityManagerWrapper: getRecentTasks: mainTaskId=53667   userId=0   windowMode=1   baseIntent=Intent { act=android.intent.action.MAIN flag=271581184 cmp=ComponentInfo{org.kffs.habilisdatalogger/org.kivy.android.PythonActivity} }
05-29 20:49:29.547  4050  4516 D WorldCirculate: getWorldCirculateInfo, taskInfo.baseIntent=Intent { act=android.intent.action.MAIN cat=[android.intent.category.LAUNCHER] flg=0x10300000 cmp=org.kffs.habilisdatalogger/org.kivy.android.PythonActivity }, displayId=-1, but get Display failed
05-29 20:49:29.590  4050  4516 E ActivityManagerWrapper: getRecentTasks: mainTaskId=53667   userId=0   windowMode=1   baseIntent=Intent { act=android.intent.action.MAIN flag=271581184 cmp=ComponentInfo{org.kffs.habilisdatalogger/org.kivy.android.PythonActivity} }
05-29 20:49:29.592  4050  4516 D WorldCirculate: getWorldCirculateInfo, taskInfo.baseIntent=Intent { act=android.intent.action.MAIN cat=[android.intent.category.LAUNCHER] flg=0x10300000 cmp=org.kffs.habilisdatalogger/org.kivy.android.PythonActivity }, displayId=-1, but get Display failed
05-29 20:52:38.470  8252  9520 I PowerRankHelperHolder: mDesktopPkgSet =[com.milink.service, com.miui.player, com.amazon.kindle, com.creditkarma.mobile, co.mangotechnologies.clickup, com.miui.compass, com.stopandshop.mobile.droid, co.za.wigroup.dunkindonutsge, us.mitene, com.miui.calculator, com.android.deskclock, com.microsoft.seeingai, com.garmin.android.apps.connectmobile, com.madinsweden.sleeptalk, com.strava, com.xiaomi.finddevice, com.google.android.apps.photos, com.android.nfc, com.google.android.apps.safetyhub, com.thestorygraph.thestorygraph, com.mobcrab.deutschgrammatika1a2b1b2, com.familywall, com.google.android.apps.maps, com.miui.videoplayer, org.wordpress.android, com.mfashiongallery.emag, com.google.android.apps.messaging, com.google.android.googlequicksearchbox, com.google.android.apps.googlevoice, com.zhiliaoapp.musically, com.miui.home, com.roku.remote, com.konylabs.capitalone, com.microsoft.skydrive, com.android.quicksearchbox, com.huami.watch.hmwatchmanager, com.miui.weather2, com.facebook.katana, com.stripe.android.dashboard, com.miui.miwallpaper, com.quonticbank.android, com.android.thememanager, com.android.camera, com.android.incallui, com.android.settings, com.xiaomi.glgm, com.google.android.apps.googleassistant, com.timehop, com.android.soundrecorder, com.microsoft.teams, com.instagram.android, com.discoverfinancial.mobile, com.uvnv.mintsim, com.venmo, com.microsoft.office.outlook, com.miui.mishare.connectivity, com.google.android.apps.kids.familylink, com.jetpack.android, com.odd.collectforstripe, com.google.android.apps.docs.editors.docs, com.xiaomi.scanner, com.miui.securitycenter, com.android.vending, com.mercury.bank, com.overdrive.mobile.android.libby, com.einnovation.temu, com.android.chrome, com.microsoft.windowsintune.companyportal, com.xfinity.digitalhome, com.ascendo.android.dictionary.de.free, com.mi.android.globalFileexplorer, com.ichi2.anki, com.google.android.apps.docs, com.miui.gallery, com.google.android.apps.subscriptions.red, com.azure.authenticator, app.indie.my, com.google.android.apps.adm, com.eken.aiwit, com.spotify.music, com.bunq.android, com.miui.miservice, com.google.android.contacts, com.dropbox.android, com.onedebit.chime, com.facebook.orca, com.whatsapp, com.duolingo, org.kffs.habilisdatalogger, email.titan.app, com.mi.android.globallauncher, com.usbank.mobilebanking, com.android.providers.downloads.ui, flar2.homebutton, com.google.android.apps.docs.editors.sheets, com.google.android.dialer, com.sofi.mobile, com.google.android.gm, com.mi.globalminusscreen, com.google.android.apps.authenticator2, com.mtb.mbanking.sc.retail.prod, com.shutterfly, com.google.android.calendar]
05-29 20:52:45.104  4050  4050 D Launcher_DragView: new DragView:ShortcutInfo, id=-1, itemType=0, user=UserHandle{0}, mIconType=0, pkgName=org.kffs.habilisdatalogger, className=org.kivy.android.PythonActivity
05-29 20:52:45.304  4050  4050 D Launcher.ShortcutMenu: show shortcut menu when drop, pkgName=org.kffs.habilisdatalogger
05-29 20:52:45.841  4050  4289 W PreviewDisappear: getIcon info target: ComponentInfo{org.kffs.habilisdatalogger/org.kivy.android.PythonActivity}
05-29 20:52:45.841  4050  4289 W PreviewDisappear: getIcon info intent: Intent { act=android.intent.action.MAIN cat=[android.intent.category.LAUNCHER] flg=0x10200000 cmp=org.kffs.habilisdatalogger/org.kivy.android.PythonActivity (has extras) }
05-29 20:52:45.842  4050  4050 W System.err: android.content.pm.PackageManager$NameNotFoundException: org.kffs.habilisdatalogger
05-29 20:52:47.504  4050  4292 W System.err: android.content.pm.PackageManager$NameNotFoundException: org.kffs.habilisdatalogger
05-29 20:52:47.512  2054  7682 D PackageManager: Uninstall pkg: org.kffs.habilisdatalogger u0 flags:4 from u10080/4050 of com.miui.home
05-29 20:52:47.523  4050  4284 D Launcher.LauncherUtils: app(org.kffs.habilisdatalogger|UserHandle{0}) isDisable=false, backupProcessingPkg=null
05-29 20:52:47.525  2054  2384 I ActivityManager: Force stopping org.kffs.habilisdatalogger appid=10298 user=0: deletePackageX
05-29 20:52:47.527  2054  2781 I AppsFilter: interaction: PackageSetting{e8b2717 com.fido.asm/10106} -> PackageSetting{a12369d org.kffs.habilisdatalogger/10298} BLOCKED
05-29 20:52:47.529  4050  4284 D AutoInstallsParser: isPAIPackageName: org.kffs.habilisdatalogger
05-29 20:52:47.530  4050  4284 D Launcher.Model: onReceiveBackground, mAllAppsList=add=[], remove=[(0, AppInfo, id=-1, itemType=0, user=UserHandle{0}, mIconType=0, pkgName=org.kffs.habilisdatalogger, className=org.kivy.android.PythonActivity, screenId=-1, container=-1, cellX=-1, cellY=-1, spanX=1, spanY=1)], modified=[]
05-29 20:52:47.535  4050  4050 D Launcher: remove icon when bind apps removed:ShortcutInfo, id=1206, itemType=0, user=UserHandle{0}, mIconType=0, pkgName=org.kffs.habilisdatalogger, className=org.kivy.android.PythonActivity, screenId=2, container=-100, cellX=0, cellY=5, spanX=1, spanY=1
05-29 20:52:47.535  4050  4050 D Launcher.CellLayout: remove icon for ShortcutInfo, id=1206, itemType=0, user=UserHandle{0}, mIconType=0, pkgName=org.kffs.habilisdatalogger, className=org.kivy.android.PythonActivity, screenId=2, container=-100, cellX=0, cellY=5, spanX=1, spanY=1
05-29 20:52:47.536  4050  4050 D Launcher.CellLayout: updateCellOccupiedMarks, remove, ShortcutInfo, id=1206, itemType=0, user=UserHandle{0}, mIconType=0, pkgName=org.kffs.habilisdatalogger, className=org.kivy.android.PythonActivity, screenId=2, container=-100, cellX=0, cellY=5, spanX=1, spanY=1
05-29 20:52:47.536  4050  4050 D Launcher: removeShortcutIcon, info=(ShortcutInfo, id=1206, itemType=0, user=UserHandle{0}, mIconType=0, pkgName=org.kffs.habilisdatalogger, className=org.kivy.android.PythonActivity, screenId=2, container=-100, cellX=0, cellY=5, spanX=1, spanY=1), removeFromDB=true
05-29 20:52:47.536  4050  4050 D Launcher.Model: deleteItemFromDatabase, item=ShortcutInfo, id=1206, itemType=0, user=UserHandle{0}, mIconType=0, pkgName=org.kffs.habilisdatalogger, className=org.kivy.android.PythonActivity, screenId=2, container=-100, cellX=0, cellY=5, spanX=1, spanY=1
05-29 20:52:48.051  2054  2781 W PackageManager: java.lang.IllegalArgumentException: Unable to get package org.kffs.habilisdatalogger
05-29 20:52:48.055  2054  2781 I PermissionManager: Removing permission org.kffs.habilisdatalogger.DYNAMIC_RECEIVER_NOT_EXPORTED_PERMISSION that used to be declared by org.kffs.habilisdatalogger
05-29 20:52:48.172  2054  2781 W PackageFreezer: Freeze package org.kffs.habilisdatalogger about 0.648 seconds for reason: deletePackageX
05-29 20:52:48.201  2054  2781 I ActivityManager: Force stopping org.kffs.habilisdatalogger appid=10298 user=0: pkg removed
05-29 20:52:48.221  2054  2781 I ActivityManager: Force stopping org.kffs.habilisdatalogger appid=10298 user=0: pkg removed
05-29 20:52:48.582  4004  4640 W QSTileHostExt: package info not found: org.kffs.habilisdatalogger
05-29 20:52:48.590  3972  3972 D CarrierSvcBindHelper: onPackageRemoved: org.kffs.habilisdatalogger
05-29 20:52:48.593  6645  6645 D OsAgent : Package uninstalled, onReceive: org.kffs.habilisdatalogger
05-29 20:52:48.602 27976 28282 D Avrcp_ext: AvrcpServiceBroadcastReceiver-> packageName: org.kffs.habilisdatalogger
05-29 20:52:48.610 27976 28282 D Avrcp_ext: packageName: org.kffs.habilisdatalogger removed: true
05-29 20:52:48.631 27976 28282 D Avrcp_ext: isBrowseSupported for org.kffs.habilisdatalogger: false
05-29 20:52:48.655 27976 27976 D BluetoothMapAppObserver: The removed package is: org.kffs.habilisdatalogger
05-29 20:52:48.675  8252  8252 I InstalledAppMonitor: org.kffs.habilisdataloggeronReceive remove pkg=org.kffs.habilisdatalogger
05-29 20:52:48.686  2054  2147 W system_server: ApkAssets: Deleting an ApkAssets object '<empty> and /data/app/~~IESdjbLRY-XKw5z75ZY1mg==/org.kffs.habilisdatalogger-qOp-cGCb9R74WEOb8L7adA==/base.apk' with 1 weak references
05-29 20:52:48.744  4050 26675 E InstallApkReceiver: uninstall:package:org.kffs.habilisdatalogger
05-29 20:52:48.747  6605 11737 W SQLiteLog: (28) double-quoted string literal: "org.kffs.habilisdatalogger"
05-29 20:52:48.772 11092 11221 I ResidentChecker: check: StartScan pkg=org.kffs.habilisdatalogger
05-29 20:52:48.812  4050  4050 I ConnectAnimFinishCallbackManager: clear leash = Surface(name=TL_Surface(name=Task=53667#54263)/@0x586e9a1_transition-leash#54306)/@0x1b5844c, key = ComponentInfo{org.kffs.habilisdatalogger/org.kivy.android.PythonActivity}
05-29 20:52:48.910 11093 17780 E PackageUtils: android.content.pm.PackageManager$NameNotFoundException: org.kffs.habilisdatalogger
05-29 20:52:48.945  2054  2905 D MiuiNetworkPolicyAppBuckets: updateAppPN packageName=org.kffs.habilisdatalogger,uid=10298,installed=false
05-29 20:52:48.945  2054  2834 I RollbackManager: broadcast=ACTION_PACKAGE_FULLY_REMOVED pkg=org.kffs.habilisdatalogger
05-29 20:52:48.964  4901 17785 I ProximityAuth: [RecentAppsMediator] Package removed: (user=UserHandle{0}) org.kffs.habilisdatalogger
05-29 20:52:48.971  2054  2906 W WifiService: Couldn't get PackageInfo for package:org.kffs.habilisdatalogger
05-29 20:52:48.971  2054  2906 D WifiService: Remove settings for package:org.kffs.habilisdatalogger
05-29 20:52:48.972  2054  2906 D WifiConfigManager: Remove all networks for app ApplicationInfo{a8bb08c org.kffs.habilisdatalogger}
05-29 20:52:49.176 28876 28876 I Finsky  : [2] AIM: AppInfoCacheUpdater -> invalidating apps: [org.kffs.habilisdatalogger]
05-29 20:52:49.283  2054  2054 E SLM-SRV-SLAAppLib: initBroadcastReceiverorg.kffs.habilisdatalogger
05-29 20:52:49.283  2054  2054 I SLM-SRV-SLAAppLib: ACTION_PACKAGE_REMOVED uid = 10298org.kffs.habilisdatalogger
05-29 20:52:49.286 28876 29340 I Finsky  : [232] AIM: AppInfoManager-Perf > OnDeviceAppInfo > cacheHitCount=0, cacheMissCount=1. Missed  in cache (limit 10) : [org.kffs.habilisdatalogger]
05-29 20:52:49.287  2054  2906 I PasspointManager: No app ops listener found for org.kffs.habilisdatalogger
05-29 20:52:49.287  2054  2906 W WifiService: Couldn't get PackageInfo for package:org.kffs.habilisdatalogger
05-29 20:52:49.287  2054  2906 D WifiService: Remove settings for package:org.kffs.habilisdatalogger
05-29 20:52:49.287  2054  2906 D WifiConfigManager: Remove all networks for app ApplicationInfo{e344a9b org.kffs.habilisdatalogger}
05-29 20:52:49.320  2054  2054 I Telecom : CarModeTracker: Package org.kffs.habilisdatalogger is not tracked.: SSH.oR@LuM
05-29 20:52:49.331 28876 17891 I Finsky  : [427] Asset module storage cleared for package org.kffs.habilisdatalogger.
05-29 20:52:49.340  2054  2054 I AppSearchManagerService: Handling android.intent.action.PACKAGE_FULLY_REMOVED broadcast on package: org.kffs.habilisdatalogger
05-29 20:52:49.356  4575 11053 I Icing   : doRemovePackageData org.kffs.habilisdatalogger
05-29 20:52:49.364  4575 17833 W RWIPackageIntentOps: Registries cleared for package: org.kffs.habilisdatalogger
05-29 20:52:49.423  2054  2054 I ConditionProviders: Disallowing condition provider org.kffs.habilisdatalogger (userSet: true)
05-29 20:52:49.744 16213 16213 D PersistedStoragePackageUninstalledReceiver: Received android.intent.action.PACKAGE_FULLY_REMOVED for org.kffs.habilisdatalogger for u0
05-29 20:52:49.889  4575 17784 W SQLiteLog: (28) double-quoted string literal: "org.kffs.habilisdatalogger"
05-29 20:52:50.018 28876 28876 W Finsky  : [2] STU: Failed to get storage stats for package 'org.kffs.habilisdatalogger' (1601: Error getting stats: android.content.pm.PackageManager.NameNotFoundException)
05-29 20:52:50.141  2054  2906 I PasspointManager: No app ops listener found for org.kffs.habilisdatalogger
05-29 20:52:51.192  6404 17822 D MediaProvider: Deleted 0 Android/media items belonging to org.kffs.habilisdatalogger on /data/user/0/com.google.android.providers.media.module/databases/external.db
05-29 20:52:51.232  3567  3567 D AppFinder:AppFinderLoadModel: package removed received org.kffs.habilisdatalogger
05-29 20:52:51.257  6404 17822 I FuseDaemon: Successfully deleted rows in leveldb for owner_id:  and ownerPackageIdentifier: org.kffs.habilisdatalogger::0
05-29 20:52:51.277  3567  3636 D AppFinder:PackageUpdatedTask: Removing app iconorg.kffs.habilisdatalogger
05-29 20:52:51.283  3567  3567 I PackageInstallReceiver: action = android.intent.action.PACKAGE_REMOVED packageName = org.kffs.habilisdatalogger
05-29 20:52:51.312  6404 17822 D MediaGrants: Removed 0 media_grants for 0 user for [org.kffs.habilisdatalogger]. Reason: Package orphaned
05-29 20:52:51.531 27730 18077 D ContactDirectoryManager: onPackageChanged,updateDirectoriesForPackage, packageName:org.kffs.habilisdatalogger
05-29 20:52:51.737 18038 18038 I VSC-AppInstallReceiver: action: android.intent.action.PACKAGE_FULLY_REMOVED, packageName: org.kffs.habilisdatalogger
05-29 20:52:52.432 28876 28876 I Finsky  : [2] Received an install/uninstall event for package org.kffs.habilisdatalogger
05-29 20:52:53.225  8252  9371 W MIUISafety-Monitor: checkRunningOp end for org.kffs.habilisdatalogger cost 0ms, should sync = false
05-29 20:52:54.819 17786 17786 I Finsky:background: [2] Package no longer installed: org.kffs.habilisdatalogger
05-29 20:52:54.867 17786 17786 I Finsky:background: [2] Package no longer installed: org.kffs.habilisdatalogger
05-29 20:52:54.987 17786 18353 I Finsky:background: [235] IQ:PSL: skipping onPackageRemoved(replacing=false) for untracked package=org.kffs.habilisdatalogger
05-29 20:53:01.174  4050  4050 D Launcher.Model: LauncherAppsCallback onPackageRemoved|org.kffs.habilisdatalogger|UserHandle{0}
05-29 20:53:01.178  9006  9006 I lyra-net-StaticRegistersManager: remove: org.kffs.habilisdatalogger, null
05-29 20:53:01.253  4050  4284 D AutoInstallsParser: isPAIPackageName: org.kffs.habilisdatalogger
05-29 20:55:26.773 11887 11887 W msgr.AppInfoCore: Install status cache EVICT for org.kffs.habilisdatalogger (package changed)
05-29 20:55:26.773 11887 11887 W msgr.AppInfoCore: Install status cache EVICT for org.kffs.habilisdatalogger (package changed)
05-29 20:55:58.362 20560 20560 I IconCustomizer: find better bitmap : 128, for org.kffs.habilisdatalogger
05-29 20:55:58.362 20560 20560 I IconCustomizer: find better bitmap : 128, for org.kffs.habilisdatalogger
05-29 20:55:58.363 20560 20560 I IconCustomizer: find better bitmap : 128, for org.kffs.habilisdatalogger
05-29 20:55:58.367 20560 20560 D IconCustomizer: Generate customized icon for org.kffs.habilisdatalogger.png, true
05-29 20:55:58.367 20560 20560 I IconCustomizer: composeIconWithTrans FullMask: for org.kffs.habilisdatalogger.png
05-29 20:56:02.569 28876 28876 I Finsky  : [2] VerifyApps: Install-time verification requested for package org.kffs.habilisdatalogger, PackageManager id = 56, Verifier id = 7456fcf9-17b0-47ac-9552-f9205b1244aa
05-29 20:56:02.760 28876 20647 I Finsky  : [440] VerifyApps: Anti-malware verification task started for package=org.kffs.habilisdatalogger
05-29 20:56:02.927 28876 20647 I Finsky  : [440] VerifyApps: chooseScanResult for package=org.kffs.habilisdatalogger with timeout=15000ms
05-29 20:56:02.942 28876 29340 I Finsky  : [232] VerifyApps: Starting APK Analysis scan for org.kffs.habilisdatalogger.
05-29 20:56:02.947 28876 29340 I Finsky  : [232] Scanning package org.kffs.habilisdatalogger contents with client side protections. File: [IEjospSYH-qr6_9-hanHvdG2BJbm98BQWMNep-G7NZY]
05-29 20:56:03.621 28876 20655 I Finsky  : [444] VerifyApps: Verification package=org.kffs.habilisdatalogger, id=56, response=3, upload_requested=false, enable_ecm=true
05-29 20:56:03.632 28876 20655 I Finsky  : [444] VerifyApps: PAM result saving to datastore delayed for package: org.kffs.habilisdatalogger
05-29 20:56:03.634 28876 20647 I Finsky  : [440] VerifyApps: firstScanResult for package=org.kffs.habilisdatalogger: 3
05-29 20:56:03.640 28876 20647 I Finsky  : [440] VerifyApps: chooseScanResult returning verdict 3 for package=org.kffs.habilisdatalogger
05-29 20:56:03.668 28876 20655 E Finsky  : [444] VerifyApps: Unable to get APK Analysis scan result. package=org.kffs.habilisdatalogger
05-29 20:56:03.851 28876 29351 W Finsky  : [235] VerifyApps: APK Analysis scan cancelled for org.kffs.habilisdatalogger.
05-29 20:56:03.851 28876 29351 I Finsky  : [235] VerifyApps: APK Analysis scan finished for org.kffs.habilisdatalogger. Verdict: 0
05-29 20:56:09.327 28876 29352 I Finsky  : [236] VerifyApps: waiting for app installation for org.kffs.habilisdatalogger
05-29 20:56:09.397 28876 28876 I Finsky  : [2] VerifyApps: Install-time verification complete: id=56, package_name=org.kffs.habilisdatalogger
05-29 20:56:09.917  2054  2781 W PackageFreezer: Freeze package org.kffs.habilisdatalogger about 0.338 seconds for reason: installPackageLI
05-29 20:56:09.917  2054  2781 I BackupManagerService: [UserID:0] restoreAtInstall pkg=org.kffs.habilisdatalogger token=39 restoreSet=0
05-29 20:56:09.918  2054  2781 I InstallationTiming: org.kffs.habilisdatalogger|com.google.android.packageinstaller|15659|5365|54|2696|0|7003|0
05-29 20:56:09.919  2054  2781 I AppsFilter: interaction: PackageSetting{f9a760a com.fido.asm/10106} -> PackageSetting{fb75c65 org.kffs.habilisdatalogger/10307} BLOCKED
05-29 20:56:10.120  6404 10169 D MediaGrants: Removed 0 media_grants for 0 user for [org.kffs.habilisdatalogger]. Reason: Mode changed: android:read_external_storage
05-29 20:56:10.122  6404 21858 D MediaGrants: Removed 0 media_grants for 0 user for [org.kffs.habilisdatalogger]. Reason: Mode changed: android:read_external_storage
