05-27 23:02:53.147  4050  4516 W RecentsModel: getRunningTask   taskInfo=TaskInfo{userId=0 taskId=53601 displayId=0 isRunning=true baseIntent=Intent { act=android.intent.action.MAIN cat=[android.intent.category.LAUNCHER] flg=0x10000000 pkg=org.kffs.habilisdatalogger cmp=org.kffs.habilisdatalogger/org.kivy.android.PythonActivity } baseActivity=ComponentInfo{org.kffs.habilisdatalogger/org.kivy.android.PythonActivity} topActivity=ComponentInfo{org.kffs.habilisdatalogger/org.kivy.android.PythonActivity} origActivity=null realActivity=ComponentInfo{org.kffs.habilisdatalogger/org.kivy.android.PythonActivity} numActivities=1 lastActiveTime=268046696 supportsSplitScreenMultiWindow=true supportsMultiWindow=true resizeMode=1 isResizeable=true minWidth=-1 minHeight=-1 defaultMinSize=200 token=WCT{android.window.IWindowContainerToken$Stub$Proxy@29a8330} topActivityType=1 pictureInPictureParams=null shouldDockBigOverlays=false launchIntoPipHostTaskId=-1 lastParentTaskIdBeforePip=-1 displayCutoutSafeInsets=Rect(0, 98 - 0, 0) topActivityInfo=ActivityInfo{6e2aba9 org.kivy.android.PythonActivity} launchCookies=[] positionInParent=Point(0, 0) parentTaskId=-1 isFocused=false isVisible=false isVisibleRequested=false isSleeping=false topActivityInSizeCompat=false topActivityInMiuiSizeCompat=false topActivityEligibleForLetterboxEducation= false topActivityLetterboxed= false isFromDoubleTap= false topActivityLetterboxVerticalPosition= -1 topActivityLetterboxHorizontalPosition= -1 topActivityLetterboxWidth=-1 topActivityLetterboxHeight=-1 locusId=null displayAreaFeatureId=1 cameraCompatControlState=hidden mIsCastMode=false mTopActivityMediaSize=null mTopActivityRecordName=ActivityRecord{a0163b1 u0 org.kffs.habilisdatalogger/org.kivy.android.PythonActivity t53601} mTopActivityOrientation=-2 mTopActivityWindowIsNowVisible=false isTranslucent=true isEmbedded=false shouldBeVisible=true mBehindAppLockPkg=null mOriginatingUid=0}
05-27 23:02:53.147  4050  4516 W RecentsModel: getTaskInfoIgnoreHomeAndFreeform   taskInfo=ComponentInfo{org.kffs.habilisdatalogger/org.kivy.android.PythonActivity}
05-27 23:02:53.160  2054  2385 I ActivityManager: Start proc 32205:org.kffs.habilisdatalogger/u0a278 for next-top-activity {org.kffs.habilisdatalogger/org.kivy.android.PythonActivity} caller=com.miui.global.packageinstaller
05-27 23:02:53.161  2054  4107 I ActivityTaskManager: resumeTopActivityInnerLocked topActivity:ActivityRecord{a0163b1 u0 org.kffs.habilisdatalogger/org.kivy.android.PythonActivity t53601} isFocusable:true this:Task{add9096 #53601 type=standard A=10278:org.kffs.habilisdatalogger}
05-27 23:02:53.165  2054  4107 D PerfStubImpl: perfAnimBoost: org.kffs.habilisdatalogger
05-27 23:02:53.167  2054  4107 D WindowManager: Collecting in transition 1771: ActivityRecord{a0163b1 u0 org.kffs.habilisdatalogger/org.kivy.android.PythonActivity t53601} init visibleRequested:false
05-27 23:02:53.168  4050  4516 E ActivityManagerWrapper: getRecentTasks: mainTaskId=53601   userId=0   windowMode=1   baseIntent=Intent { act=android.intent.action.MAIN flag=268435456 cmp=ComponentInfo{org.kffs.habilisdatalogger/org.kivy.android.PythonActivity} }
05-27 23:02:53.180  6703  7667 D AppStatChecker: first launch package: org.kffs.habilisdatalogger
05-27 23:02:53.188  6605 11737 W SQLiteLog: (28) double-quoted string literal: "org.kffs.habilisdatalogger"
05-27 23:02:53.188  2054  7685 D CoreBackPreview: Window{9161da0 u0 Splash Screen org.kffs.habilisdatalogger}: Setting back callback OnBackInvokedCallbackInfo{mCallback=android.window.IOnBackInvokedCallback$Stub$Proxy@a1111f6, mPriority=0, mIsAnimationCallback=false}
05-27 23:02:53.195 32205 32205 E Zygote  : process_name_ptr:32205 org.kffs.habilisdatalogger
05-27 23:02:53.211  2054  2363 I SmartPower: org.kffs.habilisdatalogger/10278(0): background->visible(68ms) R(become visible) adj=-10000.
05-27 23:02:53.212  2054  2363 I WindowManager: wms.showSurfaceRobustly mWin:Window{9161da0 u0 Splash Screen org.kffs.habilisdatalogger}
05-27 23:02:53.216  2054  2363 D WindowManager: Final targets: [Task{add9096 #53601 type=standard A=10278:org.kffs.habilisdatalogger}, Task{ea74c91 #53600 type=standard A=10119:com.miui.global.packageinstaller}]
05-27 23:02:53.260  2054  2363 D WindowManager: Calling onTransitionReady info={id=1771 t=OPEN f=0x0 trk=0 r=[0@Point(0, 0)] c=[{WCT{RemoteToken{97d67fc Task{add9096 #53601 type=standard A=10278:org.kffs.habilisdatalogger}}} m=OPEN f=NONE leash=Surface(name=Task=53601#29223)/@0x35469ce sb=Rect(0, 0 - 1080, 2400) eb=Rect(0, 0 - 1080, 2400) d=0},{WCT{RemoteToken{bb11742 Task{ea74c91 #53600 type=standard A=10119:com.miui.global.packageinstaller}}} m=CLOSE f=NONE leash=Surface(name=Task=53600#29205)/@0xfafba24 sb=Rect(0, 0 - 1080, 2400) eb=Rect(0, 0 - 1080, 2400) d=0}] noAni=[false]}, mToken=Token{8fc3e85 TransitionRecord{39a2588 id=1771 type=OPEN flags=0x0}}
05-27 23:02:53.272  4004  4239 D MiuiFullScreenTaskRepository: addOrUpdateFullScreenTaskInfo taskId=53601, topActivity=ComponentInfo{org.kffs.habilisdatalogger/org.kivy.android.PythonActivity}
05-27 23:02:53.283  4050  4516 W RecentsModel: getRunningTask   taskInfo=TaskInfo{userId=0 taskId=53601 displayId=0 isRunning=true baseIntent=Intent { act=android.intent.action.MAIN cat=[android.intent.category.LAUNCHER] flg=0x10000000 pkg=org.kffs.habilisdatalogger cmp=org.kffs.habilisdatalogger/org.kivy.android.PythonActivity } baseActivity=ComponentInfo{org.kffs.habilisdatalogger/org.kivy.android.PythonActivity} topActivity=ComponentInfo{org.kffs.habilisdatalogger/org.kivy.android.PythonActivity} origActivity=null realActivity=ComponentInfo{org.kffs.habilisdatalogger/org.kivy.android.PythonActivity} numActivities=1 lastActiveTime=268046843 supportsSplitScreenMultiWindow=true supportsMultiWindow=true resizeMode=1 isResizeable=true minWidth=-1 minHeight=-1 defaultMinSize=200 token=WCT{android.window.IWindowContainerToken$Stub$Proxy@bbf8848} topActivityType=1 pictureInPictureParams=null shouldDockBigOverlays=false launchIntoPipHostTaskId=-1 lastParentTaskIdBeforePip=-1 displayCutoutSafeInsets=Rect(0, 98 - 0, 0) topActivityInfo=ActivityInfo{bc326e1 org.kivy.android.PythonActivity} launchCookies=[] positionInParent=Point(0, 0) parentTaskId=-1 isFocused=false isVisible=true isVisibleRequested=true isSleeping=false topActivityInSizeCompat=false topActivityInMiuiSizeCompat=false topActivityEligibleForLetterboxEducation= false topActivityLetterboxed= false isFromDoubleTap= false topActivityLetterboxVerticalPosition= -1 topActivityLetterboxHorizontalPosition= -1 topActivityLetterboxWidth=-1 topActivityLetterboxHeight=-1 locusId=null displayAreaFeatureId=1 cameraCompatControlState=hidden mIsCastMode=false mTopActivityMediaSize=null mTopActivityRecordName=ActivityRecord{a0163b1 u0 org.kffs.habilisdatalogger/org.kivy.android.PythonActivity t53601} mTopActivityOrientation=1 mTopActivityWindowIsNowVisible=false isTranslucent=false isEmbedded=false shouldBeVisible=true mBehindAppLockPkg=null mOriginatingUid=0}
05-27 23:02:53.283  4050  4516 W RecentsModel: getTaskInfoIgnoreHomeAndFreeform   taskInfo=ComponentInfo{org.kffs.habilisdatalogger/org.kivy.android.PythonActivity}
05-27 23:02:53.293  4050  4516 E ActivityManagerWrapper: getRecentTasks: mainTaskId=53601   userId=0   windowMode=1   baseIntent=Intent { act=android.intent.action.MAIN flag=268435456 cmp=ComponentInfo{org.kffs.habilisdatalogger/org.kivy.android.PythonActivity} }
05-27 23:02:53.316  4050  4516 W RecentsModel: getRunningTask   taskInfo=TaskInfo{userId=0 taskId=53601 displayId=0 isRunning=true baseIntent=Intent { act=android.intent.action.MAIN cat=[android.intent.category.LAUNCHER] flg=0x10000000 pkg=org.kffs.habilisdatalogger cmp=org.kffs.habilisdatalogger/org.kivy.android.PythonActivity } baseActivity=ComponentInfo{org.kffs.habilisdatalogger/org.kivy.android.PythonActivity} topActivity=ComponentInfo{org.kffs.habilisdatalogger/org.kivy.android.PythonActivity} origActivity=null realActivity=ComponentInfo{org.kffs.habilisdatalogger/org.kivy.android.PythonActivity} numActivities=1 lastActiveTime=268046872 supportsSplitScreenMultiWindow=true supportsMultiWindow=true resizeMode=1 isResizeable=true minWidth=-1 minHeight=-1 defaultMinSize=200 token=WCT{android.window.IWindowContainerToken$Stub$Proxy@c9b2292} topActivityType=1 pictureInPictureParams=null shouldDockBigOverlays=false launchIntoPipHostTaskId=-1 lastParentTaskIdBeforePip=-1 displayCutoutSafeInsets=Rect(0, 98 - 0, 0) topActivityInfo=ActivityInfo{1826463 org.kivy.android.PythonActivity} launchCookies=[] positionInParent=Point(0, 0) parentTaskId=-1 isFocused=false isVisible=true isVisibleRequested=true isSleeping=false topActivityInSizeCompat=false topActivityInMiuiSizeCompat=false topActivityEligibleForLetterboxEducation= false topActivityLetterboxed= false isFromDoubleTap= false topActivityLetterboxVerticalPosition= -1 topActivityLetterboxHorizontalPosition= -1 topActivityLetterboxWidth=-1 topActivityLetterboxHeight=-1 locusId=null displayAreaFeatureId=1 cameraCompatControlState=hidden mIsCastMode=false mTopActivityMediaSize=null mTopActivityRecordName=ActivityRecord{a0163b1 u0 org.kffs.habilisdatalogger/org.kivy.android.PythonActivity t53601} mTopActivityOrientation=1 mTopActivityWindowIsNowVisible=false isTranslucent=false isEmbedded=false shouldBeVisible=true mBehindAppLockPkg=null mOriginatingUid=0}
05-27 23:02:53.316  4050  4516 W RecentsModel: getTaskInfoIgnoreHomeAndFreeform   taskInfo=ComponentInfo{org.kffs.habilisdatalogger/org.kivy.android.PythonActivity}
05-27 23:02:53.326  4050  4516 E ActivityManagerWrapper: getRecentTasks: mainTaskId=53601   userId=0   windowMode=1   baseIntent=Intent { act=android.intent.action.MAIN flag=268435456 cmp=ComponentInfo{org.kffs.habilisdatalogger/org.kivy.android.PythonActivity} }
05-27 23:02:53.346  4004  4239 D MiuiFullScreenTaskRepository: addOrUpdateFullScreenTaskInfo taskId=53601, topActivity=ComponentInfo{org.kffs.habilisdatalogger/org.kivy.android.PythonActivity}
05-27 23:02:53.350  4050  4080 D AppObserver: ForegroundInfo{mForegroundPackageName='org.kffs.habilisdatalogger', mForegroundUid=10278, mForegroundPid=32205, mLastForegroundPackageName='com.miui.global.packageinstaller', mLastForegroundUid=10119, mLastForegroundPid=31704, mMultiWindowForegroundPackageName='org.kffs.habilisdatalogger', mMultiWindowForegroundUid=10278, mFlags=1}
05-27 23:02:53.350  9307 10760 D PerfEngineController: ForegroundInfo{mForegroundPackageName='org.kffs.habilisdatalogger', mForegroundUid=10278, mForegroundPid=32205, mLastForegroundPackageName='com.miui.global.packageinstaller', mLastForegroundUid=10119, mLastForegroundPid=31704, mMultiWindowForegroundPackageName='org.kffs.habilisdatalogger', mMultiWindowForegroundUid=10278, mFlags=1}
05-27 23:02:53.350  8252 27383 I ProcessMonitor: onForegroundInfoChanged: ForegroundInfo{mForegroundPackageName='org.kffs.habilisdatalogger', mForegroundUid=10278, mForegroundPid=32205, mLastForegroundPackageName='com.miui.global.packageinstaller', mLastForegroundUid=10119, mLastForegroundPid=31704, mMultiWindowForegroundPackageName='org.kffs.habilisdatalogger', mMultiWindowForegroundUid=10278, mFlags=1}
05-27 23:02:53.350  3876  3884 D BluetoothLatencyMode: ForegroundInfo{mForegroundPackageName='org.kffs.habilisdatalogger', mForegroundUid=10278, mForegroundPid=32205, mLastForegroundPackageName='com.miui.global.packageinstaller', mLastForegroundUid=10119, mLastForegroundPid=31704, mMultiWindowForegroundPackageName='org.kffs.habilisdatalogger', mMultiWindowForegroundUid=10278, mFlags=1}
05-27 23:02:53.350 10068 20610 I GST     : forePkg: org.kffs.habilisdatalogger, preForePkg: com.miui.global.packageinstaller
05-27 23:02:53.351  8252 27383 I GameBoosterService: onForegroundInfoChanged: Cur=org.kffs.habilisdatalogger	 last=com.miui.global.packageinstaller
05-27 23:02:53.352  8252 27383 D GameBoosterService: onGameStatusChange foreground:ForegroundInfo{mForegroundPackageName='org.kffs.habilisdatalogger', mForegroundUid=10278, mForegroundPid=32205, mLastForegroundPackageName='com.miui.global.packageinstaller', mLastForegroundUid=10119, mLastForegroundPid=31704, mMultiWindowForegroundPackageName='org.kffs.habilisdatalogger', mMultiWindowForegroundUid=10278, mFlags=1}
05-27 23:02:53.367  8252 27383 I BeautyService: onForegroundInfoChanged: Cur=org.kffs.habilisdatalogger	 last=com.miui.global.packageinstaller
05-27 23:02:53.451 32205 32205 D nativeloader: Configuring clns-4 for other apk /data/app/~~uKPRSAtEtvZLqxQNRIn9Bg==/org.kffs.habilisdatalogger-izWw4Xw99yyY9ok1MJL5WA==/base.apk. target_sdk_version=33, uses_libraries=, library_path=/data/app/~~uKPRSAtEtvZLqxQNRIn9Bg==/org.kffs.habilisdatalogger-izWw4Xw99yyY9ok1MJL5WA==/lib/arm64:/data/app/~~uKPRSAtEtvZLqxQNRIn9Bg==/org.kffs.habilisdatalogger-izWw4Xw99yyY9ok1MJL5WA==/base.apk!/lib/arm64-v8a, permitted_path=/data:/mnt/expand:/data/user/0/org.kffs.habilisdatalogger
05-27 23:02:53.483 32205 32205 V GraphicsEnvironment: ANGLE GameManagerService for org.kffs.habilisdatalogger: false
05-27 23:02:53.483 32205 32205 V GraphicsEnvironment: org.kffs.habilisdatalogger is not listed in per-application setting
05-27 23:02:53.494  2054  7685 I UiModeManager: systemserver package:org.kffs.habilisdatalogger null
05-27 23:02:53.495 32205 32205 I ForceDarkHelperStubImpl: initialize for org.kffs.habilisdatalogger , ForceDarkAppConfig: null
05-27 23:02:53.539  2054  7685 I ClipboardServiceI: checkProviderWakePathForClipboard: org.kffs.habilisdataloggeris not a activePermissionOwner
05-27 23:02:53.553 32205 32205 V SDL     : Device: taoyao
05-27 23:02:53.553 32205 32205 V SDL     : Model: 2203129G
05-27 23:02:53.553 32205 32205 V SDL     : onCreate()
05-27 23:02:53.556 32205 32205 W bilisdatalogger: type=1400 audit(0.0:120174): avc:  denied  { read } for  name="u:object_r:vendor_displayfeature_prop:s0" dev="tmpfs" ino=12214 scontext=u:r:untrusted_app_32:s0:c22,c257,c512,c768 tcontext=u:object_r:vendor_displayfeature_prop:s0 tclass=file permissive=0 app=org.kffs.habilisdatalogger
05-27 23:02:53.559 32205 32205 V SDL     : getting identifier
05-27 23:02:53.559 32205 32205 V SDL     : kind is layout and name lottie
05-27 23:02:53.559 32205 32205 V SDL     : result is 0
05-27 23:02:53.560 32205 32205 V SDL     : couldn't find lottie layout or animation, trying static splash
05-27 23:02:53.560 32205 32205 V SDL     : getting identifier
05-27 23:02:53.560 32205 32205 V SDL     : kind is drawable and name presplash
05-27 23:02:53.560 32205 32205 V SDL     : result is 2130968589
05-27 23:02:53.568 32205 32205 V SDL     : asked to get string presplash_color
05-27 23:02:53.568 32205 32205 V SDL     : getting identifier
05-27 23:02:53.568 32205 32205 V SDL     : kind is string and name presplash_color
05-27 23:02:53.568 32205 32205 V SDL     : result is 2131296257
05-27 23:02:53.577 32209 32209 D AppActiveReceiver: receive app active broadcast for: org.kffs.habilisdatalogger, install from: com.google.android.packageinstaller
05-27 23:02:53.590 32205 32205 V SDL     : onStart()
05-27 23:02:53.593 32205 32253 V pythonutil: Unpacking private app
05-27 23:02:53.593 32205 32253 V pythonutil: Data version is 15de382e774b797d27081827f9b1ea149dd4db31
05-27 23:02:53.596 32205 32253 V pythonutil: Extracting private assets.
05-27 23:02:53.597 32205 32205 V SDL     : onResume()
05-27 23:02:53.606 32205 32253 V python  : extracting WHOKNOWS
05-27 23:02:53.607 32205 32253 V python  : extracting admin.pyc
05-27 23:02:53.613 32205 32253 V python  : extracting collect_screen.pyc
05-27 23:02:53.628 32205 32253 V python  : extracting field_data/
05-27 23:02:53.629 32205 32253 V python  : extracting field_data/admins.json
05-27 23:02:53.630 32205 32253 V python  : extracting login_screen.pyc
05-27 23:02:53.631 32205 32253 V python  : extracting main.pyc
05-27 23:02:53.632 32205 32253 V python  : extracting sitecustomize.pyc
05-27 23:02:53.633 32205 32253 V python  : extracting sync_screen.pyc
05-27 23:02:53.633 32205 32253 V python  : extracting unusedkv/
05-27 23:02:53.634 32205 32253 V python  : extracting unusedkv/collect.kv
05-27 23:02:53.634 32205 32253 V python  : extracting unusedkv/login.kv
05-27 23:02:53.635 32205 32253 V python  : extracting unusedkv/sync.kv
05-27 23:02:53.635 32205 32253 V python  : extracting p4a_env_vars.txt
05-27 23:02:53.636 32205 32253 V pythonutil: Unpacking /data/app/~~uKPRSAtEtvZLqxQNRIn9Bg==/org.kffs.habilisdatalogger-izWw4Xw99yyY9ok1MJL5WA==/lib/arm64/libpybundle app
05-27 23:02:53.636 32205 32253 V pythonutil: Data version is 15de382e774b797d27081827f9b1ea149dd4db31
05-27 23:02:53.637 32205 32253 V pythonutil: Extracting /data/app/~~uKPRSAtEtvZLqxQNRIn9Bg==/org.kffs.habilisdatalogger-izWw4Xw99yyY9ok1MJL5WA==/lib/arm64/libpybundle assets.
05-27 23:02:53.647 32205 32253 V python  : extracting _python_bundle/
05-27 23:02:53.647 32205 32205 I ForceDarkHelperStubImpl: setViewRootImplForceDark: false for org.kivy.android.PythonActivity@db1bb00, reason: AppDarkModeEnable
05-27 23:02:53.654 32205 32253 V python  : extracting _python_bundle/modules/
05-27 23:02:53.654 32205 32253 V python  : extracting _python_bundle/modules/_asyncio.cpython-310.so
05-27 23:02:53.663  4004  4239 D MiuiFullScreenTaskRepository: setFocusedTask taskId=53601, displayId=0, topActivity=ComponentInfo{org.kffs.habilisdatalogger/org.kivy.android.PythonActivity}
05-27 23:02:53.663  4004  4239 D MiuiFullScreenTaskRepository: addOrUpdateFullScreenTaskInfo taskId=53601, topActivity=ComponentInfo{org.kffs.habilisdatalogger/org.kivy.android.PythonActivity}
05-27 23:02:53.663  4004  4239 D MiuiFreeformModeController: onFocusTaskChanged taskInfo: TaskInfo{userId=0 taskId=53601 displayId=0 isRunning=true baseIntent=Intent { act=android.intent.action.MAIN cat=[android.intent.category.LAUNCHER] flg=0x10000000 pkg=org.kffs.habilisdatalogger cmp=org.kffs.habilisdatalogger/org.kivy.android.PythonActivity } baseActivity=ComponentInfo{org.kffs.habilisdatalogger/org.kivy.android.PythonActivity} topActivity=ComponentInfo{org.kffs.habilisdatalogger/org.kivy.android.PythonActivity} origActivity=null realActivity=ComponentInfo{org.kffs.habilisdatalogger/org.kivy.android.PythonActivity} numActivities=1 lastActiveTime=268046903 supportsSplitScreenMultiWindow=true supportsMultiWindow=true resizeMode=1 isResizeable=true minWidth=-1 minHeight=-1 defaultMinSize=200 token=WCT{android.window.IWindowContainerToken$Stub$Proxy@c1e36e3} topActivityType=1 pictureInPictureParams=null shouldDockBigOverlays=false launchIntoPipHostTaskId=-1 lastParentTaskIdBeforePip=-1 displayCutoutSafeInsets=Rect(0, 98 - 0, 0) topActivityInfo=ActivityInfo{428b8e0 org.kivy.android.PythonActivity} launchCookies=[] positionInParent=Point(0, 0) parentTaskId=-1 isFocused=true isVisible=true isVisibleRequested=true isSleeping=false topActivityInSizeCompat=false topActivityInMiuiSizeCompat=false topActivityEligibleForLetterboxEducation= false topActivityLetterboxed= false isFromDoubleTap= false topActivityLetterboxVerticalPosition= -1 topActivityLetterboxHorizontalPosition= -1 topActivityLetterboxWidth=-1 topActivityLetterboxHeight=-1 locusId=null displayAreaFeatureId=1 cameraCompatControlState=hidden mIsCastMode=false mTopActivityMediaSize=null mTopActivityRecordName=ActivityRecord{a0163b1 u0 org.kffs.habilisdatalogger/org.kivy.android.PythonActivity t53601} mTopActivityOrientation=1 mTopActivityWindowIsNowVisible=false isTranslucent=false isEmbedded=false shouldBeVisible=true mBehindAppLockPkg=null mOriginatingUid=0}
05-27 23:02:53.665  4050  4050 D RecentsImpl: mActivityStateObserver org.kivy.android.PythonActivity
05-27 23:02:53.665  4050  4050 W RecentsImpl: onResumed className=org.kivy.android.PythonActivity   mIsInAnotherPro=false   isKeyguardLocked=false   mSecuritySpaceGuideShown=false
05-27 23:02:53.666  4004  4031 D MiuiFreeformModeObserver: activityResumed() intent： Intent { cmp=org.kffs.habilisdatalogger/org.kivy.android.PythonActivity (has extras) }
05-27 23:02:53.676  2054  4294 D CoreBackPreview: Window{9114b25 u0 org.kffs.habilisdatalogger/org.kivy.android.PythonActivity}: Setting back callback OnBackInvokedCallbackInfo{mCallback=android.window.IOnBackInvokedCallback$Stub$Proxy@db074a1, mPriority=0, mIsAnimationCallback=false}
05-27 23:02:53.681 32205 32253 V python  : extracting _python_bundle/modules/_bisect.cpython-310.so
05-27 23:02:53.682 32205 32253 V python  : extracting _python_bundle/modules/_blake2.cpython-310.so
05-27 23:02:53.684 32205 32253 V python  : extracting _python_bundle/modules/_codecs_cn.cpython-310.so
05-27 23:02:53.691 32205 32253 V python  : extracting _python_bundle/modules/_codecs_hk.cpython-310.so
05-27 23:02:53.695 32205 32253 V python  : extracting _python_bundle/modules/_codecs_iso2022.cpython-310.so
05-27 23:02:53.696 32205 32253 V python  : extracting _python_bundle/modules/_codecs_jp.cpython-310.so
05-27 23:02:53.702 32205 32253 V python  : extracting _python_bundle/modules/_codecs_kr.cpython-310.so
05-27 23:02:53.706 32205 32253 V python  : extracting _python_bundle/modules/_codecs_tw.cpython-310.so
05-27 23:02:53.706  2054  7685 D WindowManager: wms.Input focus has changed to Window{9114b25 u0 org.kffs.habilisdatalogger/org.kivy.android.PythonActivity} display=0 updateInputWindows = true
05-27 23:02:53.719 32205 32253 V python  : extracting _python_bundle/modules/_contextvars.cpython-310.so
05-27 23:02:53.719 32205 32253 V python  : extracting _python_bundle/modules/_csv.cpython-310.so
05-27 23:02:53.721 32205 32253 V python  : extracting _python_bundle/modules/_ctypes.cpython-310.so
05-27 23:02:53.724 32205 32253 V python  : extracting _python_bundle/modules/_ctypes_test.cpython-310.so
05-27 23:02:53.726 32205 32253 V python  : extracting _python_bundle/modules/_datetime.cpython-310.so
05-27 23:02:53.729 32205 32253 V python  : extracting _python_bundle/modules/_decimal.cpython-310.so
05-27 23:02:53.729  1417  2774 I SurfaceFlinger: sf.setTransactionState focusRequest transactionId:8821863122698 frontWin:9114b25 org.kffs.habilisdatalogger/org.kivy.android.PythonActivity
05-27 23:02:53.736 32205 32253 V python  : extracting _python_bundle/modules/_elementtree.cpython-310.so
05-27 23:02:53.738 32205 32253 V python  : extracting _python_bundle/modules/_hashlib.cpython-310.so
05-27 23:02:53.739 32205 32253 V python  : extracting _python_bundle/modules/_heapq.cpython-310.so
05-27 23:02:53.741 32205 32253 V python  : extracting _python_bundle/modules/_json.cpython-310.so
05-27 23:02:53.742 32205 32253 V python  : extracting _python_bundle/modules/_lsprof.cpython-310.so
05-27 23:02:53.743 32205 32253 V python  : extracting _python_bundle/modules/_md5.cpython-310.so
05-27 23:02:53.744 32205 32253 V python  : extracting _python_bundle/modules/_multibytecodec.cpython-310.so
05-27 23:02:53.745 32205 32253 V python  : extracting _python_bundle/modules/_multiprocessing.cpython-310.so
05-27 23:02:53.746 32205 32253 V python  : extracting _python_bundle/modules/_opcode.cpython-310.so
05-27 23:02:53.746 32205 32253 V python  : extracting _python_bundle/modules/_pickle.cpython-310.so
05-27 23:02:53.749 32205 32253 V python  : extracting _python_bundle/modules/_posixsubprocess.cpython-310.so
05-27 23:02:53.750 32205 32253 V python  : extracting _python_bundle/modules/_queue.cpython-310.so
05-27 23:02:53.751 32205 32253 V python  : extracting _python_bundle/modules/_random.cpython-310.so
05-27 23:02:53.752 32205 32253 V python  : extracting _python_bundle/modules/_sha1.cpython-310.so
05-27 23:02:53.753 32205 32253 V python  : extracting _python_bundle/modules/_sha256.cpython-310.so
05-27 23:02:53.753 32205 32253 V python  : extracting _python_bundle/modules/_sha3.cpython-310.so
05-27 23:02:53.756 32205 32253 V python  : extracting _python_bundle/modules/_sha512.cpython-310.so
05-27 23:02:53.757 32205 32253 V python  : extracting _python_bundle/modules/_socket.cpython-310.so
05-27 23:02:53.759 32205 32253 V python  : extracting _python_bundle/modules/_sqlite3.cpython-310.so
05-27 23:02:53.761 32205 32253 V python  : extracting _python_bundle/modules/_ssl.cpython-310.so
05-27 23:02:53.766 32205 32253 V python  : extracting _python_bundle/modules/_statistics.cpython-310.so
05-27 23:02:53.766 32205 32253 V python  : extracting _python_bundle/modules/_struct.cpython-310.so
05-27 23:02:53.768 32205 32253 V python  : extracting _python_bundle/modules/_sysconfigdata__linux_aarch64-linux-android.pyc
05-27 23:02:53.769 32205 32253 V python  : extracting _python_bundle/modules/_testbuffer.cpython-310.so
05-27 23:02:53.771 32205 32253 V python  : extracting _python_bundle/modules/_testcapi.cpython-310.so
05-27 23:02:53.774 32205 32253 V python  : extracting _python_bundle/modules/_testclinic.cpython-310.so
05-27 23:02:53.776 32205 32253 V python  : extracting _python_bundle/modules/_testimportmultiple.cpython-310.so
05-27 23:02:53.776 32205 32253 V python  : extracting _python_bundle/modules/_testinternalcapi.cpython-310.so
05-27 23:02:53.777 32205 32253 V python  : extracting _python_bundle/modules/_testmultiphase.cpython-310.so
05-27 23:02:53.778 32205 32253 V python  : extracting _python_bundle/modules/_xxsubinterpreters.cpython-310.so
05-27 23:02:53.779 32205 32253 V python  : extracting _python_bundle/modules/_xxtestfuzz.cpython-310.so
05-27 23:02:53.780 32205 32253 V python  : extracting _python_bundle/modules/_zoneinfo.cpython-310.so
05-27 23:02:53.781 32205 32253 V python  : extracting _python_bundle/modules/array.cpython-310.so
05-27 23:02:53.783 32205 32253 V python  : extracting _python_bundle/modules/audioop.cpython-310.so
05-27 23:02:53.785 32205 32253 V python  : extracting _python_bundle/modules/binascii.cpython-310.so
05-27 23:02:53.786 32205 32253 V python  : extracting _python_bundle/modules/cmath.cpython-310.so
05-27 23:02:53.788 32205 32253 V python  : extracting _python_bundle/modules/fcntl.cpython-310.so
05-27 23:02:53.789 32205 32253 V python  : extracting _python_bundle/modules/math.cpython-310.so
05-27 23:02:53.790 32205 32253 V python  : extracting _python_bundle/modules/mmap.cpython-310.so
05-27 23:02:53.791 32205 32253 V python  : extracting _python_bundle/modules/ossaudiodev.cpython-310.so
05-27 23:02:53.793 32205 32253 V python  : extracting _python_bundle/modules/pyexpat.cpython-310.so
05-27 23:02:53.797 32205 32253 V python  : extracting _python_bundle/modules/resource.cpython-310.so
05-27 23:02:53.798 32205 32253 V python  : extracting _python_bundle/modules/select.cpython-310.so
05-27 23:02:53.799 32205 32253 V python  : extracting _python_bundle/modules/syslog.cpython-310.so
05-27 23:02:53.800 32205 32253 V python  : extracting _python_bundle/modules/termios.cpython-310.so
05-27 23:02:53.801 32205 32253 V python  : extracting _python_bundle/modules/unicodedata.cpython-310.so
05-27 23:02:53.824 32205 32253 V python  : extracting _python_bundle/modules/xxlimited.cpython-310.so
05-27 23:02:53.825 32205 32253 V python  : extracting _python_bundle/modules/xxlimited_35.cpython-310.so
05-27 23:02:53.825 32205 32253 V python  : extracting _python_bundle/modules/zlib.cpython-310.so
05-27 23:02:53.827 32205 32253 V python  : extracting _python_bundle/site-packages/
05-27 23:02:53.827 32205 32253 V python  : extracting _python_bundle/site-packages/4ef79d6367bb14396397__mypyc.so
05-27 23:02:53.840 32205 32253 V python  : extracting _python_bundle/site-packages/PIL/
05-27 23:02:53.841 32205 32253 V python  : extracting _python_bundle/site-packages/PIL/AvifImagePlugin.pyc
05-27 23:02:53.842 32205 32253 V python  : extracting _python_bundle/site-packages/PIL/BdfFontFile.pyc
05-27 23:02:53.842 32205 32253 V python  : extracting _python_bundle/site-packages/PIL/BlpImagePlugin.pyc
05-27 23:02:53.843 32205 32253 V python  : extracting _python_bundle/site-packages/PIL/BmpImagePlugin.pyc
05-27 23:02:53.844 32205 32253 V python  : extracting _python_bundle/site-packages/PIL/BufrStubImagePlugin.pyc
05-27 23:02:53.844 32205 32253 V python  : extracting _python_bundle/site-packages/PIL/ContainerIO.pyc
05-27 23:02:53.845 32205 32253 V python  : extracting _python_bundle/site-packages/PIL/CurImagePlugin.pyc
05-27 23:02:53.846 32205 32253 V python  : extracting _python_bundle/site-packages/PIL/DcxImagePlugin.pyc
05-27 23:02:53.846 32205 32253 V python  : extracting _python_bundle/site-packages/PIL/DdsImagePlugin.pyc
05-27 23:02:53.847 32205 32253 V python  : extracting _python_bundle/site-packages/PIL/EpsImagePlugin.pyc
05-27 23:02:53.848 32205 32253 V python  : extracting _python_bundle/site-packages/PIL/ExifTags.pyc
05-27 23:02:53.849 32205 32253 V python  : extracting _python_bundle/site-packages/PIL/FitsImagePlugin.pyc
05-27 23:02:53.849 32205 32253 V python  : extracting _python_bundle/site-packages/PIL/FliImagePlugin.pyc
05-27 23:02:53.850 32205 32253 V python  : extracting _python_bundle/site-packages/PIL/FontFile.pyc
05-27 23:02:53.851 32205 32253 V python  : extracting _python_bundle/site-packages/PIL/FpxImagePlugin.pyc
05-27 23:02:53.851 32205 32253 V python  : extracting _python_bundle/site-packages/PIL/FtexImagePlugin.pyc
05-27 23:02:53.852 32205 32253 V python  : extracting _python_bundle/site-packages/PIL/GbrImagePlugin.pyc
05-27 23:02:53.852 32205 32253 V python  : extracting _python_bundle/site-packages/PIL/GdImageFile.pyc
05-27 23:02:53.853 32205 32253 V python  : extracting _python_bundle/site-packages/PIL/GifImagePlugin.pyc
05-27 23:02:53.854 32205 32253 V python  : extracting _python_bundle/site-packages/PIL/GimpGradientFile.pyc
05-27 23:02:53.855 32205 32253 V python  : extracting _python_bundle/site-packages/PIL/GimpPaletteFile.pyc
05-27 23:02:53.855 32205 32253 V python  : extracting _python_bundle/site-packages/PIL/GribStubImagePlugin.pyc
05-27 23:02:53.856 32205 32253 V python  : extracting _python_bundle/site-packages/PIL/Hdf5StubImagePlugin.pyc
05-27 23:02:53.857 32205 32253 V python  : extracting _python_bundle/site-packages/PIL/IcnsImagePlugin.pyc
05-27 23:02:53.858 32205 32253 V python  : extracting _python_bundle/site-packages/PIL/IcoImagePlugin.pyc
05-27 23:02:53.859 32205 32253 V python  : extracting _python_bundle/site-packages/PIL/ImImagePlugin.pyc
05-27 23:02:53.860 32205 32253 V python  : extracting _python_bundle/site-packages/PIL/Image.pyc
05-27 23:02:53.862 32205 32253 V python  : extracting _python_bundle/site-packages/PIL/ImageChops.pyc
05-27 23:02:53.863 32205 32253 V python  : extracting _python_bundle/site-packages/PIL/ImageCms.pyc
05-27 23:02:53.864 32205 32253 V python  : extracting _python_bundle/site-packages/PIL/ImageColor.pyc
05-27 23:02:53.864 32205 32253 V python  : extracting _python_bundle/site-packages/PIL/ImageDraw.pyc
05-27 23:02:53.865 32205 32253 V python  : extracting _python_bundle/site-packages/PIL/ImageDraw2.pyc
05-27 23:02:53.866 32205 32253 V python  : extracting _python_bundle/site-packages/PIL/ImageEnhance.pyc
05-27 23:02:53.866 32205 32253 V python  : extracting _python_bundle/site-packages/PIL/ImageFile.pyc
05-27 23:02:53.867 32205 32253 V python  : extracting _python_bundle/site-packages/PIL/ImageFilter.pyc
05-27 23:02:53.869 32205 32253 V python  : extracting _python_bundle/site-packages/PIL/ImageFont.pyc
05-27 23:02:53.870 32205 32253 V python  : extracting _python_bundle/site-packages/PIL/ImageGrab.pyc
05-27 23:02:53.871 32205 32253 V python  : extracting _python_bundle/site-packages/PIL/ImageMath.pyc
05-27 23:02:53.872 32205 32253 V python  : extracting _python_bundle/site-packages/PIL/ImageMode.pyc
05-27 23:02:53.873 32205 32253 V python  : extracting _python_bundle/site-packages/PIL/ImageMorph.pyc
05-27 23:02:53.874 32205 32253 V python  : extracting _python_bundle/site-packages/PIL/ImageOps.pyc
05-27 23:02:53.875 32205 32253 V python  : extracting _python_bundle/site-packages/PIL/ImagePalette.pyc
05-27 23:02:53.876 32205 32253 V python  : extracting _python_bundle/site-packages/PIL/ImagePath.pyc
05-27 23:02:53.877 32205 32253 V python  : extracting _python_bundle/site-packages/PIL/ImageQt.pyc
05-27 23:02:53.877 32205 32253 V python  : extracting _python_bundle/site-packages/PIL/ImageSequence.pyc
05-27 23:02:53.878 32205 32253 V python  : extracting _python_bundle/site-packages/PIL/ImageShow.pyc
05-27 23:02:53.879 32205 32253 V python  : extracting _python_bundle/site-packages/PIL/ImageStat.pyc
05-27 23:02:53.879 32205 32253 V python  : extracting _python_bundle/site-packages/PIL/ImageTk.pyc
05-27 23:02:53.880 32205 32253 V python  : extracting _python_bundle/site-packages/PIL/ImageTransform.pyc
05-27 23:02:53.880 32205 32253 V python  : extracting _python_bundle/site-packages/PIL/ImageWin.pyc
05-27 23:02:53.881 32205 32253 V python  : extracting _python_bundle/site-packages/PIL/ImtImagePlugin.pyc
05-27 23:02:53.881 32205 32253 V python  : extracting _python_bundle/site-packages/PIL/IptcImagePlugin.pyc
05-27 23:02:53.882 32205 32253 V python  : extracting _python_bundle/site-packages/PIL/Jpeg2KImagePlugin.pyc
05-27 23:02:53.883 32205 32253 V python  : extracting _python_bundle/site-packages/PIL/JpegImagePlugin.pyc
05-27 23:02:53.884 32205 32253 V python  : extracting _python_bundle/site-packages/PIL/JpegPresets.pyc
05-27 23:02:53.884 32205 32253 V python  : extracting _python_bundle/site-packages/PIL/McIdasImagePlugin.pyc
05-27 23:02:53.885 32205 32253 V python  : extracting _python_bundle/site-packages/PIL/MicImagePlugin.pyc
05-27 23:02:53.885 32205 32253 V python  : extracting _python_bundle/site-packages/PIL/MpegImagePlugin.pyc
05-27 23:02:53.885 32205 32253 V python  : extracting _python_bundle/site-packages/PIL/MpoImagePlugin.pyc
05-27 23:02:53.886 32205 32253 V python  : extracting _python_bundle/site-packages/PIL/MspImagePlugin.pyc
05-27 23:02:53.887 32205 32253 V python  : extracting _python_bundle/site-packages/PIL/PSDraw.pyc
05-27 23:02:53.887 32205 32253 V python  : extracting _python_bundle/site-packages/PIL/PaletteFile.pyc
05-27 23:02:53.888 32205 32253 V python  : extracting _python_bundle/site-packages/PIL/PalmImagePlugin.pyc
05-27 23:02:53.888 32205 32253 V python  : extracting _python_bundle/site-packages/PIL/PcdImagePlugin.pyc
05-27 23:02:53.889 32205 32253 V python  : extracting _python_bundle/site-packages/PIL/PcfFontFile.pyc
05-27 23:02:53.890 32205 32253 V python  : extracting _python_bundle/site-packages/PIL/PcxImagePlugin.pyc
05-27 23:02:53.891 32205 32253 V python  : extracting _python_bundle/site-packages/PIL/PdfImagePlugin.pyc
05-27 23:02:53.891 32205 32253 V python  : extracting _python_bundle/site-packages/PIL/PdfParser.pyc
05-27 23:02:53.893 32205 32253 V python  : extracting _python_bundle/site-packages/PIL/PixarImagePlugin.pyc
05-27 23:02:53.893 32205 32253 V python  : extracting _python_bundle/site-packages/PIL/PngImagePlugin.pyc
05-27 23:02:53.894 32205 32253 V python  : extracting _python_bundle/site-packages/PIL/PpmImagePlugin.pyc
05-27 23:02:53.895 32205 32253 V python  : extracting _python_bundle/site-packages/PIL/PsdImagePlugin.pyc
05-27 23:02:53.896 32205 32253 V python  : extracting _python_bundle/site-packages/PIL/QoiImagePlugin.pyc
05-27 23:02:53.896 32205 32253 V python  : extracting _python_bundle/site-packages/PIL/SgiImagePlugin.pyc
05-27 23:02:53.897 32205 32253 V python  : extracting _python_bundle/site-packages/PIL/SpiderImagePlugin.pyc
05-27 23:02:53.897 32205 32253 V python  : extracting _python_bundle/site-packages/PIL/SunImagePlugin.pyc
05-27 23:02:53.898 32205 32253 V python  : extracting _python_bundle/site-packages/PIL/TarIO.pyc
05-27 23:02:53.898 32205 32253 V python  : extracting _python_bundle/site-packages/PIL/TgaImagePlugin.pyc
05-27 23:02:53.899 32205 32253 V python  : extracting _python_bundle/site-packages/PIL/TiffImagePlugin.pyc
05-27 23:02:53.900 32205 32253 V python  : extracting _python_bundle/site-packages/PIL/TiffTags.pyc
05-27 23:02:53.901 32205 32253 V python  : extracting _python_bundle/site-packages/PIL/WalImageFile.pyc
05-27 23:02:53.902 32205 32253 V python  : extracting _python_bundle/site-packages/PIL/WebPImagePlugin.pyc
05-27 23:02:53.902 32205 32253 V python  : extracting _python_bundle/site-packages/PIL/WmfImagePlugin.pyc
05-27 23:02:53.903 32205 32253 V python  : extracting _python_bundle/site-packages/PIL/XVThumbImagePlugin.pyc
05-27 23:02:53.903 32205 32253 V python  : extracting _python_bundle/site-packages/PIL/XbmImagePlugin.pyc
05-27 23:02:53.904 32205 32253 V python  : extracting _python_bundle/site-packages/PIL/XpmImagePlugin.pyc
05-27 23:02:53.905 32205 32253 V python  : extracting _python_bundle/site-packages/PIL/__init__.pyc
05-27 23:02:53.905 32205 32253 V python  : extracting _python_bundle/site-packages/PIL/__main__.pyc
05-27 23:02:53.906 32205 32253 V python  : extracting _python_bundle/site-packages/PIL/_avif.pyi
05-27 23:02:53.906 32205 32253 V python  : extracting _python_bundle/site-packages/PIL/_binary.pyc
05-27 23:02:53.907 32205 32253 V python  : extracting _python_bundle/site-packages/PIL/_deprecate.pyc
05-27 23:02:53.907 32205 32253 V python  : extracting _python_bundle/site-packages/PIL/_imaging.pyi
05-27 23:02:53.908 32205 32253 V python  : extracting _python_bundle/site-packages/PIL/_imaging.so
05-27 23:02:53.912  2054  4294 D WindowManager: wms.finishDrawingLocked: mDrawState=COMMIT_DRAW_PENDING Window{9114b25 u0 org.kffs.habilisdatalogger/org.kivy.android.PythonActivity} in Surface(name=org.kffs.habilisdatalogger/org.kivy.android.PythonActivity#29233)/@0x56b4026
05-27 23:02:53.918  2054  2363 I WindowManager: wms.showSurfaceRobustly mWin:Window{9114b25 u0 org.kffs.habilisdatalogger/org.kivy.android.PythonActivity}
05-27 23:02:53.924 32205 32253 V python  : extracting _python_bundle/site-packages/PIL/_imagingcms.pyi
05-27 23:02:53.926 32205 32253 V python  : extracting _python_bundle/site-packages/PIL/_imagingft.pyi
05-27 23:02:53.926 32205 32253 V python  : extracting _python_bundle/site-packages/PIL/_imagingft.so
05-27 23:02:53.928 32205 32253 V python  : extracting _python_bundle/site-packages/PIL/_imagingmath.pyi
05-27 23:02:53.928  2054  2154 I ActivityTaskManager: Displayed org.kffs.habilisdatalogger/org.kivy.android.PythonActivity for user 0: +803ms
05-27 23:02:53.928 32205 32253 V python  : extracting _python_bundle/site-packages/PIL/_imagingmath.so
05-27 23:02:53.929 32205 32253 V python  : extracting _python_bundle/site-packages/PIL/_imagingmorph.pyi
05-27 23:02:53.930 32205 32253 V python  : extracting _python_bundle/site-packages/PIL/_imagingmorph.so
05-27 23:02:53.931 32205 32253 V python  : extracting _python_bundle/site-packages/PIL/_imagingtk.pyi
05-27 23:02:53.931 32205 32253 V python  : extracting _python_bundle/site-packages/PIL/_imagingtk.so
05-27 23:02:53.932 32205 32253 V python  : extracting _python_bundle/site-packages/PIL/_tkinter_finder.pyc
05-27 23:02:53.932 32205 32253 V python  : extracting _python_bundle/site-packages/PIL/_typing.pyc
05-27 23:02:53.933 32205 32253 V python  : extracting _python_bundle/site-packages/PIL/_util.pyc
05-27 23:02:53.933  2054  4294 D CoreBackPreview: Window{9161da0 u0 Splash Screen org.kffs.habilisdatalogger}: Setting back callback null
05-27 23:02:53.933 32205 32253 V python  : extracting _python_bundle/site-packages/PIL/_version.pyc
05-27 23:02:53.934 32205 32253 V python  : extracting _python_bundle/site-packages/PIL/_webp.pyi
05-27 23:02:53.934 32205 32253 V python  : extracting _python_bundle/site-packages/PIL/features.pyc
05-27 23:02:53.935 32205 32253 V python  : extracting _python_bundle/site-packages/PIL/py.typed
05-27 23:02:53.935 32205 32253 V python  : extracting _python_bundle/site-packages/PIL/report.pyc
05-27 23:02:53.936 32205 32253 V python  : extracting _python_bundle/site-packages/_distutils_hack/
05-27 23:02:53.936 32205 32253 V python  : extracting _python_bundle/site-packages/_distutils_hack/__init__.pyc
05-27 23:02:53.937 32205 32253 V python  : extracting _python_bundle/site-packages/_distutils_hack/override.pyc
05-27 23:02:53.937 32205 32253 V python  : extracting _python_bundle/site-packages/android-1.0.dist-info/
05-27 23:02:53.938 32205 32253 V python  : extracting _python_bundle/site-packages/android-1.0.dist-info/METADATA
05-27 23:02:53.938  2054  3094 D tsched_scene: handleWindowChanged: pkgName: org.kffs.habilisdatalogger, mForegroundAppName: com.miui.global.packageinstaller
05-27 23:02:53.938 32205 32253 V python  : extracting _python_bundle/site-packages/android-1.0.dist-info/RECORD
05-27 23:02:53.939 32205 32253 V python  : extracting _python_bundle/site-packages/android-1.0.dist-info/WHEEL
05-27 23:02:53.940 32205 32253 V python  : extracting _python_bundle/site-packages/android-1.0.dist-info/top_level.txt
05-27 23:02:53.940 32205 32253 V python  : extracting _python_bundle/site-packages/android/
05-27 23:02:53.941 32205 32253 V python  : extracting _python_bundle/site-packages/android/__init__.pyc
05-27 23:02:53.941 32205 32253 V python  : extracting _python_bundle/site-packages/android/_android.so
05-27 23:02:53.943  2054  8807 W InputManager-JNI: Input channel object '9161da0 Splash Screen org.kffs.habilisdatalogger (client)' was disposed without first being removed with the input manager!
05-27 23:02:53.946 32205 32253 V python  : extracting _python_bundle/site-packages/android/_android_billing.so
05-27 23:02:53.948 32205 32205 V SDL     : onWindowFocusChanged(): true
05-27 23:02:53.948 32205 32253 V python  : extracting _python_bundle/site-packages/android/_android_sound.so
05-27 23:02:53.951 32205 32253 V python  : extracting _python_bundle/site-packages/android/_ctypes_library_finder.pyc
05-27 23:02:53.951 32205 32253 V python  : extracting _python_bundle/site-packages/android/activity.pyc
05-27 23:02:53.952 32205 32253 V python  : extracting _python_bundle/site-packages/android/billing.pyc
05-27 23:02:53.953 32205 32253 V python  : extracting _python_bundle/site-packages/android/broadcast.pyc
05-27 23:02:53.953 32205 32253 V python  : extracting _python_bundle/site-packages/android/config.pyc
05-27 23:02:53.954 32205 32253 V python  : extracting _python_bundle/site-packages/android/display_cutout.pyc
05-27 23:02:53.954 32205 32253 V python  : extracting _python_bundle/site-packages/android/loadingscreen.pyc
05-27 23:02:53.955 32205 32253 V python  : extracting _python_bundle/site-packages/android/mixer.pyc
05-27 23:02:53.957 32205 32253 V python  : extracting _python_bundle/site-packages/android/permissions.pyc
05-27 23:02:53.959 32205 32253 V python  : extracting _python_bundle/site-packages/android/runnable.pyc
05-27 23:02:53.959 32205 32253 V python  : extracting _python_bundle/site-packages/android/storage.pyc
05-27 23:02:53.960 32205 32253 V python  : extracting _python_bundle/site-packages/android/touch.pyc
05-27 23:02:53.960 32205 32253 V python  : extracting _python_bundle/site-packages/bin/
05-27 23:02:53.961 32205 32253 V python  : extracting _python_bundle/site-packages/bin/chardetect
05-27 23:02:53.961 32205 32253 V python  : extracting _python_bundle/site-packages/bin/filetype
05-27 23:02:53.962 32205 32253 V python  : extracting _python_bundle/site-packages/bin/idna
05-27 23:02:53.962 32205 32253 V python  : extracting _python_bundle/site-packages/bin/kivymd.add_view
05-27 23:02:53.962 32205 32253 V python  : extracting _python_bundle/site-packages/bin/kivymd.create_project
05-27 23:02:53.963 32205 32253 V python  : extracting _python_bundle/site-packages/bin/kivymd.make_release
05-27 23:02:53.963 32205 32253 V python  : extracting _python_bundle/site-packages/bin/qr
05-27 23:02:53.963 32205 32253 V python  : extracting _python_bundle/site-packages/certifi-2026.5.20.dist-info/
05-27 23:02:53.964 32205 32253 V python  : extracting _python_bundle/site-packages/certifi-2026.5.20.dist-info/INSTALLER
05-27 23:02:53.964  2054  4107 I ImeTracker: org.kffs.habilisdatalogger:638a1bea: onRequestHide at ORIGIN_SERVER_HIDE_INPUT reason HIDE_UNSPECIFIED_WINDOW
05-27 23:02:53.964 32205 32253 V python  : extracting _python_bundle/site-packages/certifi-2026.5.20.dist-info/METADATA
05-27 23:02:53.964  2054  4107 I ImeTracker: org.kffs.habilisdatalogger:638a1bea: onCancelled at PHASE_SERVER_SHOULD_HIDE
05-27 23:02:53.965 32205 32253 V python  : extracting _python_bundle/site-packages/certifi-2026.5.20.dist-info/RECORD
05-27 23:02:53.965 32205 32253 V python  : extracting _python_bundle/site-packages/certifi-2026.5.20.dist-info/REQUESTED
05-27 23:02:53.966 32205 32253 V python  : extracting _python_bundle/site-packages/certifi-2026.5.20.dist-info/WHEEL
05-27 23:02:53.966 32205 32253 V python  : extracting _python_bundle/site-packages/certifi-2026.5.20.dist-info/licenses/
05-27 23:02:53.966  1417  2774 D MI-SF   : updateScene: module = 270 (Input), value = 0, pkg = org.kffs.habilisdatalogger, Vrr = 1
05-27 23:02:53.966 32205 32253 V python  : extracting _python_bundle/site-packages/certifi-2026.5.20.dist-info/licenses/LICENSE
05-27 23:02:53.967 32205 32253 V python  : extracting _python_bundle/site-packages/certifi-2026.5.20.dist-info/top_level.txt
05-27 23:02:53.967 32205 32253 V python  : extracting _python_bundle/site-packages/certifi/
05-27 23:02:53.968 32205 32253 V python  : extracting _python_bundle/site-packages/certifi/__init__.pyc
05-27 23:02:53.968 32205 32253 V python  : extracting _python_bundle/site-packages/certifi/__main__.pyc
05-27 23:02:53.968 32205 32253 V python  : extracting _python_bundle/site-packages/certifi/cacert.pem
05-27 23:02:53.979 32205 32253 V python  : extracting _python_bundle/site-packages/certifi/core.pyc
05-27 23:02:53.979 28949 28949 I GoogleInputMethodService: GoogleInputMethodService.onStartInput():1446 onStartInput(EditorInfo{EditorInfo{packageName=org.kffs.habilisdatalogger, inputType=0, inputTypeString=NULL, enableLearning=false, autoCorrection=false, autoComplete=false, imeOptions=0, privateImeOptions=null, actionName=UNSPECIFIED, actionLabel=null, initialSelStart=-1, initialSelEnd=-1, initialCapsMode=0, label=null, fieldId=0, fieldName=null, extras=Bundle[mParcelledData.dataSize=72], hintText=null, hintLocales=[]}}, false)
05-27 23:02:53.980 32205 32253 V python  : extracting _python_bundle/site-packages/certifi/py.typed
05-27 23:02:53.981 32205 32253 V python  : extracting _python_bundle/site-packages/chardet-7.4.3.dist-info/
05-27 23:02:53.981 32205 32253 V python  : extracting _python_bundle/site-packages/chardet-7.4.3.dist-info/INSTALLER
05-27 23:02:53.981  2054  7681 W PackageConfigPersister: App-specific configuration not found for packageName: org.kffs.habilisdatalogger and userId: 0
05-27 23:02:53.982 32205 32253 V python  : extracting _python_bundle/site-packages/chardet-7.4.3.dist-info/METADATA
05-27 23:02:53.982 32205 32253 V python  : extracting _python_bundle/site-packages/chardet-7.4.3.dist-info/RECORD
05-27 23:02:53.983 32205 32253 V python  : extracting _python_bundle/site-packages/chardet-7.4.3.dist-info/REQUESTED
05-27 23:02:53.983 32205 32253 V python  : extracting _python_bundle/site-packages/chardet-7.4.3.dist-info/WHEEL
05-27 23:02:53.984 32205 32253 V python  : extracting _python_bundle/site-packages/chardet-7.4.3.dist-info/entry_points.txt
05-27 23:02:53.984 32205 32253 V python  : extracting _python_bundle/site-packages/chardet-7.4.3.dist-info/licenses/
05-27 23:02:53.984 32205 32253 V python  : extracting _python_bundle/site-packages/chardet-7.4.3.dist-info/licenses/LICENSE
05-27 23:02:53.985 32205 32253 V python  : extracting _python_bundle/site-packages/chardet/
05-27 23:02:53.985 32205 32253 V python  : extracting _python_bundle/site-packages/chardet/__init__.pyc
05-27 23:02:53.986 32205 32253 V python  : extracting _python_bundle/site-packages/chardet/__main__.pyc
05-27 23:02:53.986 32205 32253 V python  : extracting _python_bundle/site-packages/chardet/_utils.pyc
05-27 23:02:53.987 32205 32253 V python  : extracting _python_bundle/site-packages/chardet/_version.pyc
05-27 23:02:53.989 32205 32253 V python  : extracting _python_bundle/site-packages/chardet/cli.pyc
05-27 23:02:53.990 32205 32253 V python  : extracting _python_bundle/site-packages/chardet/detector.pyc
05-27 23:02:53.991 32205 32253 V python  : extracting _python_bundle/site-packages/chardet/enums.pyc
05-27 23:02:53.992 32205 32253 V python  : extracting _python_bundle/site-packages/chardet/equivalences.pyc
05-27 23:02:53.992 32205 32253 V python  : extracting _python_bundle/site-packages/chardet/models/
05-27 23:02:53.993 32205 32253 V python  : extracting _python_bundle/site-packages/chardet/models/__init__.pyc
05-27 23:02:53.993 32205 32253 V python  : extracting _python_bundle/site-packages/chardet/models/__init__.so
05-27 23:02:53.994 32205 32253 V python  : extracting _python_bundle/site-packages/chardet/models/confusion.bin
05-27 23:02:53.995 32205 32253 V python  : extracting _python_bundle/site-packages/chardet/models/idf.bin
05-27 23:02:53.997 32205 32253 V python  : extracting _python_bundle/site-packages/chardet/models/models.bin
05-27 23:02:54.018 32205 32253 V python  : extracting _python_bundle/site-packages/chardet/models/training_metadata.yaml
05-27 23:02:54.020 32205 32253 V python  : extracting _python_bundle/site-packages/chardet/pipeline/
05-27 23:02:54.020 32205 32253 V python  : extracting _python_bundle/site-packages/chardet/pipeline/__init__.pyc
05-27 23:02:54.021 32205 32253 V python  : extracting _python_bundle/site-packages/chardet/pipeline/ascii.pyc
05-27 23:02:54.021 32205 32253 V python  : extracting _python_bundle/site-packages/chardet/pipeline/ascii.so
05-27 23:02:54.022 32205 32253 V python  : extracting _python_bundle/site-packages/chardet/pipeline/binary.pyc
05-27 23:02:54.023 32205 32253 V python  : extracting _python_bundle/site-packages/chardet/pipeline/bom.pyc
05-27 23:02:54.023 32205 32253 V python  : extracting _python_bundle/site-packages/chardet/pipeline/confusion.pyc
05-27 23:02:54.024 32205 32253 V python  : extracting _python_bundle/site-packages/chardet/pipeline/confusion.so
05-27 23:02:54.025 32205 32253 V python  : extracting _python_bundle/site-packages/chardet/pipeline/escape.pyc
05-27 23:02:54.025 32205 32253 V python  : extracting _python_bundle/site-packages/chardet/pipeline/escape.so
