06-06 20:44:29.573 18244 18244 F DEBUG   :       #20 pc 0000000000017544  /data/data/org.kffs.habilisdatalogger/files/app/_python_bundle/site-packages/kivy/graphics/instructions.so
06-06 20:44:29.573 18244 18244 F DEBUG   :       #21 pc 000000000001b35c  /data/data/org.kffs.habilisdatalogger/files/app/_python_bundle/site-packages/kivy/graphics/instructions.so
06-06 20:44:29.573 18244 18244 F DEBUG   :       #22 pc 000000000000b010  /data/data/org.kffs.habilisdatalogger/files/app/_python_bundle/site-packages/kivy/graphics/compiler.so
06-06 20:44:29.573 18244 18244 F DEBUG   :       #23 pc 0000000000017e04  /data/data/org.kffs.habilisdatalogger/files/app/_python_bundle/site-packages/kivy/graphics/instructions.so
06-06 20:44:29.573 18244 18244 F DEBUG   :       #24 pc 0000000000017544  /data/data/org.kffs.habilisdatalogger/files/app/_python_bundle/site-packages/kivy/graphics/instructions.so
06-06 20:44:29.573 18244 18244 F DEBUG   :       #25 pc 000000000001b35c  /data/data/org.kffs.habilisdatalogger/files/app/_python_bundle/site-packages/kivy/graphics/instructions.so
06-06 20:44:29.573 18244 18244 F DEBUG   :       #26 pc 000000000000b010  /data/data/org.kffs.habilisdatalogger/files/app/_python_bundle/site-packages/kivy/graphics/compiler.so
06-06 20:44:29.573 18244 18244 F DEBUG   :       #27 pc 0000000000017e04  /data/data/org.kffs.habilisdatalogger/files/app/_python_bundle/site-packages/kivy/graphics/instructions.so
06-06 20:44:29.573 18244 18244 F DEBUG   :       #28 pc 0000000000017544  /data/data/org.kffs.habilisdatalogger/files/app/_python_bundle/site-packages/kivy/graphics/instructions.so
06-06 20:44:29.573 18244 18244 F DEBUG   :       #29 pc 000000000001b35c  /data/data/org.kffs.habilisdatalogger/files/app/_python_bundle/site-packages/kivy/graphics/instructions.so
06-06 20:44:29.573 18244 18244 F DEBUG   :       #30 pc 000000000000b010  /data/data/org.kffs.habilisdatalogger/files/app/_python_bundle/site-packages/kivy/graphics/compiler.so
06-06 20:44:29.573 18244 18244 F DEBUG   :       #31 pc 0000000000017e04  /data/data/org.kffs.habilisdatalogger/files/app/_python_bundle/site-packages/kivy/graphics/instructions.so
06-06 20:44:29.573 18244 18244 F DEBUG   :       #32 pc 0000000000017544  /data/data/org.kffs.habilisdatalogger/files/app/_python_bundle/site-packages/kivy/graphics/instructions.so
06-06 20:44:29.573 18244 18244 F DEBUG   :       #33 pc 000000000001b35c  /data/data/org.kffs.habilisdatalogger/files/app/_python_bundle/site-packages/kivy/graphics/instructions.so
06-06 20:44:29.573 18244 18244 F DEBUG   :       #34 pc 000000000000b010  /data/data/org.kffs.habilisdatalogger/files/app/_python_bundle/site-packages/kivy/graphics/compiler.so
06-06 20:44:29.573 18244 18244 F DEBUG   :       #35 pc 0000000000017e04  /data/data/org.kffs.habilisdatalogger/files/app/_python_bundle/site-packages/kivy/graphics/instructions.so
06-06 20:44:29.573 18244 18244 F DEBUG   :       #36 pc 0000000000017544  /data/data/org.kffs.habilisdatalogger/files/app/_python_bundle/site-packages/kivy/graphics/instructions.so
06-06 20:44:29.573 18244 18244 F DEBUG   :       #37 pc 000000000001b35c  /data/data/org.kffs.habilisdatalogger/files/app/_python_bundle/site-packages/kivy/graphics/instructions.so
06-06 20:44:29.573 18244 18244 F DEBUG   :       #38 pc 000000000001ce50  /data/data/org.kffs.habilisdatalogger/files/app/_python_bundle/site-packages/kivy/graphics/instructions.so
06-06 20:44:29.573 18244 18244 F DEBUG   :       #39 pc 000000000001c6c0  /data/data/org.kffs.habilisdatalogger/files/app/_python_bundle/site-packages/kivy/graphics/instructions.so
06-06 20:44:29.573 18244 18244 F DEBUG   :       #40 pc 000000000002c8cc  /data/data/org.kffs.habilisdatalogger/files/app/_python_bundle/site-packages/kivy/graphics/instructions.so
06-06 20:44:29.573 18244 18244 F DEBUG   :       #41 pc 000000000002c884  /data/data/org.kffs.habilisdatalogger/files/app/_python_bundle/site-packages/kivy/graphics/instructions.so
06-06 20:44:29.573 18244 18244 F DEBUG   :       #42 pc 0000000000171dfc  /data/app/~~xohNL_sjW5EWglXuXdI8uw==/org.kffs.habilisdatalogger-hVmvN0HK_u9cJkG3-e_C8A==/lib/arm64/libpython3.10.so
06-06 20:44:29.573 18244 18244 F DEBUG   :       #43 pc 00000000002390d4  /data/app/~~xohNL_sjW5EWglXuXdI8uw==/org.kffs.habilisdatalogger-hVmvN0HK_u9cJkG3-e_C8A==/lib/arm64/libpython3.10.so
06-06 20:44:29.573 18244 18244 F DEBUG   :       #44 pc 0000000000234ee4  /data/app/~~xohNL_sjW5EWglXuXdI8uw==/org.kffs.habilisdatalogger-hVmvN0HK_u9cJkG3-e_C8A==/lib/arm64/libpython3.10.so (_PyEval_EvalFrameDefault+9272)
06-06 20:44:29.573 18244 18244 F DEBUG   :       #45 pc 000000000023298c  /data/app/~~xohNL_sjW5EWglXuXdI8uw==/org.kffs.habilisdatalogger-hVmvN0HK_u9cJkG3-e_C8A==/lib/arm64/libpython3.10.so
06-06 20:44:29.573 18244 18244 F DEBUG   :       #46 pc 000000000016afa8  /data/app/~~xohNL_sjW5EWglXuXdI8uw==/org.kffs.habilisdatalogger-hVmvN0HK_u9cJkG3-e_C8A==/lib/arm64/libpython3.10.so
06-06 20:44:29.573 18244 18244 F DEBUG   :       #47 pc 00000000000146b4  /data/data/org.kffs.habilisdatalogger/files/app/_python_bundle/site-packages/kivy/_event.so
06-06 20:44:29.573 18244 18244 F DEBUG   :       #48 pc 00000000000328c4  /data/data/org.kffs.habilisdatalogger/files/app/_python_bundle/site-packages/kivy/_event.so
06-06 20:44:29.573 18244 18244 F DEBUG   :       #49 pc 00000000000287e0  /data/data/org.kffs.habilisdatalogger/files/app/_python_bundle/site-packages/kivy/_event.so
06-06 20:44:29.573 18244 18244 F DEBUG   :       #50 pc 0000000000171a40  /data/app/~~xohNL_sjW5EWglXuXdI8uw==/org.kffs.habilisdatalogger-hVmvN0HK_u9cJkG3-e_C8A==/lib/arm64/libpython3.10.so
06-06 20:44:29.573 18244 18244 F DEBUG   :       #51 pc 00000000002390d4  /data/app/~~xohNL_sjW5EWglXuXdI8uw==/org.kffs.habilisdatalogger-hVmvN0HK_u9cJkG3-e_C8A==/lib/arm64/libpython3.10.so
06-06 20:44:29.573 18244 18244 F DEBUG   :       #52 pc 0000000000234ee4  /data/app/~~xohNL_sjW5EWglXuXdI8uw==/org.kffs.habilisdatalogger-hVmvN0HK_u9cJkG3-e_C8A==/lib/arm64/libpython3.10.so (_PyEval_EvalFrameDefault+9272)
06-06 20:44:29.573 18244 18244 F DEBUG   :       #53 pc 000000000023298c  /data/app/~~xohNL_sjW5EWglXuXdI8uw==/org.kffs.habilisdatalogger-hVmvN0HK_u9cJkG3-e_C8A==/lib/arm64/libpython3.10.so
06-06 20:44:29.573 18244 18244 F DEBUG   :       #54 pc 00000000002390d4  /data/app/~~xohNL_sjW5EWglXuXdI8uw==/org.kffs.habilisdatalogger-hVmvN0HK_u9cJkG3-e_C8A==/lib/arm64/libpython3.10.so
06-06 20:44:29.573 18244 18244 F DEBUG   :       #55 pc 0000000000234ee4  /data/app/~~xohNL_sjW5EWglXuXdI8uw==/org.kffs.habilisdatalogger-hVmvN0HK_u9cJkG3-e_C8A==/lib/arm64/libpython3.10.so (_PyEval_EvalFrameDefault+9272)
06-06 20:44:29.573 18244 18244 F DEBUG   :       #56 pc 000000000023298c  /data/app/~~xohNL_sjW5EWglXuXdI8uw==/org.kffs.habilisdatalogger-hVmvN0HK_u9cJkG3-e_C8A==/lib/arm64/libpython3.10.so
06-06 20:44:29.573 18244 18244 F DEBUG   :       #57 pc 00000000002390d4  /data/app/~~xohNL_sjW5EWglXuXdI8uw==/org.kffs.habilisdatalogger-hVmvN0HK_u9cJkG3-e_C8A==/lib/arm64/libpython3.10.so
06-06 20:44:29.573 18244 18244 F DEBUG   :       #58 pc 0000000000234ee4  /data/app/~~xohNL_sjW5EWglXuXdI8uw==/org.kffs.habilisdatalogger-hVmvN0HK_u9cJkG3-e_C8A==/lib/arm64/libpython3.10.so (_PyEval_EvalFrameDefault+9272)
06-06 20:44:29.573 18244 18244 F DEBUG   :       #59 pc 000000000023298c  /data/app/~~xohNL_sjW5EWglXuXdI8uw==/org.kffs.habilisdatalogger-hVmvN0HK_u9cJkG3-e_C8A==/lib/arm64/libpython3.10.so
06-06 20:44:29.573 18244 18244 F DEBUG   :       #60 pc 00000000002390d4  /data/app/~~xohNL_sjW5EWglXuXdI8uw==/org.kffs.habilisdatalogger-hVmvN0HK_u9cJkG3-e_C8A==/lib/arm64/libpython3.10.so
06-06 20:44:29.573 18244 18244 F DEBUG   :       #61 pc 00000000002349c8  /data/app/~~xohNL_sjW5EWglXuXdI8uw==/org.kffs.habilisdatalogger-hVmvN0HK_u9cJkG3-e_C8A==/lib/arm64/libpython3.10.so (_PyEval_EvalFrameDefault+7964)
06-06 20:44:29.573 18244 18244 F DEBUG   :       #62 pc 000000000023298c  /data/app/~~xohNL_sjW5EWglXuXdI8uw==/org.kffs.habilisdatalogger-hVmvN0HK_u9cJkG3-e_C8A==/lib/arm64/libpython3.10.so
06-06 20:44:29.573 18244 18244 F DEBUG   :       #63 pc 00000000002390d4  /data/app/~~xohNL_sjW5EWglXuXdI8uw==/org.kffs.habilisdatalogger-hVmvN0HK_u9cJkG3-e_C8A==/lib/arm64/libpython3.10.so
06-06 20:44:29.573 18244 18244 F DEBUG   :       #64 pc 0000000000234ee4  /data/app/~~xohNL_sjW5EWglXuXdI8uw==/org.kffs.habilisdatalogger-hVmvN0HK_u9cJkG3-e_C8A==/lib/arm64/libpython3.10.so (_PyEval_EvalFrameDefault+9272)
06-06 20:44:29.573 18244 18244 F DEBUG   :       #65 pc 000000000023298c  /data/app/~~xohNL_sjW5EWglXuXdI8uw==/org.kffs.habilisdatalogger-hVmvN0HK_u9cJkG3-e_C8A==/lib/arm64/libpython3.10.so
06-06 20:44:29.573 18244 18244 F DEBUG   :       #66 pc 00000000002328d4  /data/app/~~xohNL_sjW5EWglXuXdI8uw==/org.kffs.habilisdatalogger-hVmvN0HK_u9cJkG3-e_C8A==/lib/arm64/libpython3.10.so (PyEval_EvalCode+104)
06-06 20:44:29.573 18244 18244 F DEBUG   :       #67 pc 0000000000278fec  /data/app/~~xohNL_sjW5EWglXuXdI8uw==/org.kffs.habilisdatalogger-hVmvN0HK_u9cJkG3-e_C8A==/lib/arm64/libpython3.10.so (_PyRun_SimpleFileObject+1188)
06-06 20:44:29.573 18244 18244 F DEBUG   :       #68 pc 0000000000279894  /data/app/~~xohNL_sjW5EWglXuXdI8uw==/org.kffs.habilisdatalogger-hVmvN0HK_u9cJkG3-e_C8A==/lib/arm64/libpython3.10.so (PyRun_SimpleFileExFlags+60)
06-06 20:44:29.574 18244 18244 F DEBUG   :       #69 pc 00000000000034c0  /data/app/~~xohNL_sjW5EWglXuXdI8uw==/org.kffs.habilisdatalogger-hVmvN0HK_u9cJkG3-e_C8A==/lib/arm64/libmain.so (SDL_main+2452) (BuildId: 31dee9799880258433bef3824135a0d2bfdc25f8)
06-06 20:44:29.574 18244 18244 F DEBUG   :       #70 pc 00000000000b1244  /data/app/~~xohNL_sjW5EWglXuXdI8uw==/org.kffs.habilisdatalogger-hVmvN0HK_u9cJkG3-e_C8A==/lib/arm64/libSDL2.so (Java_org_libsdl_app_SDLActivity_nativeRunMain+772) (BuildId: 73c88ee39fa96ded81b7bddb4f770f956d0af587)
06-06 20:44:29.574 18244 18244 F DEBUG   :       #76 pc 0000000000010fa8  /data/app/~~xohNL_sjW5EWglXuXdI8uw==/org.kffs.habilisdatalogger-hVmvN0HK_u9cJkG3-e_C8A==/oat/arm64/base.vdex (org.libsdl.app.SDLMain.run+0)
06-06 20:44:29.612  1948 18248 W ActivityTaskManager:   Force finishing activity org.kffs.habilisdatalogger/org.kivy.android.PythonActivity
06-06 20:44:29.615  1948 18248 D WindowManager: Collecting in transition 3160: Task{c5c23c3 #255 type=standard A=10344:org.kffs.habilisdatalogger} init visibleRequested:true
06-06 20:44:29.615  1948 18248 D WindowManager: Collecting in transition 3160: ActivityRecord{390c372 u0 org.kffs.habilisdatalogger/org.kivy.android.PythonActivity t255 f}} init visibleRequested:true
06-06 20:44:29.665  1948  4119 I WindowManager: WIN DEATH: Window{8f03232 u0 org.kffs.habilisdatalogger/org.kivy.android.PythonActivity}
06-06 20:44:29.666  1948  4122 I ActivityManager: Process org.kffs.habilisdatalogger (pid 18175) has died: fg  TOP 
06-06 20:44:29.677  1948  4122 D WindowManager: Collecting in transition 3160: Task{c5c23c3 #255 type=standard A=10344:org.kffs.habilisdatalogger} init visibleRequested:false
06-06 20:44:29.678  1948  4122 D WindowManager: Collecting in transition 3160: ActivityRecord{390c372 u0 org.kffs.habilisdatalogger/org.kivy.android.PythonActivity t255 f}} init visibleRequested:false
06-06 20:44:29.732  1948  2308 W WindowManager: Failed to deliver inset control state change to w=Window{8f03232 u0 org.kffs.habilisdatalogger/org.kivy.android.PythonActivity EXITING}
06-06 20:44:29.767  1948  2972 D tsched_scene: handleWindowChanged: pkgName: com.miui.home, mForegroundAppName: org.kffs.habilisdatalogger
06-06 20:44:29.767  1948  2308 D WindowManager: Final targets: [Task{fc1ced5 #1 type=home}, Task{c5c23c3 #255 type=standard A=10344:org.kffs.habilisdatalogger}, WallpaperWindowToken{8e50f07 token=android.os.BinderProxy@1b10146}, WallpaperWindowToken{5a6327f token=android.os.Binder@30a51d9}]
06-06 20:44:29.779  1948  2308 D WindowManager: Calling onTransitionReady info={id=3160 t=CLOSE f=0x10 trk=0 r=[0@Point(0, 0)] c=[{WCT{RemoteToken{e07270c Task{fc1ced5 #1 type=home}}} m=TO_FRONT f=SHOW_WALLPAPER|MOVE_TO_TOP leash=Surface(name=Task=1#16716)/@0xdd7d3e6 sb=Rect(0, 0 - 1080, 2400) eb=Rect(0, 0 - 1080, 2400) d=0},{WCT{RemoteToken{50bb62b Task{c5c23c3 #255 type=standard A=10344:org.kffs.habilisdatalogger}}} m=CLOSE f=NONE leash=Surface(name=Task=255#51282)/@0x24a0aa5 sb=Rect(0, 0 - 1080, 2400) eb=Rect(0, 0 - 1080, 2400) d=0},{null m=TO_FRONT f=IS_WALLPAPER leash=Surface(name=WallpaperWindowToken{8e50f07 token=android.os.BinderProxy@1b10146}#39009)/@0xcf62faa sb=Rect(0, 0 - 1080, 2400) eb=Rect(0, 0 - 1080, 2400) d=0},{null m=TO_FRONT f=IS_WALLPAPER leash=Surface(name=WallpaperWindowToken{5a6327f token=android.os.Binder@30a51d9}#56)/@0x2370a8f sb=Rect(0, 0 - 1080, 2400) eb=Rect(0, 0 - 1080, 2400) d=0}] noAni=[false]}, mToken=Token{fb29c4e TransitionRecord{aa72497 id=3160 type=CLOSE flags=0x10}}
06-06 20:44:29.833  1948  2308 W WindowManager: Failed to deliver inset control state change to w=Window{8f03232 u0 org.kffs.habilisdatalogger/org.kivy.android.PythonActivity EXITING}
06-06 20:44:30.594  1948  3590 W WindowManager: Exception thrown during dispatchAppVisibility Window{8f03232 u0 org.kffs.habilisdatalogger/org.kivy.android.PythonActivity EXITING}
06-06 20:44:30.595  1948  3590 I Transition: finishTransition: updateLastSurfacePosition tf=Task{c5c23c3 #255 type=standard A=10344:org.kffs.habilisdatalogger}
06-06 20:52:39.530  3838  4246 E ActivityManagerWrapper: getRecentTasks: mainTaskId=255   userId=0   windowMode=1   baseIntent=Intent { act=android.intent.action.MAIN flag=270532608 cmp=ComponentInfo{org.kffs.habilisdatalogger/org.kivy.android.PythonActivity} }
06-06 20:52:39.533  3838  4246 D WorldCirculate: getWorldCirculateInfo, taskInfo.baseIntent=Intent { act=android.intent.action.MAIN cat=[android.intent.category.LAUNCHER] flg=0x10200000 cmp=org.kffs.habilisdatalogger/org.kivy.android.PythonActivity }, displayId=-1, but get Display failed
06-06 20:52:39.611  3838  4246 E ActivityManagerWrapper: getRecentTasks: mainTaskId=255   userId=0   windowMode=1   baseIntent=Intent { act=android.intent.action.MAIN flag=270532608 cmp=ComponentInfo{org.kffs.habilisdatalogger/org.kivy.android.PythonActivity} }
06-06 20:52:39.614  3838  4246 D WorldCirculate: getWorldCirculateInfo, taskInfo.baseIntent=Intent { act=android.intent.action.MAIN cat=[android.intent.category.LAUNCHER] flg=0x10200000 cmp=org.kffs.habilisdatalogger/org.kivy.android.PythonActivity }, displayId=-1, but get Display failed
06-06 20:53:32.916 19295 19425 I PowerRankHelperHolder: mDesktopPkgSet =[com.google.android.apps.podcasts, com.milink.service, com.google.android.apps.youtube.music, com.miui.player, com.instagram.android, com.amazon.kindle, com.creditkarma.mobile, com.uvnv.mintsim, com.miui.compass, com.venmo, com.microsoft.office.outlook, us.mitene, com.miui.mishare.connectivity, com.google.android.apps.walletnfcrel, com.miui.calculator, com.android.deskclock, com.google.android.apps.docs.editors.docs, com.xiaomi.scanner, com.xiaomi.midrop, com.miui.securitycenter, com.android.vending, com.mercury.bank, com.strava, com.android.chrome, com.xiaomi.finddevice, com.google.android.apps.photos, com.android.nfc, com.ascendo.android.dictionary.de.free, com.mi.android.globalFileexplorer, com.google.android.apps.docs, com.google.android.apps.safetyhub, com.duokan.phone.remotecontroller, com.google.android.apps.chromecast.app, com.miui.gallery, com.google.android.youtube, com.google.android.apps.subscriptions.red, com.netflix.mediaclient, com.google.android.apps.maps, com.google.android.apps.tachyon, com.azure.authenticator, com.miui.videoplayer, us.zoom.videomeetings, com.spotify.music, com.mfashiongallery.emag, com.mi.globalbrowser, com.google.android.apps.messaging, com.google.android.videos, com.miui.notes, com.google.android.googlequicksearchbox, com.miui.miservice, com.google.android.apps.googlevoice, com.zhiliaoapp.musically, com.miui.home, com.google.android.contacts, com.dropbox.android, com.onedebit.chime, com.facebook.orca, com.microsoft.skydrive, com.whatsapp, com.duolingo, com.android.quicksearchbox, com.huami.watch.hmwatchmanager, org.kffs.habilisdatalogger, com.miui.weather2, com.facebook.katana, com.mi.android.globallauncher, com.miui.miwallpaper, cn.wps.moffice_eng, com.android.providers.downloads.ui, com.android.thememanager, com.google.android.dialer, com.android.camera, com.google.android.gm, com.android.incallui, com.android.settings, com.mi.globalminusscreen, com.google.android.apps.googleassistant, com.timehop, com.google.android.calendar, com.android.soundrecorder]
06-06 20:53:39.653  3838  4246 E ActivityManagerWrapper: getRecentTasks: mainTaskId=255   userId=0   windowMode=1   baseIntent=Intent { act=android.intent.action.MAIN flag=270532608 cmp=ComponentInfo{org.kffs.habilisdatalogger/org.kivy.android.PythonActivity} }
06-06 20:53:39.654  3838  4246 D WorldCirculate: getWorldCirculateInfo, taskInfo.baseIntent=Intent { act=android.intent.action.MAIN cat=[android.intent.category.LAUNCHER] flg=0x10200000 cmp=org.kffs.habilisdatalogger/org.kivy.android.PythonActivity }, displayId=-1, but get Display failed
06-06 20:53:39.675  3838  4246 E ActivityManagerWrapper: getRecentTasks: mainTaskId=255   userId=0   windowMode=1   baseIntent=Intent { act=android.intent.action.MAIN flag=270532608 cmp=ComponentInfo{org.kffs.habilisdatalogger/org.kivy.android.PythonActivity} }
06-06 20:53:39.685  3838  4246 D WorldCirculate: getWorldCirculateInfo, taskInfo.baseIntent=Intent { act=android.intent.action.MAIN cat=[android.intent.category.LAUNCHER] flg=0x10200000 cmp=org.kffs.habilisdatalogger/org.kivy.android.PythonActivity }, displayId=-1, but get Display failed
06-06 20:54:47.592  3838  4246 E ActivityManagerWrapper: getRecentTasks: mainTaskId=255   userId=0   windowMode=1   baseIntent=Intent { act=android.intent.action.MAIN flag=270532608 cmp=ComponentInfo{org.kffs.habilisdatalogger/org.kivy.android.PythonActivity} }
06-06 20:54:47.593  3838  4246 D WorldCirculate: getWorldCirculateInfo, taskInfo.baseIntent=Intent { act=android.intent.action.MAIN cat=[android.intent.category.LAUNCHER] flg=0x10200000 cmp=org.kffs.habilisdatalogger/org.kivy.android.PythonActivity }, displayId=-1, but get Display failed
06-06 20:54:47.607  3838  4246 E ActivityManagerWrapper: getRecentTasks: mainTaskId=255   userId=0   windowMode=1   baseIntent=Intent { act=android.intent.action.MAIN flag=270532608 cmp=ComponentInfo{org.kffs.habilisdatalogger/org.kivy.android.PythonActivity} }
06-06 20:54:47.609  3838  4246 D WorldCirculate: getWorldCirculateInfo, taskInfo.baseIntent=Intent { act=android.intent.action.MAIN cat=[android.intent.category.LAUNCHER] flg=0x10200000 cmp=org.kffs.habilisdatalogger/org.kivy.android.PythonActivity }, displayId=-1, but get Display failed
06-06 20:59:07.654  3838  4246 E ActivityManagerWrapper: getRecentTasks: mainTaskId=255   userId=0   windowMode=1   baseIntent=Intent { act=android.intent.action.MAIN flag=270532608 cmp=ComponentInfo{org.kffs.habilisdatalogger/org.kivy.android.PythonActivity} }
06-06 20:59:07.669  3838  4246 D WorldCirculate: getWorldCirculateInfo, taskInfo.baseIntent=Intent { act=android.intent.action.MAIN cat=[android.intent.category.LAUNCHER] flg=0x10200000 cmp=org.kffs.habilisdatalogger/org.kivy.android.PythonActivity }, displayId=-1, but get Display failed
06-06 20:59:07.686  3838  4246 E ActivityManagerWrapper: getRecentTasks: mainTaskId=255   userId=0   windowMode=1   baseIntent=Intent { act=android.intent.action.MAIN flag=270532608 cmp=ComponentInfo{org.kffs.habilisdatalogger/org.kivy.android.PythonActivity} }
06-06 20:59:07.692  3838  4246 D WorldCirculate: getWorldCirculateInfo, taskInfo.baseIntent=Intent { act=android.intent.action.MAIN cat=[android.intent.category.LAUNCHER] flg=0x10200000 cmp=org.kffs.habilisdatalogger/org.kivy.android.PythonActivity }, displayId=-1, but get Display failed
06-06 21:00:29.176  3838  4246 E ActivityManagerWrapper: getRecentTasks: mainTaskId=255   userId=0   windowMode=1   baseIntent=Intent { act=android.intent.action.MAIN flag=270532608 cmp=ComponentInfo{org.kffs.habilisdatalogger/org.kivy.android.PythonActivity} }
06-06 21:00:29.184  3838  4246 D WorldCirculate: getWorldCirculateInfo, taskInfo.baseIntent=Intent { act=android.intent.action.MAIN cat=[android.intent.category.LAUNCHER] flg=0x10200000 cmp=org.kffs.habilisdatalogger/org.kivy.android.PythonActivity }, displayId=-1, but get Display failed
06-06 21:00:29.205  3838  4246 E ActivityManagerWrapper: getRecentTasks: mainTaskId=255   userId=0   windowMode=1   baseIntent=Intent { act=android.intent.action.MAIN flag=270532608 cmp=ComponentInfo{org.kffs.habilisdatalogger/org.kivy.android.PythonActivity} }
06-06 21:00:29.206  3838  4246 D WorldCirculate: getWorldCirculateInfo, taskInfo.baseIntent=Intent { act=android.intent.action.MAIN cat=[android.intent.category.LAUNCHER] flg=0x10200000 cmp=org.kffs.habilisdatalogger/org.kivy.android.PythonActivity }, displayId=-1, but get Display failed
06-06 21:00:44.553 19295 19425 I PowerRankHelperHolder: mDesktopPkgSet =[com.google.android.apps.podcasts, com.milink.service, com.google.android.apps.youtube.music, com.miui.player, com.instagram.android, com.amazon.kindle, com.creditkarma.mobile, com.uvnv.mintsim, com.miui.compass, com.venmo, com.microsoft.office.outlook, us.mitene, com.miui.mishare.connectivity, com.google.android.apps.walletnfcrel, com.miui.calculator, com.android.deskclock, com.google.android.apps.docs.editors.docs, com.xiaomi.scanner, com.xiaomi.midrop, com.miui.securitycenter, com.android.vending, com.mercury.bank, com.strava, com.android.chrome, com.xiaomi.finddevice, com.google.android.apps.photos, com.android.nfc, com.ascendo.android.dictionary.de.free, com.mi.android.globalFileexplorer, com.google.android.apps.docs, com.google.android.apps.safetyhub, com.duokan.phone.remotecontroller, com.google.android.apps.chromecast.app, com.miui.gallery, com.google.android.youtube, com.google.android.apps.subscriptions.red, com.netflix.mediaclient, com.google.android.apps.maps, com.google.android.apps.tachyon, com.azure.authenticator, com.miui.videoplayer, us.zoom.videomeetings, com.spotify.music, com.mfashiongallery.emag, com.mi.globalbrowser, com.google.android.apps.messaging, com.google.android.videos, com.miui.notes, com.google.android.googlequicksearchbox, com.miui.miservice, com.google.android.apps.googlevoice, com.zhiliaoapp.musically, com.miui.home, com.google.android.contacts, com.dropbox.android, com.onedebit.chime, com.facebook.orca, com.microsoft.skydrive, com.whatsapp, com.duolingo, com.android.quicksearchbox, com.huami.watch.hmwatchmanager, org.kffs.habilisdatalogger, com.miui.weather2, com.facebook.katana, com.mi.android.globallauncher, com.miui.miwallpaper, cn.wps.moffice_eng, com.android.providers.downloads.ui, com.android.thememanager, com.google.android.dialer, com.android.camera, com.google.android.gm, com.android.incallui, com.android.settings, com.mi.globalminusscreen, com.google.android.apps.googleassistant, com.timehop, com.google.android.calendar, com.android.soundrecorder]
06-06 21:04:34.829  3838  4246 E ActivityManagerWrapper: getRecentTasks: mainTaskId=255   userId=0   windowMode=1   baseIntent=Intent { act=android.intent.action.MAIN flag=270532608 cmp=ComponentInfo{org.kffs.habilisdatalogger/org.kivy.android.PythonActivity} }
06-06 21:04:34.832  3838  4246 D WorldCirculate: getWorldCirculateInfo, taskInfo.baseIntent=Intent { act=android.intent.action.MAIN cat=[android.intent.category.LAUNCHER] flg=0x10200000 cmp=org.kffs.habilisdatalogger/org.kivy.android.PythonActivity }, displayId=-1, but get Display failed
06-06 21:04:34.857  3838  4246 E ActivityManagerWrapper: getRecentTasks: mainTaskId=255   userId=0   windowMode=1   baseIntent=Intent { act=android.intent.action.MAIN flag=270532608 cmp=ComponentInfo{org.kffs.habilisdatalogger/org.kivy.android.PythonActivity} }
06-06 21:04:34.861  3838  4246 D WorldCirculate: getWorldCirculateInfo, taskInfo.baseIntent=Intent { act=android.intent.action.MAIN cat=[android.intent.category.LAUNCHER] flg=0x10200000 cmp=org.kffs.habilisdatalogger/org.kivy.android.PythonActivity }, displayId=-1, but get Display failed
06-06 21:06:30.098 27559 27574 W ndroid.settings: ApkAssets: Deleting an ApkAssets object '<empty> and /data/app/~~xohNL_sjW5EWglXuXdI8uw==/org.kffs.habilisdatalogger-hVmvN0HK_u9cJkG3-e_C8A==/base.apk' with 1 weak references
06-06 21:08:38.010 19295 19425 I PowerRankHelperHolder: mDesktopPkgSet =[com.google.android.apps.podcasts, com.milink.service, com.google.android.apps.youtube.music, com.miui.player, com.instagram.android, com.amazon.kindle, com.creditkarma.mobile, com.uvnv.mintsim, com.miui.compass, com.venmo, com.microsoft.office.outlook, us.mitene, com.miui.mishare.connectivity, com.google.android.apps.walletnfcrel, com.miui.calculator, com.android.deskclock, com.google.android.apps.docs.editors.docs, com.xiaomi.scanner, com.xiaomi.midrop, com.miui.securitycenter, com.android.vending, com.mercury.bank, com.strava, com.android.chrome, com.xiaomi.finddevice, com.google.android.apps.photos, com.android.nfc, com.ascendo.android.dictionary.de.free, com.mi.android.globalFileexplorer, com.google.android.apps.docs, com.google.android.apps.safetyhub, com.duokan.phone.remotecontroller, com.google.android.apps.chromecast.app, com.miui.gallery, com.google.android.youtube, com.google.android.apps.subscriptions.red, com.netflix.mediaclient, com.google.android.apps.maps, com.google.android.apps.tachyon, com.azure.authenticator, com.miui.videoplayer, us.zoom.videomeetings, com.spotify.music, com.mfashiongallery.emag, com.mi.globalbrowser, com.google.android.apps.messaging, com.google.android.videos, com.miui.notes, com.google.android.googlequicksearchbox, com.miui.miservice, com.google.android.apps.googlevoice, com.zhiliaoapp.musically, com.miui.home, com.google.android.contacts, com.dropbox.android, com.onedebit.chime, com.facebook.orca, com.microsoft.skydrive, com.whatsapp, com.duolingo, com.android.quicksearchbox, com.huami.watch.hmwatchmanager, org.kffs.habilisdatalogger, com.miui.weather2, com.facebook.katana, com.mi.android.globallauncher, com.miui.miwallpaper, cn.wps.moffice_eng, com.android.providers.downloads.ui, com.android.thememanager, com.google.android.dialer, com.android.camera, com.google.android.gm, com.android.incallui, com.android.settings, com.mi.globalminusscreen, com.google.android.apps.googleassistant, com.timehop, com.google.android.calendar, com.android.soundrecorder]
06-06 21:09:31.018  3838  4246 E ActivityManagerWrapper: getRecentTasks: mainTaskId=255   userId=0   windowMode=1   baseIntent=Intent { act=android.intent.action.MAIN flag=270532608 cmp=ComponentInfo{org.kffs.habilisdatalogger/org.kivy.android.PythonActivity} }
06-06 21:09:31.028  3838  4246 D WorldCirculate: getWorldCirculateInfo, taskInfo.baseIntent=Intent { act=android.intent.action.MAIN cat=[android.intent.category.LAUNCHER] flg=0x10200000 cmp=org.kffs.habilisdatalogger/org.kivy.android.PythonActivity }, displayId=-1, but get Display failed
06-06 21:09:31.040  3838  4246 E ActivityManagerWrapper: getRecentTasks: mainTaskId=255   userId=0   windowMode=1   baseIntent=Intent { act=android.intent.action.MAIN flag=270532608 cmp=ComponentInfo{org.kffs.habilisdatalogger/org.kivy.android.PythonActivity} }
06-06 21:09:31.042  3838  4246 D WorldCirculate: getWorldCirculateInfo, taskInfo.baseIntent=Intent { act=android.intent.action.MAIN cat=[android.intent.category.LAUNCHER] flg=0x10200000 cmp=org.kffs.habilisdatalogger/org.kivy.android.PythonActivity }, displayId=-1, but get Display failed
06-06 21:09:46.591  3838  4246 E ActivityManagerWrapper: getRecentTasks: mainTaskId=255   userId=0   windowMode=1   baseIntent=Intent { act=android.intent.action.MAIN flag=270532608 cmp=ComponentInfo{org.kffs.habilisdatalogger/org.kivy.android.PythonActivity} }
06-06 21:09:46.595  3838  4246 D WorldCirculate: getWorldCirculateInfo, taskInfo.baseIntent=Intent { act=android.intent.action.MAIN cat=[android.intent.category.LAUNCHER] flg=0x10200000 cmp=org.kffs.habilisdatalogger/org.kivy.android.PythonActivity }, displayId=-1, but get Display failed
06-06 21:09:46.663  3838  4246 E ActivityManagerWrapper: getRecentTasks: mainTaskId=255   userId=0   windowMode=1   baseIntent=Intent { act=android.intent.action.MAIN flag=270532608 cmp=ComponentInfo{org.kffs.habilisdatalogger/org.kivy.android.PythonActivity} }
06-06 21:09:46.666  3838  4246 D WorldCirculate: getWorldCirculateInfo, taskInfo.baseIntent=Intent { act=android.intent.action.MAIN cat=[android.intent.category.LAUNCHER] flg=0x10200000 cmp=org.kffs.habilisdatalogger/org.kivy.android.PythonActivity }, displayId=-1, but get Display failed
06-06 21:09:47.389  3838  3838 D Launcher.CellLayout: touch item:ShortcutInfo, id=109, itemType=0, user=UserHandle{0}, mIconType=0, pkgName=org.kffs.habilisdatalogger, className=org.kivy.android.PythonActivity, screenId=2, container=-100, cellX=0, cellY=2, spanX=1, spanY=1
06-06 21:09:47.689  3838  3838 D Launcher.CellLayout: updateCellOccupiedMarks, remove, ShortcutInfo, id=109, itemType=0, user=UserHandle{0}, mIconType=0, pkgName=org.kffs.habilisdatalogger, className=org.kivy.android.PythonActivity, screenId=2, container=-100, cellX=0, cellY=2, spanX=1, spanY=1
06-06 21:09:47.700  3838  3838 D Launcher_DragView: new DragView:ShortcutInfo, id=109, itemType=0, user=UserHandle{0}, mIconType=0, pkgName=org.kffs.habilisdatalogger, className=org.kivy.android.PythonActivity
06-06 21:09:47.714  3838  3838 D Launcher.CellLayout: updateCellOccupiedMarks, remove, ShortcutInfo, id=109, itemType=0, user=UserHandle{0}, mIconType=0, pkgName=org.kffs.habilisdatalogger, className=org.kivy.android.PythonActivity, screenId=2, container=-100, cellX=0, cellY=2, spanX=1, spanY=1
06-06 21:09:48.017  3838  3838 D Launcher.DragController: drop, from=ShortcutInfo, id=109, itemType=0, user=UserHandle{0}, mIconType=0, pkgName=org.kffs.habilisdatalogger, className=org.kivy.android.PythonActivity, screenId=2, container=-100, cellX=0, cellY=2, spanX=1, spanY=1
06-06 21:09:48.017  3838  3838 D Launcher.CellLayout: updateCellOccupiedMarks, update, ShortcutInfo, id=109, itemType=0, user=UserHandle{0}, mIconType=0, pkgName=org.kffs.habilisdatalogger, className=org.kivy.android.PythonActivity, screenId=2, container=-100, cellX=0, cellY=2, spanX=1, spanY=1
06-06 21:09:48.020  3838  3838 D Launcher.DragController: drop succeed, to ShortcutInfo, id=109, itemType=0, user=UserHandle{0}, mIconType=0, pkgName=org.kffs.habilisdatalogger, className=org.kivy.android.PythonActivity, screenId=2, container=-100, cellX=0, cellY=2, spanX=1, spanY=1
06-06 21:09:48.021  3838  3838 D Launcher.CellLayout: saveCurrentLayout, info=ShortcutInfo, id=109, itemType=0, user=UserHandle{0}, mIconType=0, pkgName=org.kffs.habilisdatalogger, className=org.kivy.android.PythonActivity, screenId=2, container=-100, cellX=0, cellY=2, spanX=1, spanY=1
06-06 21:09:48.022  3838  3838 D Launcher.ShortcutMenu: show shortcut menu when drop, pkgName=org.kffs.habilisdatalogger
06-06 21:09:49.119  3838  3838 D Launcher.CellLayout: remove icon for ShortcutInfo, id=109, itemType=0, user=UserHandle{0}, mIconType=0, pkgName=org.kffs.habilisdatalogger, className=org.kivy.android.PythonActivity, screenId=2, container=-100, cellX=0, cellY=2, spanX=1, spanY=1
06-06 21:09:49.119  3838  3838 D Launcher.CellLayout: updateCellOccupiedMarks, remove, ShortcutInfo, id=109, itemType=0, user=UserHandle{0}, mIconType=0, pkgName=org.kffs.habilisdatalogger, className=org.kivy.android.PythonActivity, screenId=2, container=-100, cellX=0, cellY=2, spanX=1, spanY=1
06-06 21:09:49.119  3838  3838 D Launcher: removeShortcutIcon, info=(ShortcutInfo, id=109, itemType=0, user=UserHandle{0}, mIconType=0, pkgName=org.kffs.habilisdatalogger, className=org.kivy.android.PythonActivity, screenId=2, container=-100, cellX=0, cellY=2, spanX=1, spanY=1), removeFromDB=true
06-06 21:09:49.120  3838  3838 D Launcher.Model: deleteItemFromDatabase, item=ShortcutInfo, id=109, itemType=0, user=UserHandle{0}, mIconType=0, pkgName=org.kffs.habilisdatalogger, className=org.kivy.android.PythonActivity, screenId=2, container=-100, cellX=0, cellY=2, spanX=1, spanY=1
06-06 21:09:50.703  3838  4246 E ActivityManagerWrapper: getRecentTasks: mainTaskId=255   userId=0   windowMode=1   baseIntent=Intent { act=android.intent.action.MAIN flag=270532608 cmp=ComponentInfo{org.kffs.habilisdatalogger/org.kivy.android.PythonActivity} }
06-06 21:09:50.731  3838  4246 D WorldCirculate: getWorldCirculateInfo, taskInfo.baseIntent=Intent { act=android.intent.action.MAIN cat=[android.intent.category.LAUNCHER] flg=0x10200000 cmp=org.kffs.habilisdatalogger/org.kivy.android.PythonActivity }, displayId=-1, but get Display failed
06-06 21:09:50.742  3838  4246 E ActivityManagerWrapper: getRecentTasks: mainTaskId=255   userId=0   windowMode=1   baseIntent=Intent { act=android.intent.action.MAIN flag=270532608 cmp=ComponentInfo{org.kffs.habilisdatalogger/org.kivy.android.PythonActivity} }
06-06 21:09:50.744  3838  4246 D WorldCirculate: getWorldCirculateInfo, taskInfo.baseIntent=Intent { act=android.intent.action.MAIN cat=[android.intent.category.LAUNCHER] flg=0x10200000 cmp=org.kffs.habilisdatalogger/org.kivy.android.PythonActivity }, displayId=-1, but get Display failed
06-06 21:09:51.305  3838  4246 E ActivityManagerWrapper: getRecentTasks: mainTaskId=255   userId=0   windowMode=1   baseIntent=Intent { act=android.intent.action.MAIN flag=270532608 cmp=ComponentInfo{org.kffs.habilisdatalogger/org.kivy.android.PythonActivity} }
06-06 21:09:51.312  3838  4246 D WorldCirculate: getWorldCirculateInfo, taskInfo.baseIntent=Intent { act=android.intent.action.MAIN cat=[android.intent.category.LAUNCHER] flg=0x10200000 cmp=org.kffs.habilisdatalogger/org.kivy.android.PythonActivity }, displayId=-1, but get Display failed
06-06 21:09:51.325  3838  4246 E ActivityManagerWrapper: getRecentTasks: mainTaskId=255   userId=0   windowMode=1   baseIntent=Intent { act=android.intent.action.MAIN flag=270532608 cmp=ComponentInfo{org.kffs.habilisdatalogger/org.kivy.android.PythonActivity} }
06-06 21:09:51.326  3838  4246 D WorldCirculate: getWorldCirculateInfo, taskInfo.baseIntent=Intent { act=android.intent.action.MAIN cat=[android.intent.category.LAUNCHER] flg=0x10200000 cmp=org.kffs.habilisdatalogger/org.kivy.android.PythonActivity }, displayId=-1, but get Display failed
06-06 21:09:53.409  3838  4246 E ActivityManagerWrapper: getRecentTasks: mainTaskId=255   userId=0   windowMode=1   baseIntent=Intent { act=android.intent.action.MAIN flag=270532608 cmp=ComponentInfo{org.kffs.habilisdatalogger/org.kivy.android.PythonActivity} }
06-06 21:09:53.414  3838  4246 D WorldCirculate: getWorldCirculateInfo, taskInfo.baseIntent=Intent { act=android.intent.action.MAIN cat=[android.intent.category.LAUNCHER] flg=0x10200000 cmp=org.kffs.habilisdatalogger/org.kivy.android.PythonActivity }, displayId=-1, but get Display failed
06-06 21:09:53.422  3838  4246 E ActivityManagerWrapper: getRecentTasks: mainTaskId=255   userId=0   windowMode=1   baseIntent=Intent { act=android.intent.action.MAIN flag=270532608 cmp=ComponentInfo{org.kffs.habilisdatalogger/org.kivy.android.PythonActivity} }
06-06 21:09:53.423  3838  4246 D WorldCirculate: getWorldCirculateInfo, taskInfo.baseIntent=Intent { act=android.intent.action.MAIN cat=[android.intent.category.LAUNCHER] flg=0x10200000 cmp=org.kffs.habilisdatalogger/org.kivy.android.PythonActivity }, displayId=-1, but get Display failed
06-06 21:09:53.553  3838  4246 E ActivityManagerWrapper: getRecentTasks: mainTaskId=255   userId=0   windowMode=1   baseIntent=Intent { act=android.intent.action.MAIN flag=270532608 cmp=ComponentInfo{org.kffs.habilisdatalogger/org.kivy.android.PythonActivity} }
06-06 21:09:53.560  3838  4246 D WorldCirculate: getWorldCirculateInfo, taskInfo.baseIntent=Intent { act=android.intent.action.MAIN cat=[android.intent.category.LAUNCHER] flg=0x10200000 cmp=org.kffs.habilisdatalogger/org.kivy.android.PythonActivity }, displayId=-1, but get Display failed
06-06 21:09:53.569  3838  4246 E ActivityManagerWrapper: getRecentTasks: mainTaskId=255   userId=0   windowMode=1   baseIntent=Intent { act=android.intent.action.MAIN flag=270532608 cmp=ComponentInfo{org.kffs.habilisdatalogger/org.kivy.android.PythonActivity} }
06-06 21:09:53.571  3838  4246 D WorldCirculate: getWorldCirculateInfo, taskInfo.baseIntent=Intent { act=android.intent.action.MAIN cat=[android.intent.category.LAUNCHER] flg=0x10200000 cmp=org.kffs.habilisdatalogger/org.kivy.android.PythonActivity }, displayId=-1, but get Display failed
06-06 21:09:57.133  3838  4246 E ActivityManagerWrapper: getRecentTasks: mainTaskId=255   userId=0   windowMode=1   baseIntent=Intent { act=android.intent.action.MAIN flag=270532608 cmp=ComponentInfo{org.kffs.habilisdatalogger/org.kivy.android.PythonActivity} }
06-06 21:09:57.146  3838  4246 D WorldCirculate: getWorldCirculateInfo, taskInfo.baseIntent=Intent { act=android.intent.action.MAIN cat=[android.intent.category.LAUNCHER] flg=0x10200000 cmp=org.kffs.habilisdatalogger/org.kivy.android.PythonActivity }, displayId=-1, but get Display failed
06-06 21:09:57.155  3838  4246 E ActivityManagerWrapper: getRecentTasks: mainTaskId=255   userId=0   windowMode=1   baseIntent=Intent { act=android.intent.action.MAIN flag=270532608 cmp=ComponentInfo{org.kffs.habilisdatalogger/org.kivy.android.PythonActivity} }
06-06 21:09:57.158  3838  4246 D WorldCirculate: getWorldCirculateInfo, taskInfo.baseIntent=Intent { act=android.intent.action.MAIN cat=[android.intent.category.LAUNCHER] flg=0x10200000 cmp=org.kffs.habilisdatalogger/org.kivy.android.PythonActivity }, displayId=-1, but get Display failed
06-06 21:09:57.392 27267 27665 I IconCustomizer: find better bitmap : 128, for org.kffs.habilisdatalogger
06-06 21:09:57.393 27267 27665 I IconCustomizer: find better bitmap : 128, for org.kffs.habilisdatalogger
06-06 21:09:57.393 27267 27665 I IconCustomizer: find better bitmap : 128, for org.kffs.habilisdatalogger
06-06 21:09:57.400 27267 27665 D IconCustomizer: Generate customized icon for org.kffs.habilisdatalogger.png, true
06-06 21:09:57.400 27267 27665 I IconCustomizer: composeIconWithTrans FullMask: for org.kffs.habilisdatalogger.png
06-06 21:10:02.860  3838  4246 E ActivityManagerWrapper: getRecentTasks: mainTaskId=255   userId=0   windowMode=1   baseIntent=Intent { act=android.intent.action.MAIN flag=270532608 cmp=ComponentInfo{org.kffs.habilisdatalogger/org.kivy.android.PythonActivity} }
06-06 21:10:02.864  3838  4246 D WorldCirculate: getWorldCirculateInfo, taskInfo.baseIntent=Intent { act=android.intent.action.MAIN cat=[android.intent.category.LAUNCHER] flg=0x10200000 cmp=org.kffs.habilisdatalogger/org.kivy.android.PythonActivity }, displayId=-1, but get Display failed
06-06 21:10:02.878  3838  4246 E ActivityManagerWrapper: getRecentTasks: mainTaskId=255   userId=0   windowMode=1   baseIntent=Intent { act=android.intent.action.MAIN flag=270532608 cmp=ComponentInfo{org.kffs.habilisdatalogger/org.kivy.android.PythonActivity} }
06-06 21:10:02.879  3838  4246 D WorldCirculate: getWorldCirculateInfo, taskInfo.baseIntent=Intent { act=android.intent.action.MAIN cat=[android.intent.category.LAUNCHER] flg=0x10200000 cmp=org.kffs.habilisdatalogger/org.kivy.android.PythonActivity }, displayId=-1, but get Display failed
06-06 21:10:05.378  3838  3838 D Launcher_DragView: new DragView:ShortcutInfo, id=-1, itemType=0, user=UserHandle{0}, mIconType=0, pkgName=org.kffs.habilisdatalogger, className=org.kivy.android.PythonActivity
06-06 21:10:05.802  3838  3838 D Launcher.ShortcutMenu: show shortcut menu when drop, pkgName=org.kffs.habilisdatalogger
06-06 21:10:06.235  3838  4106 W PreviewDisappear: getIcon info target: ComponentInfo{org.kffs.habilisdatalogger/org.kivy.android.PythonActivity}
06-06 21:10:06.235  3838  4106 W PreviewDisappear: getIcon info intent: Intent { act=android.intent.action.MAIN cat=[android.intent.category.LAUNCHER] flg=0x10200000 cmp=org.kffs.habilisdatalogger/org.kivy.android.PythonActivity (has extras) }
06-06 21:10:06.236  3838  3838 W System.err: android.content.pm.PackageManager$NameNotFoundException: org.kffs.habilisdatalogger
06-06 21:10:07.821  3838  4190 W System.err: android.content.pm.PackageManager$NameNotFoundException: org.kffs.habilisdatalogger
06-06 21:10:07.826  1948  3590 D PackageManager: Uninstall pkg: org.kffs.habilisdatalogger u0 flags:4 from u10158/3838 of com.miui.home
06-06 21:10:07.831  3838  4089 D Launcher.LauncherUtils: app(org.kffs.habilisdatalogger|UserHandle{0}) isDisable=false, backupProcessingPkg=null
06-06 21:10:07.831  1948  2334 I ActivityManager: Force stopping org.kffs.habilisdatalogger appid=10344 user=0: deletePackageX
06-06 21:10:07.833  1948  2726 I AppsFilter: interaction: PackageSetting{70724f4 com.fido.asm/10180} -> PackageSetting{1aa312f org.kffs.habilisdatalogger/10344} BLOCKED
06-06 21:10:07.837  3838  4089 D AutoInstallsParser: isPAIPackageName: org.kffs.habilisdatalogger
06-06 21:10:07.838  3838  4089 D Launcher.Model: onReceiveBackground, mAllAppsList=add=[], remove=[(0, AppInfo, id=-1, itemType=0, user=UserHandle{0}, mIconType=0, pkgName=org.kffs.habilisdatalogger, className=org.kivy.android.PythonActivity, screenId=-1, container=-1, cellX=-1, cellY=-1, spanX=1, spanY=1)], modified=[]
06-06 21:10:08.081  1948  2726 W PackageManager: java.lang.IllegalArgumentException: Unable to get package org.kffs.habilisdatalogger
06-06 21:10:08.157  1948  2726 W PackageFreezer: Freeze package org.kffs.habilisdatalogger about 0.326 seconds for reason: deletePackageX
06-06 21:10:08.172  1948  2726 I ActivityManager: Force stopping org.kffs.habilisdatalogger appid=10344 user=0: pkg removed
06-06 21:10:08.205  1948  2726 I ActivityManager: Force stopping org.kffs.habilisdatalogger appid=10344 user=0: pkg removed
06-06 21:10:08.520  3809  3809 D CarrierSvcBindHelper: onPackageRemoved: org.kffs.habilisdatalogger
06-06 21:10:08.531  5744  5744 D OsAgent : Package uninstalled, onReceive: org.kffs.habilisdatalogger
06-06 21:10:08.538 19295 19295 I InstalledAppMonitor: org.kffs.habilisdataloggeronReceive remove pkg=org.kffs.habilisdatalogger
06-06 21:10:08.569 13186 13633 W QSTileHostExt: package info not found: org.kffs.habilisdatalogger
06-06 21:10:08.641  3838 21198 E InstallApkReceiver: uninstall:package:org.kffs.habilisdatalogger
06-06 21:10:08.663  5385  6746 D MediaProvider: Deleted 0 Android/media items belonging to org.kffs.habilisdatalogger on /data/user/0/com.google.android.providers.media.module/databases/external.db
06-06 21:10:08.703  5385  6746 I FuseDaemon: Successfully deleted rows in leveldb for owner_id:  and ownerPackageIdentifier: org.kffs.habilisdatalogger::0
06-06 21:10:08.704  5385  6746 D MediaGrants: Removed 0 media_grants for 0 user for [org.kffs.habilisdatalogger]. Reason: Package orphaned
06-06 21:10:08.775  5681  9825 W SQLiteLog: (28) double-quoted string literal: "org.kffs.habilisdatalogger"
06-06 21:10:08.784 19475 19598 E PackageUtils: android.content.pm.PackageManager$NameNotFoundException: org.kffs.habilisdatalogger
06-06 21:10:08.830  1948  2839 D MiuiNetworkPolicyAppBuckets: updateAppPN packageName=org.kffs.habilisdatalogger,uid=10344,installed=false
06-06 21:10:08.835  1948  2779 I RollbackManager: broadcast=ACTION_PACKAGE_FULLY_REMOVED pkg=org.kffs.habilisdatalogger
06-06 21:10:08.847 30794 30803 W hbox:interactor: ApkAssets: Deleting an ApkAssets object '<empty> and /data/app/~~xohNL_sjW5EWglXuXdI8uw==/org.kffs.habilisdatalogger-hVmvN0HK_u9cJkG3-e_C8A==/base.apk' with 1 weak references
06-06 21:10:08.877  1948  2840 W WifiService: Couldn't get PackageInfo for package:org.kffs.habilisdatalogger
06-06 21:10:08.877  1948  2840 D WifiService: Remove settings for package:org.kffs.habilisdatalogger
06-06 21:10:08.885  1948  2840 D WifiConfigManager: Remove all networks for app ApplicationInfo{e0a260a org.kffs.habilisdatalogger}
06-06 21:10:08.895  1948  1948 E SLM-SRV-SLAAppLib: initBroadcastReceiverorg.kffs.habilisdatalogger
06-06 21:10:08.895  1948  1948 I SLM-SRV-SLAAppLib: ACTION_PACKAGE_REMOVED uid = 10344org.kffs.habilisdatalogger
06-06 21:10:08.916 16308 16549 I ResidentChecker: check: StartScan pkg=org.kffs.habilisdatalogger
06-06 21:10:08.948  1948  1948 I Telecom : CarModeTracker: Package org.kffs.habilisdatalogger is not tracked.: SSH.oR@NjY
06-06 21:10:08.987  1948  2840 I PasspointManager: No app ops listener found for org.kffs.habilisdatalogger
06-06 21:10:08.987  1948  2840 W WifiService: Couldn't get PackageInfo for package:org.kffs.habilisdatalogger
06-06 21:10:08.987  1948  2840 D WifiService: Remove settings for package:org.kffs.habilisdatalogger
06-06 21:10:08.987  1948  2840 D WifiConfigManager: Remove all networks for app ApplicationInfo{efae386 org.kffs.habilisdatalogger}
06-06 21:10:09.008  1948  2840 I PasspointManager: No app ops listener found for org.kffs.habilisdatalogger
06-06 21:10:09.058  1948  1948 I ConditionProviders: Disallowing condition provider org.kffs.habilisdatalogger (userSet: true)
06-06 21:10:09.185 30305 30305 I Finsky:background: [2] Package no longer installed: org.kffs.habilisdatalogger
06-06 21:10:09.225 27787 27906 I ProximityAuth: [RecentAppsMediator] Package removed: (user=UserHandle{0}) org.kffs.habilisdatalogger
06-06 21:10:09.286  1447  1447 I Finsky  : [2] AIM: AppInfoCacheUpdater -> invalidating apps: [org.kffs.habilisdatalogger]
06-06 21:10:09.340 30305 30305 I Finsky:background: [2] Package no longer installed: org.kffs.habilisdatalogger
06-06 21:10:09.372  1447  1479 I Finsky  : [241] AIM: AppInfoManager-Perf > OnDeviceAppInfo > cacheHitCount=0, cacheMissCount=1. Missed  in cache (limit 10) : [org.kffs.habilisdatalogger]
06-06 21:10:09.516 30305 30305 I Finsky:background: [2] Package no longer installed: org.kffs.habilisdatalogger
06-06 21:10:09.535 30305 30421 I Finsky:background: [248] IQ:PSL: skipping onPackageRemoved(replacing=false) for untracked package=org.kffs.habilisdatalogger
06-06 21:10:09.627 27212 15630 I Icing   : doRemovePackageData org.kffs.habilisdatalogger
06-06 21:10:09.643  1447 27944 I Finsky  : [420] Asset module storage cleared for package org.kffs.habilisdatalogger.
06-06 21:10:09.917  6945  6945 D PersistedStoragePackageUninstalledReceiver: Received android.intent.action.PACKAGE_FULLY_REMOVED for org.kffs.habilisdatalogger for u0
06-06 21:10:09.984  1447  1447 W Finsky  : [2] STU: Failed to get storage stats for package 'org.kffs.habilisdatalogger' (1601: Error getting stats: android.content.pm.PackageManager.NameNotFoundException)
06-06 21:10:10.075  9052  9052 D AppFinder:AppFinderLoadModel: package removed received org.kffs.habilisdatalogger
06-06 21:10:10.100  9052  9174 D AppFinder:PackageUpdatedTask: Removing app iconorg.kffs.habilisdatalogger
06-06 21:10:10.118 14552 28051 D ContactDirectoryManager: onPackageChanged,updateDirectoriesForPackage, packageName:org.kffs.habilisdatalogger
06-06 21:10:10.128 27212 27898 W RWIPackageIntentOps: Registries cleared for package: org.kffs.habilisdatalogger
06-06 21:10:10.130  9052  9052 I PackageInstallReceiver: action = android.intent.action.PACKAGE_REMOVED packageName = org.kffs.habilisdatalogger
06-06 21:10:10.310 27212 27905 W SQLiteLog: (28) double-quoted string literal: "org.kffs.habilisdatalogger"
06-06 21:10:10.427  1447  1447 I Finsky  : [2] Received an install/uninstall event for package org.kffs.habilisdatalogger
06-06 21:10:10.556 28018 28018 I VSC-AppInstallReceiver: action: android.intent.action.PACKAGE_FULLY_REMOVED, packageName: org.kffs.habilisdatalogger
06-06 21:10:12.055 19295 19413 W MIUISafety-Monitor: checkRunningOp end for org.kffs.habilisdatalogger cost 1ms, should sync = false
06-06 21:10:12.525  3838  3838 D Launcher.Model: LauncherAppsCallback onPackageRemoved|org.kffs.habilisdatalogger|UserHandle{0}
06-06 21:10:12.543  3838  4089 D AutoInstallsParser: isPAIPackageName: org.kffs.habilisdatalogger
06-06 21:10:12.569  6155  6155 I lyra-net-StaticRegistersManager: remove: org.kffs.habilisdatalogger, null
06-06 21:10:23.021 27267 27663 I IconCustomizer: find better bitmap : 128, for org.kffs.habilisdatalogger
06-06 21:10:23.022 27267 27663 I IconCustomizer: find better bitmap : 128, for org.kffs.habilisdatalogger
06-06 21:10:23.022 27267 27663 I IconCustomizer: find better bitmap : 128, for org.kffs.habilisdatalogger
06-06 21:10:23.025 27267 27663 D IconCustomizer: Generate customized icon for org.kffs.habilisdatalogger.png, true
06-06 21:10:23.025 27267 27663 I IconCustomizer: composeIconWithTrans FullMask: for org.kffs.habilisdatalogger.png
06-06 21:10:24.469 28633 28633 I IconCustomizer: find better bitmap : 128, for org.kffs.habilisdatalogger
06-06 21:10:24.469 28633 28633 I IconCustomizer: find better bitmap : 128, for org.kffs.habilisdatalogger
06-06 21:10:24.469 28633 28633 I IconCustomizer: find better bitmap : 128, for org.kffs.habilisdatalogger
06-06 21:10:24.475 28633 28633 D IconCustomizer: Generate customized icon for org.kffs.habilisdatalogger.png, true
06-06 21:10:24.475 28633 28633 I IconCustomizer: composeIconWithTrans FullMask: for org.kffs.habilisdatalogger.png
06-06 21:10:40.163  1447  1447 I Finsky  : [2] VerifyApps: Install-time verification requested for package org.kffs.habilisdatalogger, PackageManager id = 100, Verifier id = 649e25ab-cae3-4ec8-b82b-3133dcffc332
06-06 21:10:40.306  1447 28023 I Finsky  : [430] VerifyApps: Anti-malware verification task started for package=org.kffs.habilisdatalogger
06-06 21:10:40.456  1447 28023 I Finsky  : [430] VerifyApps: chooseScanResult for package=org.kffs.habilisdatalogger with timeout=15000ms
06-06 21:10:40.463  1447  1487 I Finsky  : [247] VerifyApps: Starting APK Analysis scan for org.kffs.habilisdatalogger.
06-06 21:10:40.464  1447  1487 I Finsky  : [247] Scanning package org.kffs.habilisdatalogger contents with client side protections. File: [KzlG7jjnbrY-ThvwqIxOzDZpXJVaSodqw8B2-_7iem8]
