06-06 20:44:25.131  3838  4246 W RecentsModel: getRunningTask   taskInfo=TaskInfo{userId=0 taskId=255 displayId=0 isRunning=true baseIntent=Intent { act=android.intent.action.MAIN cat=[android.intent.category.LAUNCHER] flg=0x10200000 cmp=org.kffs.habilisdatalogger/org.kivy.android.PythonActivity } baseActivity=ComponentInfo{org.kffs.habilisdatalogger/org.kivy.android.PythonActivity} topActivity=ComponentInfo{org.kffs.habilisdatalogger/org.kivy.android.PythonActivity} origActivity=null realActivity=ComponentInfo{org.kffs.habilisdatalogger/org.kivy.android.PythonActivity} numActivities=1 lastActiveTime=213879606 supportsSplitScreenMultiWindow=true supportsMultiWindow=true resizeMode=1 isResizeable=true minWidth=-1 minHeight=-1 defaultMinSize=200 token=WCT{android.window.IWindowContainerToken$Stub$Proxy@fc4201c} topActivityType=1 pictureInPictureParams=null shouldDockBigOverlays=false launchIntoPipHostTaskId=-1 lastParentTaskIdBeforePip=-1 displayCutoutSafeInsets=Rect(0, 98 - 0, 0) topActivityInfo=ActivityInfo{9f26425 org.kivy.android.PythonActivity} launchCookies=[] positionInParent=Point(0, 0) parentTaskId=-1 isFocused=true isVisible=true isVisibleRequested=true isSleeping=false topActivityInSizeCompat=false topActivityInMiuiSizeCompat=false topActivityEligibleForLetterboxEducation= false topActivityLetterboxed= false isFromDoubleTap= false topActivityLetterboxVerticalPosition= -1 topActivityLetterboxHorizontalPosition= -1 topActivityLetterboxWidth=-1 topActivityLetterboxHeight=-1 locusId=null displayAreaFeatureId=1 cameraCompatControlState=hidden mIsCastMode=false mTopActivityMediaSize=null mTopActivityRecordName=ActivityRecord{390c372 u0 org.kffs.habilisdatalogger/org.kivy.android.PythonActivity t255} mTopActivityOrientation=1 mTopActivityWindowIsNowVisible=false isTranslucent=false isEmbedded=false shouldBeVisible=true mBehindAppLockPkg=null mOriginatingUid=0}
06-06 20:44:25.131  3838  4246 W RecentsModel: getTaskInfoIgnoreHomeAndFreeform   taskInfo=ComponentInfo{org.kffs.habilisdatalogger/org.kivy.android.PythonActivity}
06-06 20:44:25.149 22864 22864 I GoogleInputMethodService: GoogleInputMethodService.onStartInput():1446 onStartInput(EditorInfo{EditorInfo{packageName=org.kffs.habilisdatalogger, inputType=0, inputTypeString=NULL, enableLearning=false, autoCorrection=false, autoComplete=false, imeOptions=0, privateImeOptions=null, actionName=UNSPECIFIED, actionLabel=null, initialSelStart=-1, initialSelEnd=-1, initialCapsMode=0, label=null, fieldId=0, fieldName=null, extras=Bundle[mParcelledData.dataSize=72], hintText=null, hintLocales=[]}}, false)
06-06 20:44:25.151  1948  4109 W PackageConfigPersister: App-specific configuration not found for packageName: org.kffs.habilisdatalogger and userId: 0
06-06 20:44:25.152  3838  4246 E ActivityManagerWrapper: getRecentTasks: mainTaskId=255   userId=0   windowMode=1   baseIntent=Intent { act=android.intent.action.MAIN flag=270532608 cmp=ComponentInfo{org.kffs.habilisdatalogger/org.kivy.android.PythonActivity} }
06-06 20:44:25.186 18175 18175 W SDLThread: type=1400 audit(0.0:124213): avc:  granted  { execute } for  path="/data/data/org.kffs.habilisdatalogger/files/app/_python_bundle/modules/_json.cpython-310.so" dev="dm-53" ino=99181 scontext=u:r:untrusted_app_32:s0:c88,c257,c512,c768 tcontext=u:object_r:app_data_file:s0:c88,c257,c512,c768 tclass=file app=org.kffs.habilisdatalogger
06-06 20:44:25.230 18175 18175 W SDLThread: type=1400 audit(0.0:124214): avc:  granted  { execute } for  path="/data/data/org.kffs.habilisdatalogger/files/app/_python_bundle/modules/math.cpython-310.so" dev="dm-53" ino=74264 scontext=u:r:untrusted_app_32:s0:c88,c257,c512,c768 tcontext=u:object_r:app_data_file:s0:c88,c257,c512,c768 tclass=file app=org.kffs.habilisdatalogger
06-06 20:44:25.234 18175 18175 W SDLThread: type=1400 audit(0.0:124215): avc:  granted  { execute } for  path="/data/data/org.kffs.habilisdatalogger/files/app/_python_bundle/modules/_heapq.cpython-310.so" dev="dm-53" ino=99541 scontext=u:r:untrusted_app_32:s0:c88,c257,c512,c768 tcontext=u:object_r:app_data_file:s0:c88,c257,c512,c768 tclass=file app=org.kffs.habilisdatalogger
06-06 20:44:25.280 18175 18214 I python  : [INFO   ] [Logger      ] Record log in /data/user/0/org.kffs.habilisdatalogger/files/app/.kivy/logs/kivy_26-06-06_1.txt
06-06 20:44:25.281 18175 18214 I python  : [INFO   ] [Kivy        ] v2.2.1
06-06 20:44:25.281 18175 18214 I python  : [INFO   ] [Kivy        ] Installed at "/data/user/0/org.kffs.habilisdatalogger/files/app/_python_bundle/site-packages/kivy/__init__.pyc"
06-06 20:44:25.281 18175 18214 I python  : [INFO   ] [Python      ] v3.10.11 (main, May 27 2026, 00:26:06) [Clang 14.0.7 (https://android.googlesource.com/toolchain/llvm-project 4c603efb0
06-06 20:44:25.281 18175 18214 I python  : [INFO   ] [Python      ] Interpreter at "/data/user/0/org.kffs.habilisdatalogger/files/app/.bin/python"
06-06 20:44:25.281 18175 18214 I python  : [INFO   ] [Logger      ] Purge log fired. Processing...
06-06 20:44:25.282 18175 18214 I python  : [INFO   ] [Logger      ] Purge finished!
06-06 20:44:25.284 18175 18214 I python  : [INFO   ] [KivyMD      ] 1.1.1, git-Unknown, 2026-05-27 (installed at "/data/user/0/org.kffs.habilisdatalogger/files/app/_python_bundle/site-packages/kivymd/__init__.pyc")
06-06 20:44:25.293 18175 18214 I python  : [INFO   ] [Factory     ] 190 symbols loaded
06-06 20:44:25.990 18175 18175 W SDLThread: type=1400 audit(0.0:124233): avc:  granted  { execute } for  path="/data/data/org.kffs.habilisdatalogger/files/app/_python_bundle/modules/_socket.cpython-310.so" dev="dm-53" ino=13168 scontext=u:r:untrusted_app_32:s0:c88,c257,c512,c768 tcontext=u:object_r:app_data_file:s0:c88,c257,c512,c768 tclass=file app=org.kffs.habilisdatalogger
06-06 20:44:25.994 18175 18175 W SDLThread: type=1400 audit(0.0:124234): avc:  granted  { execute } for  path="/data/data/org.kffs.habilisdatalogger/files/app/_python_bundle/modules/array.cpython-310.so" dev="dm-53" ino=88462 scontext=u:r:untrusted_app_32:s0:c88,c257,c512,c768 tcontext=u:object_r:app_data_file:s0:c88,c257,c512,c768 tclass=file app=org.kffs.habilisdatalogger
06-06 20:44:25.998 18175 18175 W SDLThread: type=1400 audit(0.0:124235): avc:  granted  { execute } for  path="/data/data/org.kffs.habilisdatalogger/files/app/_python_bundle/modules/_ssl.cpython-310.so" dev="dm-53" ino=98933 scontext=u:r:untrusted_app_32:s0:c88,c257,c512,c768 tcontext=u:object_r:app_data_file:s0:c88,c257,c512,c768 tclass=file app=org.kffs.habilisdatalogger
06-06 20:44:26.006 18175 18175 W SDLThread: type=1400 audit(0.0:124236): avc:  granted  { execute } for  path="/data/data/org.kffs.habilisdatalogger/files/app/_python_bundle/modules/binascii.cpython-310.so" dev="dm-53" ino=82150 scontext=u:r:untrusted_app_32:s0:c88,c257,c512,c768 tcontext=u:object_r:app_data_file:s0:c88,c257,c512,c768 tclass=file app=org.kffs.habilisdatalogger
06-06 20:44:26.014 18175 18175 W SDLThread: type=1400 audit(0.0:124237): avc:  granted  { execute } for  path="/data/data/org.kffs.habilisdatalogger/files/app/_python_bundle/modules/_contextvars.cpython-310.so" dev="dm-53" ino=98513 scontext=u:r:untrusted_app_32:s0:c88,c257,c512,c768 tcontext=u:object_r:app_data_file:s0:c88,c257,c512,c768 tclass=file app=org.kffs.habilisdatalogger
06-06 20:44:26.097 18175 18214 I python  : [INFO   ] [Image       ] Providers: img_tex, img_dds, img_sdl2 (img_pil, img_ffpyplayer ignored)
06-06 20:44:26.122 18175 18214 I python  : [INFO   ] [Text        ] Provider: sdl2
06-06 20:44:26.291 18175 18214 I python  : [INFO   ] [Window      ] Provider: sdl2
06-06 20:44:26.304 18175 18214 V SDL     : setOrientation() requestedOrientation=1 width=800 height=600 resizable=true hint=Portrait
06-06 20:44:26.306 18175 18214 I SDL/APP : pixel format wanted SDL_PIXELFORMAT_RGBA8888 (1), got SDL_PIXELFORMAT_RGBA8888 (1)
06-06 20:44:26.308 18175 18214 I python  : [INFO   ] [GL          ] Using the "OpenGL ES 2" graphics system
06-06 20:44:26.313  1948  3590 I PowerManagerServiceImpl: Acquire wakelock: SCREEN_BRIGHT_WAKE_LOCK        'WindowManager/displayId:0' ON_AFTER_RELEASE (uid=1000 pid=1948 pkg=android ws=WorkSource{10344 org.kffs.habilisdatalogger})
06-06 20:44:26.314 18175 18214 I python  : [INFO   ] [GL          ] Backend used <sdl2>
06-06 20:44:26.314 18175 18214 I python  : [INFO   ] [GL          ] OpenGL version <b'OpenGL ES 3.2 V@0530.57 (GIT@4bbe300fc3, Ie69fc1c69b, 1747652194) (Date:05/19/25)'>
06-06 20:44:26.314 18175 18214 I python  : [INFO   ] [GL          ] OpenGL vendor <b'Qualcomm'>
06-06 20:44:26.314 18175 18214 I python  : [INFO   ] [GL          ] OpenGL renderer <b'Adreno (TM) 642L'>
06-06 20:44:26.315 18175 18214 I python  : [INFO   ] [GL          ] OpenGL parsed version: 3, 2
06-06 20:44:26.315 18175 18214 I python  : [INFO   ] [GL          ] Texture max size <16384>
06-06 20:44:26.315 18175 18214 I python  : [INFO   ] [GL          ] Texture max units <16>
06-06 20:44:26.333 18175 18214 I python  : [INFO   ] [Window      ] auto add sdl2 input provider
06-06 20:44:26.335 18175 18214 I python  : [INFO   ] [Window      ] virtual keyboard not allowed, single mode, not docked
06-06 20:44:26.345  1948  5734 I PowerManagerServiceImpl: Release wakelock: SCREEN_BRIGHT_WAKE_LOCK        'WindowManager/displayId:0' ON_AFTER_RELEASE DISABLED ACQ=-30ms (uid=1000 pid=1948 pkg=android ws=WorkSource{10344 org.kffs.habilisdatalogger})
06-06 20:44:26.556 18175 18214 I python  : Could not set FileProvider: No module named 'plyer.camera'
06-06 20:44:27.961 18175 18214 I python  : [WARNING] [Base        ] Unknown <android> provider
06-06 20:44:27.962 18175 18214 I python  : [INFO   ] [Base        ] Start application main loop
06-06 20:44:27.997 18175 18214 I python  : [INFO   ] [GL          ] NPOT texture support is available
06-06 20:44:29.046 18175 18214 F libc    : Fatal signal 11 (SIGSEGV), code 1 (SEGV_MAPERR), fault addr 0x40 in tid 18214 (SDLThread), pid 18175 (SDLActivity)
06-06 20:44:29.572 18244 18244 F DEBUG   : Cmdline: org.kffs.habilisdatalogger
06-06 20:44:29.572 18244 18244 F DEBUG   : pid: 18175, tid: 18214, name: SDLThread  >>> org.kffs.habilisdatalogger <<<
06-06 20:44:29.572 18244 18244 F DEBUG   :   NOTE:   /data/data/org.kffs.habilisdatalogger/files/app/_python_bundle/site-packages/kivy/_event.so
06-06 20:44:29.572 18244 18244 F DEBUG   :   NOTE:   /data/data/org.kffs.habilisdatalogger/files/app/_python_bundle/site-packages/kivy/graphics/compiler.so
06-06 20:44:29.572 18244 18244 F DEBUG   :   NOTE:   /data/data/org.kffs.habilisdatalogger/files/app/_python_bundle/site-packages/kivy/graphics/instructions.so
06-06 20:44:29.572 18244 18244 F DEBUG   :   NOTE:   /data/data/org.kffs.habilisdatalogger/files/app/_python_bundle/site-packages/kivy/graphics/vbo.so
06-06 20:44:29.573 18244 18244 F DEBUG   :       #04 pc 000000000000eee0  /data/data/org.kffs.habilisdatalogger/files/app/_python_bundle/site-packages/kivy/graphics/vbo.so
06-06 20:44:29.573 18244 18244 F DEBUG   :       #05 pc 000000000001a87c  /data/data/org.kffs.habilisdatalogger/files/app/_python_bundle/site-packages/kivy/graphics/instructions.so
06-06 20:44:29.573 18244 18244 F DEBUG   :       #06 pc 000000000000b010  /data/data/org.kffs.habilisdatalogger/files/app/_python_bundle/site-packages/kivy/graphics/compiler.so
06-06 20:44:29.573 18244 18244 F DEBUG   :       #07 pc 0000000000017e04  /data/data/org.kffs.habilisdatalogger/files/app/_python_bundle/site-packages/kivy/graphics/instructions.so
06-06 20:44:29.573 18244 18244 F DEBUG   :       #08 pc 0000000000017544  /data/data/org.kffs.habilisdatalogger/files/app/_python_bundle/site-packages/kivy/graphics/instructions.so
06-06 20:44:29.573 18244 18244 F DEBUG   :       #09 pc 000000000001b35c  /data/data/org.kffs.habilisdatalogger/files/app/_python_bundle/site-packages/kivy/graphics/instructions.so
06-06 20:44:29.573 18244 18244 F DEBUG   :       #10 pc 000000000001ce50  /data/data/org.kffs.habilisdatalogger/files/app/_python_bundle/site-packages/kivy/graphics/instructions.so
06-06 20:44:29.573 18244 18244 F DEBUG   :       #11 pc 000000000000b010  /data/data/org.kffs.habilisdatalogger/files/app/_python_bundle/site-packages/kivy/graphics/compiler.so
06-06 20:44:29.573 18244 18244 F DEBUG   :       #12 pc 0000000000017e04  /data/data/org.kffs.habilisdatalogger/files/app/_python_bundle/site-packages/kivy/graphics/instructions.so
06-06 20:44:29.573 18244 18244 F DEBUG   :       #13 pc 0000000000017544  /data/data/org.kffs.habilisdatalogger/files/app/_python_bundle/site-packages/kivy/graphics/instructions.so
06-06 20:44:29.573 18244 18244 F DEBUG   :       #14 pc 000000000000b010  /data/data/org.kffs.habilisdatalogger/files/app/_python_bundle/site-packages/kivy/graphics/compiler.so
06-06 20:44:29.573 18244 18244 F DEBUG   :       #15 pc 0000000000017e04  /data/data/org.kffs.habilisdatalogger/files/app/_python_bundle/site-packages/kivy/graphics/instructions.so
06-06 20:44:29.573 18244 18244 F DEBUG   :       #16 pc 0000000000017544  /data/data/org.kffs.habilisdatalogger/files/app/_python_bundle/site-packages/kivy/graphics/instructions.so
06-06 20:44:29.573 18244 18244 F DEBUG   :       #17 pc 000000000001b35c  /data/data/org.kffs.habilisdatalogger/files/app/_python_bundle/site-packages/kivy/graphics/instructions.so
06-06 20:44:29.573 18244 18244 F DEBUG   :       #18 pc 000000000000b010  /data/data/org.kffs.habilisdatalogger/files/app/_python_bundle/site-packages/kivy/graphics/compiler.so
06-06 20:44:29.573 18244 18244 F DEBUG   :       #19 pc 0000000000017e04  /data/data/org.kffs.habilisdatalogger/files/app/_python_bundle/site-packages/kivy/graphics/instructions.so
06-06 20:44:29.573 18244 18244 F DEBUG   :       #20 pc 0000000000017544  /data/data/org.kffs.habilisdatalogger/files/app/_python_bundle/site-packages/kivy/graphics/instructions.so
06-06 20:44:29.573 18244 18244 F DEBUG   :       #21 pc 000000000001b35c  /data/data/org.kffs.habilisdatalogger/files/app/_python_bundle/site-packages/kivy/graphics/instructions.so
06-06 20:44:29.573 18244 18244 F DEBUG   :       #22 pc 000000000000b010  /data/data/org.kffs.habilisdatalogger/files/app/_python_bundle/site-packages/kivy/graphics/compiler.so
06-06 20:44:29.573 18244 18244 F DEBUG   :       #23 pc 0000000000017e04  /data/data/org.kffs.habilisdatalogger/files/app/_python_bundle/site-packages/kivy/graphics/instructions.so
06-06 20:44:29.573 18244 18244 F DEBUG   :       #24 pc 0000000000017544  /data/data/org.kffs.habilisdatalogger/files/app/_python_bundle/site-packages/kivy/graphics/instructions.so
06-06 20:44:29.573 18244 18244 F DEBUG   :       #25 pc 000000000001b35c  /data/data/org.kffs.habilisdatalogger/files/app/_python_bundle/site-packages/kivy/graphics/instructions.so
06-06 20:44:29.573 18244 18244 F DEBUG   :       #26 pc 000000000000b010  /data/data/org.kffs.habilisdatalogger/files/app/_python_bundle/site-packages/kivy/graphics/compiler.so
06-06 20:44:29.573 18244 18244 F DEBUG   :       #27 pc 0000000000017e04  /data/data/org.kffs.habilisdatalogger/files/app/_python_bundle/site-packages/kivy/graphics/instructions.so
06-06 20:44:29.573 18244 18244 F DEBUG   :       #28 pc 0000000000017544  /data/data/org.kffs.habilisdatalogger/files/app/_python_bundle/site-packages/kivy/graphics/instructions.so
06-06 20:44:29.573 18244 18244 F DEBUG   :       #29 pc 000000000001b35c  /data/data/org.kffs.habilisdatalogger/files/app/_python_bundle/site-packages/kivy/graphics/instructions.so
06-06 20:44:29.573 18244 18244 F DEBUG   :       #30 pc 000000000000b010  /data/data/org.kffs.habilisdatalogger/files/app/_python_bundle/site-packages/kivy/graphics/compiler.so
06-06 20:44:29.573 18244 18244 F DEBUG   :       #31 pc 0000000000017e04  /data/data/org.kffs.habilisdatalogger/files/app/_python_bundle/site-packages/kivy/graphics/instructions.so
06-06 20:44:29.573 18244 18244 F DEBUG   :       #32 pc 0000000000017544  /data/data/org.kffs.habilisdatalogger/files/app/_python_bundle/site-packages/kivy/graphics/instructions.so
06-06 20:44:29.573 18244 18244 F DEBUG   :       #33 pc 000000000001b35c  /data/data/org.kffs.habilisdatalogger/files/app/_python_bundle/site-packages/kivy/graphics/instructions.so
06-06 20:44:29.573 18244 18244 F DEBUG   :       #34 pc 000000000000b010  /data/data/org.kffs.habilisdatalogger/files/app/_python_bundle/site-packages/kivy/graphics/compiler.so
06-06 20:44:29.573 18244 18244 F DEBUG   :       #35 pc 0000000000017e04  /data/data/org.kffs.habilisdatalogger/files/app/_python_bundle/site-packages/kivy/graphics/instructions.so
06-06 20:44:29.573 18244 18244 F DEBUG   :       #36 pc 0000000000017544  /data/data/org.kffs.habilisdatalogger/files/app/_python_bundle/site-packages/kivy/graphics/instructions.so
06-06 20:44:29.573 18244 18244 F DEBUG   :       #37 pc 000000000001b35c  /data/data/org.kffs.habilisdatalogger/files/app/_python_bundle/site-packages/kivy/graphics/instructions.so
06-06 20:44:29.573 18244 18244 F DEBUG   :       #38 pc 000000000001ce50  /data/data/org.kffs.habilisdatalogger/files/app/_python_bundle/site-packages/kivy/graphics/instructions.so
06-06 20:44:29.573 18244 18244 F DEBUG   :       #39 pc 000000000001c6c0  /data/data/org.kffs.habilisdatalogger/files/app/_python_bundle/site-packages/kivy/graphics/instructions.so
06-06 20:44:29.573 18244 18244 F DEBUG   :       #40 pc 000000000002c8cc  /data/data/org.kffs.habilisdatalogger/files/app/_python_bundle/site-packages/kivy/graphics/instructions.so
06-06 20:44:29.573 18244 18244 F DEBUG   :       #41 pc 000000000002c884  /data/data/org.kffs.habilisdatalogger/files/app/_python_bundle/site-packages/kivy/graphics/instructions.so
06-06 20:44:29.573 18244 18244 F DEBUG   :       #42 pc 0000000000171dfc  /data/app/~~xohNL_sjW5EWglXuXdI8uw==/org.kffs.habilisdatalogger-hVmvN0HK_u9cJkG3-e_C8A==/lib/arm64/libpython3.10.so
06-06 20:44:29.573 18244 18244 F DEBUG   :       #43 pc 00000000002390d4  /data/app/~~xohNL_sjW5EWglXuXdI8uw==/org.kffs.habilisdatalogger-hVmvN0HK_u9cJkG3-e_C8A==/lib/arm64/libpython3.10.so
06-06 20:44:29.573 18244 18244 F DEBUG   :       #44 pc 0000000000234ee4  /data/app/~~xohNL_sjW5EWglXuXdI8uw==/org.kffs.habilisdatalogger-hVmvN0HK_u9cJkG3-e_C8A==/lib/arm64/libpython3.10.so (_PyEval_EvalFrameDefault+9272)
06-06 20:44:29.573 18244 18244 F DEBUG   :       #45 pc 000000000023298c  /data/app/~~xohNL_sjW5EWglXuXdI8uw==/org.kffs.habilisdatalogger-hVmvN0HK_u9cJkG3-e_C8A==/lib/arm64/libpython3.10.so
06-06 20:44:29.573 18244 18244 F DEBUG   :       #46 pc 000000000016afa8  /data/app/~~xohNL_sjW5EWglXuXdI8uw==/org.kffs.habilisdatalogger-hVmvN0HK_u9cJkG3-e_C8A==/lib/arm64/libpython3.10.so
06-06 20:44:29.573 18244 18244 F DEBUG   :       #47 pc 00000000000146b4  /data/data/org.kffs.habilisdatalogger/files/app/_python_bundle/site-packages/kivy/_event.so
06-06 20:44:29.573 18244 18244 F DEBUG   :       #48 pc 00000000000328c4  /data/data/org.kffs.habilisdatalogger/files/app/_python_bundle/site-packages/kivy/_event.so
06-06 20:44:29.573 18244 18244 F DEBUG   :       #49 pc 00000000000287e0  /data/data/org.kffs.habilisdatalogger/files/app/_python_bundle/site-packages/kivy/_event.so
06-06 20:44:29.573 18244 18244 F DEBUG   :       #50 pc 0000000000171a40  /data/app/~~xohNL_sjW5EWglXuXdI8uw==/org.kffs.habilisdatalogger-hVmvN0HK_u9cJkG3-e_C8A==/lib/arm64/libpython3.10.so
06-06 20:44:29.573 18244 18244 F DEBUG   :       #51 pc 00000000002390d4  /data/app/~~xohNL_sjW5EWglXuXdI8uw==/org.kffs.habilisdatalogger-hVmvN0HK_u9cJkG3-e_C8A==/lib/arm64/libpython3.10.so
06-06 20:44:29.573 18244 18244 F DEBUG   :       #52 pc 0000000000234ee4  /data/app/~~xohNL_sjW5EWglXuXdI8uw==/org.kffs.habilisdatalogger-hVmvN0HK_u9cJkG3-e_C8A==/lib/arm64/libpython3.10.so (_PyEval_EvalFrameDefault+9272)
06-06 20:44:29.573 18244 18244 F DEBUG   :       #53 pc 000000000023298c  /data/app/~~xohNL_sjW5EWglXuXdI8uw==/org.kffs.habilisdatalogger-hVmvN0HK_u9cJkG3-e_C8A==/lib/arm64/libpython3.10.so
06-06 20:44:29.573 18244 18244 F DEBUG   :       #54 pc 00000000002390d4  /data/app/~~xohNL_sjW5EWglXuXdI8uw==/org.kffs.habilisdatalogger-hVmvN0HK_u9cJkG3-e_C8A==/lib/arm64/libpython3.10.so
06-06 20:44:29.573 18244 18244 F DEBUG   :       #55 pc 0000000000234ee4  /data/app/~~xohNL_sjW5EWglXuXdI8uw==/org.kffs.habilisdatalogger-hVmvN0HK_u9cJkG3-e_C8A==/lib/arm64/libpython3.10.so (_PyEval_EvalFrameDefault+9272)
06-06 20:44:29.573 18244 18244 F DEBUG   :       #56 pc 000000000023298c  /data/app/~~xohNL_sjW5EWglXuXdI8uw==/org.kffs.habilisdatalogger-hVmvN0HK_u9cJkG3-e_C8A==/lib/arm64/libpython3.10.so
06-06 20:44:29.573 18244 18244 F DEBUG   :       #57 pc 00000000002390d4  /data/app/~~xohNL_sjW5EWglXuXdI8uw==/org.kffs.habilisdatalogger-hVmvN0HK_u9cJkG3-e_C8A==/lib/arm64/libpython3.10.so
06-06 20:44:29.573 18244 18244 F DEBUG   :       #58 pc 0000000000234ee4  /data/app/~~xohNL_sjW5EWglXuXdI8uw==/org.kffs.habilisdatalogger-hVmvN0HK_u9cJkG3-e_C8A==/lib/arm64/libpython3.10.so (_PyEval_EvalFrameDefault+9272)
06-06 20:44:29.573 18244 18244 F DEBUG   :       #59 pc 000000000023298c  /data/app/~~xohNL_sjW5EWglXuXdI8uw==/org.kffs.habilisdatalogger-hVmvN0HK_u9cJkG3-e_C8A==/lib/arm64/libpython3.10.so
06-06 20:44:29.573 18244 18244 F DEBUG   :       #60 pc 00000000002390d4  /data/app/~~xohNL_sjW5EWglXuXdI8uw==/org.kffs.habilisdatalogger-hVmvN0HK_u9cJkG3-e_C8A==/lib/arm64/libpython3.10.so
06-06 20:44:29.573 18244 18244 F DEBUG   :       #61 pc 00000000002349c8  /data/app/~~xohNL_sjW5EWglXuXdI8uw==/org.kffs.habilisdatalogger-hVmvN0HK_u9cJkG3-e_C8A==/lib/arm64/libpython3.10.so (_PyEval_EvalFrameDefault+7964)
06-06 20:44:29.573 18244 18244 F DEBUG   :       #62 pc 000000000023298c  /data/app/~~xohNL_sjW5EWglXuXdI8uw==/org.kffs.habilisdatalogger-hVmvN0HK_u9cJkG3-e_C8A==/lib/arm64/libpython3.10.so
06-06 20:44:29.573 18244 18244 F DEBUG   :       #63 pc 00000000002390d4  /data/app/~~xohNL_sjW5EWglXuXdI8uw==/org.kffs.habilisdatalogger-hVmvN0HK_u9cJkG3-e_C8A==/lib/arm64/libpython3.10.so
06-06 20:44:29.573 18244 18244 F DEBUG   :       #64 pc 0000000000234ee4  /data/app/~~xohNL_sjW5EWglXuXdI8uw==/org.kffs.habilisdatalogger-hVmvN0HK_u9cJkG3-e_C8A==/lib/arm64/libpython3.10.so (_PyEval_EvalFrameDefault+9272)
06-06 20:44:29.573 18244 18244 F DEBUG   :       #65 pc 000000000023298c  /data/app/~~xohNL_sjW5EWglXuXdI8uw==/org.kffs.habilisdatalogger-hVmvN0HK_u9cJkG3-e_C8A==/lib/arm64/libpython3.10.so
06-06 20:44:29.573 18244 18244 F DEBUG   :       #66 pc 00000000002328d4  /data/app/~~xohNL_sjW5EWglXuXdI8uw==/org.kffs.habilisdatalogger-hVmvN0HK_u9cJkG3-e_C8A==/lib/arm64/libpython3.10.so (PyEval_EvalCode+104)
06-06 20:44:29.573 18244 18244 F DEBUG   :       #67 pc 0000000000278fec  /data/app/~~xohNL_sjW5EWglXuXdI8uw==/org.kffs.habilisdatalogger-hVmvN0HK_u9cJkG3-e_C8A==/lib/arm64/libpython3.10.so (_PyRun_SimpleFileObject+1188)
06-06 20:44:29.573 18244 18244 F DEBUG   :       #68 pc 0000000000279894  /data/app/~~xohNL_sjW5EWglXuXdI8uw==/org.kffs.habilisdatalogger-hVmvN0HK_u9cJkG3-e_C8A==/lib/arm64/libpython3.10.so (PyRun_SimpleFileExFlags+60)
06-06 20:44:29.574 18244 18244 F DEBUG   :       #69 pc 00000000000034c0  /data/app/~~xohNL_sjW5EWglXuXdI8uw==/org.kffs.habilisdatalogger-hVmvN0HK_u9cJkG3-e_C8A==/lib/arm64/libmain.so (SDL_main+2452) (BuildId: 31dee9799880258433bef3824135a0d2bfdc25f8)
06-06 20:44:29.574 18244 18244 F DEBUG   :       #70 pc 00000000000b1244  /data/app/~~xohNL_sjW5EWglXuXdI8uw==/org.kffs.habilisdatalogger-hVmvN0HK_u9cJkG3-e_C8A==/lib/arm64/libSDL2.so (Java_org_libsdl_app_SDLActivity_nativeRunMain+772) (BuildId: 73c88ee39fa96ded81b7bddb4f770f956d0af587)
06-06 20:44:29.574 18244 18244 F DEBUG   :       #76 pc 0000000000010fa8  /data/app/~~xohNL_sjW5EWglXuXdI8uw==/org.kffs.habilisdatalogger-hVmvN0HK_u9cJkG3-e_C8A==/oat/arm64/base.vdex (org.libsdl.app.SDLMain.run+0)
06-06 20:44:29.612  1948 18248 W ActivityTaskManager:   Force finishing activity org.kffs.habilisdatalogger/org.kivy.android.PythonActivity
06-06 20:44:29.615  1948 18248 D WindowManager: Collecting in transition 3160: Task{c5c23c3 #255 type=standard A=10344:org.kffs.habilisdatalogger} init visibleRequested:true
06-06 20:44:29.615  1948 18248 D WindowManager: Collecting in transition 3160: ActivityRecord{390c372 u0 org.kffs.habilisdatalogger/org.kivy.android.PythonActivity t255 f}} init visibleRequested:true
06-06 20:44:29.665  1948  4119 I WindowManager: WIN DEATH: Window{8f03232 u0 org.kffs.habilisdatalogger/org.kivy.android.PythonActivity}
06-06 20:44:29.665  1948  7522 I ImeTracker: org.kffs.habilisdatalogger:f65ef35d: onRequestHide at ORIGIN_SERVER_HIDE_INPUT reason HIDE_REMOVE_CLIENT
06-06 20:44:29.666  1948  7522 I ImeTracker: org.kffs.habilisdatalogger:f65ef35d: onCancelled at PHASE_SERVER_SHOULD_HIDE
06-06 20:44:29.666  1948  4122 I ActivityManager: Process org.kffs.habilisdatalogger (pid 18175) has died: fg  TOP 
06-06 20:44:29.669  1948  4119 W InputManager-JNI: Input channel object '8f03232 org.kffs.habilisdatalogger/org.kivy.android.PythonActivity (client)' was disposed without first being removed with the input manager!
06-06 20:44:29.669  1363  2719 D MI-SF   : updateScene: module = 270 (Input), value = 0, pkg = org.kffs.habilisdatalogger, Vrr = 1
06-06 20:44:29.677  1948  4122 D WindowManager: Collecting in transition 3160: Task{c5c23c3 #255 type=standard A=10344:org.kffs.habilisdatalogger} init visibleRequested:false
06-06 20:44:29.678  5554  5866 D DigestGenerator: digest=============org.kffs.habilisdatalogger /vendor/lib/egl/libGLESv_adreno.so (!!!!!!+) ()
06-06 20:44:29.678  5554  5866 D DigestGenerator:  /data/data/org.kffs.habilisdatalogger/files/app/_python_bundle/site-packages/kivy/graphics/vbo.so
06-06 20:44:29.678  5554  5866 D DigestGenerator:  /data/data/org.kffs.habilisdatalogger/files/app/_python_bundle/site-packages/kivy/graphics/instructions.so
06-06 20:44:29.678  5554  5866 D DigestGenerator:  /data/data/org.kffs.habilisdatalogger/files/app/_python_bundle/site-packages/kivy/graphics/compiler.so
06-06 20:44:29.678  5554  5866 D DigestGenerator:  /data/data/org.kffs.habilisdatalogger/files/app/_python_bundle/site-packages/kivy/graphics/instructions.so
06-06 20:44:29.678  5554  5866 D DigestGenerator:  /data/data/org.kffs.habilisdatalogger/files/app/_python_bundle/site-packages/kivy/graphics/instructions.so
06-06 20:44:29.678  5554  5866 D DigestGenerator:  /data/data/org.kffs.habilisdatalogger/files/app/_python_bundle/site-packages/kivy/graphics/instructions.so
06-06 20:44:29.678  5554  5866 D DigestGenerator:  /data/data/org.kffs.habilisdatalogger/files/app/_python_bundle/site-packages/kivy/graphics/instructions.so
06-06 20:44:29.678  5554  5866 D DigestGenerator:  /data/data/org.kffs.habilisdatalogger/files/app/_python_bundle/site-packages/kivy/graphics/compiler.so
06-06 20:44:29.678  5554  5866 D DigestGenerator:  /data/data/org.kffs.habilisdatalogger/files/app/_python_bundle/site-packages/kivy/graphics/instructions.so
06-06 20:44:29.678  5554  5866 D DigestGenerator:  /data/data/org.kffs.habilisdatalogger/files/app/_python_bundle/site-packages/kivy/graphics/instructions.so
06-06 20:44:29.678  5554  5866 D DigestGenerator:  /data/data/org.kffs.habilisdatalogger/files/app/_python_bundle/site-packages/kivy/graphics/compiler.so
06-06 20:44:29.678  5554  5866 D DigestGenerator:  /data/data/org.kffs.habilisdatalogger/files/app/_python_bundle/site-packages/kivy/graphics/instructions.so
06-06 20:44:29.678  5554  5866 D DigestGenerator:  /data/data/org.kffs.habilisdatalogger/files/app/_python_bundle/site-packages/kivy/graphics/instructions.so
06-06 20:44:29.678  5554  5866 D DigestGenerator:  /data/data/org.kffs.habilisdatalogger/files/app/_python_bundle/site-packages/kivy/graphics/instructions.so
06-06 20:44:29.678  5554  5866 D DigestGenerator:  /data/data/org.kffs.habilisdatalogger/files/app/_python_bundle/site-packages/kivy/graphics/compiler.so
06-06 20:44:29.678  5554  5866 D DigestGenerator:  /data/data/org.kffs.habilisdatalogger/files/app/_python_bundle/site-packages/kivy/graphics/instructions.so
06-06 20:44:29.678  5554  5866 D DigestGenerator:  /data/data/org.kffs.habilisdatalogger/files/app/_python_bundle/site-packages/kivy/graphics/instructions.so
06-06 20:44:29.678  5554  5866 D DigestGenerator:  /data/data/org.kffs.habilisdatalogger/files/app/_python_bundle/site-packages/kivy/graphics/instructions.so
06-06 20:44:29.678  5554  5866 D DigestGenerator:  /data/data/org.kffs.habilisdatalogger/files/app/_python_bundle/site-packages/kivy/graphics/compiler.so
06-06 20:44:29.678  5554  5866 D DigestGenerator:  /data/data/org.kffs.habilisdatalogger/files/app/_python_bundle/site-packages/kivy/graphics/instructions.so
06-06 20:44:29.678  5554  5866 D DigestGenerator:  /data/data/org.kffs.habilisdatalogger/files/app/_python_bundle/site-packages/kivy/graphics/instructions.so
06-06 20:44:29.678  5554  5866 D DigestGenerator:  /data/data/org.kffs.habilisdatalogger/files/app/_python_bundle/site-packages/kivy/graphics/instructions.so
06-06 20:44:29.678  5554  5866 D DigestGenerator:  /data/data/org.kffs.habilisdatalogger/files/app/_python_bundle/site-packages/kivy/graphics/compiler.so
06-06 20:44:29.678  5554  5866 D DigestGenerator:  /data/data/org.kffs.habilisdatalogger/files/app/_python_bundle/site-packages/kivy/graphics/instructions.so
06-06 20:44:29.678  5554  5866 D DigestGenerator:  /data/data/org.kffs.habilisdatalogger/files/app/_python_bundle/site-packages/kivy/graphics/instructions.so
06-06 20:44:29.678  5554  5866 D DigestGenerator:  /data/data/org.kffs.habilisdatalogger/files/app/_python_bundle/site-packages/kivy/graphics/instructions.so
06-06 20:44:29.678  5554  5866 D DigestGenerator:  /data/data/org.kffs.habilisdatalogger/files/app/_python_bundle/site-packages/kivy/graphics/compiler.so
06-06 20:44:29.678  5554  5866 D DigestGenerator:  /data/data/org.kffs.habilisdatalogger/files/app/_python_bundle/site-packages/kivy/graphics/instructions.so
06-06 20:44:29.678  5554  5866 D DigestGenerator:  /data/data/org.kffs.habilisdatalogger/files/app/_python_bundle/site-packages/kivy/graphics/instructions.so
06-06 20:44:29.678  5554  5866 D DigestGenerator:  /data/data/org.kffs.habilisdatalogger/files/app/_python_bundle/site-packages/kivy/graphics/instructions.so
06-06 20:44:29.678  5554  5866 D DigestGenerator:  /data/data/org.kffs.habilisdatalogger/files/app/_python_bundle/site-packages/kivy/graphics/compiler.so
06-06 20:44:29.678  5554  5866 D DigestGenerator:  /data/data/org.kffs.habilisdatalogger/files/app/_python_bundle/site-packages/kivy/graphics/instructions.so
06-06 20:44:29.678  5554  5866 D DigestGenerator:  /data/data/org.kffs.habilisdatalogger/files/app/_python_bundle/site-packages/kivy/graphics/instructions.so
06-06 20:44:29.678  5554  5866 D DigestGenerator:  /data/data/org.kffs.habilisdatalogger/files/app/_python_bundle/site-packages/kivy/graphics/instructions.so
06-06 20:44:29.678  5554  5866 D DigestGenerator:  /data/data/org.kffs.habilisdatalogger/files/app/_python_bundle/site-packages/kivy/graphics/instructions.so
06-06 20:44:29.678  5554  5866 D DigestGenerator:  /data/data/org.kffs.habilisdatalogger/files/app/_python_bundle/site-packages/kivy/graphics/instructions.so
06-06 20:44:29.678  5554  5866 D DigestGenerator:  /data/data/org.kffs.habilisdatalogger/files/app/_python_bundle/site-packages/kivy/graphics/instructions.so
06-06 20:44:29.678  5554  5866 D DigestGenerator:  /data/data/org.kffs.habilisdatalogger/files/app/_python_bundle/site-packages/kivy/graphics/instructions.so
06-06 20:44:29.678  5554  5866 D DigestGenerator:  XXlib/arm/libpython..so
06-06 20:44:29.678  5554  5866 D DigestGenerator:  XXlib/arm/libpython..so
06-06 20:44:29.678  5554  5866 D DigestGenerator:  XXlib/arm/libpython..so (_PyEval_EvalFrameDefault+)
06-06 20:44:29.678  5554  5866 D DigestGenerator:  XXlib/arm/libpython..so
06-06 20:44:29.678  5554  5866 D DigestGenerator:  XXlib/arm/libpython..so
06-06 20:44:29.678  5554  5866 D DigestGenerator:  /data/data/org.kffs.habilisdatalogger/files/app/_python_bundle/site-packages/kivy/_event.so
06-06 20:44:29.678  5554  5866 D DigestGenerator:  /data/data/org.kffs.habilisdatalogger/files/app/_python_bundle/site-packages/kivy/_event.so
06-06 20:44:29.678  5554  5866 D DigestGenerator:  /data/data/org.kffs.habilisdatalogger/files/app/_python_bundle/site-packages/kivy/_event.so
06-06 20:44:29.678  5554  5866 D DigestGenerator:  XXlib/arm/libpython..so
06-06 20:44:29.678  5554  5866 D DigestGenerator:  XXlib/arm/libpython..so
06-06 20:44:29.678  5554  5866 D DigestGenerator:  XXlib/arm/libpython..so (_PyEval_EvalFrameDefault+)
06-06 20:44:29.678  5554  5866 D DigestGenerator:  XXlib/arm/libpython..so
06-06 20:44:29.678  5554  5866 D DigestGenerator:  XXlib/arm/libpython..so
06-06 20:44:29.678  5554  5866 D DigestGenerator:  XXlib/arm/libpython..so (_PyEval_EvalFrameDefault+)
06-06 20:44:29.678  5554  5866 D DigestGenerator:  XXlib/arm/libpython..so
06-06 20:44:29.678  5554  5866 D DigestGenerator:  XXlib/arm/libpython..so
06-06 20:44:29.678  5554  5866 D DigestGenerator:  XXlib/arm/libpython..so (_PyEval_EvalFrameDefault+)
06-06 20:44:29.678  5554  5866 D DigestGenerator:  XXlib/arm/libpython..so
06-06 20:44:29.678  5554  5866 D DigestGenerator:  XXlib/arm/libpython..so
06-06 20:44:29.678  5554  5866 D DigestGenerator:  XXlib/arm/libpython..so (_PyEval_EvalFrameDefault+)
06-06 20:44:29.678  5554  5866 D DigestGenerator:  XXlib/arm/libpython..so
06-06 20:44:29.678  5554  5866 D DigestGenerator:  XXlib/arm/libpython..so
06-06 20:44:29.678  5554  5866 D DigestGenerator:  XXlib/arm/libpython..so (_PyEval_EvalFrameDefault+)
06-06 20:44:29.678  5554  5866 D DigestGenerator:  XXlib/arm/libpython..so
06-06 20:44:29.678  5554  5866 D DigestGenerator:  XXlib/arm/libpython..so (PyEval_EvalCode+)
06-06 20:44:29.678  5554  5866 D DigestGenerator:  XXlib/arm/libpython..so (_PyRun_SimpleFileObject+)
06-06 20:44:29.678  5554  5866 D DigestGenerator:  XXlib/arm/libpython..so (PyRun_SimpleFileExFlags+)
06-06 20:44:29.678  5554  5866 D DigestGenerator:  XXlib/arm/libmain.so (SDL_main+) ()
06-06 20:44:29.678  5554  5866 D DigestGenerator:  XXlib/arm/libSDL.so (Java_org_libsdl_app_SDLActivity_nativeRunMain+) ()
06-06 20:44:29.678  5554  5866 D DigestGenerator:  XXoat/arm/base.vdex (org.libsdl.app.SDLMain.run+)
06-06 20:44:29.678  1948  4122 D WindowManager: Collecting in transition 3160: ActivityRecord{390c372 u0 org.kffs.habilisdatalogger/org.kivy.android.PythonActivity t255 f}} init visibleRequested:false
06-06 20:44:29.688  7590 11303 D PerfEngineController: ForegroundInfo{mForegroundPackageName='com.miui.home', mForegroundUid=10158, mForegroundPid=3838, mLastForegroundPackageName='org.kffs.habilisdatalogger', mLastForegroundUid=10344, mLastForegroundPid=18175, mMultiWindowForegroundPackageName='com.miui.home', mMultiWindowForegroundUid=10158, mFlags=0}
06-06 20:44:29.688  3838 19711 D AppObserver: ForegroundInfo{mForegroundPackageName='com.miui.home', mForegroundUid=10158, mForegroundPid=3838, mLastForegroundPackageName='org.kffs.habilisdatalogger', mLastForegroundUid=10344, mLastForegroundPid=18175, mMultiWindowForegroundPackageName='com.miui.home', mMultiWindowForegroundUid=10158, mFlags=0}
06-06 20:44:29.688 19295 19420 I ProcessMonitor: onForegroundInfoChanged: ForegroundInfo{mForegroundPackageName='com.miui.home', mForegroundUid=10158, mForegroundPid=3838, mLastForegroundPackageName='org.kffs.habilisdatalogger', mLastForegroundUid=10344, mLastForegroundPid=18175, mMultiWindowForegroundPackageName='com.miui.home', mMultiWindowForegroundUid=10158, mFlags=0}
06-06 20:44:29.691  7953  7965 I GST     : forePkg: com.miui.home, preForePkg: org.kffs.habilisdatalogger
06-06 20:44:29.691 19295 19420 I GameBoosterService: onForegroundInfoChanged: Cur=com.miui.home	 last=org.kffs.habilisdatalogger
06-06 20:44:29.692 19295 19420 D GameBoosterService: onGameStatusChange foreground:ForegroundInfo{mForegroundPackageName='com.miui.home', mForegroundUid=10158, mForegroundPid=3838, mLastForegroundPackageName='org.kffs.habilisdatalogger', mLastForegroundUid=10344, mLastForegroundPid=18175, mMultiWindowForegroundPackageName='com.miui.home', mMultiWindowForegroundUid=10158, mFlags=0}
06-06 20:44:29.695  5554  5866 D MiSightJni: MiSight: Java_com_miui_misight_MiSight_nativeSendEvent enter called. '{"CrashType":"100000000","Stacktrace":"versionName:0.1, versionCode:10211##Build fingerprint: 'Xiaomi\/taoyao_eea\/taoyao:14\/UKQ1.231003.002\/V816.0.38.0.ULIEUXM:user\/release-keys'##Revision: '0'##ABI: 'arm64'##Process uptime: 6s##Cmdline: org.kffs.habilisdatalogger##pid: 18175, tid: 18214, name: SDLThread  >>> org.kffs.habilisdatalogger <<<##uid: 10344##signal 11 (SIGSEGV), code 1 (SEGV_MAPERR), fault addr 0x0000000000000040##Cause: null pointer dereference##    x0  0000000000000001  x1  0000000000000000  x2  0000000000000003  x3  0f0514b5d8f65cf4##    x4  b4000073f179d7bc  x5  0000000000000003  x6  b4000073f179da9c  x7  b4000073ed59f390##    x8  0000000000000003  x9  0000000000000003  x10 000000740bc076f4  x11 b4000073f179d7c4##    x12 b4000073f17ae1ac  x13 000000740bc076fc  x14 0000000000000000  x15 0000000000000000##    x16 0000000000000001  x17 0000000000000000  x18 0000000000000000  x19 0000000000000001##    x20 b4000073f179d700  x
06-06 20:44:29.696  5554  5866 D MiEvent : flatten EventId 901001003 -t 1780793069 -paraList {"CrashType":"100000000","CurrentTime":1780793069000,"Digest":"455bd383733e8b4151ffc628e31e52f4","Keyword":"{\"vn\":\"0.1\",\"vc\":\"10211\",\"isRoot\":false,\"count\":1,\"preInstalled\":false,\"unfold\":false,\"ram\":8,\"rom\":128}","PackageName":"org.kffs.habilisdatalogger","Stacktrace":"versionName:0.1, versionCode:10211##Build fingerprint: 'Xiaomi/taoyao_eea/taoyao:14/UKQ1.231003.002/V816.0.38.0.ULIEUXM:user/release-keys'##Revision: '0'##ABI: 'arm64'##Process uptime: 6s##Cmdline: org.kffs.habilisdatalogger##pid: 18175, tid: 18214, name: SDLThread  >>> org.kffs.habilisdatalogger <<<##uid: 10344##signal 11 (SIGSEGV), code 1 (SEGV_MAPERR), fault addr 0x0000000000000040##Cause: null pointer dereference##    x0  0000000000000001  x1  0000000000000000  x2  0000000000000003  x3  0f0514b5d8f65cf4##    x4  b4000073f179d7bc  x5  0000000000000003  x6  b4000073f179da9c  x7  b4000073ed59f390##    x8  0000000000000003  x9  0000000000000003  x10 000000740bc076f4  x11 b4
06-06 20:44:29.696  5554  5866 D MiEvent : report:EventId 901001003 -t 1780793069 -paraList {"CrashType":"100000000","CurrentTime":1780793069000,"Digest":"455bd383733e8b4151ffc628e31e52f4","Keyword":"{\"vn\":\"0.1\",\"vc\":\"10211\",\"isRoot\":false,\"count\":1,\"preInstalled\":false,\"unfold\":false,\"ram\":8,\"rom\":128}","PackageName":"org.kffs.habilisdatalogger","Stacktrace":"versionName:0.1, versionCode:10211##Build fingerprint: 'Xiaomi/taoyao_eea/taoyao:14/UKQ1.231003.002/V816.0.38.0.ULIEUXM:user/release-keys'##Revision: '0'##ABI: 'arm64'##Process uptime: 6s##Cmdline: org.kffs.habilisdatalogger##pid: 18175, tid: 18214, name: SDLThread  >>> org.kffs.habilisdatalogger <<<##uid: 10344##signal 11 (SIGSEGV), code 1 (SEGV_MAPERR), fault addr 0x0000000000000040##Cause: null pointer dereference##    x0  0000000000000001  x1  0000000000000000  x2  0000000000000003  x3  0f0514b5d8f65cf4##    x4  b4000073f179d7bc  x5  0000000000000003  x6  b4000073f179da9c  x7  b4000073ed59f390##    x8  0000000000000003  x9  0000000000000003  x10 000000740bc076f4  x11 b40
06-06 20:44:29.699  1840  2017 I misight : OnEvent event 901001003 param not json string, {"CrashType":"100000000","CurrentTime":1780793069000,"Digest":"455bd383733e8b4151ffc628e31e52f4","Keyword":"{\"vn\":\"0.1\",\"vc\":\"10211\",\"isRoot\":false,\"count\":1,\"preInstalled\":false,\"unfold\":false,\"ram\":8,\"rom\":128}","PackageName":"org.kffs.habilisdatalogger","Stacktrace":"versionName:0.1, versionCode:10211##Build fingerprint: 'Xiaomi/taoyao_eea/taoyao:14/UKQ1.231003.002/V816.0.38.0.ULIEUXM:user/release-keys'##Revision: '0'##ABI: 'arm64'##Process uptime: 6s##Cmdline: org.kffs.habilisdatalogger##pid: 18175, tid: 18214, name: SDLThread  >>> org.kffs.habilisdatalogger <<<##uid: 10344##signal 11 (SIGSEGV), code 1 (SEGV_MAPERR), fault addr 0x0000000000000040##Cause: null pointer dereference##    x0  0000000000000001  x1  0000000000000000  x2  0000000000000003  x3  0f0514b5d8f65cf4##    x4  b4000073f179d7bc  x5  0000000000000003  x6  b4000073f179da9c  x7  b4000073ed59f390##    x8  0000000000000003  x9  0000000000000003  x10 000000740bc076f4  x11 b4000
06-06 20:44:29.702 19295 19420 I BeautyService: onForegroundInfoChanged: Cur=com.miui.home	 last=org.kffs.habilisdatalogger
06-06 20:44:29.732  1948  2308 W WindowManager: Failed to deliver inset control state change to w=Window{8f03232 u0 org.kffs.habilisdatalogger/org.kivy.android.PythonActivity EXITING}
06-06 20:44:29.767  1948  2972 D tsched_scene: handleWindowChanged: pkgName: com.miui.home, mForegroundAppName: org.kffs.habilisdatalogger
06-06 20:44:29.767  1948  2308 D WindowManager: Final targets: [Task{fc1ced5 #1 type=home}, Task{c5c23c3 #255 type=standard A=10344:org.kffs.habilisdatalogger}, WallpaperWindowToken{8e50f07 token=android.os.BinderProxy@1b10146}, WallpaperWindowToken{5a6327f token=android.os.Binder@30a51d9}]
06-06 20:44:29.779  1948  2308 D WindowManager: Calling onTransitionReady info={id=3160 t=CLOSE f=0x10 trk=0 r=[0@Point(0, 0)] c=[{WCT{RemoteToken{e07270c Task{fc1ced5 #1 type=home}}} m=TO_FRONT f=SHOW_WALLPAPER|MOVE_TO_TOP leash=Surface(name=Task=1#16716)/@0xdd7d3e6 sb=Rect(0, 0 - 1080, 2400) eb=Rect(0, 0 - 1080, 2400) d=0},{WCT{RemoteToken{50bb62b Task{c5c23c3 #255 type=standard A=10344:org.kffs.habilisdatalogger}}} m=CLOSE f=NONE leash=Surface(name=Task=255#51282)/@0x24a0aa5 sb=Rect(0, 0 - 1080, 2400) eb=Rect(0, 0 - 1080, 2400) d=0},{null m=TO_FRONT f=IS_WALLPAPER leash=Surface(name=WallpaperWindowToken{8e50f07 token=android.os.BinderProxy@1b10146}#39009)/@0xcf62faa sb=Rect(0, 0 - 1080, 2400) eb=Rect(0, 0 - 1080, 2400) d=0},{null m=TO_FRONT f=IS_WALLPAPER leash=Surface(name=WallpaperWindowToken{5a6327f token=android.os.Binder@30a51d9}#56)/@0x2370a8f sb=Rect(0, 0 - 1080, 2400) eb=Rect(0, 0 - 1080, 2400) d=0}] noAni=[false]}, mToken=Token{fb29c4e TransitionRecord{aa72497 id=3160 type=CLOSE flags=0x10}}
06-06 20:44:29.786  3838  3838 D RemoteAnimationAdapterCompat: printLeash::taskInfo = TaskInfo{userId=0 taskId=255 displayId=0 isRunning=false baseIntent=Intent { act=android.intent.action.MAIN cat=[android.intent.category.LAUNCHER] flg=0x10200000 cmp=org.kffs.habilisdatalogger/org.kivy.android.PythonActivity } baseActivity=null topActivity=null origActivity=null realActivity=ComponentInfo{org.kffs.habilisdatalogger/org.kivy.android.PythonActivity} numActivities=0 lastActiveTime=213884088 supportsSplitScreenMultiWindow=true supportsMultiWindow=true resizeMode=1 isResizeable=true minWidth=-1 minHeight=-1 defaultMinSize=200 token=WCT{android.window.IWindowContainerToken$Stub$Proxy@856c37} topActivityType=1 pictureInPictureParams=null shouldDockBigOverlays=false launchIntoPipHostTaskId=-1 lastParentTaskIdBeforePip=-1 displayCutoutSafeInsets=Rect(0, 98 - 0, 0) topActivityInfo=null launchCookies=[] positionInParent=Point(0, 0) parentTaskId=-1 isFocused=false isVisible=true isVisibleRequested=false isSleeping=false topActivityInSizeCompat=false topActivityInMiuiSizeCompat=false topActivityEligibleForLetterboxEducation= false topActivityLetterboxed= false isFromDoubleTap= false topActivityLetterboxVerticalPosition= -1 topActivityLetterboxHorizontalPosition= -1 topActivityLetterboxWidth=-1 topActivityLetterboxHeight=-1 locusId=null displayAreaFeatureId=1 cameraCompatControlState=hidden mIsCastMode=false mTopActivityMediaSi