06-11 23:12:42.135  3838  3838 W RecentsImpl: onResumed className=org.kivy.android.PythonActivity   mIsInAnotherPro=false   isKeyguardLocked=false   mSecuritySpaceGuideShown=false
06-11 23:12:42.138 24584 24584 V pythonutil: Checking pattern libsqlite3\.so against libSDL2.so
06-11 23:12:42.138 24584 24584 V pythonutil: Checking pattern libsqlite3\.so against libSDL2_ttf.so
06-11 23:12:42.138 24584 24584 V pythonutil: Checking pattern libsqlite3\.so against libpng16.so
06-11 23:12:42.138 24584 24584 V pythonutil: Checking pattern libsqlite3\.so against libfreetype.so
06-11 23:12:42.138 24584 24584 V pythonutil: Checking pattern libsqlite3\.so against libpython3.10.so
06-11 23:12:42.138 24584 24584 V pythonutil: Checking pattern libsqlite3\.so against libmain.so
06-11 23:12:42.138 24584 24584 V pythonutil: Checking pattern libsqlite3\.so against libffi.so
06-11 23:12:42.138 24584 24584 V pythonutil: Checking pattern libsqlite3\.so against libSDL2_image.so
06-11 23:12:42.138 24584 24584 V pythonutil: Checking pattern libsqlite3\.so against libcrypto.so
06-11 23:12:42.139 24584 24584 V pythonutil: Checking pattern libsqlite3\.so against libpythonbin.so
06-11 23:12:42.139 24584 24584 V pythonutil: Checking pattern libsqlite3\.so against libSDL2_mixer.so
06-11 23:12:42.139 24584 24584 V pythonutil: Checking pattern libsqlite3\.so against libssl.so
06-11 23:12:42.139 24584 24584 V pythonutil: Checking pattern libsqlite3\.so against libpybundle.so
06-11 23:12:42.139 24584 24584 V pythonutil: Checking pattern libsqlite3\.so against libsqlite3.so
06-11 23:12:42.139 24584 24584 V pythonutil: Pattern libsqlite3\.so matched file libsqlite3.so
06-11 23:12:42.140 24584 24584 V pythonutil: Checking pattern libffi\.so against libSDL2.so
06-11 23:12:42.140 24584 24584 V pythonutil: Checking pattern libffi\.so against libSDL2_ttf.so
06-11 23:12:42.140 24584 24584 V pythonutil: Checking pattern libffi\.so against libpng16.so
06-11 23:12:42.140 24584 24584 V pythonutil: Checking pattern libffi\.so against libfreetype.so
06-11 23:12:42.140 24584 24584 V pythonutil: Checking pattern libffi\.so against libpython3.10.so
06-11 23:12:42.140 24584 24584 V pythonutil: Checking pattern libffi\.so against libmain.so
06-11 23:12:42.140 24584 24584 V pythonutil: Checking pattern libffi\.so against libffi.so
06-11 23:12:42.140 24584 24584 V pythonutil: Pattern libffi\.so matched file libffi.so
06-11 23:12:42.140 24584 24584 V pythonutil: Checking pattern libffi\.so against libSDL2_image.so
06-11 23:12:42.140 24584 24584 V pythonutil: Checking pattern libffi\.so against libcrypto.so
06-11 23:12:42.140 24584 24584 V pythonutil: Checking pattern libffi\.so against libpythonbin.so
06-11 23:12:42.141 24584 24584 V pythonutil: Checking pattern libffi\.so against libSDL2_mixer.so
06-11 23:12:42.141 24584 24584 V pythonutil: Checking pattern libffi\.so against libssl.so
06-11 23:12:42.141 24584 24584 V pythonutil: Checking pattern libffi\.so against libpybundle.so
06-11 23:12:42.141 24584 24584 V pythonutil: Checking pattern libffi\.so against libsqlite3.so
06-11 23:12:42.141 24584 24584 V pythonutil: Checking pattern libpng16\.so against libSDL2.so
06-11 23:12:42.141 24584 24584 V pythonutil: Checking pattern libpng16\.so against libSDL2_ttf.so
06-11 23:12:42.141 24584 24584 V pythonutil: Checking pattern libpng16\.so against libpng16.so
06-11 23:12:42.141 24584 24584 V pythonutil: Pattern libpng16\.so matched file libpng16.so
06-11 23:12:42.141 24584 24584 V pythonutil: Checking pattern libpng16\.so against libfreetype.so
06-11 23:12:42.141 24584 24584 V pythonutil: Checking pattern libpng16\.so against libpython3.10.so
06-11 23:12:42.141 24584 24584 V pythonutil: Checking pattern libpng16\.so against libmain.so
06-11 23:12:42.142 24584 24584 V pythonutil: Checking pattern libpng16\.so against libffi.so
06-11 23:12:42.142 24584 24584 V pythonutil: Checking pattern libpng16\.so against libSDL2_image.so
06-11 23:12:42.142 24584 24584 V pythonutil: Checking pattern libpng16\.so against libcrypto.so
06-11 23:12:42.142 24584 24584 V pythonutil: Checking pattern libpng16\.so against libpythonbin.so
06-11 23:12:42.142 24584 24584 V pythonutil: Checking pattern libpng16\.so against libSDL2_mixer.so
06-11 23:12:42.142 24584 24584 V pythonutil: Checking pattern libpng16\.so against libssl.so
06-11 23:12:42.142 24584 24584 V pythonutil: Checking pattern libpng16\.so against libpybundle.so
06-11 23:12:42.142 24584 24584 V pythonutil: Checking pattern libpng16\.so against libsqlite3.so
06-11 23:12:42.142 24584 24584 V pythonutil: Checking pattern libssl.*\.so against libSDL2.so
06-11 23:12:42.142 24584 24584 V pythonutil: Checking pattern libssl.*\.so against libSDL2_ttf.so
06-11 23:12:42.142 24584 24584 V pythonutil: Checking pattern libssl.*\.so against libpng16.so
06-11 23:12:42.143 24584 24584 V pythonutil: Checking pattern libssl.*\.so against libfreetype.so
06-11 23:12:42.143 24584 24584 V pythonutil: Checking pattern libssl.*\.so against libpython3.10.so
06-11 23:12:42.143 24584 24584 V pythonutil: Checking pattern libssl.*\.so against libmain.so
06-11 23:12:42.143 24584 24584 V pythonutil: Checking pattern libssl.*\.so against libffi.so
06-11 23:12:42.143 24584 24584 V pythonutil: Checking pattern libssl.*\.so against libSDL2_image.so
06-11 23:12:42.143 24584 24584 V pythonutil: Checking pattern libssl.*\.so against libcrypto.so
06-11 23:12:42.143 24584 24584 V pythonutil: Checking pattern libssl.*\.so against libpythonbin.so
06-11 23:12:42.143 24584 24584 V pythonutil: Checking pattern libssl.*\.so against libSDL2_mixer.so
06-11 23:12:42.143 24584 24584 V pythonutil: Checking pattern libssl.*\.so against libssl.so
06-11 23:12:42.143 24584 24584 V pythonutil: Pattern libssl.*\.so matched file libssl.so
06-11 23:12:42.143 24584 24584 V pythonutil: Checking pattern libssl.*\.so against libpybundle.so
06-11 23:12:42.143 24584 24584 V pythonutil: Checking pattern libssl.*\.so against libsqlite3.so
06-11 23:12:42.144 24584 24584 V pythonutil: Checking pattern libcrypto.*\.so against libSDL2.so
06-11 23:12:42.144 24584 24584 V pythonutil: Checking pattern libcrypto.*\.so against libSDL2_ttf.so
06-11 23:12:42.144 24584 24584 V pythonutil: Checking pattern libcrypto.*\.so against libpng16.so
06-11 23:12:42.144 24584 24584 V pythonutil: Checking pattern libcrypto.*\.so against libfreetype.so
06-11 23:12:42.144 24584 24584 V pythonutil: Checking pattern libcrypto.*\.so against libpython3.10.so
06-11 23:12:42.144 24584 24584 V pythonutil: Checking pattern libcrypto.*\.so against libmain.so
06-11 23:12:42.144 24584 24584 V pythonutil: Checking pattern libcrypto.*\.so against libffi.so
06-11 23:12:42.144 24584 24584 V pythonutil: Checking pattern libcrypto.*\.so against libSDL2_image.so
06-11 23:12:42.144 24584 24584 V pythonutil: Checking pattern libcrypto.*\.so against libcrypto.so
06-11 23:12:42.144 24584 24584 V pythonutil: Pattern libcrypto.*\.so matched file libcrypto.so
06-11 23:12:42.144 24584 24584 V pythonutil: Checking pattern libcrypto.*\.so against libpythonbin.so
06-11 23:12:42.144 24584 24584 V pythonutil: Checking pattern libcrypto.*\.so against libSDL2_mixer.so
06-11 23:12:42.144 24584 24584 V pythonutil: Checking pattern libcrypto.*\.so against libssl.so
06-11 23:12:42.144 24584 24584 V pythonutil: Checking pattern libcrypto.*\.so against libpybundle.so
06-11 23:12:42.144 24584 24584 V pythonutil: Checking pattern libcrypto.*\.so against libsqlite3.so
06-11 23:12:42.145 24584 24584 V pythonutil: Checking pattern libSDL2\.so against libSDL2.so
06-11 23:12:42.145 24584 24584 V pythonutil: Pattern libSDL2\.so matched file libSDL2.so
06-11 23:12:42.145 24584 24584 V pythonutil: Checking pattern libSDL2\.so against libSDL2_ttf.so
06-11 23:12:42.145 24584 24584 V pythonutil: Checking pattern libSDL2\.so against libpng16.so
06-11 23:12:42.145 24584 24584 V pythonutil: Checking pattern libSDL2\.so against libfreetype.so
06-11 23:12:42.145 24584 24584 V pythonutil: Checking pattern libSDL2\.so against libpython3.10.so
06-11 23:12:42.145 24584 24584 V pythonutil: Checking pattern libSDL2\.so against libmain.so
06-11 23:12:42.145 24584 24584 V pythonutil: Checking pattern libSDL2\.so against libffi.so
06-11 23:12:42.145 24584 24584 V pythonutil: Checking pattern libSDL2\.so against libSDL2_image.so
06-11 23:12:42.145 24584 24584 V pythonutil: Checking pattern libSDL2\.so against libcrypto.so
06-11 23:12:42.145 24584 24584 V pythonutil: Checking pattern libSDL2\.so against libpythonbin.so
06-11 23:12:42.145 24584 24584 V pythonutil: Checking pattern libSDL2\.so against libSDL2_mixer.so
06-11 23:12:42.145 24584 24584 V pythonutil: Checking pattern libSDL2\.so against libssl.so
06-11 23:12:42.145 24584 24584 V pythonutil: Checking pattern libSDL2\.so against libpybundle.so
06-11 23:12:42.146 24584 24584 V pythonutil: Checking pattern libSDL2\.so against libsqlite3.so
06-11 23:12:42.146 24584 24584 V pythonutil: Checking pattern libSDL2_image\.so against libSDL2.so
06-11 23:12:42.146 24584 24584 V pythonutil: Checking pattern libSDL2_image\.so against libSDL2_ttf.so
06-11 23:12:42.146 24584 24584 V pythonutil: Checking pattern libSDL2_image\.so against libpng16.so
06-11 23:12:42.146 24584 24584 V pythonutil: Checking pattern libSDL2_image\.so against libfreetype.so
06-11 23:12:42.146 24584 24584 V pythonutil: Checking pattern libSDL2_image\.so against libpython3.10.so
06-11 23:12:42.146 24584 24584 V pythonutil: Checking pattern libSDL2_image\.so against libmain.so
06-11 23:12:42.146 24584 24584 V pythonutil: Checking pattern libSDL2_image\.so against libffi.so
06-11 23:12:42.146 24584 24584 V pythonutil: Checking pattern libSDL2_image\.so against libSDL2_image.so
06-11 23:12:42.146 24584 24584 V pythonutil: Pattern libSDL2_image\.so matched file libSDL2_image.so
06-11 23:12:42.146 24584 24584 V pythonutil: Checking pattern libSDL2_image\.so against libcrypto.so
06-11 23:12:42.146 24584 24584 V pythonutil: Checking pattern libSDL2_image\.so against libpythonbin.so
06-11 23:12:42.147 24584 24584 V pythonutil: Checking pattern libSDL2_image\.so against libSDL2_mixer.so
06-11 23:12:42.147 24584 24584 V pythonutil: Checking pattern libSDL2_image\.so against libssl.so
06-11 23:12:42.147 24584 24584 V pythonutil: Checking pattern libSDL2_image\.so against libpybundle.so
06-11 23:12:42.147 24584 24584 V pythonutil: Checking pattern libSDL2_image\.so against libsqlite3.so
06-11 23:12:42.147 24584 24584 V pythonutil: Checking pattern libSDL2_mixer\.so against libSDL2.so
06-11 23:12:42.147 24584 24584 V pythonutil: Checking pattern libSDL2_mixer\.so against libSDL2_ttf.so
06-11 23:12:42.147 24584 24584 V pythonutil: Checking pattern libSDL2_mixer\.so against libpng16.so
06-11 23:12:42.147 24584 24584 V pythonutil: Checking pattern libSDL2_mixer\.so against libfreetype.so
06-11 23:12:42.147 24584 24584 V pythonutil: Checking pattern libSDL2_mixer\.so against libpython3.10.so
06-11 23:12:42.147 24584 24584 V pythonutil: Checking pattern libSDL2_mixer\.so against libmain.so
06-11 23:12:42.147 24584 24584 V pythonutil: Checking pattern libSDL2_mixer\.so against libffi.so
06-11 23:12:42.147 24584 24584 V pythonutil: Checking pattern libSDL2_mixer\.so against libSDL2_image.so
06-11 23:12:42.148 24584 24584 V pythonutil: Checking pattern libSDL2_mixer\.so against libcrypto.so
06-11 23:12:42.148 24584 24584 V pythonutil: Checking pattern libSDL2_mixer\.so against libpythonbin.so
06-11 23:12:42.148 24584 24584 V pythonutil: Checking pattern libSDL2_mixer\.so against libSDL2_mixer.so
06-11 23:12:42.148 24584 24584 V pythonutil: Pattern libSDL2_mixer\.so matched file libSDL2_mixer.so
06-11 23:12:42.148 24584 24584 V pythonutil: Checking pattern libSDL2_mixer\.so against libssl.so
06-11 23:12:42.148 24584 24584 V pythonutil: Checking pattern libSDL2_mixer\.so against libpybundle.so
06-11 23:12:42.148 24584 24584 V pythonutil: Checking pattern libSDL2_mixer\.so against libsqlite3.so
06-11 23:12:42.148 24584 24584 V pythonutil: Checking pattern libSDL2_ttf\.so against libSDL2.so
06-11 23:12:42.148 24584 24584 V pythonutil: Checking pattern libSDL2_ttf\.so against libSDL2_ttf.so
06-11 23:12:42.148 24584 24584 V pythonutil: Pattern libSDL2_ttf\.so matched file libSDL2_ttf.so
06-11 23:12:42.148 24584 24584 V pythonutil: Checking pattern libSDL2_ttf\.so against libpng16.so
06-11 23:12:42.148 24584 24584 V pythonutil: Checking pattern libSDL2_ttf\.so against libfreetype.so
06-11 23:12:42.149 24584 24584 V pythonutil: Checking pattern libSDL2_ttf\.so against libpython3.10.so
06-11 23:12:42.149 24584 24584 V pythonutil: Checking pattern libSDL2_ttf\.so against libmain.so
06-11 23:12:42.149 24584 24584 V pythonutil: Checking pattern libSDL2_ttf\.so against libffi.so
06-11 23:12:42.149 24584 24584 V pythonutil: Checking pattern libSDL2_ttf\.so against libSDL2_image.so
06-11 23:12:42.149 24584 24584 V pythonutil: Checking pattern libSDL2_ttf\.so against libcrypto.so
06-11 23:12:42.149 24584 24584 V pythonutil: Checking pattern libSDL2_ttf\.so against libpythonbin.so
06-11 23:12:42.149 24584 24584 V pythonutil: Checking pattern libSDL2_ttf\.so against libSDL2_mixer.so
06-11 23:12:42.149 24584 24584 V pythonutil: Checking pattern libSDL2_ttf\.so against libssl.so
06-11 23:12:42.149 24584 24584 V pythonutil: Checking pattern libSDL2_ttf\.so against libpybundle.so
06-11 23:12:42.149 24584 24584 V pythonutil: Checking pattern libSDL2_ttf\.so against libsqlite3.so
06-11 23:12:42.149 24584 24584 V pythonutil: Checking pattern libSDL3\.so against libSDL2.so
06-11 23:12:42.149 24584 24584 V pythonutil: Checking pattern libSDL3\.so against libSDL2_ttf.so
06-11 23:12:42.149 24584 24584 V pythonutil: Checking pattern libSDL3\.so against libpng16.so
06-11 23:12:42.150 24584 24584 V pythonutil: Checking pattern libSDL3\.so against libfreetype.so
06-11 23:12:42.150 24584 24584 V pythonutil: Checking pattern libSDL3\.so against libpython3.10.so
06-11 23:12:42.150 24584 24584 V pythonutil: Checking pattern libSDL3\.so against libmain.so
06-11 23:12:42.150 24584 24584 V pythonutil: Checking pattern libSDL3\.so against libffi.so
06-11 23:12:42.150 24584 24584 V pythonutil: Checking pattern libSDL3\.so against libSDL2_image.so
06-11 23:12:42.150 24584 24584 V pythonutil: Checking pattern libSDL3\.so against libcrypto.so
06-11 23:12:42.150 24584 24584 V pythonutil: Checking pattern libSDL3\.so against libpythonbin.so
06-11 23:12:42.150 24584 24584 V pythonutil: Checking pattern libSDL3\.so against libSDL2_mixer.so
06-11 23:12:42.150 24584 24584 V pythonutil: Checking pattern libSDL3\.so against libssl.so
06-11 23:12:42.150 24584 24584 V pythonutil: Checking pattern libSDL3\.so against libpybundle.so
06-11 23:12:42.150 24584 24584 V pythonutil: Checking pattern libSDL3\.so against libsqlite3.so
06-11 23:12:42.150 24584 24584 V pythonutil: Checking pattern libSDL3_image\.so against libSDL2.so
06-11 23:12:42.151 24584 24584 V pythonutil: Checking pattern libSDL3_image\.so against libSDL2_ttf.so
06-11 23:12:42.151 24584 24584 V pythonutil: Checking pattern libSDL3_image\.so against libpng16.so
06-11 23:12:42.151 24584 24584 V pythonutil: Checking pattern libSDL3_image\.so against libfreetype.so
06-11 23:12:42.151 24584 24584 V pythonutil: Checking pattern libSDL3_image\.so against libpython3.10.so
06-11 23:12:42.151 24584 24584 V pythonutil: Checking pattern libSDL3_image\.so against libmain.so
06-11 23:12:42.151 24584 24584 V pythonutil: Checking pattern libSDL3_image\.so against libffi.so
06-11 23:12:42.151 24584 24584 V pythonutil: Checking pattern libSDL3_image\.so against libSDL2_image.so
06-11 23:12:42.151 24584 24584 V pythonutil: Checking pattern libSDL3_image\.so against libcrypto.so
06-11 23:12:42.151 24584 24584 V pythonutil: Checking pattern libSDL3_image\.so against libpythonbin.so
06-11 23:12:42.151 24584 24584 V pythonutil: Checking pattern libSDL3_image\.so against libSDL2_mixer.so
06-11 23:12:42.151 24584 24584 V pythonutil: Checking pattern libSDL3_image\.so against libssl.so
06-11 23:12:42.151 24584 24584 V pythonutil: Checking pattern libSDL3_image\.so against libpybundle.so
06-11 23:12:42.151 24584 24584 V pythonutil: Checking pattern libSDL3_image\.so against libsqlite3.so
06-11 23:12:42.152 24584 24584 V pythonutil: Checking pattern libSDL3_mixer\.so against libSDL2.so
06-11 23:12:42.152 24584 24584 V pythonutil: Checking pattern libSDL3_mixer\.so against libSDL2_ttf.so
06-11 23:12:42.152 24584 24584 V pythonutil: Checking pattern libSDL3_mixer\.so against libpng16.so
06-11 23:12:42.152 24584 24584 V pythonutil: Checking pattern libSDL3_mixer\.so against libfreetype.so
06-11 23:12:42.152 24584 24584 V pythonutil: Checking pattern libSDL3_mixer\.so against libpython3.10.so
06-11 23:12:42.152 24584 24584 V pythonutil: Checking pattern libSDL3_mixer\.so against libmain.so
06-11 23:12:42.152 24584 24584 V pythonutil: Checking pattern libSDL3_mixer\.so against libffi.so
06-11 23:12:42.152 24584 24584 V pythonutil: Checking pattern libSDL3_mixer\.so against libSDL2_image.so
06-11 23:12:42.152 24584 24584 V pythonutil: Checking pattern libSDL3_mixer\.so against libcrypto.so
06-11 23:12:42.152 24584 24584 V pythonutil: Checking pattern libSDL3_mixer\.so against libpythonbin.so
06-11 23:12:42.152 24584 24584 V pythonutil: Checking pattern libSDL3_mixer\.so against libSDL2_mixer.so
06-11 23:12:42.152 24584 24584 V pythonutil: Checking pattern libSDL3_mixer\.so against libssl.so
06-11 23:12:42.152 24584 24584 V pythonutil: Checking pattern libSDL3_mixer\.so against libpybundle.so
06-11 23:12:42.152 24584 24584 V pythonutil: Checking pattern libSDL3_mixer\.so against libsqlite3.so
06-11 23:12:42.153 24584 24584 V pythonutil: Checking pattern libSDL3_ttf\.so against libSDL2.so
06-11 23:12:42.153 24584 24584 V pythonutil: Checking pattern libSDL3_ttf\.so against libSDL2_ttf.so
06-11 23:12:42.153 24584 24584 V pythonutil: Checking pattern libSDL3_ttf\.so against libpng16.so
06-11 23:12:42.153 24584 24584 V pythonutil: Checking pattern libSDL3_ttf\.so against libfreetype.so
06-11 23:12:42.153 24584 24584 V pythonutil: Checking pattern libSDL3_ttf\.so against libpython3.10.so
06-11 23:12:42.153 24584 24584 V pythonutil: Checking pattern libSDL3_ttf\.so against libmain.so
06-11 23:12:42.153 24584 24584 V pythonutil: Checking pattern libSDL3_ttf\.so against libffi.so
06-11 23:12:42.153 24584 24584 V pythonutil: Checking pattern libSDL3_ttf\.so against libSDL2_image.so
06-11 23:12:42.153 24584 24584 V pythonutil: Checking pattern libSDL3_ttf\.so against libcrypto.so
06-11 23:12:42.153 24584 24584 V pythonutil: Checking pattern libSDL3_ttf\.so against libpythonbin.so
06-11 23:12:42.153 24584 24584 V pythonutil: Checking pattern libSDL3_ttf\.so against libSDL2_mixer.so
06-11 23:12:42.153 24584 24584 V pythonutil: Checking pattern libSDL3_ttf\.so against libssl.so
06-11 23:12:42.153 24584 24584 V pythonutil: Checking pattern libSDL3_ttf\.so against libpybundle.so
06-11 23:12:42.153 24584 24584 V pythonutil: Checking pattern libSDL3_ttf\.so against libsqlite3.so
06-11 23:12:42.154 24584 24584 V pythonutil: Loading library: sqlite3
06-11 23:12:42.159 24584 24584 D nativeloader: Load /data/app/~~QpRnp90OX6wuTY-RgOhRrQ==/org.kffs.habilisdatalogger-jClDYnCvabFyuuRbgKU13A==/lib/arm64/libsqlite3.so using ns clns-4 from class loader (caller=/data/app/~~QpRnp90OX6wuTY-RgOhRrQ==/org.kffs.habilisdatalogger-jClDYnCvabFyuuRbgKU13A==/base.apk!classes5.dex): ok
06-11 23:12:42.159 24584 24584 V pythonutil: Loading library: ffi
06-11 23:12:42.160 24584 24584 D nativeloader: Load /data/app/~~QpRnp90OX6wuTY-RgOhRrQ==/org.kffs.habilisdatalogger-jClDYnCvabFyuuRbgKU13A==/lib/arm64/libffi.so using ns clns-4 from class loader (caller=/data/app/~~QpRnp90OX6wuTY-RgOhRrQ==/org.kffs.habilisdatalogger-jClDYnCvabFyuuRbgKU13A==/base.apk!classes5.dex): ok
06-11 23:12:42.160 24584 24584 V pythonutil: Loading library: png16
06-11 23:12:42.162 24584 24584 D nativeloader: Load /data/app/~~QpRnp90OX6wuTY-RgOhRrQ==/org.kffs.habilisdatalogger-jClDYnCvabFyuuRbgKU13A==/lib/arm64/libpng16.so using ns clns-4 from class loader (caller=/data/app/~~QpRnp90OX6wuTY-RgOhRrQ==/org.kffs.habilisdatalogger-jClDYnCvabFyuuRbgKU13A==/base.apk!classes5.dex): ok
06-11 23:12:42.162 24584 24584 V pythonutil: Loading library: ssl
06-11 23:12:42.169 24584 24584 D nativeloader: Load /data/app/~~QpRnp90OX6wuTY-RgOhRrQ==/org.kffs.habilisdatalogger-jClDYnCvabFyuuRbgKU13A==/lib/arm64/libssl.so using ns clns-4 from class loader (caller=/data/app/~~QpRnp90OX6wuTY-RgOhRrQ==/org.kffs.habilisdatalogger-jClDYnCvabFyuuRbgKU13A==/base.apk!classes5.dex): ok
06-11 23:12:42.169 24584 24584 V pythonutil: Loading library: crypto
06-11 23:12:42.169 24584 24584 D nativeloader: Load /data/app/~~QpRnp90OX6wuTY-RgOhRrQ==/org.kffs.habilisdatalogger-jClDYnCvabFyuuRbgKU13A==/lib/arm64/libcrypto.so using ns clns-4 from class loader (caller=/data/app/~~QpRnp90OX6wuTY-RgOhRrQ==/org.kffs.habilisdatalogger-jClDYnCvabFyuuRbgKU13A==/base.apk!classes5.dex): ok
06-11 23:12:42.170 24584 24584 V pythonutil: Loading library: SDL2
06-11 23:12:42.177 24584 24584 D nativeloader: Load /data/app/~~QpRnp90OX6wuTY-RgOhRrQ==/org.kffs.habilisdatalogger-jClDYnCvabFyuuRbgKU13A==/lib/arm64/libSDL2.so using ns clns-4 from class loader (caller=/data/app/~~QpRnp90OX6wuTY-RgOhRrQ==/org.kffs.habilisdatalogger-jClDYnCvabFyuuRbgKU13A==/base.apk!classes5.dex): ok
06-11 23:12:42.177 24584 24584 V pythonutil: Loading library: SDL2_image
06-11 23:12:42.179 24584 24584 D nativeloader: Load /data/app/~~QpRnp90OX6wuTY-RgOhRrQ==/org.kffs.habilisdatalogger-jClDYnCvabFyuuRbgKU13A==/lib/arm64/libSDL2_image.so using ns clns-4 from class loader (caller=/data/app/~~QpRnp90OX6wuTY-RgOhRrQ==/org.kffs.habilisdatalogger-jClDYnCvabFyuuRbgKU13A==/base.apk!classes5.dex): ok
06-11 23:12:42.180 24584 24584 V pythonutil: Loading library: SDL2_mixer
06-11 23:12:42.182 24584 24584 D nativeloader: Load /data/app/~~QpRnp90OX6wuTY-RgOhRrQ==/org.kffs.habilisdatalogger-jClDYnCvabFyuuRbgKU13A==/lib/arm64/libSDL2_mixer.so using ns clns-4 from class loader (caller=/data/app/~~QpRnp90OX6wuTY-RgOhRrQ==/org.kffs.habilisdatalogger-jClDYnCvabFyuuRbgKU13A==/base.apk!classes5.dex): ok
06-11 23:12:42.182 24584 24584 V pythonutil: Loading library: SDL2_ttf
06-11 23:12:42.192 24584 24584 D nativeloader: Load /data/app/~~QpRnp90OX6wuTY-RgOhRrQ==/org.kffs.habilisdatalogger-jClDYnCvabFyuuRbgKU13A==/lib/arm64/libSDL2_ttf.so using ns clns-4 from class loader (caller=/data/app/~~QpRnp90OX6wuTY-RgOhRrQ==/org.kffs.habilisdatalogger-jClDYnCvabFyuuRbgKU13A==/base.apk!classes5.dex): ok
06-11 23:12:42.192 24584 24584 V pythonutil: Loading library: python3.14
06-11 23:12:42.197 24584 24584 D nativeloader: Load libpython3.14.so using ns clns-4 from class loader (caller=/data/app/~~QpRnp90OX6wuTY-RgOhRrQ==/org.kffs.habilisdatalogger-jClDYnCvabFyuuRbgKU13A==/base.apk!classes5.dex): dlopen failed: library "libpython3.14.so" not found
06-11 23:12:42.197 24584 24584 V pythonutil: Library loading error: dlopen failed: library "libpython3.14.so" not found
06-11 23:12:42.197 24584 24584 V pythonutil: Loading library: python3.13
06-11 23:12:42.198 24584 24584 D nativeloader: Load libpython3.13.so using ns clns-4 from class loader (caller=/data/app/~~QpRnp90OX6wuTY-RgOhRrQ==/org.kffs.habilisdatalogger-jClDYnCvabFyuuRbgKU13A==/base.apk!classes5.dex): dlopen failed: library "libpython3.13.so" not found
06-11 23:12:42.198 24584 24584 V pythonutil: Library loading error: dlopen failed: library "libpython3.13.so" not found
06-11 23:12:42.198 24584 24584 V pythonutil: Loading library: python3.12
06-11 23:12:42.198 24584 24584 D nativeloader: Load libpython3.12.so using ns clns-4 from class loader (caller=/data/app/~~QpRnp90OX6wuTY-RgOhRrQ==/org.kffs.habilisdatalogger-jClDYnCvabFyuuRbgKU13A==/base.apk!classes5.dex): dlopen failed: library "libpython3.12.so" not found
06-11 23:12:42.198 24584 24584 V pythonutil: Library loading error: dlopen failed: library "libpython3.12.so" not found
06-11 23:12:42.199 24584 24584 V pythonutil: Loading library: python3.11
06-11 23:12:42.199 24584 24584 D nativeloader: Load libpython3.11.so using ns clns-4 from class loader (caller=/data/app/~~QpRnp90OX6wuTY-RgOhRrQ==/org.kffs.habilisdatalogger-jClDYnCvabFyuuRbgKU13A==/base.apk!classes5.dex): dlopen failed: library "libpython3.11.so" not found
06-11 23:12:42.199 24584 24584 V pythonutil: Library loading error: dlopen failed: library "libpython3.11.so" not found
06-11 23:12:42.199 24584 24584 V pythonutil: Loading library: python3.10
06-11 23:12:42.202 24584 24584 D nativeloader: Load /data/app/~~QpRnp90OX6wuTY-RgOhRrQ==/org.kffs.habilisdatalogger-jClDYnCvabFyuuRbgKU13A==/lib/arm64/libpython3.10.so using ns clns-4 from class loader (caller=/data/app/~~QpRnp90OX6wuTY-RgOhRrQ==/org.kffs.habilisdatalogger-jClDYnCvabFyuuRbgKU13A==/base.apk!classes5.dex): ok
06-11 23:12:42.203 24584 24584 V pythonutil: Loading library: main
06-11 23:12:42.204 24584 24584 D nativeloader: Load /data/app/~~QpRnp90OX6wuTY-RgOhRrQ==/org.kffs.habilisdatalogger-jClDYnCvabFyuuRbgKU13A==/lib/arm64/libmain.so using ns clns-4 from class loader (caller=/data/app/~~QpRnp90OX6wuTY-RgOhRrQ==/org.kffs.habilisdatalogger-jClDYnCvabFyuuRbgKU13A==/base.apk!classes5.dex): ok
06-11 23:12:42.204 24584 24584 V pythonutil: Loaded everything!
06-11 23:12:42.205 24584 24584 V SDL     : nativeSetupJNI()
06-11 23:12:42.206 24584 24584 V SDL     : AUDIO nativeSetupJNI()
06-11 23:12:42.206 24584 24584 V SDL     : CONTROLLER nativeSetupJNI()
06-11 23:12:42.253  1948  5734 D CoreBackPreview: Window{6095011 u0 org.kffs.habilisdatalogger/org.kivy.android.PythonActivity}: Setting back callback OnBackInvokedCallbackInfo{mCallback=android.window.IOnBackInvokedCallback$Stub$Proxy@a21dc4d, mPriority=0, mIsAnimationCallback=false}
06-11 23:12:42.270  1948  5734 D WindowManager: wms.Input focus has changed to Window{6095011 u0 org.kffs.habilisdatalogger/org.kivy.android.PythonActivity} display=0 updateInputWindows = true
06-11 23:12:42.272  1363  1442 I SurfaceFlinger: sf.setTransactionState focusRequest transactionId:8366597609677 frontWin:6095011 org.kffs.habilisdatalogger/org.kivy.android.PythonActivity
06-11 23:12:42.298 24584 24584 V SDL     : surfaceCreated()
06-11 23:12:42.298 24584 24584 V SDL     : surfaceChanged()
06-11 23:12:42.298 24584 24584 V SDL     : Window size: 1080x2172
06-11 23:12:42.298 24584 24584 V SDL     : Device size: 1080x2400
06-11 23:12:42.309 24584 24620 V SDL     : Running main function SDL_main from library /data/app/~~QpRnp90OX6wuTY-RgOhRrQ==/org.kffs.habilisdatalogger-jClDYnCvabFyuuRbgKU13A==/lib/arm64/libmain.so
06-11 23:12:42.309 24584 24620 V SDL     : nativeRunMain()
06-11 23:12:42.310 24584 24620 I python  : Initializing Python for Android
06-11 23:12:42.310 24584 24620 I python  : Setting additional env vars from p4a_env_vars.txt
06-11 23:12:42.311 24584 24620 I python  : Changing directory to '/data/user/0/org.kffs.habilisdatalogger/files/app'
06-11 23:12:42.314 24584 24620 I python  : Preparing to initialize python
06-11 23:12:42.314 24584 24620 I python  : _python_bundle dir exists
06-11 23:12:42.315 24584 24620 I python  : set wchar paths...
06-11 23:12:42.348  1948  5743 D WindowManager: wms.finishDrawingLocked: mDrawState=COMMIT_DRAW_PENDING Window{6095011 u0 org.kffs.habilisdatalogger/org.kivy.android.PythonActivity} in Surface(name=org.kffs.habilisdatalogger/org.kivy.android.PythonActivity#136503)/@0x91ebd4e
06-11 23:12:42.354 24584 24584 D SurfaceView: UPDATE Surface(name=SurfaceView[org.kffs.habilisdatalogger/org.kivy.android.PythonActivity]#136507)/@0x2fb8038, mIsProjectionMode = false
06-11 23:12:42.355  1948  2308 I WindowManager: wms.showSurfaceRobustly mWin:Window{6095011 u0 org.kffs.habilisdatalogger/org.kivy.android.PythonActivity}
06-11 23:12:42.357 24584 24620 I python  : Python initialized using legacy Py_Initialize().
06-11 23:12:42.357 24584 24620 I python  : Initialized python
06-11 23:12:42.357 24584 24620 I python  : testing python print redirection
06-11 23:12:42.358 24584 24620 I python  : Android kivy bootstrap done. __name__ is __main__
06-11 23:12:42.363  1948  2074 I ActivityTaskManager: Displayed org.kffs.habilisdatalogger/org.kivy.android.PythonActivity for user 0: +637ms
06-11 23:12:42.378 24584 24584 V SDL     : onWindowFocusChanged(): true
06-11 23:12:42.383  1948  4122 D CoreBackPreview: Window{3258d4a u0 Splash Screen org.kffs.habilisdatalogger}: Setting back callback null
06-11 23:12:42.383  1948  6134 W InputManager-JNI: Input channel object '3258d4a Splash Screen org.kffs.habilisdatalogger (client)' was disposed without first being removed with the input manager!
06-11 23:12:42.384  1948  2972 D tsched_scene: handleWindowChanged: pkgName: org.kffs.habilisdatalogger, mForegroundAppName: com.miui.home
06-11 23:12:42.394  1948  5730 I ImeTracker: org.kffs.habilisdatalogger:25e5bc78: onRequestHide at ORIGIN_SERVER_HIDE_INPUT reason HIDE_UNSPECIFIED_WINDOW
06-11 23:12:42.394  1948  5730 I ImeTracker: org.kffs.habilisdatalogger:25e5bc78: onCancelled at PHASE_SERVER_SHOULD_HIDE
06-11 23:12:42.396  1363  2713 D MI-SF   : updateScene: module = 270 (Input), value = 0, pkg = org.kffs.habilisdatalogger, Vrr = 1
06-11 23:12:42.410 22864 22864 I GoogleInputMethodService: GoogleInputMethodService.onStartInput():1446 onStartInput(EditorInfo{EditorInfo{packageName=org.kffs.habilisdatalogger, inputType=0, inputTypeString=NULL, enableLearning=false, autoCorrection=false, autoComplete=false, imeOptions=0, privateImeOptions=null, actionName=UNSPECIFIED, actionLabel=null, initialSelStart=-1, initialSelEnd=-1, initialCapsMode=0, label=null, fieldId=0, fieldName=null, extras=Bundle[mParcelledData.dataSize=72], hintText=null, hintLocales=[]}}, false)
06-11 23:12:42.412  1948  5734 W PackageConfigPersister: App-specific configuration not found for packageName: org.kffs.habilisdatalogger and userId: 0
06-11 23:12:42.412  1948  7880 I Transition: finishTransition: updateLastSurfacePosition tf=Task{3c2aff9 #559 type=standard A=10360:org.kffs.habilisdatalogger}
06-11 23:12:42.426  3838  4246 W RecentsModel: getRunningTask   taskInfo=TaskInfo{userId=0 taskId=559 displayId=0 isRunning=true baseIntent=Intent { act=android.intent.action.MAIN cat=[android.intent.category.LAUNCHER] flg=0x10200000 cmp=org.kffs.habilisdatalogger/org.kivy.android.PythonActivity } baseActivity=ComponentInfo{org.kffs.habilisdatalogger/org.kivy.android.PythonActivity} topActivity=ComponentInfo{org.kffs.habilisdatalogger/org.kivy.android.PythonActivity} origActivity=null realActivity=ComponentInfo{org.kffs.habilisdatalogger/org.kivy.android.PythonActivity} numActivities=1 lastActiveTime=654774021 supportsSplitScreenMultiWindow=true supportsMultiWindow=true resizeMode=1 isResizeable=true minWidth=-1 minHeight=-1 defaultMinSize=200 token=WCT{android.window.IWindowContainerToken$Stub$Proxy@58275a3} topActivityType=1 pictureInPictureParams=null shouldDockBigOverlays=false launchIntoPipHostTaskId=-1 lastParentTaskIdBeforePip=-1 displayCutoutSafeInsets=Rect(0, 98 - 0, 0) topActivityInfo=ActivityInfo{775f0a0 org.kivy.android.PythonActivity} launchCookies=[] positionInParent=Point(0, 0) parentTaskId=-1 isFocused=true isVisible=true isVisibleRequested=true isSleeping=false topActivityInSizeCompat=false topActivityInMiuiSizeCompat=false topActivityEligibleForLetterboxEducation= false topActivityLetterboxed= false isFromDoubleTap= false topActivityLetterboxVerticalPosition= -1 topActivityLetterboxHorizontalPosition= -1 topActivityLetterboxWidth=-1 topActivityLetterboxHeight=-1 locusId=null displayAreaFeatureId=1 cameraCompatControlState=hidden mIsCastMode=false mTopActivityMediaSize=null mTopActivityRecordName=ActivityRecord{8c1a6c0 u0 org.kffs.habilisdatalogger/org.kivy.android.PythonActivity t559} mTopActivityOrientation=1 mTopActivityWindowIsNowVisible=true isTranslucent=false isEmbedded=false shouldBeVisible=true mBehindAppLockPkg=null mOriginatingUid=0}
06-11 23:12:42.426  3838  4246 W RecentsModel: getTaskInfoIgnoreHomeAndFreeform   taskInfo=ComponentInfo{org.kffs.habilisdatalogger/org.kivy.android.PythonActivity}
06-11 23:12:42.456  3838  4246 E ActivityManagerWrapper: getRecentTasks: mainTaskId=559   userId=0   windowMode=1   baseIntent=Intent { act=android.intent.action.MAIN flag=270532608 cmp=ComponentInfo{org.kffs.habilisdatalogger/org.kivy.android.PythonActivity} }
06-11 23:12:42.484 24584 24620 I python  : [INFO   ] [Logger      ] Record log in /data/user/0/org.kffs.habilisdatalogger/files/app/.kivy/logs/kivy_26-06-11_1.txt
06-11 23:12:42.485 24584 24620 I python  : [INFO   ] [Kivy        ] v2.1.0
06-11 23:12:42.485 24584 24620 I python  : [INFO   ] [Kivy        ] Installed at "/data/user/0/org.kffs.habilisdatalogger/files/app/_python_bundle/site-packages/kivy/__init__.pyc"
06-11 23:12:42.485 24584 24620 I python  : [INFO   ] [Python      ] v3.10.11 (main, May 27 2026, 00:26:06) [Clang 14.0.7 (https://android.googlesource.com/toolchain/llvm-project 4c603efb0
06-11 23:12:42.485 24584 24620 I python  : [INFO   ] [Python      ] Interpreter at "/data/user/0/org.kffs.habilisdatalogger/files/app/.bin/python"
06-11 23:12:42.486 24584 24620 I python  : [INFO   ] [Logger      ] Purge log fired. Processing...
06-11 23:12:42.486 24584 24620 I python  : [INFO   ] [Logger      ] Purge finished!
06-11 23:12:42.496 24584 24620 I python  : [INFO   ] [KivyMD      ] 1.0.2, git-38fe356, 2022-08-11 (installed at "/data/user/0/org.kffs.habilisdatalogger/files/app/_python_bundle/site-packages/kivymd/__init__.pyc")
06-11 23:12:42.499 24584 24620 I python  : [INFO   ] [Factory     ] 189 symbols loaded
06-11 23:12:43.165 24584 24584 W SDLThread: type=1400 audit(0.0:405414): avc:  granted  { execute } for  path="/data/data/org.kffs.habilisdatalogger/files/app/_python_bundle/modules/_socket.cpython-310.so" dev="dm-53" ino=123652 scontext=u:r:untrusted_app_30:s0:c104,c257,c512,c768 tcontext=u:object_r:app_data_file:s0:c104,c257,c512,c768 tclass=file app=org.kffs.habilisdatalogger
06-11 23:12:43.169 24584 24584 W SDLThread: type=1400 audit(0.0:405415): avc:  granted  { execute } for  path="/data/data/org.kffs.habilisdatalogger/files/app/_python_bundle/modules/array.cpython-310.so" dev="dm-53" ino=123761 scontext=u:r:untrusted_app_30:s0:c104,c257,c512,c768 tcontext=u:object_r:app_data_file:s0:c104,c257,c512,c768 tclass=file app=org.kffs.habilisdatalogger
06-11 23:12:43.173 24584 24584 W SDLThread: type=1400 audit(0.0:405416): avc:  granted  { execute } for  path="/data/data/org.kffs.habilisdatalogger/files/app/_python_bundle/modules/_ssl.cpython-310.so" dev="dm-53" ino=124014 scontext=u:r:untrusted_app_30:s0:c104,c257,c512,c768 tcontext=u:object_r:app_data_file:s0:c104,c257,c512,c768 tclass=file app=org.kffs.habilisdatalogger
06-11 23:12:43.181 24584 24584 W SDLThread: type=1400 audit(0.0:405417): avc:  granted  { execute } for  path="/data/data/org.kffs.habilisdatalogger/files/app/_python_bundle/modules/binascii.cpython-310.so" dev="dm-53" ino=124086 scontext=u:r:untrusted_app_30:s0:c104,c257,c512,c768 tcontext=u:object_r:app_data_file:s0:c104,c257,c512,c768 tclass=file app=org.kffs.habilisdatalogger
06-11 23:12:43.189 24584 24584 W SDLThread: type=1400 audit(0.0:405418): avc:  granted  { execute } for  path="/data/data/org.kffs.habilisdatalogger/files/app/_python_bundle/modules/_contextvars.cpython-310.so" dev="dm-53" ino=111998 scontext=u:r:untrusted_app_30:s0:c104,c257,c512,c768 tcontext=u:object_r:app_data_file:s0:c104,c257,c512,c768 tclass=file app=org.kffs.habilisdatalogger
06-11 23:12:43.273 24584 24620 I python  : [INFO   ] [Image       ] Providers: img_tex, img_dds, img_sdl2, img_pil (img_ffpyplayer ignored)
06-11 23:12:43.293 24584 24620 I python  : [INFO   ] [Text        ] Provider: sdl2
06-11 23:12:43.434 24584 24620 I python  : [INFO   ] [Window      ] Provider: sdl2
06-11 23:12:43.446 24584 24620 V SDL     : setOrientation() requestedOrientation=1 width=800 height=600 resizable=true hint=Portrait
06-11 23:12:43.447 24584 24620 I SDL/APP : pixel format wanted SDL_PIXELFORMAT_RGBA8888 (1), got SDL_PIXELFORMAT_RGBA8888 (1)
06-11 23:12:43.449 24584 24620 I python  : [INFO   ] [GL          ] Using the "OpenGL ES 2" graphics system
06-11 23:12:43.454 24584 24620 I python  : [INFO   ] [GL          ] Backend used <sdl2>
06-11 23:12:43.454 24584 24620 I python  : [INFO   ] [GL          ] OpenGL version <b'OpenGL ES 3.2 V@0530.57 (GIT@4bbe300fc3, Ie69fc1c69b, 1747652194) (Date:05/19/25)'>
06-11 23:12:43.454 24584 24620 I python  : [INFO   ] [GL          ] OpenGL vendor <b'Qualcomm'>
06-11 23:12:43.455 24584 24620 I python  : [INFO   ] [GL          ] OpenGL renderer <b'Adreno (TM) 642L'>
06-11 23:12:43.455 24584 24620 I python  : [INFO   ] [GL          ] OpenGL parsed version: 3, 2
06-11 23:12:43.455 24584 24620 I python  : [INFO   ] [GL          ] Texture max size <16384>
06-11 23:12:43.455 24584 24620 I python  : [INFO   ] [GL          ] Texture max units <16>
06-11 23:12:43.458  1948  7880 I PowerManagerServiceImpl: Acquire wakelock: SCREEN_BRIGHT_WAKE_LOCK        'WindowManager/displayId:0' ON_AFTER_RELEASE (uid=1000 pid=1948 pkg=android ws=WorkSource{10360 org.kffs.habilisdatalogger})
06-11 23:12:43.474 24584 24620 I python  : [INFO   ] [Window      ] auto add sdl2 input provider
06-11 23:12:43.474  1948  7880 I PowerManagerServiceImpl: Release wakelock: SCREEN_BRIGHT_WAKE_LOCK        'WindowManager/displayId:0' ON_AFTER_RELEASE DISABLED ACQ=-13ms (uid=1000 pid=1948 pkg=android ws=WorkSource{10360 org.kffs.habilisdatalogger})
06-11 23:12:43.475 24584 24620 I python  : [INFO   ] [Window      ] virtual keyboard not allowed, single mode, not docked
06-11 23:12:43.657 24584 24620 I python  : Could not set FileProvider: No module named 'plyer.camera'
06-11 23:12:43.682 24584 24620 I python  : [INFO   ] [GL          ] NPOT texture support is available
06-11 23:12:45.738 24584 24620 I python  :  Traceback (most recent call last):
06-11 23:12:45.738 24584 24620 I python  :    File "/home/vboxuser/habilis-datalogger/.buildozer/android/platform/build-arm64-v8a_armeabi-v7a/build/python-installs/habilisdatalogger/arm64-v8a/kivy/lang/builder.py", line 704, in _apply_rule
06-11 23:12:45.738 24584 24620 I python  :    File "kivy/weakproxy.pyx", line 35, in kivy.weakproxy.WeakProxy.__setattr__
06-11 23:12:45.739 24584 24620 I python  :    File "kivy/properties.pyx", line 520, in kivy.properties.Property.__set__
06-11 23:12:45.739 24584 24620 I python  :    File "kivy/properties.pyx", line 1463, in kivy.properties.ReferenceListProperty.set
06-11 23:12:45.739 24584 24620 I python  :    File "kivy/properties.pyx", line 1452, in kivy.properties.ReferenceListProperty.check
06-11 23:12:45.739 24584 24620 I python  :  ValueError: MDLabel.padding value length is immutable
06-11 23:12:45.739 24584 24620 I python  :  
06-11 23:12:45.739 24584 24620 I python  :  During handling of the above exception, another exception occurred:
06-11 23:12:45.740 24584 24620 I python  :  
06-11 23:12:45.740 24584 24620 I python  :  Traceback (most recent call last):
06-11 23:12:45.740 24584 24620 I python  :    File "/home/vboxuser/habilis-datalogger/.buildozer/android/app/main.py", line 190, in <module>
06-11 23:12:45.740 24584 24620 I python  :    File "/home/vboxuser/habilis-datalogger/.buildozer/android/platform/build-arm64-v8a_armeabi-v7a/build/python-installs/habilisdatalogger/arm64-v8a/kivy/app.py", line 954, in run
06-11 23:12:45.740 24584 24620 I python  :    File "/home/vboxuser/habilis-datalogger/.buildozer/android/platform/build-arm64-v8a_armeabi-v7a/build/python-installs/habilisdatalogger/arm64-v8a/kivy/app.py", line 924, in _run_prepare
06-11 23:12:45.740 24584 24620 I python  :    File "/home/vboxuser/habilis-datalogger/.buildozer/android/app/main.py", line 170, in build
06-11 23:12:45.741 24584 24620 I python  :    File "/home/vboxuser/habilis-datalogger/.buildozer/android/app/admin.py", line 1232, in __init__
06-11 23:12:45.741 24584 24620 I python  :    File "/home/vboxuser/habilis-datalogger/.buildozer/android/platform/build-arm64-v8a_armeabi-v7a/build/python-installs/habilisdatalogger/arm64-v8a/kivymd/uix/behaviors/declarative_bahavior.py", line 311, in __init__
06-11 23:12:45.741 24584 24620 I python  :    File "/home/vboxuser/habilis-datalogger/.buildozer/android/platform/build-arm64-v8a_armeabi-v7a/build/python-installs/habilisdatalogger/arm64-v8a/kivy/uix/relativelayout.py", line 274, in __init__
06-11 23:12:45.741 24584 24620 I python  :    File "/home/vboxuser/habilis-datalogger/.buildozer/android/platform/build-arm64-v8a_armeabi-v7a/build/python-installs/habilisdatalogger/arm64-v8a/kivy/uix/floatlayout.py", line 65, in __init__
06-11 23:12:45.741 24584 24620 I python  :    File "/home/vboxuser/habilis-datalogger/.buildozer/android/platform/build-arm64-v8a_armeabi-v7a/build/python-installs/habilisdatalogger/arm64-v8a/kivy/uix/layout.py", line 76, in __init__
06-11 23:12:45.742 24584 24620 I python  :    File "/home/vboxuser/habilis-datalogger/.buildozer/android/platform/build-arm64-v8a_armeabi-v7a/build/python-installs/habilisdatalogger/arm64-v8a/kivymd/uix/behaviors/backgroundcolor_behavior.py", line 206, in __init__
06-11 23:12:45.742 24584 24620 I python  :    File "/home/vboxuser/habilis-datalogger/.buildozer/android/platform/build-arm64-v8a_armeabi-v7a/build/python-installs/habilisdatalogger/arm64-v8a/kivymd/uix/behaviors/backgroundcolor_behavior.py", line 162, in __init__
06-11 23:12:45.742 24584 24620 I python  :    File "/home/vboxuser/habilis-datalogger/.buildozer/android/platform/build-arm64-v8a_armeabi-v7a/build/python-installs/habilisdatalogger/arm64-v8a/kivymd/uix/behaviors/elevation.py", line 851, in __init__
06-11 23:12:45.742 24584 24620 I python  :    File "/home/vboxuser/habilis-datalogger/.buildozer/android/platform/build-arm64-v8a_armeabi-v7a/build/python-installs/habilisdatalogger/arm64-v8a/kivy/uix/widget.py", line 366, in __init__
06-11 23:12:45.743 24584 24620 I python  :    File "/home/vboxuser/habilis-datalogger/.buildozer/android/platform/build-arm64-v8a_armeabi-v7a/build/python-installs/habilisdatalogger/arm64-v8a/kivy/uix/widget.py", line 470, in apply_class_lang_rules
06-11 23:12:45.743 24584 24620 I python  :    File "/home/vboxuser/habilis-datalogger/.buildozer/android/platform/build-arm64-v8a_armeabi-v7a/build/python-installs/habilisdatalogger/arm64-v8a/kivy/lang/builder.py", line 540, in apply
06-11 23:12:45.743 24584 24620 I python  :    File "/home/vboxuser/habilis-datalogger/.buildozer/android/platform/build-arm64-v8a_armeabi-v7a/build/python-installs/habilisdatalogger/arm64-v8a/kivy/lang/builder.py", line 709, in _apply_rule
06-11 23:12:45.743 24584 24620 I python  :  kivy.lang.builder.BuilderException: Parser: File "<inline>", line 161:
06-11 23:12:45.743 24584 24620 I python  :  ...
06-11 23:12:45.743 24584 24620 I python  :      159:            size_hint_y: None
06-11 23:12:45.743 24584 24620 I python  :      160:            height: "45dp"
06-11 23:12:45.743 24584 24620 I python  :  >>  161:            padding: "10dp"
06-11 23:12:45.744 24584 24620 I python  :      162:            theme_text_color: "Secondary"
06-11 23:12:45.744 24584 24620 I python  :      163:
06-11 23:12:45.744 24584 24620 I python  :  ...
06-11 23:12:45.744 24584 24620 I python  :  ValueError: MDLabel.padding value length is immutable
06-11 23:12:45.744 24584 24620 I python  :    File "/home/vboxuser/habilis-datalogger/.buildozer/android/platform/build-arm64-v8a_armeabi-v7a/build/python-installs/habilisdatalogger/arm64-v8a/kivy/lang/builder.py", line 704, in _apply_rule
06-11 23:12:45.744 24584 24620 I python  :    File "kivy/weakproxy.pyx", line 35, in kivy.weakproxy.WeakProxy.__setattr__
06-11 23:12:45.744 24584 24620 I python  :    File "kivy/properties.pyx", line 520, in kivy.properties.Property.__set__
06-11 23:12:45.744 24584 24620 I python  :    File "kivy/properties.pyx", line 1463, in kivy.properties.ReferenceListProperty.set
06-11 23:12:45.744 24584 24620 I python  :    File "kivy/properties.pyx", line 1452, in kivy.properties.ReferenceListProperty.check
06-11 23:12:45.744 24584 24620 I python  :  
06-11 23:12:45.744 24584 24620 I python  : Python for android ended.
06-11 23:12:46.104 21033 21039 W .gms.persistent: ApkAssets: Deleting an ApkAssets object '<empty> and /data/app/~~QpRnp90OX6wuTY-RgOhRrQ==/org.kffs.habilisdatalogger-jClDYnCvabFyuuRbgKU13A==/base.apk' with 1 weak references
06-11 23:12:46.783  1948  6126 I WindowManager: WIN DEATH: Window{6095011 u0 org.kffs.habilisdatalogger/org.kivy.android.PythonActivity}
06-11 23:12:46.783  1948  6126 W InputManager-JNI: Input channel object '6095011 org.kffs.habilisdatalogger/org.kivy.android.PythonActivity (client)' was disposed without first being removed with the input manager!
06-11 23:12:46.784  1948  3868 I ActivityManager: Process org.kffs.habilisdatalogger (pid 24584) has died: fg  TOP 
06-11 23:12:46.784  1948  7850 I ImeTracker: org.kffs.habilisdatalogger:4b1f4b9e: onRequestHide at ORIGIN_SERVER_HIDE_INPUT reason HIDE_REMOVE_CLIENT
06-11 23:12:46.784  1948  7850 I ImeTracker: org.kffs.habilisdatalogger:4b1f4b9e: onCancelled at PHASE_SERVER_SHOULD_HIDE
06-11 23:12:46.788  1363  4699 D MI-SF   : updateScene: module = 270 (Input), value = 0, pkg = org.kffs.habilisdatalogger, Vrr = 1
06-11 23:12:46.797  1948  3868 W ActivityTaskManager: Force removing ActivityRecord{8c1a6c0 u0 org.kffs.habilisdatalogger/org.kivy.android.PythonActivity t559}: app died, no saved state
06-11 23:12:46.798  1948  3868 D WindowManager: Collecting in transition 8461: Task{3c2aff9 #559 type=standard A=10360:org.kffs.habilisdatalogger} init visibleRequested:true
06-11 23:12:46.799  1948  3868 D WindowManager: Collecting in transition 8461: ActivityRecord{8c1a6c0 u0 org.kffs.habilisdatalogger/org.kivy.android.PythonActivity t559 f}} init visibleRequested:false
06-11 23:12:46.800  1948  3868 W WindowManager: onSyncReparent mSyncState =2, mSyncGroup = com.android.server.wm.BLASTSyncEngine$SyncGroup@2d17cf8 this: ActivityRecord{8c1a6c0 u0 org.kffs.habilisdatalogger/org.kivy.android.PythonActivity t559 f}}
06-11 23:12:46.800  1948  3868 I ActivityTaskManager: Do not migrate a removing Task! Task{3c2aff9 #559 type=standard A=10360:org.kffs.habilisdatalogger}
06-11 23:12:46.800  1948  3868 W WindowManager: onSyncReparent mSyncState =2, mSyncGroup = com.android.server.wm.BLASTSyncEngine$SyncGroup@2d17cf8 this: Task{3c2aff9 #559 type=standard A=10360:org.kffs.habilisdatalogger}
06-11 23:12:46.819  7590 11082 D PerfEngineController: ForegroundInfo{mForegroundPackageName='com.miui.home', mForegroundUid=10158, mForegroundPid=3838, mLastForegroundPackageName='org.kffs.habilisdatalogger', mLastForegroundUid=10360, mLastForegroundPid=24584, mMultiWindowForegroundPackageName='com.miui.home', mMultiWindowForegroundUid=10158, mFlags=0}
06-11 23:12:46.819 19295 19459 I ProcessMonitor: onForegroundInfoChanged: ForegroundInfo{mForegroundPackageName='com.miui.home', mForegroundUid=10158, mForegroundPid=3838, mLastForegroundPackageName='org.kffs.habilisdatalogger', mLastForegroundUid=10360, mLastForegroundPid=24584, mMultiWindowForegroundPackageName='com.miui.home', mMultiWindowForegroundUid=10158, mFlags=0}
06-11 23:12:46.819  7953  7965 I GST     : forePkg: com.miui.home, preForePkg: org.kffs.habilisdatalogger
06-11 23:12:46.819  3838  4380 D AppObserver: ForegroundInfo{mForegroundPackageName='com.miui.home', mForegroundUid=10158, mForegroundPid=3838, mLastForegroundPackageName='org.kffs.habilisdatalogger', mLastForegroundUid=10360, mLastForegroundPid=24584, mMultiWindowForegroundPackageName='com.miui.home', mMultiWindowForegroundUid=10158, mFlags=0}
06-11 23:12:46.820 24071 12196 D BluetoothLatencyMode: ForegroundInfo{mForegroundPackageName='com.miui.home', mForegroundUid=10158, mForegroundPid=3838, mLastForegroundPackageName='org.kffs.habilisdatalogger', mLastForegroundUid=10360, mLastForegroundPid=24584, mMultiWindowForegroundPackageName='com.miui.home', mMultiWindowForegroundUid=10158, mFlags=0}
06-11 23:12:46.822 19295 19459 I GameBoosterService: onForegroundInfoChanged: Cur=com.miui.home	 last=org.kffs.habilisdatalogger
06-11 23:12:46.822 19295 19459 D GameBoosterService: onGameStatusChange foreground:ForegroundInfo{mForegroundPackageName='com.miui.home', mForegroundUid=10158, mForegroundPid=3838, mLastForegroundPackageName='org.kffs.habilisdatalogger', mLastForegroundUid=10360, mLastForegroundPid=24584, mMultiWindowForegroundPackageName='com.miui.home', mMultiWi