05-28 21:03:57.611  4050  4050 W RecentsImpl: onResumed className=org.kivy.android.PythonActivity   mIsInAnotherPro=false   isKeyguardLocked=false   mSecuritySpaceGuideShown=false
05-28 21:03:57.612  1035  1094 V python  : extracting _python_bundle/modules/_codecs_tw.cpython-310.so
05-28 21:03:57.616  1035  1094 V python  : extracting _python_bundle/modules/_contextvars.cpython-310.so
05-28 21:03:57.617  1035  1094 V python  : extracting _python_bundle/modules/_csv.cpython-310.so
05-28 21:03:57.619  1035  1094 V python  : extracting _python_bundle/modules/_ctypes.cpython-310.so
05-28 21:03:57.620  2054  7683 D CoreBackPreview: Window{af01b57 u0 org.kffs.habilisdatalogger/org.kivy.android.PythonActivity}: Setting back callback OnBackInvokedCallbackInfo{mCallback=android.window.IOnBackInvokedCallback$Stub$Proxy@3f115f3, mPriority=0, mIsAnimationCallback=false}
05-28 21:03:57.624  1035  1094 V python  : extracting _python_bundle/modules/_ctypes_test.cpython-310.so
05-28 21:03:57.627  1035  1094 V python  : extracting _python_bundle/modules/_datetime.cpython-310.so
05-28 21:03:57.630  1035  1094 V python  : extracting _python_bundle/modules/_decimal.cpython-310.so
05-28 21:03:57.636  1035  1094 V python  : extracting _python_bundle/modules/_elementtree.cpython-310.so
05-28 21:03:57.639  1035  1094 V python  : extracting _python_bundle/modules/_hashlib.cpython-310.so
05-28 21:03:57.642  1035  1094 V python  : extracting _python_bundle/modules/_heapq.cpython-310.so
05-28 21:03:57.643  1035  1094 V python  : extracting _python_bundle/modules/_json.cpython-310.so
05-28 21:03:57.644  2054  7683 D WindowManager: wms.Input focus has changed to Window{af01b57 u0 org.kffs.habilisdatalogger/org.kivy.android.PythonActivity} display=0 updateInputWindows = true
05-28 21:03:57.645  1035  1094 V python  : extracting _python_bundle/modules/_lsprof.cpython-310.so
05-28 21:03:57.645  1035  1094 V python  : extracting _python_bundle/modules/_md5.cpython-310.so
05-28 21:03:57.646  1035  1094 V python  : extracting _python_bundle/modules/_multibytecodec.cpython-310.so
05-28 21:03:57.648  1035  1094 V python  : extracting _python_bundle/modules/_multiprocessing.cpython-310.so
05-28 21:03:57.650  1035  1094 V python  : extracting _python_bundle/modules/_opcode.cpython-310.so
05-28 21:03:57.651  1035  1094 V python  : extracting _python_bundle/modules/_pickle.cpython-310.so
05-28 21:03:57.653  1035  1094 V python  : extracting _python_bundle/modules/_posixsubprocess.cpython-310.so
05-28 21:03:57.654  1035  1094 V python  : extracting _python_bundle/modules/_queue.cpython-310.so
05-28 21:03:57.655  1035  1094 V python  : extracting _python_bundle/modules/_random.cpython-310.so
05-28 21:03:57.657  1035  1094 V python  : extracting _python_bundle/modules/_sha1.cpython-310.so
05-28 21:03:57.658  1417  2774 I SurfaceFlinger: sf.setTransactionState focusRequest transactionId:8821863241693 frontWin:af01b57 org.kffs.habilisdatalogger/org.kivy.android.PythonActivity
05-28 21:03:57.660  1035  1094 V python  : extracting _python_bundle/modules/_sha256.cpython-310.so
05-28 21:03:57.662  1035  1094 V python  : extracting _python_bundle/modules/_sha3.cpython-310.so
05-28 21:03:57.664  1035  1094 V python  : extracting _python_bundle/modules/_sha512.cpython-310.so
05-28 21:03:57.665  1035  1094 V python  : extracting _python_bundle/modules/_socket.cpython-310.so
05-28 21:03:57.668  1035  1094 V python  : extracting _python_bundle/modules/_sqlite3.cpython-310.so
05-28 21:03:57.670  1035  1094 V python  : extracting _python_bundle/modules/_ssl.cpython-310.so
05-28 21:03:57.674  1035  1094 V python  : extracting _python_bundle/modules/_statistics.cpython-310.so
05-28 21:03:57.676  1035  1094 V python  : extracting _python_bundle/modules/_struct.cpython-310.so
05-28 21:03:57.677  1035  1094 V python  : extracting _python_bundle/modules/_sysconfigdata__linux_aarch64-linux-android.pyc
05-28 21:03:57.679  1035  1094 V python  : extracting _python_bundle/modules/_testbuffer.cpython-310.so
05-28 21:03:57.680  1035  1094 V python  : extracting _python_bundle/modules/_testcapi.cpython-310.so
05-28 21:03:57.684  1035  1094 V python  : extracting _python_bundle/modules/_testclinic.cpython-310.so
05-28 21:03:57.685  1035  1094 V python  : extracting _python_bundle/modules/_testimportmultiple.cpython-310.so
05-28 21:03:57.686  1035  1094 V python  : extracting _python_bundle/modules/_testinternalcapi.cpython-310.so
05-28 21:03:57.687  1035  1094 V python  : extracting _python_bundle/modules/_testmultiphase.cpython-310.so
05-28 21:03:57.691  1035  1094 V python  : extracting _python_bundle/modules/_xxsubinterpreters.cpython-310.so
05-28 21:03:57.693  1035  1094 V python  : extracting _python_bundle/modules/_xxtestfuzz.cpython-310.so
05-28 21:03:57.694  1035  1094 V python  : extracting _python_bundle/modules/_zoneinfo.cpython-310.so
05-28 21:03:57.695  1035  1094 V python  : extracting _python_bundle/modules/array.cpython-310.so
05-28 21:03:57.697  1035  1094 V python  : extracting _python_bundle/modules/audioop.cpython-310.so
05-28 21:03:57.699  1035  1094 V python  : extracting _python_bundle/modules/binascii.cpython-310.so
05-28 21:03:57.700  1035  1094 V python  : extracting _python_bundle/modules/cmath.cpython-310.so
05-28 21:03:57.701  1035  1094 V python  : extracting _python_bundle/modules/fcntl.cpython-310.so
05-28 21:03:57.702  1035  1094 V python  : extracting _python_bundle/modules/math.cpython-310.so
05-28 21:03:57.703  1035  1094 V python  : extracting _python_bundle/modules/mmap.cpython-310.so
05-28 21:03:57.705  1035  1094 V python  : extracting _python_bundle/modules/ossaudiodev.cpython-310.so
05-28 21:03:57.708  1035  1094 V python  : extracting _python_bundle/modules/pyexpat.cpython-310.so
05-28 21:03:57.713  1035  1094 V python  : extracting _python_bundle/modules/resource.cpython-310.so
05-28 21:03:57.714  1035  1094 V python  : extracting _python_bundle/modules/select.cpython-310.so
05-28 21:03:57.715  1035  1094 V python  : extracting _python_bundle/modules/syslog.cpython-310.so
05-28 21:03:57.716  1035  1094 V python  : extracting _python_bundle/modules/termios.cpython-310.so
05-28 21:03:57.718  1035  1094 V python  : extracting _python_bundle/modules/unicodedata.cpython-310.so
05-28 21:03:57.741  1035  1094 V python  : extracting _python_bundle/modules/xxlimited.cpython-310.so
05-28 21:03:57.741  1035  1094 V python  : extracting _python_bundle/modules/xxlimited_35.cpython-310.so
05-28 21:03:57.742  1035  1094 V python  : extracting _python_bundle/modules/zlib.cpython-310.so
05-28 21:03:57.744  1035  1094 V python  : extracting _python_bundle/site-packages/
05-28 21:03:57.744  1035  1094 V python  : extracting _python_bundle/site-packages/4ef79d6367bb14396397__mypyc.so
05-28 21:03:57.756  1035  1094 V python  : extracting _python_bundle/site-packages/PIL/
05-28 21:03:57.757  1035  1094 V python  : extracting _python_bundle/site-packages/PIL/AvifImagePlugin.pyc
05-28 21:03:57.757  1035  1094 V python  : extracting _python_bundle/site-packages/PIL/BdfFontFile.pyc
05-28 21:03:57.758  1035  1094 V python  : extracting _python_bundle/site-packages/PIL/BlpImagePlugin.pyc
05-28 21:03:57.759  1035  1094 V python  : extracting _python_bundle/site-packages/PIL/BmpImagePlugin.pyc
05-28 21:03:57.760  1035  1094 V python  : extracting _python_bundle/site-packages/PIL/BufrStubImagePlugin.pyc
05-28 21:03:57.760  1035  1094 V python  : extracting _python_bundle/site-packages/PIL/ContainerIO.pyc
05-28 21:03:57.761  1035  1094 V python  : extracting _python_bundle/site-packages/PIL/CurImagePlugin.pyc
05-28 21:03:57.761  1035  1094 V python  : extracting _python_bundle/site-packages/PIL/DcxImagePlugin.pyc
05-28 21:03:57.762  1035  1094 V python  : extracting _python_bundle/site-packages/PIL/DdsImagePlugin.pyc
05-28 21:03:57.763  1035  1094 V python  : extracting _python_bundle/site-packages/PIL/EpsImagePlugin.pyc
05-28 21:03:57.763  1035  1094 V python  : extracting _python_bundle/site-packages/PIL/ExifTags.pyc
05-28 21:03:57.764  1035  1094 V python  : extracting _python_bundle/site-packages/PIL/FitsImagePlugin.pyc
05-28 21:03:57.765  1035  1094 V python  : extracting _python_bundle/site-packages/PIL/FliImagePlugin.pyc
05-28 21:03:57.765  1035  1094 V python  : extracting _python_bundle/site-packages/PIL/FontFile.pyc
05-28 21:03:57.766  1035  1094 V python  : extracting _python_bundle/site-packages/PIL/FpxImagePlugin.pyc
05-28 21:03:57.767  1035  1094 V python  : extracting _python_bundle/site-packages/PIL/FtexImagePlugin.pyc
05-28 21:03:57.767  1035  1094 V python  : extracting _python_bundle/site-packages/PIL/GbrImagePlugin.pyc
05-28 21:03:57.768  1035  1094 V python  : extracting _python_bundle/site-packages/PIL/GdImageFile.pyc
05-28 21:03:57.768  1035  1094 V python  : extracting _python_bundle/site-packages/PIL/GifImagePlugin.pyc
05-28 21:03:57.769  1035  1094 V python  : extracting _python_bundle/site-packages/PIL/GimpGradientFile.pyc
05-28 21:03:57.770  1035  1094 V python  : extracting _python_bundle/site-packages/PIL/GimpPaletteFile.pyc
05-28 21:03:57.770  1035  1094 V python  : extracting _python_bundle/site-packages/PIL/GribStubImagePlugin.pyc
05-28 21:03:57.771  1035  1094 V python  : extracting _python_bundle/site-packages/PIL/Hdf5StubImagePlugin.pyc
05-28 21:03:57.772  1035  1094 V python  : extracting _python_bundle/site-packages/PIL/IcnsImagePlugin.pyc
05-28 21:03:57.773  1035  1094 V python  : extracting _python_bundle/site-packages/PIL/IcoImagePlugin.pyc
05-28 21:03:57.774  1035  1094 V python  : extracting _python_bundle/site-packages/PIL/ImImagePlugin.pyc
05-28 21:03:57.775  1035  1094 V python  : extracting _python_bundle/site-packages/PIL/Image.pyc
05-28 21:03:57.777  1035  1094 V python  : extracting _python_bundle/site-packages/PIL/ImageChops.pyc
05-28 21:03:57.778  1035  1094 V python  : extracting _python_bundle/site-packages/PIL/ImageCms.pyc
05-28 21:03:57.779  1035  1094 V python  : extracting _python_bundle/site-packages/PIL/ImageColor.pyc
05-28 21:03:57.780  1035  1094 V python  : extracting _python_bundle/site-packages/PIL/ImageDraw.pyc
05-28 21:03:57.781  1035  1094 V python  : extracting _python_bundle/site-packages/PIL/ImageDraw2.pyc
05-28 21:03:57.781  1035  1094 V python  : extracting _python_bundle/site-packages/PIL/ImageEnhance.pyc
05-28 21:03:57.782  1035  1094 V python  : extracting _python_bundle/site-packages/PIL/ImageFile.pyc
05-28 21:03:57.783  1035  1094 V python  : extracting _python_bundle/site-packages/PIL/ImageFilter.pyc
05-28 21:03:57.784  1035  1094 V python  : extracting _python_bundle/site-packages/PIL/ImageFont.pyc
05-28 21:03:57.785  1035  1094 V python  : extracting _python_bundle/site-packages/PIL/ImageGrab.pyc
05-28 21:03:57.786  1035  1094 V python  : extracting _python_bundle/site-packages/PIL/ImageMath.pyc
05-28 21:03:57.787  1035  1094 V python  : extracting _python_bundle/site-packages/PIL/ImageMode.pyc
05-28 21:03:57.787  1035  1094 V python  : extracting _python_bundle/site-packages/PIL/ImageMorph.pyc
05-28 21:03:57.789  1035  1094 V python  : extracting _python_bundle/site-packages/PIL/ImageOps.pyc
05-28 21:03:57.790  1035  1094 V python  : extracting _python_bundle/site-packages/PIL/ImagePalette.pyc
05-28 21:03:57.791  1035  1094 V python  : extracting _python_bundle/site-packages/PIL/ImagePath.pyc
05-28 21:03:57.792  1035  1094 V python  : extracting _python_bundle/site-packages/PIL/ImageQt.pyc
05-28 21:03:57.792  1035  1094 V python  : extracting _python_bundle/site-packages/PIL/ImageSequence.pyc
05-28 21:03:57.793  1035  1094 V python  : extracting _python_bundle/site-packages/PIL/ImageShow.pyc
05-28 21:03:57.794  1035  1094 V python  : extracting _python_bundle/site-packages/PIL/ImageStat.pyc
05-28 21:03:57.795  1035  1094 V python  : extracting _python_bundle/site-packages/PIL/ImageTk.pyc
05-28 21:03:57.795  1035  1094 V python  : extracting _python_bundle/site-packages/PIL/ImageTransform.pyc
05-28 21:03:57.796  1035  1094 V python  : extracting _python_bundle/site-packages/PIL/ImageWin.pyc
05-28 21:03:57.796  1035  1094 V python  : extracting _python_bundle/site-packages/PIL/ImtImagePlugin.pyc
05-28 21:03:57.797  1035  1094 V python  : extracting _python_bundle/site-packages/PIL/IptcImagePlugin.pyc
05-28 21:03:57.798  1035  1094 V python  : extracting _python_bundle/site-packages/PIL/Jpeg2KImagePlugin.pyc
05-28 21:03:57.798  1035  1094 V python  : extracting _python_bundle/site-packages/PIL/JpegImagePlugin.pyc
05-28 21:03:57.800  1035  1094 V python  : extracting _python_bundle/site-packages/PIL/JpegPresets.pyc
05-28 21:03:57.801  1035  1094 V python  : extracting _python_bundle/site-packages/PIL/McIdasImagePlugin.pyc
05-28 21:03:57.801  1035  1094 V python  : extracting _python_bundle/site-packages/PIL/MicImagePlugin.pyc
05-28 21:03:57.802  1035  1094 V python  : extracting _python_bundle/site-packages/PIL/MpegImagePlugin.pyc
05-28 21:03:57.803  1035  1094 V python  : extracting _python_bundle/site-packages/PIL/MpoImagePlugin.pyc
05-28 21:03:57.803  1035  1094 V python  : extracting _python_bundle/site-packages/PIL/MspImagePlugin.pyc
05-28 21:03:57.804  1035  1094 V python  : extracting _python_bundle/site-packages/PIL/PSDraw.pyc
05-28 21:03:57.806  1035  1094 V python  : extracting _python_bundle/site-packages/PIL/PaletteFile.pyc
05-28 21:03:57.807  1035  1094 V python  : extracting _python_bundle/site-packages/PIL/PalmImagePlugin.pyc
05-28 21:03:57.808  1035  1094 V python  : extracting _python_bundle/site-packages/PIL/PcdImagePlugin.pyc
05-28 21:03:57.809  1035  1094 V python  : extracting _python_bundle/site-packages/PIL/PcfFontFile.pyc
05-28 21:03:57.809  1035  1094 V python  : extracting _python_bundle/site-packages/PIL/PcxImagePlugin.pyc
05-28 21:03:57.810  1035  1094 V python  : extracting _python_bundle/site-packages/PIL/PdfImagePlugin.pyc
05-28 21:03:57.811  1035  1094 V python  : extracting _python_bundle/site-packages/PIL/PdfParser.pyc
05-28 21:03:57.812  1035  1094 V python  : extracting _python_bundle/site-packages/PIL/PixarImagePlugin.pyc
05-28 21:03:57.813  1035  1094 V python  : extracting _python_bundle/site-packages/PIL/PngImagePlugin.pyc
05-28 21:03:57.814  1035  1094 V python  : extracting _python_bundle/site-packages/PIL/PpmImagePlugin.pyc
05-28 21:03:57.815  1035  1094 V python  : extracting _python_bundle/site-packages/PIL/PsdImagePlugin.pyc
05-28 21:03:57.816  1035  1094 V python  : extracting _python_bundle/site-packages/PIL/QoiImagePlugin.pyc
05-28 21:03:57.817  1035  1094 V python  : extracting _python_bundle/site-packages/PIL/SgiImagePlugin.pyc
05-28 21:03:57.817  1035  1094 V python  : extracting _python_bundle/site-packages/PIL/SpiderImagePlugin.pyc
05-28 21:03:57.818  1035  1094 V python  : extracting _python_bundle/site-packages/PIL/SunImagePlugin.pyc
05-28 21:03:57.819  1035  1094 V python  : extracting _python_bundle/site-packages/PIL/TarIO.pyc
05-28 21:03:57.820  1035  1094 V python  : extracting _python_bundle/site-packages/PIL/TgaImagePlugin.pyc
05-28 21:03:57.820  1035  1094 V python  : extracting _python_bundle/site-packages/PIL/TiffImagePlugin.pyc
05-28 21:03:57.825  1035  1094 V python  : extracting _python_bundle/site-packages/PIL/TiffTags.pyc
05-28 21:03:57.826  1035  1094 V python  : extracting _python_bundle/site-packages/PIL/WalImageFile.pyc
05-28 21:03:57.826  1035  1094 V python  : extracting _python_bundle/site-packages/PIL/WebPImagePlugin.pyc
05-28 21:03:57.827  1035  1094 V python  : extracting _python_bundle/site-packages/PIL/WmfImagePlugin.pyc
05-28 21:03:57.827  1035  1094 V python  : extracting _python_bundle/site-packages/PIL/XVThumbImagePlugin.pyc
05-28 21:03:57.828  1035  1094 V python  : extracting _python_bundle/site-packages/PIL/XbmImagePlugin.pyc
05-28 21:03:57.829  1035  1094 V python  : extracting _python_bundle/site-packages/PIL/XpmImagePlugin.pyc
05-28 21:03:57.829  1035  1094 V python  : extracting _python_bundle/site-packages/PIL/__init__.pyc
05-28 21:03:57.830  1035  1094 V python  : extracting _python_bundle/site-packages/PIL/__main__.pyc
05-28 21:03:57.830  1035  1094 V python  : extracting _python_bundle/site-packages/PIL/_avif.pyi
05-28 21:03:57.830  1035  1094 V python  : extracting _python_bundle/site-packages/PIL/_binary.pyc
05-28 21:03:57.831  1035  1094 V python  : extracting _python_bundle/site-packages/PIL/_deprecate.pyc
05-28 21:03:57.831  1035  1094 V python  : extracting _python_bundle/site-packages/PIL/_imaging.pyi
05-28 21:03:57.832  1035  1094 V python  : extracting _python_bundle/site-packages/PIL/_imaging.so
05-28 21:03:57.851  1035  1094 V python  : extracting _python_bundle/site-packages/PIL/_imagingcms.pyi
05-28 21:03:57.852  1035  1094 V python  : extracting _python_bundle/site-packages/PIL/_imagingft.pyi
05-28 21:03:57.852  1035  1094 V python  : extracting _python_bundle/site-packages/PIL/_imagingft.so
05-28 21:03:57.857  1035  1094 V python  : extracting _python_bundle/site-packages/PIL/_imagingmath.pyi
05-28 21:03:57.858  1035  1094 V python  : extracting _python_bundle/site-packages/PIL/_imagingmath.so
05-28 21:03:57.859  1035  1094 V python  : extracting _python_bundle/site-packages/PIL/_imagingmorph.pyi
05-28 21:03:57.859  1035  1094 V python  : extracting _python_bundle/site-packages/PIL/_imagingmorph.so
05-28 21:03:57.860  1035  1094 V python  : extracting _python_bundle/site-packages/PIL/_imagingtk.pyi
05-28 21:03:57.860  1035  1094 V python  : extracting _python_bundle/site-packages/PIL/_imagingtk.so
05-28 21:03:57.861  1035  1094 V python  : extracting _python_bundle/site-packages/PIL/_tkinter_finder.pyc
05-28 21:03:57.864  1035  1094 V python  : extracting _python_bundle/site-packages/PIL/_typing.pyc
05-28 21:03:57.865  1035  1094 V python  : extracting _python_bundle/site-packages/PIL/_util.pyc
05-28 21:03:57.865  1035  1094 V python  : extracting _python_bundle/site-packages/PIL/_version.pyc
05-28 21:03:57.866  1035  1094 V python  : extracting _python_bundle/site-packages/PIL/_webp.pyi
05-28 21:03:57.866  1035  1094 V python  : extracting _python_bundle/site-packages/PIL/features.pyc
05-28 21:03:57.867  1035  1094 V python  : extracting _python_bundle/site-packages/PIL/py.typed
05-28 21:03:57.867  1035  1094 V python  : extracting _python_bundle/site-packages/PIL/report.pyc
05-28 21:03:57.868  1035  1094 V python  : extracting _python_bundle/site-packages/_distutils_hack/
05-28 21:03:57.868  1035  1094 V python  : extracting _python_bundle/site-packages/_distutils_hack/__init__.pyc
05-28 21:03:57.869  1035  1094 V python  : extracting _python_bundle/site-packages/_distutils_hack/override.pyc
05-28 21:03:57.869  1035  1094 V python  : extracting _python_bundle/site-packages/android-1.0.dist-info/
05-28 21:03:57.870  1035  1094 V python  : extracting _python_bundle/site-packages/android-1.0.dist-info/METADATA
05-28 21:03:57.871  1035  1094 V python  : extracting _python_bundle/site-packages/android-1.0.dist-info/RECORD
05-28 21:03:57.871  2054  8743 I Transition: finishTransition: updateLastSurfacePosition tf=Task{3f60fff #53636 type=standard A=10293:org.kffs.habilisdatalogger}
05-28 21:03:57.872  1035  1094 V python  : extracting _python_bundle/site-packages/android-1.0.dist-info/WHEEL
05-28 21:03:57.873  1035  1094 V python  : extracting _python_bundle/site-packages/android-1.0.dist-info/top_level.txt
05-28 21:03:57.873  1035  1094 V python  : extracting _python_bundle/site-packages/android/
05-28 21:03:57.873  1035  1094 V python  : extracting _python_bundle/site-packages/android/__init__.pyc
05-28 21:03:57.874  1035  1094 V python  : extracting _python_bundle/site-packages/android/_android.so
05-28 21:03:57.883  1035  1094 V python  : extracting _python_bundle/site-packages/android/_android_billing.so
05-28 21:03:57.885  1035  1094 V python  : extracting _python_bundle/site-packages/android/_android_sound.so
05-28 21:03:57.888  1035  1094 V python  : extracting _python_bundle/site-packages/android/_ctypes_library_finder.pyc
05-28 21:03:57.888  1035  1094 V python  : extracting _python_bundle/site-packages/android/activity.pyc
05-28 21:03:57.889  1035  1094 V python  : extracting _python_bundle/site-packages/android/billing.pyc
05-28 21:03:57.889  1035  1094 V python  : extracting _python_bundle/site-packages/android/broadcast.pyc
05-28 21:03:57.894  1035  1094 V python  : extracting _python_bundle/site-packages/android/config.pyc
05-28 21:03:57.895  1035  1094 V python  : extracting _python_bundle/site-packages/android/display_cutout.pyc
05-28 21:03:57.898  1035  1094 V python  : extracting _python_bundle/site-packages/android/loadingscreen.pyc
05-28 21:03:57.900  1035  1094 V python  : extracting _python_bundle/site-packages/android/mixer.pyc
05-28 21:03:57.902  1035  1094 V python  : extracting _python_bundle/site-packages/android/permissions.pyc
05-28 21:03:57.903  1035  1094 V python  : extracting _python_bundle/site-packages/android/runnable.pyc
05-28 21:03:57.908  1035  1094 V python  : extracting _python_bundle/site-packages/android/storage.pyc
05-28 21:03:57.909  1035  1094 V python  : extracting _python_bundle/site-packages/android/touch.pyc
05-28 21:03:57.910  1035  1094 V python  : extracting _python_bundle/site-packages/bin/
05-28 21:03:57.910  1035  1094 V python  : extracting _python_bundle/site-packages/bin/chardetect
05-28 21:03:57.911  1035  1094 V python  : extracting _python_bundle/site-packages/bin/filetype
05-28 21:03:57.911  1035  1094 V python  : extracting _python_bundle/site-packages/bin/idna
05-28 21:03:57.911  1035  1094 V python  : extracting _python_bundle/site-packages/bin/kivymd.add_view
05-28 21:03:57.915  1035  1094 V python  : extracting _python_bundle/site-packages/bin/kivymd.create_project
05-28 21:03:57.916  1035  1094 V python  : extracting _python_bundle/site-packages/bin/kivymd.make_release
05-28 21:03:57.916  1035  1094 V python  : extracting _python_bundle/site-packages/bin/qr
05-28 21:03:57.917  1035  1094 V python  : extracting _python_bundle/site-packages/certifi-2026.5.20.dist-info/
05-28 21:03:57.917  1035  1094 V python  : extracting _python_bundle/site-packages/certifi-2026.5.20.dist-info/INSTALLER
05-28 21:03:57.918  1035  1094 V python  : extracting _python_bundle/site-packages/certifi-2026.5.20.dist-info/METADATA
05-28 21:03:57.924  1035  1094 V python  : extracting _python_bundle/site-packages/certifi-2026.5.20.dist-info/RECORD
05-28 21:03:57.925  1035  1094 V python  : extracting _python_bundle/site-packages/certifi-2026.5.20.dist-info/REQUESTED
05-28 21:03:57.926  1035  1094 V python  : extracting _python_bundle/site-packages/certifi-2026.5.20.dist-info/WHEEL
05-28 21:03:57.927  1035  1094 V python  : extracting _python_bundle/site-packages/certifi-2026.5.20.dist-info/licenses/
05-28 21:03:57.927  1035  1094 V python  : extracting _python_bundle/site-packages/certifi-2026.5.20.dist-info/licenses/LICENSE
05-28 21:03:57.927  1035  1094 V python  : extracting _python_bundle/site-packages/certifi-2026.5.20.dist-info/top_level.txt
05-28 21:03:57.928  1035  1094 V python  : extracting _python_bundle/site-packages/certifi/
05-28 21:03:57.928  1035  1094 V python  : extracting _python_bundle/site-packages/certifi/__init__.pyc
05-28 21:03:57.928  1035  1094 V python  : extracting _python_bundle/site-packages/certifi/__main__.pyc
05-28 21:03:57.929  1035  1094 V python  : extracting _python_bundle/site-packages/certifi/cacert.pem
05-28 21:03:57.943  1035  1094 V python  : extracting _python_bundle/site-packages/certifi/core.pyc
05-28 21:03:57.944  1035  1094 V python  : extracting _python_bundle/site-packages/certifi/py.typed
05-28 21:03:57.944  1035  1094 V python  : extracting _python_bundle/site-packages/chardet-7.4.3.dist-info/
05-28 21:03:57.945  1035  1094 V python  : extracting _python_bundle/site-packages/chardet-7.4.3.dist-info/INSTALLER
05-28 21:03:57.945  1035  1094 V python  : extracting _python_bundle/site-packages/chardet-7.4.3.dist-info/METADATA
05-28 21:03:57.946  1035  1094 V python  : extracting _python_bundle/site-packages/chardet-7.4.3.dist-info/RECORD
05-28 21:03:57.947  1035  1094 V python  : extracting _python_bundle/site-packages/chardet-7.4.3.dist-info/REQUESTED
05-28 21:03:57.947  1035  1094 V python  : extracting _python_bundle/site-packages/chardet-7.4.3.dist-info/WHEEL
05-28 21:03:57.947  1035  1094 V python  : extracting _python_bundle/site-packages/chardet-7.4.3.dist-info/entry_points.txt
05-28 21:03:57.947  1035  1094 V python  : extracting _python_bundle/site-packages/chardet-7.4.3.dist-info/licenses/
05-28 21:03:57.948  1035  1094 V python  : extracting _python_bundle/site-packages/chardet-7.4.3.dist-info/licenses/LICENSE
05-28 21:03:57.948  1035  1094 V python  : extracting _python_bundle/site-packages/chardet/
05-28 21:03:57.948  1035  1094 V python  : extracting _python_bundle/site-packages/chardet/__init__.pyc
05-28 21:03:57.949  1035  1094 V python  : extracting _python_bundle/site-packages/chardet/__main__.pyc
05-28 21:03:57.949  1035  1094 V python  : extracting _python_bundle/site-packages/chardet/_utils.pyc
05-28 21:03:57.950  1035  1094 V python  : extracting _python_bundle/site-packages/chardet/_version.pyc
05-28 21:03:57.950  1035  1094 V python  : extracting _python_bundle/site-packages/chardet/cli.pyc
05-28 21:03:57.951  1035  1094 V python  : extracting _python_bundle/site-packages/chardet/detector.pyc
05-28 21:03:57.951  1035  1094 V python  : extracting _python_bundle/site-packages/chardet/enums.pyc
05-28 21:03:57.952  1035  1094 V python  : extracting _python_bundle/site-packages/chardet/equivalences.pyc
05-28 21:03:57.952  1035  1094 V python  : extracting _python_bundle/site-packages/chardet/models/
05-28 21:03:57.953  1035  1094 V python  : extracting _python_bundle/site-packages/chardet/models/__init__.pyc
05-28 21:03:57.953  1035  1094 V python  : extracting _python_bundle/site-packages/chardet/models/__init__.so
05-28 21:03:57.954  1035  1094 V python  : extracting _python_bundle/site-packages/chardet/models/confusion.bin
05-28 21:03:57.955  1035  1094 V python  : extracting _python_bundle/site-packages/chardet/models/idf.bin
05-28 21:03:57.956  2054  8743 D WindowManager: wms.finishDrawingLocked: mDrawState=COMMIT_DRAW_PENDING Window{af01b57 u0 org.kffs.habilisdatalogger/org.kivy.android.PythonActivity} in Surface(name=org.kffs.habilisdatalogger/org.kivy.android.PythonActivity#40691)/@0x8f28979
05-28 21:03:57.957  1035  1094 V python  : extracting _python_bundle/site-packages/chardet/models/models.bin
05-28 21:03:57.962  2054  2363 I WindowManager: wms.showSurfaceRobustly mWin:Window{af01b57 u0 org.kffs.habilisdatalogger/org.kivy.android.PythonActivity}
05-28 21:03:57.972  2054  2154 I ActivityTaskManager: Displayed org.kffs.habilisdatalogger/org.kivy.android.PythonActivity for user 0: +1s114ms
05-28 21:03:57.979  1035  1035 V SDL     : onWindowFocusChanged(): true
05-28 21:03:57.982  2054  7680 I ImeTracker: org.kffs.habilisdatalogger:9b4628e1: onRequestHide at ORIGIN_SERVER_HIDE_INPUT reason HIDE_UNSPECIFIED_WINDOW
05-28 21:03:57.982  2054  7680 I ImeTracker: org.kffs.habilisdatalogger:9b4628e1: onCancelled at PHASE_SERVER_SHOULD_HIDE
05-28 21:03:57.983  1417  2774 D MI-SF   : updateScene: module = 270 (Input), value = 0, pkg = org.kffs.habilisdatalogger, Vrr = 1
05-28 21:03:57.984  2054  3094 D tsched_scene: handleWindowChanged: pkgName: org.kffs.habilisdatalogger, mForegroundAppName: com.miui.global.packageinstaller
05-28 21:03:57.988  1035  1094 V python  : extracting _python_bundle/site-packages/chardet/models/training_metadata.yaml
05-28 21:03:57.989  2054  8807 W InputManager-JNI: Input channel object 'ad68401 Splash Screen org.kffs.habilisdatalogger (client)' was disposed without first being removed with the input manager!
05-28 21:03:57.989  1035  1094 V python  : extracting _python_bundle/site-packages/chardet/pipeline/
05-28 21:03:57.990  1035  1094 V python  : extracting _python_bundle/site-packages/chardet/pipeline/__init__.pyc
05-28 21:03:57.990  1035  1094 V python  : extracting _python_bundle/site-packages/chardet/pipeline/ascii.pyc
05-28 21:03:57.990  1035  1094 V python  : extracting _python_bundle/site-packages/chardet/pipeline/ascii.so
05-28 21:03:57.991  1035  1094 V python  : extracting _python_bundle/site-packages/chardet/pipeline/binary.pyc
05-28 21:03:57.991  1035  1094 V python  : extracting _python_bundle/site-packages/chardet/pipeline/bom.pyc
05-28 21:03:57.992  1035  1094 V python  : extracting _python_bundle/site-packages/chardet/pipeline/confusion.pyc
05-28 21:03:57.992  1035  1094 V python  : extracting _python_bundle/site-packages/chardet/pipeline/confusion.so
05-28 21:03:57.993  1035  1094 V python  : extracting _python_bundle/site-packages/chardet/pipeline/escape.pyc
05-28 21:03:57.994  1035  1094 V python  : extracting _python_bundle/site-packages/chardet/pipeline/escape.so
05-28 21:03:57.994  1035  1094 V python  : extracting _python_bundle/site-packages/chardet/pipeline/magic.pyc
05-28 21:03:57.995  1035  1094 V python  : extracting _python_bundle/site-packages/chardet/pipeline/magic.so
05-28 21:03:57.995  1035  1094 V python  : extracting _python_bundle/site-packages/chardet/pipeline/markup.pyc
05-28 21:03:57.996  1035  1094 V python  : extracting _python_bundle/site-packages/chardet/pipeline/orchestrator.pyc
05-28 21:03:57.997  1035  1094 V python  : extracting _python_bundle/site-packages/chardet/pipeline/orchestrator.so
05-28 21:03:57.997  1035  1094 V python  : extracting _python_bundle/site-packages/chardet/pipeline/statistical.pyc
05-28 21:03:57.998  1035  1094 V python  : extracting _python_bundle/site-packages/chardet/pipeline/statistical.so
05-28 21:03:57.998  1035  1094 V python  : extracting _python_bundle/site-packages/chardet/pipeline/structural.pyc
05-28 21:03:57.999  1035  1094 V python  : extracting _python_bundle/site-packages/chardet/pipeline/structural.so
05-28 21:03:58.000  1035  1094 V python  : extracting _python_bundle/site-packages/chardet/pipeline/utf1632.pyc
05-28 21:03:58.000  1035  1094 V python  : extracting _python_bundle/site-packages/chardet/pipeline/utf1632.so
05-28 21:03:58.001  1035  1094 V python  : extracting _python_bundle/site-packages/chardet/pipeline/utf8.pyc
05-28 21:03:58.002  1035  1094 V python  : extracting _python_bundle/site-packages/chardet/pipeline/utf8.so
05-28 21:03:58.002  1035  1094 V python  : extracting _python_bundle/site-packages/chardet/pipeline/validity.pyc
05-28 21:03:58.003  1035  1094 V python  : extracting _python_bundle/site-packages/chardet/pipeline/validity.so
05-28 21:03:58.003  1035  1094 V python  : extracting _python_bundle/site-packages/chardet/py.typed
05-28 21:03:58.004  2054  6579 D CoreBackPreview: Window{ad68401 u0 Splash Screen org.kffs.habilisdatalogger EXITING}: Setting back callback null
05-28 21:03:58.004  1035  1094 V python  : extracting _python_bundle/site-packages/chardet/registry.pyc
05-28 21:03:58.005  1035  1094 V python  : extracting _python_bundle/site-packages/chardet/universaldetector.pyc
05-28 21:03:58.005  1035  1094 V python  : extracting _python_bundle/site-packages/distutils-precedence.pth
05-28 21:03:58.006  1035  1094 V python  : extracting _python_bundle/site-packages/filetype-1.2.0.dist-info/
05-28 21:03:58.007 28949 28949 I GoogleInputMethodService: GoogleInputMethodService.onStartInput():1446 onStartInput(EditorInfo{EditorInfo{packageName=org.kffs.habilisdatalogger, inputType=0, inputTypeString=NULL, enableLearning=false, autoCorrection=false, autoComplete=false, imeOptions=0, privateImeOptions=null, actionName=UNSPECIFIED, actionLabel=null, initialSelStart=-1, initialSelEnd=-1, initialCapsMode=0, label=null, fieldId=0, fieldName=null, extras=Bundle[mParcelledData.dataSize=72], hintText=null, hintLocales=[]}}, false)
05-28 21:03:58.008  1035  1094 V python  : extracting _python_bundle/site-packages/filetype-1.2.0.dist-info/INSTALLER
05-28 21:03:58.008  1035  1094 V python  : extracting _python_bundle/site-packages/filetype-1.2.0.dist-info/LICENSE
05-28 21:03:58.009  1035  1094 V python  : extracting _python_bundle/site-packages/filetype-1.2.0.dist-info/METADATA
05-28 21:03:58.010  1035  1094 V python  : extracting _python_bundle/site-packages/filetype-1.2.0.dist-info/RECORD
05-28 21:03:58.010  1035  1094 V python  : extracting _python_bundle/site-packages/filetype-1.2.0.dist-info/REQUESTED
05-28 21:03:58.011  1035  1094 V python  : extracting _python_bundle/site-packages/filetype-1.2.0.dist-info/WHEEL
05-28 21:03:58.011  1035  1094 V python  : extracting _python_bundle/site-packages/filetype-1.2.0.dist-info/entry_points.txt
05-28 21:03:58.012  1035  1094 V python  : extracting _python_bundle/site-packages/filetype-1.2.0.dist-info/top_level.txt
05-28 21:03:58.012  1035  1094 V python  : extracting _python_bundle/site-packages/filetype-1.2.0.dist-info/zip-safe
05-28 21:03:58.012  1035  1094 V python  : extracting _python_bundle/site-packages/filetype/
05-28 21:03:58.013  1035  1094 V python  : extracting _python_bundle/site-packages/filetype/__init__.pyc
05-28 21:03:58.013  2054  7680 W PackageConfigPersister: App-specific configuration not found for packageName: org.kffs.habilisdatalogger and userId: 0
05-28 21:03:58.014  1035  1094 V python  : extracting _python_bundle/site-packages/filetype/__main__.pyc
05-28 21:03:58.014  1035  1094 V python  : extracting _python_bundle/site-packages/filetype/filetype.pyc
05-28 21:03:58.015  1035  1094 V python  : extracting _python_bundle/site-packages/filetype/helpers.pyc
05-28 21:03:58.015  1035  1094 V python  : extracting _python_bundle/site-packages/filetype/match.pyc
05-28 21:03:58.016  1035  1094 V python  : extracting _python_bundle/site-packages/filetype/types/
05-28 21:03:58.016  1035  1094 V python  : extracting _python_bundle/site-packages/filetype/types/__init__.pyc
05-28 21:03:58.017  1035  1094 V python  : extracting _python_bundle/site-packages/filetype/types/application.pyc
05-28 21:03:58.017  1035  1094 V python  : extracting _python_bundle/site-packages/filetype/types/archive.pyc
05-28 21:03:58.018  1035  1094 V python  : extracting _python_bundle/site-packages/filetype/types/audio.pyc
05-28 21:03:58.019  1035  1094 V python  : extracting _python_bundle/site-packages/filetype/types/base.pyc
05-28 21:03:58.019  1035  1094 V python  : extracting _python_bundle/site-packages/filetype/types/document.pyc
05-28 21:03:58.020  1035  1094 V python  : extracting _python_bundle/site-packages/filetype/types/font.pyc
05-28 21:03:58.021  1035  1094 V python  : extracting _python_bundle/site-packages/filetype/types/image.pyc
05-28 21:03:58.022  1035  1094 V python  : extracting _python_bundle/site-packages/filetype/types/isobmff.pyc
05-28 21:03:58.023  1035  1094 V python  : extracting _python_bundle/site-packages/filetype/types/video.pyc
05-28 21:03:58.023  1035  1094 V python  : extracting _python_bundle/site-packages/filetype/utils.pyc
05-28 21:03:58.024  1035  1094 V python  : extracting _python_bundle/site-packages/idna-3.16.dist-info/
05-28 21:03:58.024  1035  1094 V python  : extracting _python_bundle/site-packages/idna-3.16.dist-info/INSTALLER
05-28 21:03:58.025  1035  1094 V python  : extracting _python_bundle/site-packages/idna-3.16.dist-info/METADATA
05-28 21:03:58.026  1035  1094 V python  : extracting _python_bundle/site-packages/idna-3.16.dist-info/RECORD
05-28 21:03:58.026  1035  1094 V python  : extracting _python_bundle/site-packages/idna-3.16.dist-info/REQUESTED
05-28 21:03:58.027  1035  1094 V python  : extracting _python_bundle/site-packages/idna-3.16.dist-info/WHEEL
05-28 21:03:58.027  1035  1094 V python  : extracting _python_bundle/site-packages/idna-3.16.dist-info/entry_points.txt
05-28 21:03:58.028  1035  1094 V python  : extracting _python_bundle/site-packages/idna-3.16.dist-info/licenses/
05-28 21:03:58.029  1035  1094 V python  : extracting _python_bundle/site-packages/idna-3.16.dist-info/licenses/LICENSE.md
05-28 21:03:58.029  1035  1094 V python  : extracting _python_bundle/site-packages/idna/
05-28 21:03:58.030  1035  1094 V python  : extracting _python_bundle/site-packages/idna/__init__.pyc
05-28 21:03:58.030  1035  1094 V python  : extracting _python_bundle/site-packages/idna/__main__.pyc
05-28 21:03:58.031  1035  1094 V python  : extracting _python_bundle/site-packages/idna/cli.pyc
05-28 21:03:58.031  1035  1094 V python  : extracting _python_bundle/site-packages/idna/codec.pyc
05-28 21:03:58.032  1035  1094 V python  : extracting _python_bundle/site-packages/idna/compat.pyc
05-28 21:03:58.036  1035  1094 V python  : extracting _python_bundle/site-packages/idna/core.pyc
05-28 21:03:58.037  1035  1094 V python  : extracting _python_bundle/site-packages/idna/idnadata.pyc
05-28 21:03:58.048  1035  1094 V python  : extracting _python_bundle/site-packages/idna/intranges.pyc
05-28 21:03:58.049  1035  1094 V python  : extracting _python_bundle/site-packages/idna/package_data.pyc
05-28 21:03:58.049  1035  1094 V python  : extracting _python_bundle/site-packages/idna/py.typed
05-28 21:03:58.050  1035  1094 V python  : extracting _python_bundle/site-packages/idna/uts46data.pyc
05-28 21:03:58.053  1035  1094 V python  : extracting _python_bundle/site-packages/jnius/
05-28 21:03:58.053  1035  1094 V python  : extracting _python_bundle/site-packages/jnius/__init__.pyc
05-28 21:03:58.054  1035  1094 V python  : extracting _python_bundle/site-packages/jnius/env.pyc
05-28 21:03:58.054  1035  1094 V python  : extracting _python_bundle/site-packages/jnius/jnius.so
05-28 21:03:58.063  1035  1094 V python  : extracting _python_bundle/site-packages/jnius/reflect.pyc
05-28 21:03:58.064  1035  1094 V python  : extracting _python_bundle/site-packages/jnius/signatures.pyc
05-28 21:03:58.065  1035  1094 V python  : extracting _python_bundle/site-packages/jnius/src/org/
05-28 21:03:58.065  1035  1094 V python  : extracting _python_bundle/site-packages/jnius/src/org/jnius/
05-28 21:03:58.066  1035  1094 V python  : extracting _python_bundle/site-packages/jnius/src/org/jnius/NativeInvocationHandler.class
05-28 21:03:58.066  1035  1094 V python  : extracting _python_bundle/site-packages/jnius/src/org/jnius/NativeInvocationHandler.java
05-28 21:03:58.067  1035  1094 V python  : extracting _python_bundle/site-packages/jnius_config.pyc
05-28 21:03:58.067  1035  1094 V python  : extracting _python_bundle/site-packages/kivy-2.3.0.dist-info/
05-28 21:03:58.068  1035  1094 V python  : extracting _python_bundle/site-packages/kivy-2.3.0.dist-info/METADATA
05-28 21:03:58.069  1035  1094 V python  : extracting _python_bundle/site-packages/kivy-2.3.0.dist-info/RECORD
05-28 21:03:58.074  1035  1094 V python  : extracting _python_bundle/site-packages/kivy-2.3.0.dist-info/WHEEL
05-28 21:03:58.075  1035  1094 V python  : extracting _python_bundle/site-packages/kivy-2.3.0.dist-info/dependency_links.txt
05-28 21:03:58.075  1035  1094 V python  : extracting _python_bundle/site-packages/kivy-2.3.0.dist-info/licenses/
05-28 21:03:58.076  1035  1094 V python  : extracting _python_bundle/site-packages/kivy-2.3.0.dist-info/licenses/AUTHORS
05-28 21:03:58.076  1035  1094 V python  : extracting _python_bundle/site-packages/kivy-2.3.0.dist-info/licenses/LICENSE
05-28 21:03:58.077  1035  1094 V python  : extracting _python_bundle/site-packages/kivy-2.3.0.dist-info/top_level.txt
05-28 21:03:58.077  1035  1094 V python  : extracting _python_bundle/site-packages/kivy/
05-28 21:03:58.078  1035  1094 V python  : extracting _python_bundle/site-packages/kivy/__init__.pyc
05-28 21:03:58.078  1035  1094 V python  : extracting _python_bundle/site-packages/kivy/_clock.so
05-28 21:03:58.083  1035  1094 V python  : extracting _python_bundle/site-packages/kivy/_event.so
05-28 21:03:58.087  1035  1094 V python  : extracting _python_bundle/site-packages/kivy/_metrics.so
05-28 21:03:58.088  1035  1094 V python  : extracting _python_bundle/site-packages/kivy/_version.pyc
05-28 21:03:58.089  1035  1094 V python  : extracting _python_bundle/site-packages/kivy/animation.pyc
05-28 21:03:58.089  1035  1094 V python  : extracting _python_bundle/site-packages/kivy/app.pyc
05-28 21:03:58.090  1035  1094 V python  : extracting _python_bundle/site-packages/kivy/atlas.pyc
05-28 21:03:58.091  1035  1094 V python  : extracting _python_bundle/site-packages/kivy/base.pyc
05-28 21:03:58.091  1035  1094 V python  : extracting _python_bundle/site-packages/kivy/cache.pyc
05-28 21:03:58.092  1035  1094 V python  : extracting _python_bundle/site-packages/kivy/clock.pyc
05-28 21:03:58.092  1035  1094 V python  : extracting _python_bundle/site-packages/kivy/compat.pyc
05-28 21:03:58.093  1035  1094 V python  : extracting _python_bundle/site-packages/kivy/config.pyc
05-28 21:03:58.093  1035  1094 V python  : extracting _python_bundle/site-packages/kivy/context.pyc
05-28 21:03:58.094  1035  1094 V python  : extracting _python_bundle/site-packages/kivy/core/
05-28 21:03:58.094  1035  1094 V python  : extracting _python_bundle/site-packages/kivy/core/__init__.pyc
05-28 21:03:58.094  1035  1094 V python  : extracting _python_bundle/site-packages/kivy/core/audio/
05-28 21:03:58.095  1035  1094 V python  : extracting _python_bundle/site-packages/kivy/core/audio/__init__.pyc
05-28 21:03:58.095  1035  1094 V python  : extracting _python_bundle/site-packages/kivy/core/audio/audio_android.pyc
05-28 21:03:58.096  1035  1094 V python  : extracting _python_bundle/site-packages/kivy/core/audio/audio_avplayer.pyc
05-28 21:03:58.096  1035  1094 V python  : extracting _python_bundle/site-packages/kivy/core/audio/audio_ffpyplayer.pyc
05-28 21:03:58.096  1035  1094 V python  : extracting _python_bundle/site-packages/kivy/core/audio/audio_gstplayer.pyc
05-28 21:03:58.097  1035  1094 V python  : extracting _python_bundle/site-packages/kivy/core/audio/audio_pygame.pyc
05-28 21:03:58.097  1035  1094 V python  : extracting _python_bundle/site-packages/kivy/core/audio/audio_sdl2.so
05-28 21:03:58.100  1035  1094 V python  : extracting _python_bundle/site-packages/kivy/core/camera/
05-28 21:03:58.100  1035  1094 V python  : extracting _python_bundle/site-packages/kivy/core/camera/__init__.pyc
05-28 21:03:58.101  1035  1094 V python  : extracting _python_bundle/site-packages/kivy/core/camera/camera_android.pyc
05-28 21:03:58.102  1035  1094 V python  : extracting _python_bundle/site-packages/kivy/core/camera/camera_gi.pyc
05-28 21:03:58.102  1035  1094 V python  : extracting _python_bundle/site-packages/kivy/core/camera/camera_opencv.pyc
05-28 21:03:58.103  1035  1094 V python  : extracting _python_bundle/site-packages/kivy/core/camera/camera_picamera.pyc
05-28 21:03:58.103  1035  1094 V python  : extracting _python_bundle/site-packages/kivy/core/clipboard/
05-28 21:03:58.103  1035  1094 V python  : extracting _python_bundle/site-packages/kivy/core/clipboard/__init__.pyc
05-28 21:03:58.104  1035  1094 V python  : extracting _python_bundle/site-packages/kivy/core/clipboard/_clipboard_ext.pyc
05-28 21:03:58.104  1035  1094 V python  : extracting _python_bundle/site-packages/kivy/core/clipboard/_clipboard_sdl2.so
05-28 21:03:58.105  1035  1094 V python  : extracting _python_bundle/site-packages/kivy/core/clipboard/clipboard_android.pyc
05-28 21:03:58.106  1035  1094 V python  : extracting _python_bundle/site-packages/kivy/core/clipboard/clipboard_dbusklipper.pyc
05-28 21:03:58.107  1035  1094 V python  : extracting _python_bundle/site-packages/kivy/core/clipboard/clipboard_dummy.pyc
05-28 21:03:58.107  1035  1094 V python  : extracting _python_bundle/site-packages/kivy/core/clipboard/clipboard_gtk3.pyc
05-28 21:03:58.107  1035  1094 V python  : extracting _python_bundle/site-packages/kivy/core/clipboard/clipboard_nspaste.pyc
05-28 21:03:58.108  1035  1094 V python  : extracting _python_bundle/site-packages/kivy/core/clipboard/clipboard_pygame.pyc
05-28 21:03:58.108  1035  1094 V python  : extracting _python_bundle/site-packages/kivy/core/clipboard/clipboard_sdl2.pyc
05-28 21:03:58.108  1035  1094 V python  : extracting _python_bundle/site-packages/kivy/core/clipboard/clipboard_winctypes.pyc
05-28 21:03:58.109  1035  1094 V python  : extracting _python_bundle/site-packages/kivy/core/clipboard/clipboard_xclip.pyc
05-28 21:03:58.109  1035  1094 V python  : extracting _python_bundle/site-packages/kivy/core/clipboard/clipboard_xsel.pyc
05-28 21:03:58.110  1035  1094 V python  : extracting _python_bundle/site-packages/kivy/core/gl/
05-28 21:03:58.110  1035  1094 V python  : extracting _python_bundle/site-packages/kivy/core/gl/__init__.pyc
05-28 21:03:58.110  1035  1094 V python  : extracting _python_bundle/site-packages/kivy/core/image/
05-28 21:03:58.111  1035  1094 V python  : extracting _python_bundle/site-packages/kivy/core/image/__init__.pyc
05-28 21:03:58.111  1035  1094 V python  : extracting _python_bundle/site-packages/kivy/core/image/_img_sdl2.so
05-28 21:03:58.113  1035  1094 V python  : extracting _python_bundle/site-packages/kivy/core/image/img_dds.pyc
05-28 21:03:58.113  1035  1094 V python  : extracting _python_bundle/site-packages/kivy/core/image/img_ffpyplayer.pyc
05-28 21:03:58.113  1035  1094 V python  : extracting _python_bundle/site-packages/kivy/core/image/img_pil.pyc
05-28 21:03:58.114  1035  1094 V python  : extracting _python_bundle/site-packages/kivy/core/image/img_pygame.pyc
05-28 21:03:58.114  1035  1094 V python  : extracting _python_bundle/site-packages/kivy/core/image/img_sdl2.pyc
05-28 21:03:58.115  1035  1094 V python  : extracting _python_bundle/site-packages/kivy/core/image/img_tex.pyc
05-28 21:03:58.115  1035  1094 V python  : extracting _python_bundle/site-packages/kivy/core/spelling/
05-28 21:03:58.115  1035  1094 V python  : extracting _python_bundle/site-packages/kivy/core/spelling/__init__.pyc
05-28 21:03:58.115  1035  1094 V python  : extracting _python_bundle/site-packages/kivy/core/spelling/spelling_enchant.pyc
05-28 21:03:58.116  1035  1094 V python  : extracting _python_bundle/site-packages/kivy/core/text/
05-28 21:03:58.116  1035  1094 V python  : extracting _python_bundle/site-packages/kivy/core/text/__init__.pyc
05-28 21:03:58.117  1035  1094 V python  : extracting _python_bundle/site-packages/kivy/core/text/_text_sdl2.so
05-28 21:03:58.119  1035  1094 V python  : extracting _python_bundle/site-packages/kivy/core/text/markup.pyc
05-28 21:03:58.119  1035  1094 V python  : extracting _python_bundle/site-packages/kivy/core/text/text_layout.so
05-28 21:03:58.121  1035  1094 V python  : extracting _python_bundle/site-packages/kivy/core/text/text_pango.pyc
05-28 21:03:58.122  1035  1094 V python  : extracting _python_bundle/site-packages/kivy/core/text/text_pil.pyc
05-28 21:03:58.123  1035  1094 V python  : extracting _python_bundle/site-packages/kivy/core/text/text_pygame.pyc
05-28 21:03:58.123  1035  1094 V python  : extracting _python_bundle/site-packages/kivy/core/text/text_sdl2.pyc
05-28 21:03:58.123  1035  1094 V python  : extracting _python_bundle/site-packages/kivy/core/video/
05-28 21:03:58.124  1035  1094 V python  : extracting _python_bundle/site-packages/kivy/core/video/__init__.pyc
05-28 21:03:58.124  1035  1094 V python  : extracting _python_bundle/site-packages/kivy/core/video/video_ffmpeg.pyc
05-28 21:03:58.124  1035  1094 V python  : extracting _python_bundle/site-packages/kivy/core/video/video_ffpyplayer.pyc
05-28 21:03:58.125  1035  1094 V python  : extracting _python_bundle/site-packages/kivy/core/video/video_gstplayer.pyc
05-28 21:03:58.125  1035  1094 V python  : extracting _python_bundle/site-packages/kivy/core/video/video_null.pyc
05-28 21:03:58.126  1035  1094 V python  : extracting _python_bundle/site-packages/kivy/core/window/
05-28 21:03:58.126  1035  1094 V python  : extracting _python_bundle/site-packages/kivy/core/window/__init__.pyc
05-28 21:03:58.127  1035  1094 V python  : extracting _python_bundle/site-packages/kivy/core/window/_window_sdl2.so
05-28 21:03:58.130  1035  1094 V python  : extracting _python_bundle/site-packages/kivy/core/window/window_egl_rpi.pyc
05-28 21:03:58.130  1035  1094 V python  : extracting _python_bundle/site-packages/kivy/core/window/window_info.so
05-28 21:03:58.131  1035  1094 V python  : extracting _python_bundle/site-packages/kivy/core/window/window_pygame.pyc
05-28 21:03:58.131  1035  1094 V python  : extracting _python_bundle/site-packages/kivy/core/window/window_sdl2.pyc
05-28 21:03:58.132  1035  1094 V python  : extracting _python_bundle/site-packages/kivy/data/
05-28 21:03:58.133  1035  1094 V python  : extracting _python_bundle/site-packages/kivy/data/fonts/
05-28 21:03:58.133  1035  1094 V python  : extracting _python_bundle/site-packages/kivy/data/fonts/DejaVuSans.ttf
05-28 21:03:58.143  1035  1094 V python  : extracting _python_bundle/site-packages/kivy/data/fonts/Roboto-Bold.ttf
05-28 21:03:58.146  1035  1094 V python  : extracting _python_bundle/site-packages/kivy/data/fonts/Roboto-BoldItalic.ttf
05-28 21:03:58.148  1035  1094 V python  : extracting _python_bundle/site-packages/kivy/data/fonts/Roboto-Italic.ttf
05-28 21:03:58.151  1035  1094 V python  : extracting _python_bundle/site-packages/kivy/data/fonts/Roboto-Regular.ttf
05-28 21:03:58.154  1035  1094 V python  : extracting _python_bundle/site-packages/kivy/data/fonts/RobotoMono-Regular.ttf
05-28 21:03:58.157  1035  1094 V python  : extracting _python_bundle/site-packages/kivy/data/glsl/
05-28 21:03:58.157  1035  1094 V python  : extracting _python_bundle/site-packages/kivy/data/glsl/default.fs
05-28 21:03:58.157  1035  1094 V python  : extracting _python_bundle/site-packages/kivy/data/glsl/default.png
05-28 21:03:58.158  1035  1094 V python  : extracting _python_bundle/site-packages/kivy/data/glsl/default.vs
05-28 21:03:58.158  1035  1094 V python  : extracting _python_bundle/site-packages/kivy/data/glsl/header.fs
05-28 21:03:58.158  1035  1094 V python  : extracting _python_bundle/site-packages/kivy/data/glsl/header.vs
05-28 21:03:58.159  1035  1094 V python  : extracting _python_bundle/site-packages/kivy/data/images/
05-28 21:03:58.159  1035  1094 V python  : extracting _python_bundle/site-packages/kivy/data/images/background.jpg
