06-12 23:10:48.190 26676 26676 V pythonutil: Checking pattern libsqlite3\.so against libpybundle.so
06-12 23:10:48.190 26676 26676 V pythonutil: Checking pattern libsqlite3\.so against libsqlite3.so
06-12 23:10:48.190 26676 26676 V pythonutil: Pattern libsqlite3\.so matched file libsqlite3.so
06-12 23:10:48.190 26676 26676 V pythonutil: Checking pattern libffi\.so against libSDL2.so
06-12 23:10:48.192 26676 26676 V pythonutil: Checking pattern libffi\.so against libSDL2_ttf.so
06-12 23:10:48.193 26676 26676 V pythonutil: Checking pattern libffi\.so against libpng16.so
06-12 23:10:48.193 26676 26676 V pythonutil: Checking pattern libffi\.so against libfreetype.so
06-12 23:10:48.193 26676 26676 V pythonutil: Checking pattern libffi\.so against libpython3.10.so
06-12 23:10:48.193 26676 26676 V pythonutil: Checking pattern libffi\.so against libmain.so
06-12 23:10:48.193 26676 26676 V pythonutil: Checking pattern libffi\.so against libffi.so
06-12 23:10:48.193 26676 26676 V pythonutil: Pattern libffi\.so matched file libffi.so
06-12 23:10:48.193 26676 26676 V pythonutil: Checking pattern libffi\.so against libSDL2_image.so
06-12 23:10:48.193 26676 26676 V pythonutil: Checking pattern libffi\.so against libcrypto.so
06-12 23:10:48.193 26676 26676 V pythonutil: Checking pattern libffi\.so against libpythonbin.so
06-12 23:10:48.193 26676 26676 V pythonutil: Checking pattern libffi\.so against libSDL2_mixer.so
06-12 23:10:48.194 26676 26676 V pythonutil: Checking pattern libffi\.so against libssl.so
06-12 23:10:48.194 26676 26676 V pythonutil: Checking pattern libffi\.so against libpybundle.so
06-12 23:10:48.194 26676 26676 V pythonutil: Checking pattern libffi\.so against libsqlite3.so
06-12 23:10:48.194 26676 26676 V pythonutil: Checking pattern libpng16\.so against libSDL2.so
06-12 23:10:48.194 26676 26676 V pythonutil: Checking pattern libpng16\.so against libSDL2_ttf.so
06-12 23:10:48.194 26676 26676 V pythonutil: Checking pattern libpng16\.so against libpng16.so
06-12 23:10:48.194 26676 26676 V pythonutil: Pattern libpng16\.so matched file libpng16.so
06-12 23:10:48.194 26676 26676 V pythonutil: Checking pattern libpng16\.so against libfreetype.so
06-12 23:10:48.194 26676 26676 V pythonutil: Checking pattern libpng16\.so against libpython3.10.so
06-12 23:10:48.194 26676 26676 V pythonutil: Checking pattern libpng16\.so against libmain.so
06-12 23:10:48.194 26676 26676 V pythonutil: Checking pattern libpng16\.so against libffi.so
06-12 23:10:48.194 26676 26676 V pythonutil: Checking pattern libpng16\.so against libSDL2_image.so
06-12 23:10:48.195 26676 26676 V pythonutil: Checking pattern libpng16\.so against libcrypto.so
06-12 23:10:48.195 26676 26676 V pythonutil: Checking pattern libpng16\.so against libpythonbin.so
06-12 23:10:48.195 26676 26676 V pythonutil: Checking pattern libpng16\.so against libSDL2_mixer.so
06-12 23:10:48.195 26676 26676 V pythonutil: Checking pattern libpng16\.so against libssl.so
06-12 23:10:48.195 26676 26676 V pythonutil: Checking pattern libpng16\.so against libpybundle.so
06-12 23:10:48.195 26676 26676 V pythonutil: Checking pattern libpng16\.so against libsqlite3.so
06-12 23:10:48.195 13186 13405 D MiuiFreeformModeObserver: activityResumed() intent： Intent { cmp=org.kffs.habilisdatalogger/org.kivy.android.PythonActivity (has extras) }
06-12 23:10:48.195 26676 26676 V pythonutil: Checking pattern libssl.*\.so against libSDL2.so
06-12 23:10:48.196 26676 26676 V pythonutil: Checking pattern libssl.*\.so against libSDL2_ttf.so
06-12 23:10:48.196 26676 26676 V pythonutil: Checking pattern libssl.*\.so against libpng16.so
06-12 23:10:48.196 26676 26676 V pythonutil: Checking pattern libssl.*\.so against libfreetype.so
06-12 23:10:48.196 26676 26676 V pythonutil: Checking pattern libssl.*\.so against libpython3.10.so
06-12 23:10:48.196 26676 26676 V pythonutil: Checking pattern libssl.*\.so against libmain.so
06-12 23:10:48.196 26676 26676 V pythonutil: Checking pattern libssl.*\.so against libffi.so
06-12 23:10:48.196 26676 26676 V pythonutil: Checking pattern libssl.*\.so against libSDL2_image.so
06-12 23:10:48.196 26676 26676 V pythonutil: Checking pattern libssl.*\.so against libcrypto.so
06-12 23:10:48.196 26676 26676 V pythonutil: Checking pattern libssl.*\.so against libpythonbin.so
06-12 23:10:48.196 26676 26676 V pythonutil: Checking pattern libssl.*\.so against libSDL2_mixer.so
06-12 23:10:48.196 26676 26676 V pythonutil: Checking pattern libssl.*\.so against libssl.so
06-12 23:10:48.196 26676 26676 V pythonutil: Pattern libssl.*\.so matched file libssl.so
06-12 23:10:48.196 26676 26676 V pythonutil: Checking pattern libssl.*\.so against libpybundle.so
06-12 23:10:48.196 26676 26676 V pythonutil: Checking pattern libssl.*\.so against libsqlite3.so
06-12 23:10:48.197 26676 26676 V pythonutil: Checking pattern libcrypto.*\.so against libSDL2.so
06-12 23:10:48.197 26676 26676 V pythonutil: Checking pattern libcrypto.*\.so against libSDL2_ttf.so
06-12 23:10:48.197 26676 26676 V pythonutil: Checking pattern libcrypto.*\.so against libpng16.so
06-12 23:10:48.197 26676 26676 V pythonutil: Checking pattern libcrypto.*\.so against libfreetype.so
06-12 23:10:48.197 26676 26676 V pythonutil: Checking pattern libcrypto.*\.so against libpython3.10.so
06-12 23:10:48.197 26676 26676 V pythonutil: Checking pattern libcrypto.*\.so against libmain.so
06-12 23:10:48.197 26676 26676 V pythonutil: Checking pattern libcrypto.*\.so against libffi.so
06-12 23:10:48.197 26676 26676 V pythonutil: Checking pattern libcrypto.*\.so against libSDL2_image.so
06-12 23:10:48.197 26676 26676 V pythonutil: Checking pattern libcrypto.*\.so against libcrypto.so
06-12 23:10:48.197 26676 26676 V pythonutil: Pattern libcrypto.*\.so matched file libcrypto.so
06-12 23:10:48.197 26676 26676 V pythonutil: Checking pattern libcrypto.*\.so against libpythonbin.so
06-12 23:10:48.198 26676 26676 V pythonutil: Checking pattern libcrypto.*\.so against libSDL2_mixer.so
06-12 23:10:48.198 26676 26676 V pythonutil: Checking pattern libcrypto.*\.so against libssl.so
06-12 23:10:48.198 26676 26676 V pythonutil: Checking pattern libcrypto.*\.so against libpybundle.so
06-12 23:10:48.198 26676 26676 V pythonutil: Checking pattern libcrypto.*\.so against libsqlite3.so
06-12 23:10:48.198 26676 26676 V pythonutil: Checking pattern libSDL2\.so against libSDL2.so
06-12 23:10:48.198 26676 26676 V pythonutil: Pattern libSDL2\.so matched file libSDL2.so
06-12 23:10:48.198 26676 26676 V pythonutil: Checking pattern libSDL2\.so against libSDL2_ttf.so
06-12 23:10:48.198 26676 26676 V pythonutil: Checking pattern libSDL2\.so against libpng16.so
06-12 23:10:48.198 26676 26676 V pythonutil: Checking pattern libSDL2\.so against libfreetype.so
06-12 23:10:48.198 26676 26676 V pythonutil: Checking pattern libSDL2\.so against libpython3.10.so
06-12 23:10:48.198 26676 26676 V pythonutil: Checking pattern libSDL2\.so against libmain.so
06-12 23:10:48.199 26676 26676 V pythonutil: Checking pattern libSDL2\.so against libffi.so
06-12 23:10:48.199 26676 26676 V pythonutil: Checking pattern libSDL2\.so against libSDL2_image.so
06-12 23:10:48.199 26676 26676 V pythonutil: Checking pattern libSDL2\.so against libcrypto.so
06-12 23:10:48.199 26676 26676 V pythonutil: Checking pattern libSDL2\.so against libpythonbin.so
06-12 23:10:48.199 26676 26676 V pythonutil: Checking pattern libSDL2\.so against libSDL2_mixer.so
06-12 23:10:48.199 26676 26676 V pythonutil: Checking pattern libSDL2\.so against libssl.so
06-12 23:10:48.199 26676 26676 V pythonutil: Checking pattern libSDL2\.so against libpybundle.so
06-12 23:10:48.199 26676 26676 V pythonutil: Checking pattern libSDL2\.so against libsqlite3.so
06-12 23:10:48.199 26676 26676 V pythonutil: Checking pattern libSDL2_image\.so against libSDL2.so
06-12 23:10:48.199 26676 26676 V pythonutil: Checking pattern libSDL2_image\.so against libSDL2_ttf.so
06-12 23:10:48.200 26676 26676 V pythonutil: Checking pattern libSDL2_image\.so against libpng16.so
06-12 23:10:48.200 26676 26676 V pythonutil: Checking pattern libSDL2_image\.so against libfreetype.so
06-12 23:10:48.200 26676 26676 V pythonutil: Checking pattern libSDL2_image\.so against libpython3.10.so
06-12 23:10:48.200 26676 26676 V pythonutil: Checking pattern libSDL2_image\.so against libmain.so
06-12 23:10:48.200 26676 26676 V pythonutil: Checking pattern libSDL2_image\.so against libffi.so
06-12 23:10:48.200 26676 26676 V pythonutil: Checking pattern libSDL2_image\.so against libSDL2_image.so
06-12 23:10:48.200 26676 26676 V pythonutil: Pattern libSDL2_image\.so matched file libSDL2_image.so
06-12 23:10:48.200 26676 26676 V pythonutil: Checking pattern libSDL2_image\.so against libcrypto.so
06-12 23:10:48.200 26676 26676 V pythonutil: Checking pattern libSDL2_image\.so against libpythonbin.so
06-12 23:10:48.200 26676 26676 V pythonutil: Checking pattern libSDL2_image\.so against libSDL2_mixer.so
06-12 23:10:48.200 26676 26676 V pythonutil: Checking pattern libSDL2_image\.so against libssl.so
06-12 23:10:48.200 26676 26676 V pythonutil: Checking pattern libSDL2_image\.so against libpybundle.so
06-12 23:10:48.200 26676 26676 V pythonutil: Checking pattern libSDL2_image\.so against libsqlite3.so
06-12 23:10:48.201 26676 26676 V pythonutil: Checking pattern libSDL2_mixer\.so against libSDL2.so
06-12 23:10:48.201 26676 26676 V pythonutil: Checking pattern libSDL2_mixer\.so against libSDL2_ttf.so
06-12 23:10:48.201 26676 26676 V pythonutil: Checking pattern libSDL2_mixer\.so against libpng16.so
06-12 23:10:48.201 26676 26676 V pythonutil: Checking pattern libSDL2_mixer\.so against libfreetype.so
06-12 23:10:48.201 26676 26676 V pythonutil: Checking pattern libSDL2_mixer\.so against libpython3.10.so
06-12 23:10:48.201 26676 26676 V pythonutil: Checking pattern libSDL2_mixer\.so against libmain.so
06-12 23:10:48.201 26676 26676 V pythonutil: Checking pattern libSDL2_mixer\.so against libffi.so
06-12 23:10:48.201 26676 26676 V pythonutil: Checking pattern libSDL2_mixer\.so against libSDL2_image.so
06-12 23:10:48.201 26676 26676 V pythonutil: Checking pattern libSDL2_mixer\.so against libcrypto.so
06-12 23:10:48.201 26676 26676 V pythonutil: Checking pattern libSDL2_mixer\.so against libpythonbin.so
06-12 23:10:48.201 26676 26676 V pythonutil: Checking pattern libSDL2_mixer\.so against libSDL2_mixer.so
06-12 23:10:48.201 26676 26676 V pythonutil: Pattern libSDL2_mixer\.so matched file libSDL2_mixer.so
06-12 23:10:48.201 26676 26676 V pythonutil: Checking pattern libSDL2_mixer\.so against libssl.so
06-12 23:10:48.202 26676 26676 V pythonutil: Checking pattern libSDL2_mixer\.so against libpybundle.so
06-12 23:10:48.202 26676 26676 V pythonutil: Checking pattern libSDL2_mixer\.so against libsqlite3.so
06-12 23:10:48.202 26676 26676 V pythonutil: Checking pattern libSDL2_ttf\.so against libSDL2.so
06-12 23:10:48.202 26676 26676 V pythonutil: Checking pattern libSDL2_ttf\.so against libSDL2_ttf.so
06-12 23:10:48.202 26676 26676 V pythonutil: Pattern libSDL2_ttf\.so matched file libSDL2_ttf.so
06-12 23:10:48.202 26676 26676 V pythonutil: Checking pattern libSDL2_ttf\.so against libpng16.so
06-12 23:10:48.202 26676 26676 V pythonutil: Checking pattern libSDL2_ttf\.so against libfreetype.so
06-12 23:10:48.202 26676 26676 V pythonutil: Checking pattern libSDL2_ttf\.so against libpython3.10.so
06-12 23:10:48.202 26676 26676 V pythonutil: Checking pattern libSDL2_ttf\.so against libmain.so
06-12 23:10:48.202 26676 26676 V pythonutil: Checking pattern libSDL2_ttf\.so against libffi.so
06-12 23:10:48.202 26676 26676 V pythonutil: Checking pattern libSDL2_ttf\.so against libSDL2_image.so
06-12 23:10:48.202 26676 26676 V pythonutil: Checking pattern libSDL2_ttf\.so against libcrypto.so
06-12 23:10:48.202 26676 26676 V pythonutil: Checking pattern libSDL2_ttf\.so against libpythonbin.so
06-12 23:10:48.203 26676 26676 V pythonutil: Checking pattern libSDL2_ttf\.so against libSDL2_mixer.so
06-12 23:10:48.203 26676 26676 V pythonutil: Checking pattern libSDL2_ttf\.so against libssl.so
06-12 23:10:48.203 26676 26676 V pythonutil: Checking pattern libSDL2_ttf\.so against libpybundle.so
06-12 23:10:48.203 26676 26676 V pythonutil: Checking pattern libSDL2_ttf\.so against libsqlite3.so
06-12 23:10:48.203 26676 26676 V pythonutil: Checking pattern libSDL3\.so against libSDL2.so
06-12 23:10:48.203 26676 26676 V pythonutil: Checking pattern libSDL3\.so against libSDL2_ttf.so
06-12 23:10:48.203 26676 26676 V pythonutil: Checking pattern libSDL3\.so against libpng16.so
06-12 23:10:48.203 26676 26676 V pythonutil: Checking pattern libSDL3\.so against libfreetype.so
06-12 23:10:48.203 26676 26676 V pythonutil: Checking pattern libSDL3\.so against libpython3.10.so
06-12 23:10:48.203 26676 26676 V pythonutil: Checking pattern libSDL3\.so against libmain.so
06-12 23:10:48.203 26676 26676 V pythonutil: Checking pattern libSDL3\.so against libffi.so
06-12 23:10:48.203 26676 26676 V pythonutil: Checking pattern libSDL3\.so against libSDL2_image.so
06-12 23:10:48.204 26676 26676 V pythonutil: Checking pattern libSDL3\.so against libcrypto.so
06-12 23:10:48.204  3838  3838 D RecentsImpl: mActivityStateObserver org.kivy.android.PythonActivity
06-12 23:10:48.205  3838  3838 W RecentsImpl: onResumed className=org.kivy.android.PythonActivity   mIsInAnotherPro=false   isKeyguardLocked=false   mSecuritySpaceGuideShown=false
06-12 23:10:48.208 26676 26676 V pythonutil: Checking pattern libSDL3\.so against libpythonbin.so
06-12 23:10:48.208 26676 26676 V pythonutil: Checking pattern libSDL3\.so against libSDL2_mixer.so
06-12 23:10:48.208 26676 26676 V pythonutil: Checking pattern libSDL3\.so against libssl.so
06-12 23:10:48.208 26676 26676 V pythonutil: Checking pattern libSDL3\.so against libpybundle.so
06-12 23:10:48.208 26676 26676 V pythonutil: Checking pattern libSDL3\.so against libsqlite3.so
06-12 23:10:48.208 26676 26676 V pythonutil: Checking pattern libSDL3_image\.so against libSDL2.so
06-12 23:10:48.208 26676 26676 V pythonutil: Checking pattern libSDL3_image\.so against libSDL2_ttf.so
06-12 23:10:48.209 26676 26676 V pythonutil: Checking pattern libSDL3_image\.so against libpng16.so
06-12 23:10:48.209 26676 26676 V pythonutil: Checking pattern libSDL3_image\.so against libfreetype.so
06-12 23:10:48.209 26676 26676 V pythonutil: Checking pattern libSDL3_image\.so against libpython3.10.so
06-12 23:10:48.209 26676 26676 V pythonutil: Checking pattern libSDL3_image\.so against libmain.so
06-12 23:10:48.210 26676 26676 V pythonutil: Checking pattern libSDL3_image\.so against libffi.so
06-12 23:10:48.210 26676 26676 V pythonutil: Checking pattern libSDL3_image\.so against libSDL2_image.so
06-12 23:10:48.210 26676 26676 V pythonutil: Checking pattern libSDL3_image\.so against libcrypto.so
06-12 23:10:48.210 26676 26676 V pythonutil: Checking pattern libSDL3_image\.so against libpythonbin.so
06-12 23:10:48.210 26676 26676 V pythonutil: Checking pattern libSDL3_image\.so against libSDL2_mixer.so
06-12 23:10:48.210 26676 26676 V pythonutil: Checking pattern libSDL3_image\.so against libssl.so
06-12 23:10:48.210 26676 26676 V pythonutil: Checking pattern libSDL3_image\.so against libpybundle.so
06-12 23:10:48.210 26676 26676 V pythonutil: Checking pattern libSDL3_image\.so against libsqlite3.so
06-12 23:10:48.211 26676 26676 V pythonutil: Checking pattern libSDL3_mixer\.so against libSDL2.so
06-12 23:10:48.211 26676 26676 V pythonutil: Checking pattern libSDL3_mixer\.so against libSDL2_ttf.so
06-12 23:10:48.211 26676 26676 V pythonutil: Checking pattern libSDL3_mixer\.so against libpng16.so
06-12 23:10:48.211 26676 26676 V pythonutil: Checking pattern libSDL3_mixer\.so against libfreetype.so
06-12 23:10:48.211 26676 26676 V pythonutil: Checking pattern libSDL3_mixer\.so against libpython3.10.so
06-12 23:10:48.211 26676 26676 V pythonutil: Checking pattern libSDL3_mixer\.so against libmain.so
06-12 23:10:48.211 26676 26676 V pythonutil: Checking pattern libSDL3_mixer\.so against libffi.so
06-12 23:10:48.211 26676 26676 V pythonutil: Checking pattern libSDL3_mixer\.so against libSDL2_image.so
06-12 23:10:48.211 26676 26676 V pythonutil: Checking pattern libSDL3_mixer\.so against libcrypto.so
06-12 23:10:48.211 26676 26676 V pythonutil: Checking pattern libSDL3_mixer\.so against libpythonbin.so
06-12 23:10:48.211 26676 26676 V pythonutil: Checking pattern libSDL3_mixer\.so against libSDL2_mixer.so
06-12 23:10:48.211 26676 26676 V pythonutil: Checking pattern libSDL3_mixer\.so against libssl.so
06-12 23:10:48.211 26676 26676 V pythonutil: Checking pattern libSDL3_mixer\.so against libpybundle.so
06-12 23:10:48.211 26676 26676 V pythonutil: Checking pattern libSDL3_mixer\.so against libsqlite3.so
06-12 23:10:48.212 26676 26676 V pythonutil: Checking pattern libSDL3_ttf\.so against libSDL2.so
06-12 23:10:48.212 26676 26676 V pythonutil: Checking pattern libSDL3_ttf\.so against libSDL2_ttf.so
06-12 23:10:48.212 26676 26676 V pythonutil: Checking pattern libSDL3_ttf\.so against libpng16.so
06-12 23:10:48.212 26676 26676 V pythonutil: Checking pattern libSDL3_ttf\.so against libfreetype.so
06-12 23:10:48.212 26676 26676 V pythonutil: Checking pattern libSDL3_ttf\.so against libpython3.10.so
06-12 23:10:48.212 26676 26676 V pythonutil: Checking pattern libSDL3_ttf\.so against libmain.so
06-12 23:10:48.212 26676 26676 V pythonutil: Checking pattern libSDL3_ttf\.so against libffi.so
06-12 23:10:48.212 26676 26676 V pythonutil: Checking pattern libSDL3_ttf\.so against libSDL2_image.so
06-12 23:10:48.212 26676 26676 V pythonutil: Checking pattern libSDL3_ttf\.so against libcrypto.so
06-12 23:10:48.212 26676 26676 V pythonutil: Checking pattern libSDL3_ttf\.so against libpythonbin.so
06-12 23:10:48.212 26676 26676 V pythonutil: Checking pattern libSDL3_ttf\.so against libSDL2_mixer.so
06-12 23:10:48.212 26676 26676 V pythonutil: Checking pattern libSDL3_ttf\.so against libssl.so
06-12 23:10:48.212 26676 26676 V pythonutil: Checking pattern libSDL3_ttf\.so against libpybundle.so
06-12 23:10:48.212 26676 26676 V pythonutil: Checking pattern libSDL3_ttf\.so against libsqlite3.so
06-12 23:10:48.213 26676 26676 V pythonutil: Loading library: sqlite3
06-12 23:10:48.219 26676 26676 D nativeloader: Load /data/app/~~FKpSAV3uUsHd-pxcyGOdZQ==/org.kffs.habilisdatalogger-jHJlTUFZQcz6ZRQhCjjxmw==/lib/arm64/libsqlite3.so using ns clns-4 from class loader (caller=/data/app/~~FKpSAV3uUsHd-pxcyGOdZQ==/org.kffs.habilisdatalogger-jHJlTUFZQcz6ZRQhCjjxmw==/base.apk!classes5.dex): ok
06-12 23:10:48.219 26676 26676 V pythonutil: Loading library: ffi
06-12 23:10:48.220 26676 26676 D nativeloader: Load /data/app/~~FKpSAV3uUsHd-pxcyGOdZQ==/org.kffs.habilisdatalogger-jHJlTUFZQcz6ZRQhCjjxmw==/lib/arm64/libffi.so using ns clns-4 from class loader (caller=/data/app/~~FKpSAV3uUsHd-pxcyGOdZQ==/org.kffs.habilisdatalogger-jHJlTUFZQcz6ZRQhCjjxmw==/base.apk!classes5.dex): ok
06-12 23:10:48.220 26676 26676 V pythonutil: Loading library: png16
06-12 23:10:48.223 26676 26676 D nativeloader: Load /data/app/~~FKpSAV3uUsHd-pxcyGOdZQ==/org.kffs.habilisdatalogger-jHJlTUFZQcz6ZRQhCjjxmw==/lib/arm64/libpng16.so using ns clns-4 from class loader (caller=/data/app/~~FKpSAV3uUsHd-pxcyGOdZQ==/org.kffs.habilisdatalogger-jHJlTUFZQcz6ZRQhCjjxmw==/base.apk!classes5.dex): ok
06-12 23:10:48.224 26676 26676 V pythonutil: Loading library: ssl
06-12 23:10:48.233 26676 26676 D nativeloader: Load /data/app/~~FKpSAV3uUsHd-pxcyGOdZQ==/org.kffs.habilisdatalogger-jHJlTUFZQcz6ZRQhCjjxmw==/lib/arm64/libssl.so using ns clns-4 from class loader (caller=/data/app/~~FKpSAV3uUsHd-pxcyGOdZQ==/org.kffs.habilisdatalogger-jHJlTUFZQcz6ZRQhCjjxmw==/base.apk!classes5.dex): ok
06-12 23:10:48.233 26676 26676 V pythonutil: Loading library: crypto
06-12 23:10:48.234 26676 26676 D nativeloader: Load /data/app/~~FKpSAV3uUsHd-pxcyGOdZQ==/org.kffs.habilisdatalogger-jHJlTUFZQcz6ZRQhCjjxmw==/lib/arm64/libcrypto.so using ns clns-4 from class loader (caller=/data/app/~~FKpSAV3uUsHd-pxcyGOdZQ==/org.kffs.habilisdatalogger-jHJlTUFZQcz6ZRQhCjjxmw==/base.apk!classes5.dex): ok
06-12 23:10:48.234 26676 26676 V pythonutil: Loading library: SDL2
06-12 23:10:48.242 26676 26676 D nativeloader: Load /data/app/~~FKpSAV3uUsHd-pxcyGOdZQ==/org.kffs.habilisdatalogger-jHJlTUFZQcz6ZRQhCjjxmw==/lib/arm64/libSDL2.so using ns clns-4 from class loader (caller=/data/app/~~FKpSAV3uUsHd-pxcyGOdZQ==/org.kffs.habilisdatalogger-jHJlTUFZQcz6ZRQhCjjxmw==/base.apk!classes5.dex): ok
06-12 23:10:48.243 26676 26676 V pythonutil: Loading library: SDL2_image
06-12 23:10:48.246 26676 26676 D nativeloader: Load /data/app/~~FKpSAV3uUsHd-pxcyGOdZQ==/org.kffs.habilisdatalogger-jHJlTUFZQcz6ZRQhCjjxmw==/lib/arm64/libSDL2_image.so using ns clns-4 from class loader (caller=/data/app/~~FKpSAV3uUsHd-pxcyGOdZQ==/org.kffs.habilisdatalogger-jHJlTUFZQcz6ZRQhCjjxmw==/base.apk!classes5.dex): ok
06-12 23:10:48.246 26676 26676 V pythonutil: Loading library: SDL2_mixer
06-12 23:10:48.249 26676 26676 D nativeloader: Load /data/app/~~FKpSAV3uUsHd-pxcyGOdZQ==/org.kffs.habilisdatalogger-jHJlTUFZQcz6ZRQhCjjxmw==/lib/arm64/libSDL2_mixer.so using ns clns-4 from class loader (caller=/data/app/~~FKpSAV3uUsHd-pxcyGOdZQ==/org.kffs.habilisdatalogger-jHJlTUFZQcz6ZRQhCjjxmw==/base.apk!classes5.dex): ok
06-12 23:10:48.249 26676 26676 V pythonutil: Loading library: SDL2_ttf
06-12 23:10:48.262 26676 26676 D nativeloader: Load /data/app/~~FKpSAV3uUsHd-pxcyGOdZQ==/org.kffs.habilisdatalogger-jHJlTUFZQcz6ZRQhCjjxmw==/lib/arm64/libSDL2_ttf.so using ns clns-4 from class loader (caller=/data/app/~~FKpSAV3uUsHd-pxcyGOdZQ==/org.kffs.habilisdatalogger-jHJlTUFZQcz6ZRQhCjjxmw==/base.apk!classes5.dex): ok
06-12 23:10:48.262 26676 26676 V pythonutil: Loading library: python3.14
06-12 23:10:48.266 26676 26676 D nativeloader: Load libpython3.14.so using ns clns-4 from class loader (caller=/data/app/~~FKpSAV3uUsHd-pxcyGOdZQ==/org.kffs.habilisdatalogger-jHJlTUFZQcz6ZRQhCjjxmw==/base.apk!classes5.dex): dlopen failed: library "libpython3.14.so" not found
06-12 23:10:48.266 26676 26676 V pythonutil: Library loading error: dlopen failed: library "libpython3.14.so" not found
06-12 23:10:48.266 26676 26676 V pythonutil: Loading library: python3.13
06-12 23:10:48.267 26676 26676 D nativeloader: Load libpython3.13.so using ns clns-4 from class loader (caller=/data/app/~~FKpSAV3uUsHd-pxcyGOdZQ==/org.kffs.habilisdatalogger-jHJlTUFZQcz6ZRQhCjjxmw==/base.apk!classes5.dex): dlopen failed: library "libpython3.13.so" not found
06-12 23:10:48.267 26676 26676 V pythonutil: Library loading error: dlopen failed: library "libpython3.13.so" not found
06-12 23:10:48.267 26676 26676 V pythonutil: Loading library: python3.12
06-12 23:10:48.268 26676 26676 D nativeloader: Load libpython3.12.so using ns clns-4 from class loader (caller=/data/app/~~FKpSAV3uUsHd-pxcyGOdZQ==/org.kffs.habilisdatalogger-jHJlTUFZQcz6ZRQhCjjxmw==/base.apk!classes5.dex): dlopen failed: library "libpython3.12.so" not found
06-12 23:10:48.268 26676 26676 V pythonutil: Library loading error: dlopen failed: library "libpython3.12.so" not found
06-12 23:10:48.268 26676 26676 V pythonutil: Loading library: python3.11
06-12 23:10:48.269 26676 26676 D nativeloader: Load libpython3.11.so using ns clns-4 from class loader (caller=/data/app/~~FKpSAV3uUsHd-pxcyGOdZQ==/org.kffs.habilisdatalogger-jHJlTUFZQcz6ZRQhCjjxmw==/base.apk!classes5.dex): dlopen failed: library "libpython3.11.so" not found
06-12 23:10:48.269 26676 26676 V pythonutil: Library loading error: dlopen failed: library "libpython3.11.so" not found
06-12 23:10:48.269 26676 26676 V pythonutil: Loading library: python3.10
06-12 23:10:48.275 26676 26676 D nativeloader: Load /data/app/~~FKpSAV3uUsHd-pxcyGOdZQ==/org.kffs.habilisdatalogger-jHJlTUFZQcz6ZRQhCjjxmw==/lib/arm64/libpython3.10.so using ns clns-4 from class loader (caller=/data/app/~~FKpSAV3uUsHd-pxcyGOdZQ==/org.kffs.habilisdatalogger-jHJlTUFZQcz6ZRQhCjjxmw==/base.apk!classes5.dex): ok
06-12 23:10:48.276 26676 26676 V pythonutil: Loading library: main
06-12 23:10:48.277 26676 26676 D nativeloader: Load /data/app/~~FKpSAV3uUsHd-pxcyGOdZQ==/org.kffs.habilisdatalogger-jHJlTUFZQcz6ZRQhCjjxmw==/lib/arm64/libmain.so using ns clns-4 from class loader (caller=/data/app/~~FKpSAV3uUsHd-pxcyGOdZQ==/org.kffs.habilisdatalogger-jHJlTUFZQcz6ZRQhCjjxmw==/base.apk!classes5.dex): ok
06-12 23:10:48.277 26676 26676 V pythonutil: Loaded everything!
06-12 23:10:48.279 26676 26676 V SDL     : nativeSetupJNI()
06-12 23:10:48.279 26676 26676 V SDL     : AUDIO nativeSetupJNI()
06-12 23:10:48.279 26676 26676 V SDL     : CONTROLLER nativeSetupJNI()
06-12 23:10:48.301  1948  6140 I Transition: finishTransition: updateLastSurfacePosition tf=Task{63b1bbb #646 type=standard A=10365:org.kffs.habilisdatalogger}
06-12 23:10:48.349  1948  2763 D CoreBackPreview: Window{ce22f03 u0 org.kffs.habilisdatalogger/org.kivy.android.PythonActivity}: Setting back callback OnBackInvokedCallbackInfo{mCallback=android.window.IOnBackInvokedCallback$Stub$Proxy@ef9535b, mPriority=0, mIsAnimationCallback=false}
06-12 23:10:48.371  1948  7876 D WindowManager: wms.Input focus has changed to Window{ce22f03 u0 org.kffs.habilisdatalogger/org.kivy.android.PythonActivity} display=0 updateInputWindows = true
06-12 23:10:48.390  1363  1442 I SurfaceFlinger: sf.setTransactionState focusRequest transactionId:8366597785817 frontWin:ce22f03 org.kffs.habilisdatalogger/org.kivy.android.PythonActivity
06-12 23:10:48.405 26676 26676 V SDL     : surfaceCreated()
06-12 23:10:48.405 26676 26676 V SDL     : surfaceChanged()
06-12 23:10:48.405 26676 26676 V SDL     : Window size: 1080x2172
06-12 23:10:48.405 26676 26676 V SDL     : Device size: 1080x2400
06-12 23:10:48.434 26676 26807 V SDL     : Running main function SDL_main from library /data/app/~~FKpSAV3uUsHd-pxcyGOdZQ==/org.kffs.habilisdatalogger-jHJlTUFZQcz6ZRQhCjjxmw==/lib/arm64/libmain.so
06-12 23:10:48.434 26676 26807 V SDL     : nativeRunMain()
06-12 23:10:48.438 26676 26807 I python  : Initializing Python for Android
06-12 23:10:48.438 26676 26807 I python  : Setting additional env vars from p4a_env_vars.txt
06-12 23:10:48.439 26676 26807 I python  : Changing directory to '/data/user/0/org.kffs.habilisdatalogger/files/app'
06-12 23:10:48.445 26676 26807 I python  : Preparing to initialize python
06-12 23:10:48.445 26676 26807 I python  : _python_bundle dir exists
06-12 23:10:48.446 26676 26807 I python  : set wchar paths...
06-12 23:10:48.487  1948  2763 D WindowManager: wms.finishDrawingLocked: mDrawState=COMMIT_DRAW_PENDING Window{ce22f03 u0 org.kffs.habilisdatalogger/org.kivy.android.PythonActivity} in Surface(name=org.kffs.habilisdatalogger/org.kivy.android.PythonActivity#155071)/@0x549bf28
06-12 23:10:48.490 26676 26676 D SurfaceView: UPDATE Surface(name=SurfaceView[org.kffs.habilisdatalogger/org.kivy.android.PythonActivity]#155075)/@0x976d811, mIsProjectionMode = false
06-12 23:10:48.496  1948  2308 I WindowManager: wms.showSurfaceRobustly mWin:Window{ce22f03 u0 org.kffs.habilisdatalogger/org.kivy.android.PythonActivity}
06-12 23:10:48.505 26676 26807 I python  : Python initialized using legacy Py_Initialize().
06-12 23:10:48.505 26676 26807 I python  : Initialized python
06-12 23:10:48.505 26676 26676 V SDL     : onWindowFocusChanged(): true
06-12 23:10:48.507 26676 26807 I python  : testing python print redirection
06-12 23:10:48.508 26676 26807 I python  : Android kivy bootstrap done. __name__ is __main__
06-12 23:10:48.510  1948  2074 I ActivityTaskManager: Displayed org.kffs.habilisdatalogger/org.kivy.android.PythonActivity for user 0: +949ms
06-12 23:10:48.519  1948  2763 D CoreBackPreview: Window{327ca84 u0 Splash Screen org.kffs.habilisdatalogger}: Setting back callback null
06-12 23:10:48.525  1948  2972 D tsched_scene: handleWindowChanged: pkgName: org.kffs.habilisdatalogger, mForegroundAppName: com.miui.home
06-12 23:10:48.525  1948  5585 W InputManager-JNI: Input channel object '327ca84 Splash Screen org.kffs.habilisdatalogger (client)' was disposed without first being removed with the input manager!
06-12 23:10:48.536  1948  7876 I ImeTracker: org.kffs.habilisdatalogger:1b8fa739: onRequestHide at ORIGIN_SERVER_HIDE_INPUT reason HIDE_UNSPECIFIED_WINDOW
06-12 23:10:48.536  1948  7876 I ImeTracker: org.kffs.habilisdatalogger:1b8fa739: onCancelled at PHASE_SERVER_SHOULD_HIDE
06-12 23:10:48.544  1363  2719 D MI-SF   : updateScene: module = 270 (Input), value = 0, pkg = org.kffs.habilisdatalogger, Vrr = 1
06-12 23:10:48.546 22864 22864 I GoogleInputMethodService: GoogleInputMethodService.onStartInput():1446 onStartInput(EditorInfo{EditorInfo{packageName=org.kffs.habilisdatalogger, inputType=0, inputTypeString=NULL, enableLearning=false, autoCorrection=false, autoComplete=false, imeOptions=0, privateImeOptions=null, actionName=UNSPECIFIED, actionLabel=null, initialSelStart=-1, initialSelEnd=-1, initialCapsMode=0, label=null, fieldId=0, fieldName=null, extras=Bundle[mParcelledData.dataSize=72], hintText=null, hintLocales=[]}}, false)
06-12 23:10:48.549  1948  3590 W PackageConfigPersister: App-specific configuration not found for packageName: org.kffs.habilisdatalogger and userId: 0
06-12 23:10:48.585  3838  4246 W RecentsModel: getRunningTask   taskInfo=TaskInfo{userId=0 taskId=646 displayId=0 isRunning=true baseIntent=Intent { act=android.intent.action.MAIN cat=[android.intent.category.LAUNCHER] flg=0x10200000 cmp=org.kffs.habilisdatalogger/org.kivy.android.PythonActivity } baseActivity=ComponentInfo{org.kffs.habilisdatalogger/org.kivy.android.PythonActivity} topActivity=ComponentInfo{org.kffs.habilisdatalogger/org.kivy.android.PythonActivity} origActivity=null realActivity=ComponentInfo{org.kffs.habilisdatalogger/org.kivy.android.PythonActivity} numActivities=1 lastActiveTime=741059150 supportsSplitScreenMultiWindow=true supportsMultiWindow=true resizeMode=1 isResizeable=true minWidth=-1 minHeight=-1 defaultMinSize=200 token=WCT{android.window.IWindowContainerToken$Stub$Proxy@fffc78b} topActivityType=1 pictureInPictureParams=null shouldDockBigOverlays=false launchIntoPipHostTaskId=-1 lastParentTaskIdBeforePip=-1 displayCutoutSafeInsets=Rect(0, 98 - 0, 0) topActivityInfo=ActivityInfo{f368068 org.kivy.android.PythonActivity} launchCookies=[] positionInParent=Point(0, 0) parentTaskId=-1 isFocused=true isVisible=true isVisibleRequested=true isSleeping=false topActivityInSizeCompat=false topActivityInMiuiSizeCompat=false topActivityEligibleForLetterboxEducation= false topActivityLetterboxed= false isFromDoubleTap= false topActivityLetterboxVerticalPosition= -1 topActivityLetterboxHorizontalPosition= -1 topActivityLetterboxWidth=-1 topActivityLetterboxHeight=-1 locusId=null displayAreaFeatureId=1 cameraCompatControlState=hidden mIsCastMode=false mTopActivityMediaSize=null mTopActivityRecordName=ActivityRecord{861404a u0 org.kffs.habilisdatalogger/org.kivy.android.PythonActivity t646} mTopActivityOrientation=1 mTopActivityWindowIsNowVisible=true isTranslucent=false isEmbedded=false shouldBeVisible=true mBehindAppLockPkg=null mOriginatingUid=0}
06-12 23:10:48.585  3838  4246 W RecentsModel: getTaskInfoIgnoreHomeAndFreeform   taskInfo=ComponentInfo{org.kffs.habilisdatalogger/org.kivy.android.PythonActivity}
06-12 23:10:48.598  3838  4246 E ActivityManagerWrapper: getRecentTasks: mainTaskId=646   userId=0   windowMode=1   baseIntent=Intent { act=android.intent.action.MAIN flag=270532608 cmp=ComponentInfo{org.kffs.habilisdatalogger/org.kivy.android.PythonActivity} }
06-12 23:10:48.672 26676 26807 I python  : [INFO   ] [Logger      ] Record log in /data/user/0/org.kffs.habilisdatalogger/files/app/.kivy/logs/kivy_26-06-12_1.txt
06-12 23:10:48.672 26676 26807 I python  : [INFO   ] [Kivy        ] v2.1.0
06-12 23:10:48.672 26676 26807 I python  : [INFO   ] [Kivy        ] Installed at "/data/user/0/org.kffs.habilisdatalogger/files/app/_python_bundle/site-packages/kivy/__init__.pyc"
06-12 23:10:48.673 26676 26807 I python  : [INFO   ] [Python      ] v3.10.11 (main, May 27 2026, 00:26:06) [Clang 14.0.7 (https://android.googlesource.com/toolchain/llvm-project 4c603efb0
06-12 23:10:48.673 26676 26807 I python  : [INFO   ] [Python      ] Interpreter at "/data/user/0/org.kffs.habilisdatalogger/files/app/.bin/python"
06-12 23:10:48.673 26676 26807 I python  : [INFO   ] [Logger      ] Purge log fired. Processing...
06-12 23:10:48.674 26676 26807 I python  : [INFO   ] [Logger      ] Purge finished!
06-12 23:10:48.673 26676 26676 W SDLThread: type=1400 audit(0.0:451388): avc:  granted  { execute } for  path="/data/data/org.kffs.habilisdatalogger/files/app/_python_bundle/modules/_json.cpython-310.so" dev="dm-53" ino=31479 scontext=u:r:untrusted_app_30:s0:c109,c257,c512,c768 tcontext=u:object_r:app_data_file:s0:c109,c257,c512,c768 tclass=file app=org.kffs.habilisdatalogger
06-12 23:10:48.687 26676 26807 I python  : [INFO   ] [KivyMD      ] 1.1.1, git-Unknown, 2026-05-27 (installed at "/data/user/0/org.kffs.habilisdatalogger/files/app/_python_bundle/site-packages/kivymd/__init__.pyc")
06-12 23:10:48.692 26676 26807 I python  : [INFO   ] [Factory     ] 189 symbols loaded
06-12 23:10:48.697 26676 26676 W SDLThread: type=1400 audit(0.0:451389): avc:  granted  { execute } for  path="/data/data/org.kffs.habilisdatalogger/files/app/_python_bundle/modules/fcntl.cpython-310.so" dev="dm-53" ino=123741 scontext=u:r:untrusted_app_30:s0:c109,c257,c512,c768 tcontext=u:object_r:app_data_file:s0:c109,c257,c512,c768 tclass=file app=org.kffs.habilisdatalogger
06-12 23:10:48.701 26676 26676 W SDLThread: type=1400 audit(0.0:451390): avc:  granted  { execute } for  path="/data/data/org.kffs.habilisdatalogger/files/app/_python_bundle/modules/_posixsubprocess.cpython-310.so" dev="dm-53" ino=28211 scontext=u:r:untrusted_app_30:s0:c109,c257,c512,c768 tcontext=u:object_r:app_data_file:s0:c109,c257,c512,c768 tclass=file app=org.kffs.habilisdatalogger
06-12 23:10:48.701 26676 26676 W SDLThread: type=1400 audit(0.0:451391): avc:  granted  { execute } for  path="/data/data/org.kffs.habilisdatalogger/files/app/_python_bundle/modules/select.cpython-310.so" dev="dm-53" ino=120156 scontext=u:r:untrusted_app_30:s0:c109,c257,c512,c768 tcontext=u:object_r:app_data_file:s0:c109,c257,c512,c768 tclass=file app=org.kffs.habilisdatalogger
06-12 23:10:48.709 26676 26676 W SDLThread: type=1400 audit(0.0:451392): avc:  granted  { execute } for  path="/data/data/org.kffs.habilisdatalogger/files/app/_python_bundle/site-packages/kivy/graphics/instructions.so" dev="dm-53" ino=122950 scontext=u:r:untrusted_app_30:s0:c109,c257,c512,c768 tcontext=u:object_r:app_data_file:s0:c109,c257,c512,c768 tclass=file app=org.kffs.habilisdatalogger
06-12 23:10:49.528 26676 26807 I python  : [INFO   ] [Image       ] Providers: img_tex, img_dds, img_sdl2, img_pil (img_ffpyplayer ignored)
06-12 23:10:49.560 26676 26807 I python  : [INFO   ] [Text        ] Provider: sdl2
06-12 23:10:49.737 26676 26676 W SDLThread: type=1400 audit(0.0:451432): avc:  granted  { execute } for  path="/data/data/org.kffs.habilisdatalogger/files/app/_python_bundle/modules/_decimal.cpython-310.so" dev="dm-53" ino=33839 scontext=u:r:untrusted_app_30:s0:c109,c257,c512,c768 tcontext=u:object_r:app_data_file:s0:c109,c257,c512,c768 tclass=file app=org.kffs.habilisdatalogger
06-12 23:10:49.745 26676 26676 W SDLThread: type=1400 audit(0.0:451433): avc:  granted  { execute } for  path="/data/data/org.kffs.habilisdatalogger/files/app/_python_bundle/site-packages/kivy/core/window/_window_sdl2.so" dev="dm-53" ino=73054 scontext=u:r:untrusted_app_30:s0:c109,c257,c512,c768 tcontext=u:object_r:app_data_file:s0:c109,c257,c512,c768 tclass=file app=org.kffs.habilisdatalogger
06-12 23:10:49.763 26676 26807 I python  : [INFO   ] [Window      ] Provider: sdl2
06-12 23:10:49.781 26676 26807 V SDL     : setOrientation() requestedOrientation=1 width=800 height=600 resizable=true hint=Portrait
06-12 23:10:49.783 26676 26807 I SDL/APP : pixel format wanted SDL_PIXELFORMAT_RGBA8888 (1), got SDL_PIXELFORMAT_RGBA8888 (1)
06-12 23:10:49.788 26676 26807 I python  : [INFO   ] [GL          ] Using the "OpenGL ES 2" graphics system
06-12 23:10:49.785 26676 26676 W SDLThread: type=1400 audit(0.0:451434): avc:  granted  { execute } for  path="/data/data/org.kffs.habilisdatalogger/files/app/_python_bundle/site-packages/kivy/graphics/cgl_backend/cgl_sdl2.so" dev="dm-53" ino=132742 scontext=u:r:untrusted_app_30:s0:c109,c257,c512,c768 tcontext=u:object_r:app_data_file:s0:c109,c257,c512,c768 tclass=file app=org.kffs.habilisdatalogger
06-12 23:10:49.791  1948  7876 I PowerManagerServiceImpl: Acquire wakelock: SCREEN_BRIGHT_WAKE_LOCK        'WindowManager/displayId:0' ON_AFTER_RELEASE (uid=1000 pid=1948 pkg=android ws=WorkSource{10365 org.kffs.habilisdatalogger})
06-12 23:10:49.793 26676 26807 I python  : [INFO   ] [GL          ] Backend used <sdl2>
06-12 23:10:49.793 26676 26807 I python  : [INFO   ] [GL          ] OpenGL version <b'OpenGL ES 3.2 V@0530.57 (GIT@4bbe300fc3, Ie69fc1c69b, 1747652194) (Date:05/19/25)'>
06-12 23:10:49.794 26676 26807 I python  : [INFO   ] [GL          ] OpenGL vendor <b'Qualcomm'>
06-12 23:10:49.794 26676 26807 I python  : [INFO   ] [GL          ] OpenGL renderer <b'Adreno (TM) 642L'>
06-12 23:10:49.794 26676 26807 I python  : [INFO   ] [GL          ] OpenGL parsed version: 3, 2
06-12 23:10:49.794 26676 26807 I python  : [INFO   ] [GL          ] Texture max size <16384>
06-12 23:10:49.794 26676 26807 I python  : [INFO   ] [GL          ] Texture max units <16>
06-12 23:10:49.814 26676 26807 I python  : [INFO   ] [Window      ] auto add sdl2 input provider
06-12 23:10:49.817 26676 26807 I python  : [INFO   ] [Window      ] virtual keyboard not allowed, single mode, not docked
06-12 23:10:49.821  1948  2763 I PowerManagerServiceImpl: Release wakelock: SCREEN_BRIGHT_WAKE_LOCK        'WindowManager/displayId:0' ON_AFTER_RELEASE DISABLED ACQ=-29ms (uid=1000 pid=1948 pkg=android ws=WorkSource{10365 org.kffs.habilisdatalogger})
06-12 23:10:50.005 26676 26676 W SDLThread: type=1400 audit(0.0:451435): avc:  granted  { execute } for  path="/data/data/org.kffs.habilisdatalogger/files/app/_python_bundle/modules/_datetime.cpython-310.so" dev="dm-53" ino=33834 scontext=u:r:untrusted_app_30:s0:c109,c257,c512,c768 tcontext=u:object_r:app_data_file:s0:c109,c257,c512,c768 tclass=file app=org.kffs.habilisdatalogger
06-12 23:10:50.092 26676 26807 I python  : Could not set FileProvider: No module named 'plyer.camera'
06-12 23:10:50.812 26676 26807 I python  :  Traceback (most recent call last):
06-12 23:10:50.812 26676 26807 I python  :    File "/home/vboxuser/habilis-datalogger/.buildozer/android/app/main.py", line 195, in <module>
06-12 23:10:50.812 26676 26807 I python  :    File "/home/vboxuser/habilis-datalogger/.buildozer/android/platform/build-arm64-v8a_armeabi-v7a/build/python-installs/habilisdatalogger/arm64-v8a/kivy/app.py", line 954, in run
06-12 23:10:50.812 26676 26807 I python  :    File "/home/vboxuser/habilis-datalogger/.buildozer/android/platform/build-arm64-v8a_armeabi-v7a/build/python-installs/habilisdatalogger/arm64-v8a/kivy/app.py", line 924, in _run_prepare
06-12 23:10:50.813 26676 26807 I python  :    File "/home/vboxuser/habilis-datalogger/.buildozer/android/app/main.py", line 166, in build
06-12 23:10:50.813 26676 26807 I python  :    File "/home/vboxuser/habilis-datalogger/.buildozer/android/platform/build-arm64-v8a_armeabi-v7a/build/python-installs/habilisdatalogger/arm64-v8a/kivymd/uix/behaviors/declarative_behavior.py", line 311, in __init__
06-12 23:10:50.813 26676 26807 I python  :    File "/home/vboxuser/habilis-datalogger/.buildozer/android/platform/build-arm64-v8a_armeabi-v7a/build/python-installs/habilisdatalogger/arm64-v8a/kivy/uix/relativelayout.py", line 274, in __init__
06-12 23:10:50.813 26676 26807 I python  :    File "/home/vboxuser/habilis-datalogger/.buildozer/android/platform/build-arm64-v8a_armeabi-v7a/build/python-installs/habilisdatalogger/arm64-v8a/kivy/uix/floatlayout.py", line 65, in __init__
06-12 23:10:50.813 26676 26807 I python  :    File "/home/vboxuser/habilis-datalogger/.buildozer/android/platform/build-arm64-v8a_armeabi-v7a/build/python-installs/habilisdatalogger/arm64-v8a/kivy/uix/layout.py", line 76, in __init__
06-12 23:10:50.814 26676 26807 I python  :    File "/home/vboxuser/habilis-datalogger/.buildozer/android/platform/build-arm64-v8a_armeabi-v7a/build/python-installs/habilisdatalogger/arm64-v8a/kivy/uix/widget.py", line 366, in __init__
06-12 23:10:50.814 26676 26807 I python  :    File "/home/vboxuser/habilis-datalogger/.buildozer/android/platform/build-arm64-v8a_armeabi-v7a/build/python-installs/habilisdatalogger/arm64-v8a/kivy/uix/widget.py", line 470, in apply_class_lang_rules
06-12 23:10:50.814 26676 26807 I python  :    File "/home/vboxuser/habilis-datalogger/.buildozer/android/platform/build-arm64-v8a_armeabi-v7a/build/python-installs/habilisdatalogger/arm64-v8a/kivy/lang/builder.py", line 540, in apply
06-12 23:10:50.814 26676 26807 I python  :    File "/home/vboxuser/habilis-datalogger/.buildozer/android/platform/build-arm64-v8a_armeabi-v7a/build/python-installs/habilisdatalogger/arm64-v8a/kivy/lang/builder.py", line 662, in _apply_rule
06-12 23:10:50.814 26676 26807 I python  :    File "/home/vboxuser/habilis-datalogger/.buildozer/android/platform/build-arm64-v8a_armeabi-v7a/build/python-installs/habilisdatalogger/arm64-v8a/kivy/lang/builder.py", line 662, in _apply_rule
06-12 23:10:50.815 26676 26807 I python  :    File "/home/vboxuser/habilis-datalogger/.buildozer/android/platform/build-arm64-v8a_armeabi-v7a/build/python-installs/habilisdatalogger/arm64-v8a/kivy/lang/builder.py", line 659, in _apply_rule
06-12 23:10:50.815 26676 26807 I python  :    File "/home/vboxuser/habilis-datalogger/.buildozer/android/platform/build-arm64-v8a_armeabi-v7a/build/python-installs/habilisdatalogger/arm64-v8a/kivy/uix/scrollview.py", line 1165, in add_widget
06-12 23:10:50.815 26676 26807 I python  :  Exception: ScrollView accept only one widget
06-12 23:10:50.815 26676 26807 I python  : Python for android ended.
06-12 23:10:51.579  1948  2763 I WindowManager: WIN DEATH: Window{ce22f03 u0 org.kffs.habilisdatalogger/org.kivy.android.PythonActivity}
06-12 23:10:51.580  1948  2763 W InputManager-JNI: Input channel object 'ce22f03 org.kffs.habilisdatalogger/org.kivy.android.PythonActivity (client)' was disposed without first being removed with the input manager!
06-12 23:10:51.580  1948  4122 I ActivityManager: Process org.kffs.habilisdatalogger (pid 26676) has died: fg  TOP 
06-12 23:10:51.581  1948  5585 I ImeTracker: org.kffs.habilisdatalogger:fbbae345: onRequestHide at ORIGIN_SERVER_HIDE_INPUT reason HIDE_REMOVE_CLIENT
06-12 23:10:51.583  1948  5585 I ImeTracker: org.kffs.habilisdatalogger:fbbae345: onCancelled at PHASE_SERVER_SHOULD_HIDE
06-12 23:10:51.596  1363  2713 D MI-SF   : updateScene: module = 270 (Input), value = 0, pkg = org.kffs.habilisdatalogger, Vrr = 1
06-12 23:10:51.608  1948  4122 W ActivityTaskManager: Force removing ActivityRecord{861404a u0 org.kffs.habilisdatalogger/org.kivy.android.PythonActivity t646}: app died, no saved state
06-12 23:10:51.610  1948  4122 D WindowManager: Collecting in transition 9618: Task{63b1bbb #646 type=standard A=10365:org.kffs.habilisdatalogger} init visibleRequested:true
06-12 23:10:51.611  1948  4122 D WindowManager: Collecting in transition 9618: ActivityRecord{861404a u0 org.kffs.habilisdatalogger/org.kivy.android.PythonActivity t646 f}} init visibleRequested:false
06-12 23:10:51.611  1948  4122 W WindowManager: onSyncReparent mSyncState =2, mSyncGroup = com.android.server.wm.BLASTSyncEngine$SyncGroup@3b01de4 this: ActivityRecord{861404a u0 org.kffs.habilisdatalogger/org.kivy.android.PythonActivity t646 f}}
06-12 23:10:51.612  1948  4122 I ActivityTaskManager: Do not migrate a removing Task! Task{63b1bbb #646 type=standard A=10365:org.kffs.habilisdatalogger}
06-12 23:10:51.612  1948  4122 W WindowManager: onSyncReparent mSyncState =2, mSyncGroup = com.android.server.wm.BLASTSyncEngine$SyncGroup@3b01de4 this: Task{63b1bbb #646 type=standard A=10365:org.kffs.habilisdatalogger}
06-12 23:10:51.629 22923 22940 D BluetoothLatencyMode: ForegroundInfo{mForegroundPackageName='com.miui.home', mForegroundUid=10158, mForegroundPid=3838, mLastForegroundPackageName='org.kffs.habilisdatalogger'