05-27 23:15:27.478  7323  7365 V python  : extracting _python_bundle/modules/_asyncio.cpython-310.so
05-27 23:15:27.479  7323  7365 V python  : extracting _python_bundle/modules/_bisect.cpython-310.so
05-27 23:15:27.480  7323  7365 V python  : extracting _python_bundle/modules/_blake2.cpython-310.so
05-27 23:15:27.481  7323  7365 V python  : extracting _python_bundle/modules/_codecs_cn.cpython-310.so
05-27 23:15:27.486  7323  7365 V python  : extracting _python_bundle/modules/_codecs_hk.cpython-310.so
05-27 23:15:27.489  7323  7365 V python  : extracting _python_bundle/modules/_codecs_iso2022.cpython-310.so
05-27 23:15:27.491  7323  7365 V python  : extracting _python_bundle/modules/_codecs_jp.cpython-310.so
05-27 23:15:27.496  7323  7365 V python  : extracting _python_bundle/modules/_codecs_kr.cpython-310.so
05-27 23:15:27.500  7323  7365 V python  : extracting _python_bundle/modules/_codecs_tw.cpython-310.so
05-27 23:15:27.503  7323  7365 V python  : extracting _python_bundle/modules/_contextvars.cpython-310.so
05-27 23:15:27.504  7323  7365 V python  : extracting _python_bundle/modules/_csv.cpython-310.so
05-27 23:15:27.506  7323  7365 V python  : extracting _python_bundle/modules/_ctypes.cpython-310.so
05-27 23:15:27.508  7323  7323 V SDL     : onResume()
05-27 23:15:27.509  7323  7365 V python  : extracting _python_bundle/modules/_ctypes_test.cpython-310.so
05-27 23:15:27.510  7323  7365 V python  : extracting _python_bundle/modules/_datetime.cpython-310.so
05-27 23:15:27.512  7323  7365 V python  : extracting _python_bundle/modules/_decimal.cpython-310.so
05-27 23:15:27.519  7323  7365 V python  : extracting _python_bundle/modules/_elementtree.cpython-310.so
05-27 23:15:27.521  7323  7365 V python  : extracting _python_bundle/modules/_hashlib.cpython-310.so
05-27 23:15:27.524  7323  7365 V python  : extracting _python_bundle/modules/_heapq.cpython-310.so
05-27 23:15:27.525  7323  7365 V python  : extracting _python_bundle/modules/_json.cpython-310.so
05-27 23:15:27.526  7323  7365 V python  : extracting _python_bundle/modules/_lsprof.cpython-310.so
05-27 23:15:27.527  7323  7365 V python  : extracting _python_bundle/modules/_md5.cpython-310.so
05-27 23:15:27.528  7323  7365 V python  : extracting _python_bundle/modules/_multibytecodec.cpython-310.so
05-27 23:15:27.529  7323  7365 V python  : extracting _python_bundle/modules/_multiprocessing.cpython-310.so
05-27 23:15:27.530  7323  7365 V python  : extracting _python_bundle/modules/_opcode.cpython-310.so
05-27 23:15:27.530  7323  7365 V python  : extracting _python_bundle/modules/_pickle.cpython-310.so
05-27 23:15:27.534  7323  7365 V python  : extracting _python_bundle/modules/_posixsubprocess.cpython-310.so
05-27 23:15:27.535  7323  7365 V python  : extracting _python_bundle/modules/_queue.cpython-310.so
05-27 23:15:27.537  7323  7365 V python  : extracting _python_bundle/modules/_random.cpython-310.so
05-27 23:15:27.538  7323  7365 V python  : extracting _python_bundle/modules/_sha1.cpython-310.so
05-27 23:15:27.540  7323  7365 V python  : extracting _python_bundle/modules/_sha256.cpython-310.so
05-27 23:15:27.540  7323  7365 V python  : extracting _python_bundle/modules/_sha3.cpython-310.so
05-27 23:15:27.543  7323  7365 V python  : extracting _python_bundle/modules/_sha512.cpython-310.so
05-27 23:15:27.544  7323  7365 V python  : extracting _python_bundle/modules/_socket.cpython-310.so
05-27 23:15:27.546  7323  7365 V python  : extracting _python_bundle/modules/_sqlite3.cpython-310.so
05-27 23:15:27.547  7323  7323 I ForceDarkHelperStubImpl: setViewRootImplForceDark: false for org.kivy.android.PythonActivity@b57b8bf, reason: AppDarkModeEnable
05-27 23:15:27.548  7323  7365 V python  : extracting _python_bundle/modules/_ssl.cpython-310.so
05-27 23:15:27.552  7323  7365 V python  : extracting _python_bundle/modules/_statistics.cpython-310.so
05-27 23:15:27.552  7323  7365 V python  : extracting _python_bundle/modules/_struct.cpython-310.so
05-27 23:15:27.554  7323  7365 V python  : extracting _python_bundle/modules/_sysconfigdata__linux_aarch64-linux-android.pyc
05-27 23:15:27.555  7323  7365 V python  : extracting _python_bundle/modules/_testbuffer.cpython-310.so
05-27 23:15:27.557  7323  7365 V python  : extracting _python_bundle/modules/_testcapi.cpython-310.so
05-27 23:15:27.558  4004  4239 D MiuiFullScreenTaskRepository: setFocusedTask taskId=53606, displayId=0, topActivity=ComponentInfo{org.kffs.habilisdatalogger/org.kivy.android.PythonActivity}
05-27 23:15:27.558  4004  4239 D MiuiFullScreenTaskRepository: addOrUpdateFullScreenTaskInfo taskId=53606, topActivity=ComponentInfo{org.kffs.habilisdatalogger/org.kivy.android.PythonActivity}
05-27 23:15:27.560  7323  7365 V python  : extracting _python_bundle/modules/_testclinic.cpython-310.so
05-27 23:15:27.561  7323  7365 V python  : extracting _python_bundle/modules/_testimportmultiple.cpython-310.so
05-27 23:15:27.562  7323  7365 V python  : extracting _python_bundle/modules/_testinternalcapi.cpython-310.so
05-27 23:15:27.562  4004 23287 D MiuiFreeformModeObserver: activityResumed() intent： Intent { cmp=org.kffs.habilisdatalogger/org.kivy.android.PythonActivity (has extras) }
05-27 23:15:27.562  4050  4050 D RecentsImpl: mActivityStateObserver org.kivy.android.PythonActivity
05-27 23:15:27.563  7323  7365 V python  : extracting _python_bundle/modules/_testmultiphase.cpython-310.so
05-27 23:15:27.563  4050  4050 W RecentsImpl: onResumed className=org.kivy.android.PythonActivity   mIsInAnotherPro=false   isKeyguardLocked=false   mSecuritySpaceGuideShown=false
05-27 23:15:27.563  7323  7365 V python  : extracting _python_bundle/modules/_xxsubinterpreters.cpython-310.so
05-27 23:15:27.564  7323  7365 V python  : extracting _python_bundle/modules/_xxtestfuzz.cpython-310.so
05-27 23:15:27.565  7323  7365 V python  : extracting _python_bundle/modules/_zoneinfo.cpython-310.so
05-27 23:15:27.566  7323  7365 V python  : extracting _python_bundle/modules/array.cpython-310.so
05-27 23:15:27.568  7323  7365 V python  : extracting _python_bundle/modules/audioop.cpython-310.so
05-27 23:15:27.570  7323  7365 V python  : extracting _python_bundle/modules/binascii.cpython-310.so
05-27 23:15:27.571  7323  7365 V python  : extracting _python_bundle/modules/cmath.cpython-310.so
05-27 23:15:27.573  7323  7365 V python  : extracting _python_bundle/modules/fcntl.cpython-310.so
05-27 23:15:27.574  2054  7682 D CoreBackPreview: Window{8e56b62 u0 org.kffs.habilisdatalogger/org.kivy.android.PythonActivity}: Setting back callback OnBackInvokedCallbackInfo{mCallback=android.window.IOnBackInvokedCallback$Stub$Proxy@efadcdc, mPriority=0, mIsAnimationCallback=false}
05-27 23:15:27.574  7323  7365 V python  : extracting _python_bundle/modules/math.cpython-310.so
05-27 23:15:27.575  7323  7365 V python  : extracting _python_bundle/modules/mmap.cpython-310.so
05-27 23:15:27.576  7323  7365 V python  : extracting _python_bundle/modules/ossaudiodev.cpython-310.so
05-27 23:15:27.577  7323  7365 V python  : extracting _python_bundle/modules/pyexpat.cpython-310.so
05-27 23:15:27.581  7323  7365 V python  : extracting _python_bundle/modules/resource.cpython-310.so
05-27 23:15:27.582  7323  7365 V python  : extracting _python_bundle/modules/select.cpython-310.so
05-27 23:15:27.583  7323  7365 V python  : extracting _python_bundle/modules/syslog.cpython-310.so
05-27 23:15:27.584  7323  7365 V python  : extracting _python_bundle/modules/termios.cpython-310.so
05-27 23:15:27.584  7323  7365 V python  : extracting _python_bundle/modules/unicodedata.cpython-310.so
05-27 23:15:27.594  2054  7682 D WindowManager: wms.Input focus has changed to Window{8e56b62 u0 org.kffs.habilisdatalogger/org.kivy.android.PythonActivity} display=0 updateInputWindows = true
05-27 23:15:27.604  1417  5149 I SurfaceFlinger: sf.setTransactionState focusRequest transactionId:8821863127880 frontWin:8e56b62 org.kffs.habilisdatalogger/org.kivy.android.PythonActivity
05-27 23:15:27.609  7323  7365 V python  : extracting _python_bundle/modules/xxlimited.cpython-310.so
05-27 23:15:27.609  7323  7365 V python  : extracting _python_bundle/modules/xxlimited_35.cpython-310.so
05-27 23:15:27.610  7323  7365 V python  : extracting _python_bundle/modules/zlib.cpython-310.so
05-27 23:15:27.611  7323  7365 V python  : extracting _python_bundle/site-packages/
05-27 23:15:27.612  7323  7365 V python  : extracting _python_bundle/site-packages/4ef79d6367bb14396397__mypyc.so
05-27 23:15:27.623  7323  7365 V python  : extracting _python_bundle/site-packages/PIL/
05-27 23:15:27.624  7323  7365 V python  : extracting _python_bundle/site-packages/PIL/AvifImagePlugin.pyc
05-27 23:15:27.625  7323  7365 V python  : extracting _python_bundle/site-packages/PIL/BdfFontFile.pyc
05-27 23:15:27.625  7323  7365 V python  : extracting _python_bundle/site-packages/PIL/BlpImagePlugin.pyc
05-27 23:15:27.626  7323  7365 V python  : extracting _python_bundle/site-packages/PIL/BmpImagePlugin.pyc
05-27 23:15:27.627  7323  7365 V python  : extracting _python_bundle/site-packages/PIL/BufrStubImagePlugin.pyc
05-27 23:15:27.627  7323  7365 V python  : extracting _python_bundle/site-packages/PIL/ContainerIO.pyc
05-27 23:15:27.628  7323  7365 V python  : extracting _python_bundle/site-packages/PIL/CurImagePlugin.pyc
05-27 23:15:27.628  7323  7365 V python  : extracting _python_bundle/site-packages/PIL/DcxImagePlugin.pyc
05-27 23:15:27.628  7323  7365 V python  : extracting _python_bundle/site-packages/PIL/DdsImagePlugin.pyc
05-27 23:15:27.629  7323  7365 V python  : extracting _python_bundle/site-packages/PIL/EpsImagePlugin.pyc
05-27 23:15:27.630  7323  7365 V python  : extracting _python_bundle/site-packages/PIL/ExifTags.pyc
05-27 23:15:27.631  7323  7365 V python  : extracting _python_bundle/site-packages/PIL/FitsImagePlugin.pyc
05-27 23:15:27.631  7323  7365 V python  : extracting _python_bundle/site-packages/PIL/FliImagePlugin.pyc
05-27 23:15:27.632  7323  7365 V python  : extracting _python_bundle/site-packages/PIL/FontFile.pyc
05-27 23:15:27.632  7323  7365 V python  : extracting _python_bundle/site-packages/PIL/FpxImagePlugin.pyc
05-27 23:15:27.633  7323  7365 V python  : extracting _python_bundle/site-packages/PIL/FtexImagePlugin.pyc
05-27 23:15:27.633  7323  7365 V python  : extracting _python_bundle/site-packages/PIL/GbrImagePlugin.pyc
05-27 23:15:27.634  7323  7365 V python  : extracting _python_bundle/site-packages/PIL/GdImageFile.pyc
05-27 23:15:27.634  7323  7365 V python  : extracting _python_bundle/site-packages/PIL/GifImagePlugin.pyc
05-27 23:15:27.635  7323  7365 V python  : extracting _python_bundle/site-packages/PIL/GimpGradientFile.pyc
05-27 23:15:27.635  7323  7365 V python  : extracting _python_bundle/site-packages/PIL/GimpPaletteFile.pyc
05-27 23:15:27.636  7323  7365 V python  : extracting _python_bundle/site-packages/PIL/GribStubImagePlugin.pyc
05-27 23:15:27.637  7323  7365 V python  : extracting _python_bundle/site-packages/PIL/Hdf5StubImagePlugin.pyc
05-27 23:15:27.637  7323  7365 V python  : extracting _python_bundle/site-packages/PIL/IcnsImagePlugin.pyc
05-27 23:15:27.638  7323  7365 V python  : extracting _python_bundle/site-packages/PIL/IcoImagePlugin.pyc
05-27 23:15:27.639  7323  7365 V python  : extracting _python_bundle/site-packages/PIL/ImImagePlugin.pyc
05-27 23:15:27.640  7323  7365 V python  : extracting _python_bundle/site-packages/PIL/Image.pyc
05-27 23:15:27.642  7323  7365 V python  : extracting _python_bundle/site-packages/PIL/ImageChops.pyc
05-27 23:15:27.643  7323  7365 V python  : extracting _python_bundle/site-packages/PIL/ImageCms.pyc
05-27 23:15:27.643  7323  7365 V python  : extracting _python_bundle/site-packages/PIL/ImageColor.pyc
05-27 23:15:27.644  7323  7365 V python  : extracting _python_bundle/site-packages/PIL/ImageDraw.pyc
05-27 23:15:27.645  7323  7365 V python  : extracting _python_bundle/site-packages/PIL/ImageDraw2.pyc
05-27 23:15:27.646  7323  7365 V python  : extracting _python_bundle/site-packages/PIL/ImageEnhance.pyc
05-27 23:15:27.646  7323  7365 V python  : extracting _python_bundle/site-packages/PIL/ImageFile.pyc
05-27 23:15:27.647  7323  7365 V python  : extracting _python_bundle/site-packages/PIL/ImageFilter.pyc
05-27 23:15:27.648  7323  7365 V python  : extracting _python_bundle/site-packages/PIL/ImageFont.pyc
05-27 23:15:27.650  7323  7365 V python  : extracting _python_bundle/site-packages/PIL/ImageGrab.pyc
05-27 23:15:27.650  7323  7365 V python  : extracting _python_bundle/site-packages/PIL/ImageMath.pyc
05-27 23:15:27.651  7323  7365 V python  : extracting _python_bundle/site-packages/PIL/ImageMode.pyc
05-27 23:15:27.652  7323  7365 V python  : extracting _python_bundle/site-packages/PIL/ImageMorph.pyc
05-27 23:15:27.652  7323  7365 V python  : extracting _python_bundle/site-packages/PIL/ImageOps.pyc
05-27 23:15:27.653  7323  7365 V python  : extracting _python_bundle/site-packages/PIL/ImagePalette.pyc
05-27 23:15:27.654  7323  7365 V python  : extracting _python_bundle/site-packages/PIL/ImagePath.pyc
05-27 23:15:27.654  7323  7365 V python  : extracting _python_bundle/site-packages/PIL/ImageQt.pyc
05-27 23:15:27.655  7323  7365 V python  : extracting _python_bundle/site-packages/PIL/ImageSequence.pyc
05-27 23:15:27.656  7323  7365 V python  : extracting _python_bundle/site-packages/PIL/ImageShow.pyc
05-27 23:15:27.657  7323  7365 V python  : extracting _python_bundle/site-packages/PIL/ImageStat.pyc
05-27 23:15:27.657  7323  7365 V python  : extracting _python_bundle/site-packages/PIL/ImageTk.pyc
05-27 23:15:27.658  7323  7365 V python  : extracting _python_bundle/site-packages/PIL/ImageTransform.pyc
05-27 23:15:27.659  7323  7365 V python  : extracting _python_bundle/site-packages/PIL/ImageWin.pyc
05-27 23:15:27.659  7323  7365 V python  : extracting _python_bundle/site-packages/PIL/ImtImagePlugin.pyc
05-27 23:15:27.660  7323  7365 V python  : extracting _python_bundle/site-packages/PIL/IptcImagePlugin.pyc
05-27 23:15:27.660  7323  7365 V python  : extracting _python_bundle/site-packages/PIL/Jpeg2KImagePlugin.pyc
05-27 23:15:27.661  7323  7365 V python  : extracting _python_bundle/site-packages/PIL/JpegImagePlugin.pyc
05-27 23:15:27.662  7323  7365 V python  : extracting _python_bundle/site-packages/PIL/JpegPresets.pyc
05-27 23:15:27.663  7323  7365 V python  : extracting _python_bundle/site-packages/PIL/McIdasImagePlugin.pyc
05-27 23:15:27.663  7323  7365 V python  : extracting _python_bundle/site-packages/PIL/MicImagePlugin.pyc
05-27 23:15:27.664  7323  7365 V python  : extracting _python_bundle/site-packages/PIL/MpegImagePlugin.pyc
05-27 23:15:27.664  7323  7365 V python  : extracting _python_bundle/site-packages/PIL/MpoImagePlugin.pyc
05-27 23:15:27.665  7323  7365 V python  : extracting _python_bundle/site-packages/PIL/MspImagePlugin.pyc
05-27 23:15:27.665  7323  7365 V python  : extracting _python_bundle/site-packages/PIL/PSDraw.pyc
05-27 23:15:27.666  7323  7365 V python  : extracting _python_bundle/site-packages/PIL/PaletteFile.pyc
05-27 23:15:27.667  7323  7365 V python  : extracting _python_bundle/site-packages/PIL/PalmImagePlugin.pyc
05-27 23:15:27.667  7323  7365 V python  : extracting _python_bundle/site-packages/PIL/PcdImagePlugin.pyc
05-27 23:15:27.668  7323  7365 V python  : extracting _python_bundle/site-packages/PIL/PcfFontFile.pyc
05-27 23:15:27.670  7323  7365 V python  : extracting _python_bundle/site-packages/PIL/PcxImagePlugin.pyc
05-27 23:15:27.670  7323  7365 V python  : extracting _python_bundle/site-packages/PIL/PdfImagePlugin.pyc
05-27 23:15:27.672  7323  7365 V python  : extracting _python_bundle/site-packages/PIL/PdfParser.pyc
05-27 23:15:27.673  7323  7365 V python  : extracting _python_bundle/site-packages/PIL/PixarImagePlugin.pyc
05-27 23:15:27.674  7323  7365 V python  : extracting _python_bundle/site-packages/PIL/PngImagePlugin.pyc
05-27 23:15:27.675  7323  7365 V python  : extracting _python_bundle/site-packages/PIL/PpmImagePlugin.pyc
05-27 23:15:27.676  7323  7365 V python  : extracting _python_bundle/site-packages/PIL/PsdImagePlugin.pyc
05-27 23:15:27.677  7323  7365 V python  : extracting _python_bundle/site-packages/PIL/QoiImagePlugin.pyc
05-27 23:15:27.677  7323  7365 V python  : extracting _python_bundle/site-packages/PIL/SgiImagePlugin.pyc
05-27 23:15:27.678  7323  7365 V python  : extracting _python_bundle/site-packages/PIL/SpiderImagePlugin.pyc
05-27 23:15:27.679  7323  7365 V python  : extracting _python_bundle/site-packages/PIL/SunImagePlugin.pyc
05-27 23:15:27.680  7323  7365 V python  : extracting _python_bundle/site-packages/PIL/TarIO.pyc
05-27 23:15:27.680  7323  7365 V python  : extracting _python_bundle/site-packages/PIL/TgaImagePlugin.pyc
05-27 23:15:27.681  7323  7365 V python  : extracting _python_bundle/site-packages/PIL/TiffImagePlugin.pyc
05-27 23:15:27.683  7323  7365 V python  : extracting _python_bundle/site-packages/PIL/TiffTags.pyc
05-27 23:15:27.684  7323  7365 V python  : extracting _python_bundle/site-packages/PIL/WalImageFile.pyc
05-27 23:15:27.685  7323  7365 V python  : extracting _python_bundle/site-packages/PIL/WebPImagePlugin.pyc
05-27 23:15:27.687  7323  7365 V python  : extracting _python_bundle/site-packages/PIL/WmfImagePlugin.pyc
05-27 23:15:27.687  7323  7365 V python  : extracting _python_bundle/site-packages/PIL/XVThumbImagePlugin.pyc
05-27 23:15:27.688  7323  7365 V python  : extracting _python_bundle/site-packages/PIL/XbmImagePlugin.pyc
05-27 23:15:27.689  7323  7365 V python  : extracting _python_bundle/site-packages/PIL/XpmImagePlugin.pyc
05-27 23:15:27.689  7323  7365 V python  : extracting _python_bundle/site-packages/PIL/__init__.pyc
05-27 23:15:27.690  7323  7365 V python  : extracting _python_bundle/site-packages/PIL/__main__.pyc
05-27 23:15:27.690  7323  7365 V python  : extracting _python_bundle/site-packages/PIL/_avif.pyi
05-27 23:15:27.691  7323  7365 V python  : extracting _python_bundle/site-packages/PIL/_binary.pyc
05-27 23:15:27.691  7323  7365 V python  : extracting _python_bundle/site-packages/PIL/_deprecate.pyc
05-27 23:15:27.692  7323  7365 V python  : extracting _python_bundle/site-packages/PIL/_imaging.pyi
05-27 23:15:27.693  7323  7365 V python  : extracting _python_bundle/site-packages/PIL/_imaging.so
05-27 23:15:27.708  7323  7365 V python  : extracting _python_bundle/site-packages/PIL/_imagingcms.pyi
05-27 23:15:27.709  7323  7365 V python  : extracting _python_bundle/site-packages/PIL/_imagingft.pyi
05-27 23:15:27.709  7323  7365 V python  : extracting _python_bundle/site-packages/PIL/_imagingft.so
05-27 23:15:27.710  7323  7365 V python  : extracting _python_bundle/site-packages/PIL/_imagingmath.pyi
05-27 23:15:27.711  7323  7365 V python  : extracting _python_bundle/site-packages/PIL/_imagingmath.so
05-27 23:15:27.712  7323  7365 V python  : extracting _python_bundle/site-packages/PIL/_imagingmorph.pyi
05-27 23:15:27.712  7323  7365 V python  : extracting _python_bundle/site-packages/PIL/_imagingmorph.so
05-27 23:15:27.713  7323  7365 V python  : extracting _python_bundle/site-packages/PIL/_imagingtk.pyi
05-27 23:15:27.713  7323  7365 V python  : extracting _python_bundle/site-packages/PIL/_imagingtk.so
05-27 23:15:27.714  7323  7365 V python  : extracting _python_bundle/site-packages/PIL/_tkinter_finder.pyc
05-27 23:15:27.714  7323  7365 V python  : extracting _python_bundle/site-packages/PIL/_typing.pyc
05-27 23:15:27.715  7323  7365 V python  : extracting _python_bundle/site-packages/PIL/_util.pyc
05-27 23:15:27.715  7323  7365 V python  : extracting _python_bundle/site-packages/PIL/_version.pyc
05-27 23:15:27.716  7323  7365 V python  : extracting _python_bundle/site-packages/PIL/_webp.pyi
05-27 23:15:27.716  7323  7365 V python  : extracting _python_bundle/site-packages/PIL/features.pyc
05-27 23:15:27.717  7323  7365 V python  : extracting _python_bundle/site-packages/PIL/py.typed
05-27 23:15:27.717  7323  7365 V python  : extracting _python_bundle/site-packages/PIL/report.pyc
05-27 23:15:27.718  7323  7365 V python  : extracting _python_bundle/site-packages/_distutils_hack/
05-27 23:15:27.720  7323  7365 V python  : extracting _python_bundle/site-packages/_distutils_hack/__init__.pyc
05-27 23:15:27.721  7323  7365 V python  : extracting _python_bundle/site-packages/_distutils_hack/override.pyc
05-27 23:15:27.721  7323  7365 V python  : extracting _python_bundle/site-packages/android-1.0.dist-info/
05-27 23:15:27.722  7323  7365 V python  : extracting _python_bundle/site-packages/android-1.0.dist-info/METADATA
05-27 23:15:27.722  7323  7365 V python  : extracting _python_bundle/site-packages/android-1.0.dist-info/RECORD
05-27 23:15:27.723  7323  7365 V python  : extracting _python_bundle/site-packages/android-1.0.dist-info/WHEEL
05-27 23:15:27.723  7323  7365 V python  : extracting _python_bundle/site-packages/android-1.0.dist-info/top_level.txt
05-27 23:15:27.723  7323  7365 V python  : extracting _python_bundle/site-packages/android/
05-27 23:15:27.724  7323  7365 V python  : extracting _python_bundle/site-packages/android/__init__.pyc
05-27 23:15:27.724  7323  7365 V python  : extracting _python_bundle/site-packages/android/_android.so
05-27 23:15:27.728  7323  7365 V python  : extracting _python_bundle/site-packages/android/_android_billing.so
05-27 23:15:27.730  7323  7365 V python  : extracting _python_bundle/site-packages/android/_android_sound.so
05-27 23:15:27.732  7323  7365 V python  : extracting _python_bundle/site-packages/android/_ctypes_library_finder.pyc
05-27 23:15:27.733  7323  7365 V python  : extracting _python_bundle/site-packages/android/activity.pyc
05-27 23:15:27.733  7323  7365 V python  : extracting _python_bundle/site-packages/android/billing.pyc
05-27 23:15:27.734  7323  7365 V python  : extracting _python_bundle/site-packages/android/broadcast.pyc
05-27 23:15:27.737  7323  7365 V python  : extracting _python_bundle/site-packages/android/config.pyc
05-27 23:15:27.737  7323  7365 V python  : extracting _python_bundle/site-packages/android/display_cutout.pyc
05-27 23:15:27.738  7323  7365 V python  : extracting _python_bundle/site-packages/android/loadingscreen.pyc
05-27 23:15:27.738  7323  7365 V python  : extracting _python_bundle/site-packages/android/mixer.pyc
05-27 23:15:27.739  7323  7365 V python  : extracting _python_bundle/site-packages/android/permissions.pyc
05-27 23:15:27.739  7323  7365 V python  : extracting _python_bundle/site-packages/android/runnable.pyc
05-27 23:15:27.740  7323  7365 V python  : extracting _python_bundle/site-packages/android/storage.pyc
05-27 23:15:27.740  7323  7365 V python  : extracting _python_bundle/site-packages/android/touch.pyc
05-27 23:15:27.741  7323  7365 V python  : extracting _python_bundle/site-packages/bin/
05-27 23:15:27.741  7323  7365 V python  : extracting _python_bundle/site-packages/bin/chardetect
05-27 23:15:27.742  7323  7365 V python  : extracting _python_bundle/site-packages/bin/filetype
05-27 23:15:27.742  7323  7365 V python  : extracting _python_bundle/site-packages/bin/idna
05-27 23:15:27.742  7323  7365 V python  : extracting _python_bundle/site-packages/bin/kivymd.add_view
05-27 23:15:27.743  7323  7365 V python  : extracting _python_bundle/site-packages/bin/kivymd.create_project
05-27 23:15:27.743  7323  7365 V python  : extracting _python_bundle/site-packages/bin/kivymd.make_release
05-27 23:15:27.743  7323  7365 V python  : extracting _python_bundle/site-packages/bin/qr
05-27 23:15:27.744  7323  7365 V python  : extracting _python_bundle/site-packages/certifi-2026.5.20.dist-info/
05-27 23:15:27.744  7323  7365 V python  : extracting _python_bundle/site-packages/certifi-2026.5.20.dist-info/INSTALLER
05-27 23:15:27.744  7323  7365 V python  : extracting _python_bundle/site-packages/certifi-2026.5.20.dist-info/METADATA
05-27 23:15:27.745  7323  7365 V python  : extracting _python_bundle/site-packages/certifi-2026.5.20.dist-info/RECORD
05-27 23:15:27.745  7323  7365 V python  : extracting _python_bundle/site-packages/certifi-2026.5.20.dist-info/REQUESTED
05-27 23:15:27.746  7323  7365 V python  : extracting _python_bundle/site-packages/certifi-2026.5.20.dist-info/WHEEL
05-27 23:15:27.746  7323  7365 V python  : extracting _python_bundle/site-packages/certifi-2026.5.20.dist-info/licenses/
05-27 23:15:27.746  7323  7365 V python  : extracting _python_bundle/site-packages/certifi-2026.5.20.dist-info/licenses/LICENSE
05-27 23:15:27.747  7323  7365 V python  : extracting _python_bundle/site-packages/certifi-2026.5.20.dist-info/top_level.txt
05-27 23:15:27.747  7323  7365 V python  : extracting _python_bundle/site-packages/certifi/
05-27 23:15:27.747  7323  7365 V python  : extracting _python_bundle/site-packages/certifi/__init__.pyc
05-27 23:15:27.748  7323  7365 V python  : extracting _python_bundle/site-packages/certifi/__main__.pyc
05-27 23:15:27.748  7323  7365 V python  : extracting _python_bundle/site-packages/certifi/cacert.pem
05-27 23:15:27.756  7323  7365 V python  : extracting _python_bundle/site-packages/certifi/core.pyc
05-27 23:15:27.757  7323  7365 V python  : extracting _python_bundle/site-packages/certifi/py.typed
05-27 23:15:27.757  7323  7365 V python  : extracting _python_bundle/site-packages/chardet-7.4.3.dist-info/
05-27 23:15:27.758  7323  7365 V python  : extracting _python_bundle/site-packages/chardet-7.4.3.dist-info/INSTALLER
05-27 23:15:27.758  7323  7365 V python  : extracting _python_bundle/site-packages/chardet-7.4.3.dist-info/METADATA
05-27 23:15:27.759  7323  7365 V python  : extracting _python_bundle/site-packages/chardet-7.4.3.dist-info/RECORD
05-27 23:15:27.759  7323  7365 V python  : extracting _python_bundle/site-packages/chardet-7.4.3.dist-info/REQUESTED
05-27 23:15:27.760  7323  7365 V python  : extracting _python_bundle/site-packages/chardet-7.4.3.dist-info/WHEEL
05-27 23:15:27.760  7323  7365 V python  : extracting _python_bundle/site-packages/chardet-7.4.3.dist-info/entry_points.txt
05-27 23:15:27.761  7323  7365 V python  : extracting _python_bundle/site-packages/chardet-7.4.3.dist-info/licenses/
05-27 23:15:27.761  7323  7365 V python  : extracting _python_bundle/site-packages/chardet-7.4.3.dist-info/licenses/LICENSE
05-27 23:15:27.761  7323  7365 V python  : extracting _python_bundle/site-packages/chardet/
05-27 23:15:27.762  7323  7365 V python  : extracting _python_bundle/site-packages/chardet/__init__.pyc
05-27 23:15:27.762  7323  7365 V python  : extracting _python_bundle/site-packages/chardet/__main__.pyc
05-27 23:15:27.763  7323  7365 V python  : extracting _python_bundle/site-packages/chardet/_utils.pyc
05-27 23:15:27.763  7323  7365 V python  : extracting _python_bundle/site-packages/chardet/_version.pyc
05-27 23:15:27.764  7323  7365 V python  : extracting _python_bundle/site-packages/chardet/cli.pyc
05-27 23:15:27.764  7323  7365 V python  : extracting _python_bundle/site-packages/chardet/detector.pyc
05-27 23:15:27.765  7323  7365 V python  : extracting _python_bundle/site-packages/chardet/enums.pyc
05-27 23:15:27.765  7323  7365 V python  : extracting _python_bundle/site-packages/chardet/equivalences.pyc
05-27 23:15:27.766  7323  7365 V python  : extracting _python_bundle/site-packages/chardet/models/
05-27 23:15:27.766  7323  7365 V python  : extracting _python_bundle/site-packages/chardet/models/__init__.pyc
05-27 23:15:27.768  7323  7365 V python  : extracting _python_bundle/site-packages/chardet/models/__init__.so
05-27 23:15:27.769  7323  7365 V python  : extracting _python_bundle/site-packages/chardet/models/confusion.bin
05-27 23:15:27.769  7323  7365 V python  : extracting _python_bundle/site-packages/chardet/models/idf.bin
05-27 23:15:27.771  7323  7365 V python  : extracting _python_bundle/site-packages/chardet/models/models.bin
05-27 23:15:27.780  2054  8827 D WindowManager: wms.finishDrawingLocked: mDrawState=COMMIT_DRAW_PENDING Window{8e56b62 u0 org.kffs.habilisdatalogger/org.kivy.android.PythonActivity} in Surface(name=org.kffs.habilisdatalogger/org.kivy.android.PythonActivity#29931)/@0x63eb286
05-27 23:15:27.791  2054  2363 I WindowManager: wms.showSurfaceRobustly mWin:Window{8e56b62 u0 org.kffs.habilisdatalogger/org.kivy.android.PythonActivity}
05-27 23:15:27.795  7323  7365 V python  : extracting _python_bundle/site-packages/chardet/models/training_metadata.yaml
05-27 23:15:27.796  7323  7365 V python  : extracting _python_bundle/site-packages/chardet/pipeline/
05-27 23:15:27.796  7323  7365 V python  : extracting _python_bundle/site-packages/chardet/pipeline/__init__.pyc
05-27 23:15:27.797  7323  7365 V python  : extracting _python_bundle/site-packages/chardet/pipeline/ascii.pyc
05-27 23:15:27.797  7323  7365 V python  : extracting _python_bundle/site-packages/chardet/pipeline/ascii.so
05-27 23:15:27.798  7323  7365 V python  : extracting _python_bundle/site-packages/chardet/pipeline/binary.pyc
05-27 23:15:27.798  2054  2154 I ActivityTaskManager: Displayed org.kffs.habilisdatalogger/org.kivy.android.PythonActivity for user 0: +861ms
05-27 23:15:27.798  7323  7365 V python  : extracting _python_bundle/site-packages/chardet/pipeline/bom.pyc
05-27 23:15:27.799  7323  7365 V python  : extracting _python_bundle/site-packages/chardet/pipeline/confusion.pyc
05-27 23:15:27.799  7323  7365 V python  : extracting _python_bundle/site-packages/chardet/pipeline/confusion.so
05-27 23:15:27.800  7323  7365 V python  : extracting _python_bundle/site-packages/chardet/pipeline/escape.pyc
05-27 23:15:27.801  7323  7365 V python  : extracting _python_bundle/site-packages/chardet/pipeline/escape.so
05-27 23:15:27.801  7323  7365 V python  : extracting _python_bundle/site-packages/chardet/pipeline/magic.pyc
05-27 23:15:27.802  7323  7365 V python  : extracting _python_bundle/site-packages/chardet/pipeline/magic.so
05-27 23:15:27.802  7323  7365 V python  : extracting _python_bundle/site-packages/chardet/pipeline/markup.pyc
05-27 23:15:27.803  7323  7365 V python  : extracting _python_bundle/site-packages/chardet/pipeline/orchestrator.pyc
05-27 23:15:27.804  7323  7365 V python  : extracting _python_bundle/site-packages/chardet/pipeline/orchestrator.so
05-27 23:15:27.804  7323  7365 V python  : extracting _python_bundle/site-packages/chardet/pipeline/statistical.pyc
05-27 23:15:27.805  7323  7365 V python  : extracting _python_bundle/site-packages/chardet/pipeline/statistical.so
05-27 23:15:27.805  7323  7365 V python  : extracting _python_bundle/site-packages/chardet/pipeline/structural.pyc
05-27 23:15:27.806  7323  7365 V python  : extracting _python_bundle/site-packages/chardet/pipeline/structural.so
05-27 23:15:27.807  7323  7365 V python  : extracting _python_bundle/site-packages/chardet/pipeline/utf1632.pyc
05-27 23:15:27.807  2054  7137 D CoreBackPreview: Window{21fa07a u0 Splash Screen org.kffs.habilisdatalogger}: Setting back callback null
05-27 23:15:27.808  7323  7365 V python  : extracting _python_bundle/site-packages/chardet/pipeline/utf1632.so
05-27 23:15:27.809  7323  7365 V python  : extracting _python_bundle/site-packages/chardet/pipeline/utf8.pyc
05-27 23:15:27.810  7323  7365 V python  : extracting _python_bundle/site-packages/chardet/pipeline/utf8.so
05-27 23:15:27.810  7323  7323 V SDL     : onWindowFocusChanged(): true
05-27 23:15:27.810  7323  7365 V python  : extracting _python_bundle/site-packages/chardet/pipeline/validity.pyc
05-27 23:15:27.811  7323  7365 V python  : extracting _python_bundle/site-packages/chardet/pipeline/validity.so
05-27 23:15:27.811  7323  7365 V python  : extracting _python_bundle/site-packages/chardet/py.typed
05-27 23:15:27.812  7323  7365 V python  : extracting _python_bundle/site-packages/chardet/registry.pyc
05-27 23:15:27.812  7323  7365 V python  : extracting _python_bundle/site-packages/chardet/universaldetector.pyc
05-27 23:15:27.813  7323  7365 V python  : extracting _python_bundle/site-packages/distutils-precedence.pth
05-27 23:15:27.813  7323  7365 V python  : extracting _python_bundle/site-packages/filetype-1.2.0.dist-info/
05-27 23:15:27.814  7323  7365 V python  : extracting _python_bundle/site-packages/filetype-1.2.0.dist-info/INSTALLER
05-27 23:15:27.814  7323  7365 V python  : extracting _python_bundle/site-packages/filetype-1.2.0.dist-info/LICENSE
05-27 23:15:27.814  2054  7137 W InputManager-JNI: Input channel object '21fa07a Splash Screen org.kffs.habilisdatalogger (client)' was disposed without first being removed with the input manager!
05-27 23:15:27.815  7323  7365 V python  : extracting _python_bundle/site-packages/filetype-1.2.0.dist-info/METADATA
05-27 23:15:27.815  7323  7365 V python  : extracting _python_bundle/site-packages/filetype-1.2.0.dist-info/RECORD
05-27 23:15:27.816  2054  7682 I ImeTracker: org.kffs.habilisdatalogger:ff9836c4: onRequestHide at ORIGIN_SERVER_HIDE_INPUT reason HIDE_UNSPECIFIED_WINDOW
05-27 23:15:27.816  7323  7365 V python  : extracting _python_bundle/site-packages/filetype-1.2.0.dist-info/REQUESTED
05-27 23:15:27.816  2054  7682 I ImeTracker: org.kffs.habilisdatalogger:ff9836c4: onCancelled at PHASE_SERVER_SHOULD_HIDE
05-27 23:15:27.816  7323  7365 V python  : extracting _python_bundle/site-packages/filetype-1.2.0.dist-info/WHEEL
05-27 23:15:27.817  7323  7365 V python  : extracting _python_bundle/site-packages/filetype-1.2.0.dist-info/entry_points.txt
05-27 23:15:27.817  2054  3094 D tsched_scene: handleWindowChanged: pkgName: org.kffs.habilisdatalogger, mForegroundAppName: com.miui.global.packageinstaller
05-27 23:15:27.817  7323  7365 V python  : extracting _python_bundle/site-packages/filetype-1.2.0.dist-info/top_level.txt
05-27 23:15:27.818  7323  7365 V python  : extracting _python_bundle/site-packages/filetype-1.2.0.dist-info/zip-safe
05-27 23:15:27.818  7323  7365 V python  : extracting _python_bundle/site-packages/filetype/
05-27 23:15:27.818  1417  5149 D MI-SF   : updateScene: module = 270 (Input), value = 0, pkg = org.kffs.habilisdatalogger, Vrr = 1
05-27 23:15:27.819  7323  7365 V python  : extracting _python_bundle/site-packages/filetype/__init__.pyc
05-27 23:15:27.819  7323  7365 V python  : extracting _python_bundle/site-packages/filetype/__main__.pyc
05-27 23:15:27.820  7323  7365 V python  : extracting _python_bundle/site-packages/filetype/filetype.pyc
05-27 23:15:27.820  7323  7365 V python  : extracting _python_bundle/site-packages/filetype/helpers.pyc
05-27 23:15:27.820  7323  7365 V python  : extracting _python_bundle/site-packages/filetype/match.pyc
05-27 23:15:27.821  7323  7365 V python  : extracting _python_bundle/site-packages/filetype/types/
05-27 23:15:27.821  7323  7365 V python  : extracting _python_bundle/site-packages/filetype/types/__init__.pyc
05-27 23:15:27.822  7323  7365 V python  : extracting _python_bundle/site-packages/filetype/types/application.pyc
05-27 23:15:27.822  7323  7365 V python  : extracting _python_bundle/site-packages/filetype/types/archive.pyc
05-27 23:15:27.823  7323  7365 V python  : extracting _python_bundle/site-packages/filetype/types/audio.pyc
05-27 23:15:27.823  7323  7365 V python  : extracting _python_bundle/site-packages/filetype/types/base.pyc
05-27 23:15:27.824  7323  7365 V python  : extracting _python_bundle/site-packages/filetype/types/document.pyc
05-27 23:15:27.824  7323  7365 V python  : extracting _python_bundle/site-packages/filetype/types/font.pyc
05-27 23:15:27.825  7323  7365 V python  : extracting _python_bundle/site-packages/filetype/types/image.pyc
05-27 23:15:27.826  7323  7365 V python  : extracting _python_bundle/site-packages/filetype/types/isobmff.pyc
05-27 23:15:27.826  7323  7365 V python  : extracting _python_bundle/site-packages/filetype/types/video.pyc
05-27 23:15:27.826  7323  7365 V python  : extracting _python_bundle/site-packages/filetype/utils.pyc
05-27 23:15:27.827  7323  7365 V python  : extracting _python_bundle/site-packages/idna-3.16.dist-info/
05-27 23:15:27.827  7323  7365 V python  : extracting _python_bundle/site-packages/idna-3.16.dist-info/INSTALLER
05-27 23:15:27.828  7323  7365 V python  : extracting _python_bundle/site-packages/idna-3.16.dist-info/METADATA
05-27 23:15:27.828  7323  7365 V python  : extracting _python_bundle/site-packages/idna-3.16.dist-info/RECORD
05-27 23:15:27.829  7323  7365 V python  : extracting _python_bundle/site-packages/idna-3.16.dist-info/REQUESTED
05-27 23:15:27.829  7323  7365 V python  : extracting _python_bundle/site-packages/idna-3.16.dist-info/WHEEL
05-27 23:15:27.829  7323  7365 V python  : extracting _python_bundle/site-packages/idna-3.16.dist-info/entry_points.txt
05-27 23:15:27.830  7323  7365 V python  : extracting _python_bundle/site-packages/idna-3.16.dist-info/licenses/
05-27 23:15:27.830  7323  7365 V python  : extracting _python_bundle/site-packages/idna-3.16.dist-info/licenses/LICENSE.md
05-27 23:15:27.831  7323  7365 V python  : extracting _python_bundle/site-packages/idna/
05-27 23:15:27.831  7323  7365 V python  : extracting _python_bundle/site-packages/idna/__init__.pyc
05-27 23:15:27.831  7323  7365 V python  : extracting _python_bundle/site-packages/idna/__main__.pyc
05-27 23:15:27.832  7323  7365 V python  : extracting _python_bundle/site-packages/idna/cli.pyc
05-27 23:15:27.832  7323  7365 V python  : extracting _python_bundle/site-packages/idna/codec.pyc
05-27 23:15:27.833  7323  7365 V python  : extracting _python_bundle/site-packages/idna/compat.pyc
05-27 23:15:27.834  7323  7365 V python  : extracting _python_bundle/site-packages/idna/core.pyc
05-27 23:15:27.835  7323  7365 V python  : extracting _python_bundle/site-packages/idna/idnadata.pyc
05-27 23:15:27.837 28949 28949 I GoogleInputMethodService: GoogleInputMethodService.onStartInput():1446 onStartInput(EditorInfo{EditorInfo{packageName=org.kffs.habilisdatalogger, inputType=0, inputTypeString=NULL, enableLearning=false, autoCorrection=false, autoComplete=false, imeOptions=0, privateImeOptions=null, actionName=UNSPECIFIED, actionLabel=null, initialSelStart=-1, initialSelEnd=-1, initialCapsMode=0, label=null, fieldId=0, fieldName=null, extras=Bundle[mParcelledData.dataSize=72], hintText=null, hintLocales=[]}}, false)
05-27 23:15:27.837  7323  7365 V python  : extracting _python_bundle/site-packages/idna/intranges.pyc
05-27 23:15:27.838  7323  7365 V python  : extracting _python_bundle/site-packages/idna/package_data.pyc
05-27 23:15:27.838  7323  7365 V python  : extracting _python_bundle/site-packages/idna/py.typed
05-27 23:15:27.838  2054  2910 W PackageConfigPersister: App-specific configuration not found for packageName: org.kffs.habilisdatalogger and userId: 0
05-27 23:15:27.838  7323  7365 V python  : extracting _python_bundle/site-packages/idna/uts46data.pyc
05-27 23:15:27.841  7323  7365 V python  : extracting _python_bundle/site-packages/jnius/
05-27 23:15:27.841  7323  7365 V python  : extracting _python_bundle/site-packages/jnius/__init__.pyc
05-27 23:15:27.842  7323  7365 V python  : extracting _python_bundle/site-packages/jnius/env.pyc
05-27 23:15:27.842  7323  7365 V python  : extracting _python_bundle/site-packages/jnius/jnius.so
05-27 23:15:27.853  2054  2910 I Transition: finishTransition: updateLastSurfacePosition tf=Task{7e170ca #53606 type=standard A=10284:org.kffs.habilisdatalogger}
05-27 23:15:27.854  7323  7365 V python  : extracting _python_bundle/site-packages/jnius/reflect.pyc
05-27 23:15:27.855  7323  7365 V python  : extracting _python_bundle/site-packages/jnius/signatures.pyc
05-27 23:15:27.856  7323  7365 V python  : extracting _python_bundle/site-packages/jnius/src/org/
05-27 23:15:27.856  7323  7365 V python  : extracting _python_bundle/site-packages/jnius/src/org/jnius/
05-27 23:15:27.857  7323  7365 V python  : extracting _python_bundle/site-packages/jnius/src/org/jnius/NativeInvocationHandler.class
05-27 23:15:27.857  7323  7365 V python  : extracting _python_bundle/site-packages/jnius/src/org/jnius/NativeInvocationHandler.java
05-27 23:15:27.858  7323  7365 V python  : extracting _python_bundle/site-packages/jnius_config.pyc
05-27 23:15:27.858  7323  7365 V python  : extracting _python_bundle/site-packages/kivy-2.3.0.dist-info/
05-27 23:15:27.858  7323  7365 V python  : extracting _python_bundle/site-packages/kivy-2.3.0.dist-info/METADATA
05-27 23:15:27.859  7323  7365 V python  : extracting _python_bundle/site-packages/kivy-2.3.0.dist-info/RECORD
05-27 23:15:27.861  7323  7365 V python  : extracting _python_bundle/site-packages/kivy-2.3.0.dist-info/WHEEL
05-27 23:15:27.862  7323  7365 V python  : extracting _python_bundle/site-packages/kivy-2.3.0.dist-info/dependency_links.txt
05-27 23:15:27.862  7323  7365 V python  : extracting _python_bundle/site-packages/kivy-2.3.0.dist-info/licenses/
05-27 23:15:27.863  7323  7365 V python  : extracting _python_bundle/site-packages/kivy-2.3.0.dist-info/licenses/AUTHORS
05-27 23:15:27.863  7323  7365 V python  : extracting _python_bundle/site-packages/kivy-2.3.0.dist-info/licenses/LICENSE
05-27 23:15:27.864  7323  7365 V python  : extracting _python_bundle/site-packages/kivy-2.3.0.dist-info/top_level.txt
05-27 23:15:27.864  7323  7365 V python  : extracting _python_bundle/site-packages/kivy/
05-27 23:15:27.865  7323  7365 V python  : extracting _python_bundle/site-packages/kivy/__init__.pyc
05-27 23:15:27.865  7323  7365 V python  : extracting _python_bundle/site-packages/kivy/_clock.so
05-27 23:15:27.871  7323  7365 V python  : extracting _python_bundle/site-packages/kivy/_event.so
05-27 23:15:27.875  7323  7365 V python  : extracting _python_bundle/site-packages/kivy/_metrics.so
05-27 23:15:27.876  7323  7365 V python  : extracting _python_bundle/site-packages/kivy/_version.pyc
05-27 23:15:27.877  7323  7365 V python  : extracting _python_bundle/site-packages/kivy/animation.pyc
05-27 23:15:27.878  7323  7365 V python  : extracting _python_bundle/site-packages/kivy/app.pyc
05-27 23:15:27.878  7323  7365 V python  : extracting _python_bundle/site-packages/kivy/atlas.pyc
05-27 23:15:27.879  7323  7365 V python  : extracting _python_bundle/site-packages/kivy/base.pyc
05-27 23:15:27.880  7323  7365 V python  : extracting _python_bundle/site-packages/kivy/cache.pyc
05-27 23:15:27.880  7323  7365 V python  : extracting _python_bundle/site-packages/kivy/clock.pyc
05-27 23:15:27.880  7323  7365 V python  : extracting _python_bundle/site-packages/kivy/compat.pyc
05-27 23:15:27.881  7323  7365 V python  : extracting _python_bundle/site-packages/kivy/config.pyc
05-27 23:15:27.881  7323  7365 V python  : extracting _python_bundle/site-packages/kivy/context.pyc
05-27 23:15:27.882  7323  7365 V python  : extracting _python_bundle/site-packages/kivy/core/
05-27 23:15:27.882  7323  7365 V python  : extracting _python_bundle/site-packages/kivy/core/__init__.pyc
05-27 23:15:27.883  7323  7365 V python  : extracting _python_bundle/site-packages/kivy/core/audio/
05-27 23:15:27.883  7323  7365 V python  : extracting _python_bundle/site-packages/kivy/core/audio/__init__.pyc
05-27 23:15:27.884  7323  7365 V python  : extracting _python_bundle/site-packages/kivy/core/audio/audio_android.pyc
05-27 23:15:27.884  7323  7365 V python  : extracting _python_bundle/site-packages/kivy/core/audio/audio_avplayer.pyc
05-27 23:15:27.884  7323  7365 V python  : extracting _python_bundle/site-packages/kivy/core/audio/audio_ffpyplayer.pyc
05-27 23:15:27.885  7323  7365 V python  : extracting _python_bundle/site-packages/kivy/core/audio/audio_gstplayer.pyc
05-27 23:15:27.885  7323  7365 V python  : extracting _python_bundle/site-packages/kivy/core/audio/audio_pygame.pyc
05-27 23:15:27.886  7323  7365 V python  : extracting _python_bundle/site-packages/kivy/core/audio/audio_sdl2.so
05-27 23:15:27.888  7323  7365 V python  : extracting _python_bundle/site-packages/kivy/core/camera/
05-27 23:15:27.888  7323  7365 V python  : extracting _python_bundle/site-packages/kivy/core/camera/__init__.pyc
05-27 23:15:27.889  7323  7365 V python  : extracting _python_bundle/site-packages/kivy/core/camera/camera_android.pyc
05-27 23:15:27.889  7323  7365 V python  : extracting _python_bundle/site-packages/kivy/core/camera/camera_gi.pyc
05-27 23:15:27.890  7323  7365 V python  : extracting _python_bundle/site-packages/kivy/core/camera/camera_opencv.pyc
05-27 23:15:27.890  7323  7365 V python  : extracting _python_bundle/site-packages/kivy/core/camera/camera_picamera.pyc
05-27 23:15:27.890  7323  7365 V python  : extracting _python_bundle/site-packages/kivy/core/clipboard/
05-27 23:15:27.891  7323  7365 V python  : extracting _python_bundle/site-packages/kivy/core/clipboard/__init__.pyc
05-27 23:15:27.891  7323  7365 V python  : extracting _python_bundle/site-packages/kivy/core/clipboard/_clipboard_ext.pyc
05-27 23:15:27.891  7323  7365 V python  : extracting _python_bundle/site-packages/kivy/core/clipboard/_clipboard_sdl2.so
05-27 23:15:27.892  7323  7365 V python  : extracting _python_bundle/site-packages/kivy/core/clipboard/clipboard_android.pyc
05-27 23:15:27.893  7323  7365 V python  : extracting _python_bundle/site-packages/kivy/core/clipboard/clipboard_dbusklipper.pyc
05-27 23:15:27.893  7323  7365 V python  : extracting _python_bundle/site-packages/kivy/core/clipboard/clipboard_dummy.pyc
05-27 23:15:27.893  7323  7365 V python  : extracting _python_bundle/site-packages/kivy/core/clipboard/clipboard_gtk3.pyc
05-27 23:15:27.894  7323  7365 V python  : extracting _python_bundle/site-packages/kivy/core/clipboard/clipboard_nspaste.pyc
05-27 23:15:27.894  7323  7365 V python  : extracting _python_bundle/site-packages/kivy/core/clipboard/clipboard_pygame.pyc
05-27 23:15:27.894  7323  7365 V python  : extracting _python_bundle/site-packages/kivy/core/clipboard/clipboard_sdl2.pyc
05-27 23:15:27.895  7323  7365 V python  : extracting _python_bundle/site-packages/kivy/core/clipboard/clipboard_winctypes.pyc
05-27 23:15:27.895  7323  7365 V python  : extracting _python_bundle/site-packages/kivy/core/clipboard/clipboard_xclip.pyc
05-27 23:15:27.895  7323  7365 V python  : extracting _python_bundle/site-packages/kivy/core/clipboard/clipboard_xsel.pyc
05-27 23:15:27.896  7323  7365 V python  : extracting _python_bundle/site-packages/kivy/core/gl/
05-27 23:15:27.896  7323  7365 V python  : extracting _python_bundle/site-packages/kivy/core/gl/__init__.pyc
05-27 23:15:27.896  7323  7365 V python  : extracting _python_bundle/site-packages/kivy/core/image/
05-27 23:15:27.897  7323  7365 V python  : extracting _python_bundle/site-packages/kivy/core/image/__init__.pyc
05-27 23:15:27.897  7323  7365 V python  : extracting _python_bundle/site-packages/kivy/core/image/_img_sdl2.so
05-27 23:15:27.899  7323  7365 V python  : extracting _python_bundle/site-packages/kivy/core/image/img_dds.pyc
05-27 23:15:27.899  7323  7365 V python  : extracting _python_bundle/site-packages/kivy/core/image/img_ffpyplayer.pyc
05-27 23:15:27.900  7323  7365 V python  : extracting _python_bundle/site-packages/kivy/core/image/img_pil.pyc
05-27 23:15:27.900  7323  7365 V python  : extracting _python_bundle/site-packages/kivy/core/image/img_pygame.pyc
05-27 23:15:27.901  7323  7365 V python  : extracting _python_bundle/site-packages/kivy/core/image/img_sdl2.pyc
05-27 23:15:27.901  7323  7365 V python  : extracting _python_bundle/site-packages/kivy/core/image/img_tex.pyc
05-27 23:15:27.901  7323  7365 V python  : extracting _python_bundle/site-packages/kivy/core/spelling/
05-27 23:15:27.902  7323  7365 V python  : extracting _python_bundle/site-packages/kivy/core/spelling/__init__.pyc
05-27 23:15:27.902  7323  7365 V python  : extracting _python_bundle/site-packages/kivy/core/spelling/spelling_enchant.pyc
05-27 23:15:27.902  7323  7365 V python  : extracting _python_bundle/site-packages/kivy/core/text/
05-27 23:15:27.903  7323  7365 V python  : extracting _python_bundle/site-packages/kivy/core/text/__init__.pyc
05-27 23:15:27.903  7323  7365 V python  : extracting _python_bundle/site-packages/kivy/core/text/_text_sdl2.so
05-27 23:15:27.905  7323  7365 V python  : extracting _python_bundle/site-packages/kivy/core/text/markup.pyc
05-27 23:15:27.906  7323  7365 V python  : extracting _python_bundle/site-packages/kivy/core/text/text_layout.so
05-27 23:15:27.908  7323  7365 V python  : extracting _python_bundle/site-packages/kivy/core/text/text_pango.pyc
05-27 23:15:27.908  7323  7365 V python  : extracting _python_bundle/site-packages/kivy/core/text/text_pil.pyc
05-27 23:15:27.909  7323  7365 V python  : extracting _python_bundle/site-packages/kivy/core/text/text_pygame.pyc
05-27 23:15:27.909  7323  7365 V python  : extracting _python_bundle/site-packages/kivy/core/text/text_sdl2.pyc
05-27 23:15:27.910  7323  7365 V python  : extracting _python_bundle/site-packages/kivy/core/video/
05-27 23:15:27.910  7323  7365 V python  : extracting _python_bundle/site-packages/kivy/core/video/__init__.pyc
05-27 23:15:27.910  7323  7365 V python  : extracting _python_bundle/site-packages/kivy/core/video/video_ffmpeg.pyc
05-27 23:15:27.911  7323  7365 V python  : extracting _python_bundle/site-packages/kivy/core/video/video_ffpyplayer.pyc
05-27 23:15:27.911  7323  7365 V python  : extracting _python_bundle/site-packages/kivy/core/video/video_gstplayer.pyc
05-27 23:15:27.911  7323  7365 V python  : extracting _python_bundle/site-packages/kivy/core/video/video_null.pyc
05-27 23:15:27.912  7323  7365 V python  : extracting _python_bundle/site-packages/kivy/core/window/
05-27 23:15:27.912  7323  7365 V python  : extracting _python_bundle/site-packages/kivy/core/window/__init__.pyc
05-27 23:15:27.913  7323  7365 V python  : extracting _python_bundle/site-packages/kivy/core/window/_window_sdl2.so
05-27 23:15:27.916  7323  7365 V python  : extracting _python_bundle/site-packages/kivy/core/window/window_egl_rpi.pyc
05-27 23:15:27.916  7323  7365 V python  : extracting _python_bundle/site-packages/kivy/core/window/window_info.so
05-27 23:15:27.917  7323  7365 V python  : extracting _python_bundle/site-packages/kivy/core/window/window_pygame.pyc
05-27 23:15:27.918  7323  7365 V python  : extracting _python_bundle/site-packages/kivy/core/window/window_sdl2.pyc
