06-06 21:10:48.442  1948  7882 I AppsFilter: interaction: PackageSetting{933b24d org.kffs.habilisdatalogger/10345} -> PackageSetting{56fb8ca com.google.android.accessibility.switchaccess/10206} BLOCKED
06-06 21:10:48.442  1948  7882 I AppsFilter: interaction: PackageSetting{933b24d org.kffs.habilisdatalogger/10345} -> PackageSetting{11b6a3b com.facebook.katana/10317} BLOCKED
06-06 21:10:48.443  1948  7882 I AppsFilter: interaction: PackageSetting{933b24d org.kffs.habilisdatalogger/10345} -> PackageSetting{7ac6558 com.android.providers.partnerbookmarks/10125} BLOCKED
06-06 21:10:48.443  1948  7882 I AppsFilter: interaction: PackageSetting{933b24d org.kffs.habilisdatalogger/10345} -> PackageSetting{55826b1 com.android.smspush/10261} BLOCKED
06-06 21:10:48.443  1948  7882 I AppsFilter: interaction: PackageSetting{933b24d org.kffs.habilisdatalogger/10345} -> PackageSetting{389796 com.miui.calculator/10309} BLOCKED
06-06 21:10:48.443  1948  7882 I AppsFilter: interaction: PackageSetting{933b24d org.kffs.habilisdatalogger/10345} -> PackageSetting{a4c6f17 com.android.wallpaper.livepicker/10103} BLOCKED
06-06 21:10:48.443  1948  7882 I AppsFilter: interaction: PackageSetting{933b24d org.kffs.habilisdatalogger/10345} -> PackageSetting{f2e7f04 com.android.apps.tag/10109} BLOCKED
06-06 21:10:48.443  1948  7882 I AppsFilter: interaction: PackageSetting{933b24d org.kffs.habilisdatalogger/10345} -> PackageSetting{2977ced com.facebook.orca/10322} BLOCKED
06-06 21:10:48.443  1948  7882 I AppsFilter: interaction: PackageSetting{933b24d org.kffs.habilisdatalogger/10345} -> PackageSetting{ede9722 com.mercury.bank/10336} BLOCKED
06-06 21:10:48.443  1948  7882 I AppsFilter: interaction: PackageSetting{933b24d org.kffs.habilisdatalogger/10345} -> PackageSetting{d1ee5b3 com.android.imsserviceentitlement/10148} BLOCKED
06-06 21:10:48.443  1948  7882 I AppsFilter: interaction: PackageSetting{933b24d org.kffs.habilisdatalogger/10345} -> PackageSetting{b968770 com.facebook.system/10110} BLOCKED
06-06 21:10:48.443  1948  7882 I AppsFilter: interaction: PackageSetting{933b24d org.kffs.habilisdatalogger/10345} -> PackageSetting{cfbfae9 com.google.android.healthconnect.controller/10275} BLOCKED
06-06 21:10:48.443  1948  7882 I AppsFilter: interaction: PackageSetting{933b24d org.kffs.habilisdatalogger/10345} -> PackageSetting{6f3036e com.venmo/10332} BLOCKED
06-06 21:10:48.443 28944 28979 V python  : extracting _python_bundle/modules/_bisect.cpython-310.so
06-06 21:10:48.443  1948  7882 I AppsFilter: interaction: PackageSetting{933b24d org.kffs.habilisdatalogger/10345} -> PackageSetting{5982a0f com.android.bookmarkprovider/10113} BLOCKED
06-06 21:10:48.443  1948  7882 I AppsFilter: interaction: PackageSetting{933b24d org.kffs.habilisdatalogger/10345} -> PackageSetting{534aa9c com.miui.weather2/10294} BLOCKED
06-06 21:10:48.443  1948  7882 I AppsFilter: interaction: PackageSetting{933b24d org.kffs.habilisdatalogger/10345} -> PackageSetting{4105ca5 com.ascendo.android.dictionary.de.free/10331} BLOCKED
06-06 21:10:48.443  1948  7882 I AppsFilter: interaction: PackageSetting{933b24d org.kffs.habilisdatalogger/10345} -> PackageSetting{3cfe87a org.mipay.android.manager/10132} BLOCKED
06-06 21:10:48.443  1948  7882 I AppsFilter: interaction: PackageSetting{933b24d org.kffs.habilisdatalogger/10345} -> PackageSetting{b7582b com.strava/10325} BLOCKED
06-06 21:10:48.443  1948  7882 I AppsFilter: interaction: PackageSetting{933b24d org.kffs.habilisdatalogger/10345} -> PackageSetting{f1a6476 com.google.android.projection.gearhead/10136} BLOCKED
06-06 21:10:48.444  1948  7882 I AppsFilter: interaction: PackageSetting{933b24d org.kffs.habilisdatalogger/10345} -> PackageSetting{72fd488 com.xiaomi.scanner/10290} BLOCKED
06-06 21:10:48.444  1948  7882 I AppsFilter: interaction: PackageSetting{933b24d org.kffs.habilisdatalogger/10345} -> PackageSetting{b4f1e21 com.google.android.apps.turbo/10161} BLOCKED
06-06 21:10:48.444  1948  7882 I AppsFilter: interaction: PackageSetting{933b24d org.kffs.habilisdatalogger/10345} -> PackageSetting{a641246 com.google.android.safetycore/10342} BLOCKED
06-06 21:10:48.444  1948  7882 I AppsFilter: interaction: PackageSetting{933b24d org.kffs.habilisdatalogger/10345} -> PackageSetting{2514c07 com.google.android.apps.chromecast.app/10341} BLOCKED
06-06 21:10:48.444  1948  7882 I AppsFilter: interaction: PackageSetting{933b24d org.kffs.habilisdatalogger/10345} -> PackageSetting{21cea77 com.android.cts.ctsshim/10279} BLOCKED
06-06 21:10:48.444 28944 28979 V python  : extracting _python_bundle/modules/_blake2.cpython-310.so
06-06 21:10:48.444  1948  7882 I AppsFilter: interaction: PackageSetting{933b24d org.kffs.habilisdatalogger/10345} -> PackageSetting{631b134 com.miui.mediaeditor/10301} BLOCKED
06-06 21:10:48.444  1948  7882 I AppsFilter: interaction: PackageSetting{933b24d org.kffs.habilisdatalogger/10345} -> PackageSetting{95e7b5d com.miui.yellowpage/10171} BLOCKED
06-06 21:10:48.444  1948  7882 I AppsFilter: interaction: PackageSetting{933b24d org.kffs.habilisdatalogger/10345} -> PackageSetting{dbf0cd2 com.mi.global.shop/10296} BLOCKED
06-06 21:10:48.444  1948  7882 I AppsFilter: interaction: PackageSetting{933b24d org.kffs.habilisdatalogger/10345} -> PackageSetting{caca1a3 com.google.android.apps.setupwizard.searchselector/10174} BLOCKED
06-06 21:10:48.444  1948  7882 I AppsFilter: interaction: PackageSetting{933b24d org.kffs.habilisdatalogger/10345} -> PackageSetting{5d2aca0 com.android.hotspot2.osulogin/10284} BLOCKED
06-06 21:10:48.444  1948  7882 I AppsFilter: interaction: PackageSetting{933b24d org.kffs.habilisdatalogger/10345} -> PackageSetting{f0c7059 com.azure.authenticator/10327} BLOCKED
06-06 21:10:48.444  1948  7882 I AppsFilter: interaction: PackageSetting{933b24d org.kffs.habilisdatalogger/10345} -> PackageSetting{5d241e com.google.android.gms.location.history/10181} BLOCKED
06-06 21:10:48.446 28944 28979 V python  : extracting _python_bundle/modules/_codecs_cn.cpython-310.so
06-06 21:10:48.446  1948  7882 I AppsFilter: interaction: PackageSetting{933b24d org.kffs.habilisdatalogger/10345} -> PackageSetting{b018bf2 com.android.internal.systemui.navbar.gestural/10060} BLOCKED
06-06 21:10:48.446  1948  7882 I AppsFilter: interaction: PackageSetting{933b24d org.kffs.habilisdatalogger/10345} -> PackageSetting{7788243 com.google.android.overlay.gmsconfig.personalsafety/10025} BLOCKED
06-06 21:10:48.446  1948  7882 I AppsFilter: interaction: PackageSetting{933b24d org.kffs.habilisdatalogger/10345} -> PackageSetting{5ddb4ff com.dti.bouyguestelecom/10163} BLOCKED
06-06 21:10:48.446  1948  7882 I AppsFilter: interaction: PackageSetting{933b24d org.kffs.habilisdatalogger/10345} -> PackageSetting{8c5f2cc com.google.android.apps.youtube.music/10293} BLOCKED
06-06 21:10:48.446  1948  7882 I AppsFilter: interaction: PackageSetting{933b24d org.kffs.habilisdatalogger/10345} -> PackageSetting{20ab915 com.android.bluetoothmidiservice/10114} BLOCKED
06-06 21:10:48.446  1948  7882 I AppsFilter: interaction: PackageSetting{933b24d org.kffs.habilisdatalogger/10345} -> PackageSetting{e33642a com.facebook.appmanager/10128} BLOCKED
06-06 21:10:48.446  1948  7882 I AppsFilter: interaction: PackageSetting{933b24d org.kffs.habilisdatalogger/10345} -> PackageSetting{6e2a21b com.google.android.cellbroadcastreceiver/10285} BLOCKED
06-06 21:10:48.446  1948  7882 I AppsFilter: interaction: PackageSetting{933b24d org.kffs.habilisdatalogger/10345} -> PackageSetting{7c56fb8 com.orange.aura.oobe/10159} BLOCKED
06-06 21:10:48.446  1948  7882 I AppsFilter: interaction: PackageSetting{933b24d org.kffs.habilisdatalogger/10345} -> PackageSetting{f22a74a com.android.internal.systemui.navbar.gestural_narrow_back/10062} BLOCKED
06-06 21:10:48.446  1948  7882 I AppsFilter: interaction: PackageSetting{933b24d org.kffs.habilisdatalogger/10345} -> PackageSetting{76ad191 com.google.android.photopicker/10286} BLOCKED
06-06 21:10:48.446  1948  7882 I AppsFilter: interaction: PackageSetting{933b24d org.kffs.habilisdatalogger/10345} -> PackageSetting{b7b98f6 cn.wps.moffice_eng/10312} BLOCKED
06-06 21:10:48.446  1948  7882 I AppsFilter: interaction: PackageSetting{933b24d org.kffs.habilisdatalogger/10345} -> PackageSetting{7f44f7 com.miui.core/10215} BLOCKED
06-06 21:10:48.446  1948  7882 I AppsFilter: interaction: PackageSetting{933b24d org.kffs.habilisdatalogger/10345} -> PackageSetting{b3dcf64 com.google.android.inputmethod.latin/10186} BLOCKED
06-06 21:10:48.446  1948  7882 I AppsFilter: interaction: PackageSetting{933b24d org.kffs.habilisdatalogger/10345} -> PackageSetting{9d9f5cd com.amazon.kindle/10333} BLOCKED
06-06 21:10:48.446  1948  7882 I AppsFilter: interaction: PackageSetting{933b24d org.kffs.habilisdatalogger/10345} -> PackageSetting{4404e82 com.google.android.apps.restore/10147} BLOCKED
06-06 21:10:48.451 28944 28979 V python  : extracting _python_bundle/modules/_codecs_hk.cpython-310.so
06-06 21:10:48.453 28944 28979 V python  : extracting _python_bundle/modules/_codecs_iso2022.cpython-310.so
06-06 21:10:48.454 28944 28979 V python  : extracting _python_bundle/modules/_codecs_jp.cpython-310.so
06-06 21:10:48.459 28944 28979 V python  : extracting _python_bundle/modules/_codecs_kr.cpython-310.so
06-06 21:10:48.460 13186 13275 D MiuiFullScreenTaskRepository: setFocusedTask taskId=259, displayId=0, topActivity=ComponentInfo{org.kffs.habilisdatalogger/org.kivy.android.PythonActivity}
06-06 21:10:48.461 13186 13275 D MiuiFullScreenTaskRepository: addOrUpdateFullScreenTaskInfo taskId=259, topActivity=ComponentInfo{org.kffs.habilisdatalogger/org.kivy.android.PythonActivity}
06-06 21:10:48.462  3838  3838 D RecentsImpl: mActivityStateObserver org.kivy.android.PythonActivity
06-06 21:10:48.463 13186 20636 D MiuiFreeformModeObserver: activityResumed() intent： Intent { cmp=org.kffs.habilisdatalogger/org.kivy.android.PythonActivity (has extras) }
06-06 21:10:48.463  3838  3838 W RecentsImpl: onResumed className=org.kivy.android.PythonActivity   mIsInAnotherPro=false   isKeyguardLocked=false   mSecuritySpaceGuideShown=false
06-06 21:10:48.463 28944 28979 V python  : extracting _python_bundle/modules/_codecs_tw.cpython-310.so
06-06 21:10:48.467 28944 28979 V python  : extracting _python_bundle/modules/_contextvars.cpython-310.so
06-06 21:10:48.468 28944 28979 V python  : extracting _python_bundle/modules/_csv.cpython-310.so
06-06 21:10:48.469 28944 28979 V python  : extracting _python_bundle/modules/_ctypes.cpython-310.so
06-06 21:10:48.470  1948  2764 D CoreBackPreview: Window{79d21c9 u0 org.kffs.habilisdatalogger/org.kivy.android.PythonActivity}: Setting back callback OnBackInvokedCallbackInfo{mCallback=android.window.IOnBackInvokedCallback$Stub$Proxy@d11a6fc, mPriority=0, mIsAnimationCallback=false}
06-06 21:10:48.472 28944 28979 V python  : extracting _python_bundle/modules/_ctypes_test.cpython-310.so
06-06 21:10:48.473 28944 28979 V python  : extracting _python_bundle/modules/_datetime.cpython-310.so
06-06 21:10:48.476 28944 28979 V python  : extracting _python_bundle/modules/_decimal.cpython-310.so
06-06 21:10:48.482 28944 28979 V python  : extracting _python_bundle/modules/_elementtree.cpython-310.so
06-06 21:10:48.484 28944 28979 V python  : extracting _python_bundle/modules/_hashlib.cpython-310.so
06-06 21:10:48.485 28944 28979 V python  : extracting _python_bundle/modules/_heapq.cpython-310.so
06-06 21:10:48.486  1948  2764 D WindowManager: wms.Input focus has changed to Window{79d21c9 u0 org.kffs.habilisdatalogger/org.kivy.android.PythonActivity} display=0 updateInputWindows = true
06-06 21:10:48.486 28944 28979 V python  : extracting _python_bundle/modules/_json.cpython-310.so
06-06 21:10:48.488 28944 28979 V python  : extracting _python_bundle/modules/_lsprof.cpython-310.so
06-06 21:10:48.489 28944 28979 V python  : extracting _python_bundle/modules/_md5.cpython-310.so
06-06 21:10:48.490 28944 28979 V python  : extracting _python_bundle/modules/_multibytecodec.cpython-310.so
06-06 21:10:48.491 28944 28979 V python  : extracting _python_bundle/modules/_multiprocessing.cpython-310.so
06-06 21:10:48.493 28944 28979 V python  : extracting _python_bundle/modules/_opcode.cpython-310.so
06-06 21:10:48.494 28944 28979 V python  : extracting _python_bundle/modules/_pickle.cpython-310.so
06-06 21:10:48.494  1363  2713 I SurfaceFlinger: sf.setTransactionState focusRequest transactionId:8366596774515 frontWin:79d21c9 org.kffs.habilisdatalogger/org.kivy.android.PythonActivity
06-06 21:10:48.497 28944 28979 V python  : extracting _python_bundle/modules/_posixsubprocess.cpython-310.so
06-06 21:10:48.498 28944 28979 V python  : extracting _python_bundle/modules/_queue.cpython-310.so
06-06 21:10:48.498 28944 28979 V python  : extracting _python_bundle/modules/_random.cpython-310.so
06-06 21:10:48.499 28944 28979 V python  : extracting _python_bundle/modules/_sha1.cpython-310.so
06-06 21:10:48.500 28944 28979 V python  : extracting _python_bundle/modules/_sha256.cpython-310.so
06-06 21:10:48.501 28944 28979 V python  : extracting _python_bundle/modules/_sha3.cpython-310.so
06-06 21:10:48.504 28944 28979 V python  : extracting _python_bundle/modules/_sha512.cpython-310.so
06-06 21:10:48.505 28944 28979 V python  : extracting _python_bundle/modules/_socket.cpython-310.so
06-06 21:10:48.507 28944 28979 V python  : extracting _python_bundle/modules/_sqlite3.cpython-310.so
06-06 21:10:48.510 28944 28979 V python  : extracting _python_bundle/modules/_ssl.cpython-310.so
06-06 21:10:48.514 28944 28979 V python  : extracting _python_bundle/modules/_statistics.cpython-310.so
06-06 21:10:48.515 28944 28979 V python  : extracting _python_bundle/modules/_struct.cpython-310.so
06-06 21:10:48.516 28944 28979 V python  : extracting _python_bundle/modules/_sysconfigdata__linux_aarch64-linux-android.pyc
06-06 21:10:48.520 28944 28979 V python  : extracting _python_bundle/modules/_testbuffer.cpython-310.so
06-06 21:10:48.522 28944 28979 V python  : extracting _python_bundle/modules/_testcapi.cpython-310.so
06-06 21:10:48.525 28944 28979 V python  : extracting _python_bundle/modules/_testclinic.cpython-310.so
06-06 21:10:48.526 28944 28979 V python  : extracting _python_bundle/modules/_testimportmultiple.cpython-310.so
06-06 21:10:48.527 28944 28979 V python  : extracting _python_bundle/modules/_testinternalcapi.cpython-310.so
06-06 21:10:48.528 28944 28979 V python  : extracting _python_bundle/modules/_testmultiphase.cpython-310.so
06-06 21:10:48.529 28944 28979 V python  : extracting _python_bundle/modules/_xxsubinterpreters.cpython-310.so
06-06 21:10:48.530 28944 28979 V python  : extracting _python_bundle/modules/_xxtestfuzz.cpython-310.so
06-06 21:10:48.531 28944 28979 V python  : extracting _python_bundle/modules/_zoneinfo.cpython-310.so
06-06 21:10:48.532 28944 28979 V python  : extracting _python_bundle/modules/array.cpython-310.so
06-06 21:10:48.534 28944 28979 V python  : extracting _python_bundle/modules/audioop.cpython-310.so
06-06 21:10:48.535 28944 28979 V python  : extracting _python_bundle/modules/binascii.cpython-310.so
06-06 21:10:48.537 28944 28979 V python  : extracting _python_bundle/modules/cmath.cpython-310.so
06-06 21:10:48.538 28944 28979 V python  : extracting _python_bundle/modules/fcntl.cpython-310.so
06-06 21:10:48.539 28944 28979 V python  : extracting _python_bundle/modules/math.cpython-310.so
06-06 21:10:48.541 28944 28979 V python  : extracting _python_bundle/modules/mmap.cpython-310.so
06-06 21:10:48.542 28944 28979 V python  : extracting _python_bundle/modules/ossaudiodev.cpython-310.so
06-06 21:10:48.543 28944 28979 V python  : extracting _python_bundle/modules/pyexpat.cpython-310.so
06-06 21:10:48.548 28944 28979 V python  : extracting _python_bundle/modules/resource.cpython-310.so
06-06 21:10:48.549 28944 28979 V python  : extracting _python_bundle/modules/select.cpython-310.so
06-06 21:10:48.551 28944 28979 V python  : extracting _python_bundle/modules/syslog.cpython-310.so
06-06 21:10:48.552 28944 28979 V python  : extracting _python_bundle/modules/termios.cpython-310.so
06-06 21:10:48.553 28944 28979 V python  : extracting _python_bundle/modules/unicodedata.cpython-310.so
06-06 21:10:48.574 28944 28979 V python  : extracting _python_bundle/modules/xxlimited.cpython-310.so
06-06 21:10:48.575 28944 28979 V python  : extracting _python_bundle/modules/xxlimited_35.cpython-310.so
06-06 21:10:48.576 28944 28979 V python  : extracting _python_bundle/modules/zlib.cpython-310.so
06-06 21:10:48.578 28944 28979 V python  : extracting _python_bundle/site-packages/
06-06 21:10:48.578 28944 28979 V python  : extracting _python_bundle/site-packages/4ef79d6367bb14396397__mypyc.so
06-06 21:10:48.590 28944 28979 V python  : extracting _python_bundle/site-packages/Kivy-2.3.1.dist-info/
06-06 21:10:48.591 28944 28979 V python  : extracting _python_bundle/site-packages/Kivy-2.3.1.dist-info/AUTHORS
06-06 21:10:48.592 28944 28979 V python  : extracting _python_bundle/site-packages/Kivy-2.3.1.dist-info/LICENSE
06-06 21:10:48.592 28944 28979 V python  : extracting _python_bundle/site-packages/Kivy-2.3.1.dist-info/METADATA
06-06 21:10:48.593 28944 28979 V python  : extracting _python_bundle/site-packages/Kivy-2.3.1.dist-info/RECORD
06-06 21:10:48.595 28944 28979 V python  : extracting _python_bundle/site-packages/Kivy-2.3.1.dist-info/WHEEL
06-06 21:10:48.596 28944 28979 V python  : extracting _python_bundle/site-packages/Kivy-2.3.1.dist-info/dependency_links.txt
06-06 21:10:48.596 28944 28979 V python  : extracting _python_bundle/site-packages/Kivy-2.3.1.dist-info/top_level.txt
06-06 21:10:48.597 28944 28979 V python  : extracting _python_bundle/site-packages/PIL/
06-06 21:10:48.597 28944 28979 V python  : extracting _python_bundle/site-packages/PIL/AvifImagePlugin.pyc
06-06 21:10:48.598 28944 28979 V python  : extracting _python_bundle/site-packages/PIL/BdfFontFile.pyc
06-06 21:10:48.599 28944 28979 V python  : extracting _python_bundle/site-packages/PIL/BlpImagePlugin.pyc
06-06 21:10:48.600 28944 28979 V python  : extracting _python_bundle/site-packages/PIL/BmpImagePlugin.pyc
06-06 21:10:48.601 28944 28979 V python  : extracting _python_bundle/site-packages/PIL/BufrStubImagePlugin.pyc
06-06 21:10:48.601 28944 28979 V python  : extracting _python_bundle/site-packages/PIL/ContainerIO.pyc
06-06 21:10:48.602 28944 28979 V python  : extracting _python_bundle/site-packages/PIL/CurImagePlugin.pyc
06-06 21:10:48.602 28944 28979 V python  : extracting _python_bundle/site-packages/PIL/DcxImagePlugin.pyc
06-06 21:10:48.603 28944 28979 V python  : extracting _python_bundle/site-packages/PIL/DdsImagePlugin.pyc
06-06 21:10:48.604 28944 28979 V python  : extracting _python_bundle/site-packages/PIL/EpsImagePlugin.pyc
06-06 21:10:48.605 28944 28979 V python  : extracting _python_bundle/site-packages/PIL/ExifTags.pyc
06-06 21:10:48.606 28944 28979 V python  : extracting _python_bundle/site-packages/PIL/FitsImagePlugin.pyc
06-06 21:10:48.606 28944 28979 V python  : extracting _python_bundle/site-packages/PIL/FliImagePlugin.pyc
06-06 21:10:48.607 28944 28979 V python  : extracting _python_bundle/site-packages/PIL/FontFile.pyc
06-06 21:10:48.608 28944 28979 V python  : extracting _python_bundle/site-packages/PIL/FpxImagePlugin.pyc
06-06 21:10:48.609 28944 28979 V python  : extracting _python_bundle/site-packages/PIL/FtexImagePlugin.pyc
06-06 21:10:48.610 28944 28979 V python  : extracting _python_bundle/site-packages/PIL/GbrImagePlugin.pyc
06-06 21:10:48.610 28944 28979 V python  : extracting _python_bundle/site-packages/PIL/GdImageFile.pyc
06-06 21:10:48.611 28944 28979 V python  : extracting _python_bundle/site-packages/PIL/GifImagePlugin.pyc
06-06 21:10:48.612 28944 28979 V python  : extracting _python_bundle/site-packages/PIL/GimpGradientFile.pyc
06-06 21:10:48.613 28944 28979 V python  : extracting _python_bundle/site-packages/PIL/GimpPaletteFile.pyc
06-06 21:10:48.614 28944 28979 V python  : extracting _python_bundle/site-packages/PIL/GribStubImagePlugin.pyc
06-06 21:10:48.614 28944 28979 V python  : extracting _python_bundle/site-packages/PIL/Hdf5StubImagePlugin.pyc
06-06 21:10:48.615 28944 28979 V python  : extracting _python_bundle/site-packages/PIL/IcnsImagePlugin.pyc
06-06 21:10:48.616 28944 28979 V python  : extracting _python_bundle/site-packages/PIL/IcoImagePlugin.pyc
06-06 21:10:48.616 28944 28979 V python  : extracting _python_bundle/site-packages/PIL/ImImagePlugin.pyc
06-06 21:10:48.617 28944 28979 V python  : extracting _python_bundle/site-packages/PIL/Image.pyc
06-06 21:10:48.619 28944 28979 V python  : extracting _python_bundle/site-packages/PIL/ImageChops.pyc
06-06 21:10:48.620 28944 28979 V python  : extracting _python_bundle/site-packages/PIL/ImageCms.pyc
06-06 21:10:48.621 28944 28979 V python  : extracting _python_bundle/site-packages/PIL/ImageColor.pyc
06-06 21:10:48.622 28944 28979 V python  : extracting _python_bundle/site-packages/PIL/ImageDraw.pyc
06-06 21:10:48.623 28944 28979 V python  : extracting _python_bundle/site-packages/PIL/ImageDraw2.pyc
06-06 21:10:48.624 28944 28979 V python  : extracting _python_bundle/site-packages/PIL/ImageEnhance.pyc
06-06 21:10:48.625 28944 28979 V python  : extracting _python_bundle/site-packages/PIL/ImageFile.pyc
06-06 21:10:48.626 28944 28979 V python  : extracting _python_bundle/site-packages/PIL/ImageFilter.pyc
06-06 21:10:48.627 28944 28979 V python  : extracting _python_bundle/site-packages/PIL/ImageFont.pyc
06-06 21:10:48.628 28944 28979 V python  : extracting _python_bundle/site-packages/PIL/ImageGrab.pyc
06-06 21:10:48.629 28944 28979 V python  : extracting _python_bundle/site-packages/PIL/ImageMath.pyc
06-06 21:10:48.630 28944 28979 V python  : extracting _python_bundle/site-packages/PIL/ImageMode.pyc
06-06 21:10:48.631 28944 28979 V python  : extracting _python_bundle/site-packages/PIL/ImageMorph.pyc
06-06 21:10:48.631 28944 28979 V python  : extracting _python_bundle/site-packages/PIL/ImageOps.pyc
06-06 21:10:48.633 28944 28979 V python  : extracting _python_bundle/site-packages/PIL/ImagePalette.pyc
06-06 21:10:48.633 28944 28979 V python  : extracting _python_bundle/site-packages/PIL/ImagePath.pyc
06-06 21:10:48.634 28944 28979 V python  : extracting _python_bundle/site-packages/PIL/ImageQt.pyc
06-06 21:10:48.635 28944 28979 V python  : extracting _python_bundle/site-packages/PIL/ImageSequence.pyc
06-06 21:10:48.635 28944 28979 V python  : extracting _python_bundle/site-packages/PIL/ImageShow.pyc
06-06 21:10:48.636 28944 28979 V python  : extracting _python_bundle/site-packages/PIL/ImageStat.pyc
06-06 21:10:48.637 28944 28979 V python  : extracting _python_bundle/site-packages/PIL/ImageTk.pyc
06-06 21:10:48.638 28944 28979 V python  : extracting _python_bundle/site-packages/PIL/ImageTransform.pyc
06-06 21:10:48.638 28944 28979 V python  : extracting _python_bundle/site-packages/PIL/ImageWin.pyc
06-06 21:10:48.639 28944 28979 V python  : extracting _python_bundle/site-packages/PIL/ImtImagePlugin.pyc
06-06 21:10:48.639 28944 28979 V python  : extracting _python_bundle/site-packages/PIL/IptcImagePlugin.pyc
06-06 21:10:48.640 28944 28979 V python  : extracting _python_bundle/site-packages/PIL/Jpeg2KImagePlugin.pyc
06-06 21:10:48.641 28944 28979 V python  : extracting _python_bundle/site-packages/PIL/JpegImagePlugin.pyc
06-06 21:10:48.642 28944 28979 V python  : extracting _python_bundle/site-packages/PIL/JpegPresets.pyc
06-06 21:10:48.643 28944 28979 V python  : extracting _python_bundle/site-packages/PIL/McIdasImagePlugin.pyc
06-06 21:10:48.643 28944 28979 V python  : extracting _python_bundle/site-packages/PIL/MicImagePlugin.pyc
06-06 21:10:48.644 28944 28979 V python  : extracting _python_bundle/site-packages/PIL/MpegImagePlugin.pyc
06-06 21:10:48.645 28944 28979 V python  : extracting _python_bundle/site-packages/PIL/MpoImagePlugin.pyc
06-06 21:10:48.645 28944 28979 V python  : extracting _python_bundle/site-packages/PIL/MspImagePlugin.pyc
06-06 21:10:48.646 28944 28979 V python  : extracting _python_bundle/site-packages/PIL/PSDraw.pyc
06-06 21:10:48.647 28944 28979 V python  : extracting _python_bundle/site-packages/PIL/PaletteFile.pyc
06-06 21:10:48.647 28944 28979 V python  : extracting _python_bundle/site-packages/PIL/PalmImagePlugin.pyc
06-06 21:10:48.648 28944 28979 V python  : extracting _python_bundle/site-packages/PIL/PcdImagePlugin.pyc
06-06 21:10:48.648 28944 28979 V python  : extracting _python_bundle/site-packages/PIL/PcfFontFile.pyc
06-06 21:10:48.649 28944 28979 V python  : extracting _python_bundle/site-packages/PIL/PcxImagePlugin.pyc
06-06 21:10:48.650 28944 28979 V python  : extracting _python_bundle/site-packages/PIL/PdfImagePlugin.pyc
06-06 21:10:48.650 28944 28979 V python  : extracting _python_bundle/site-packages/PIL/PdfParser.pyc
06-06 21:10:48.652 28944 28979 V python  : extracting _python_bundle/site-packages/PIL/PixarImagePlugin.pyc
06-06 21:10:48.652 28944 28979 V python  : extracting _python_bundle/site-packages/PIL/PngImagePlugin.pyc
06-06 21:10:48.654 28944 28979 V python  : extracting _python_bundle/site-packages/PIL/PpmImagePlugin.pyc
06-06 21:10:48.654 28944 28979 V python  : extracting _python_bundle/site-packages/PIL/PsdImagePlugin.pyc
06-06 21:10:48.655 28944 28979 V python  : extracting _python_bundle/site-packages/PIL/QoiImagePlugin.pyc
06-06 21:10:48.656 28944 28979 V python  : extracting _python_bundle/site-packages/PIL/SgiImagePlugin.pyc
06-06 21:10:48.657 28944 28979 V python  : extracting _python_bundle/site-packages/PIL/SpiderImagePlugin.pyc
06-06 21:10:48.657 28944 28979 V python  : extracting _python_bundle/site-packages/PIL/SunImagePlugin.pyc
06-06 21:10:48.658 28944 28979 V python  : extracting _python_bundle/site-packages/PIL/TarIO.pyc
06-06 21:10:48.659 28944 28979 V python  : extracting _python_bundle/site-packages/PIL/TgaImagePlugin.pyc
06-06 21:10:48.659 28944 28979 V python  : extracting _python_bundle/site-packages/PIL/TiffImagePlugin.pyc
06-06 21:10:48.661 28944 28979 V python  : extracting _python_bundle/site-packages/PIL/TiffTags.pyc
06-06 21:10:48.662 28944 28979 V python  : extracting _python_bundle/site-packages/PIL/WalImageFile.pyc
06-06 21:10:48.663 28944 28979 V python  : extracting _python_bundle/site-packages/PIL/WebPImagePlugin.pyc
06-06 21:10:48.664 28944 28979 V python  : extracting _python_bundle/site-packages/PIL/WmfImagePlugin.pyc
06-06 21:10:48.664 28944 28979 V python  : extracting _python_bundle/site-packages/PIL/XVThumbImagePlugin.pyc
06-06 21:10:48.665 28944 28979 V python  : extracting _python_bundle/site-packages/PIL/XbmImagePlugin.pyc
06-06 21:10:48.665 28944 28979 V python  : extracting _python_bundle/site-packages/PIL/XpmImagePlugin.pyc
06-06 21:10:48.666 28944 28979 V python  : extracting _python_bundle/site-packages/PIL/__init__.pyc
06-06 21:10:48.667 28944 28979 V python  : extracting _python_bundle/site-packages/PIL/__main__.pyc
06-06 21:10:48.667 28944 28979 V python  : extracting _python_bundle/site-packages/PIL/_avif.pyi
06-06 21:10:48.668 28944 28979 V python  : extracting _python_bundle/site-packages/PIL/_binary.pyc
06-06 21:10:48.668 28944 28979 V python  : extracting _python_bundle/site-packages/PIL/_deprecate.pyc
06-06 21:10:48.669 28944 28979 V python  : extracting _python_bundle/site-packages/PIL/_imaging.pyi
06-06 21:10:48.669 28944 28979 V python  : extracting _python_bundle/site-packages/PIL/_imaging.so
06-06 21:10:48.684  1948  7882 D WindowManager: wms.finishDrawingLocked: mDrawState=COMMIT_DRAW_PENDING Window{79d21c9 u0 org.kffs.habilisdatalogger/org.kivy.android.PythonActivity} in Surface(name=org.kffs.habilisdatalogger/org.kivy.android.PythonActivity#52298)/@0x66c2387
06-06 21:10:48.685 28944 28979 V python  : extracting _python_bundle/site-packages/PIL/_imagingcms.pyi
06-06 21:10:48.685 28944 28979 V python  : extracting _python_bundle/site-packages/PIL/_imagingft.pyi
06-06 21:10:48.686 28944 28979 V python  : extracting _python_bundle/site-packages/PIL/_imagingft.so
06-06 21:10:48.687 28944 28979 V python  : extracting _python_bundle/site-packages/PIL/_imagingmath.pyi
06-06 21:10:48.688 28944 28979 V python  : extracting _python_bundle/site-packages/PIL/_imagingmath.so
06-06 21:10:48.689 28944 28979 V python  : extracting _python_bundle/site-packages/PIL/_imagingmorph.pyi
06-06 21:10:48.689 28944 28979 V python  : extracting _python_bundle/site-packages/PIL/_imagingmorph.so
06-06 21:10:48.690 28944 28979 V python  : extracting _python_bundle/site-packages/PIL/_imagingtk.pyi
06-06 21:10:48.690 28944 28979 V python  : extracting _python_bundle/site-packages/PIL/_imagingtk.so
06-06 21:10:48.691 28944 28979 V python  : extracting _python_bundle/site-packages/PIL/_tkinter_finder.pyc
06-06 21:10:48.691  1948  2074 W ziparchive: Unable to open '/data/app/~~zFN7iySnGN2Zbhih76t4og==/org.kffs.habilisdatalogger-t5wLkaCUzi_wBiOe9x0pYA==/base.dm': No such file or directory
06-06 21:10:48.691 28944 28979 V python  : extracting _python_bundle/site-packages/PIL/_typing.pyc
06-06 21:10:48.692  1948  2308 I WindowManager: wms.showSurfaceRobustly mWin:Window{79d21c9 u0 org.kffs.habilisdatalogger/org.kivy.android.PythonActivity}
06-06 21:10:48.692 28944 28979 V python  : extracting _python_bundle/site-packages/PIL/_util.pyc
06-06 21:10:48.693 28944 28979 V python  : extracting _python_bundle/site-packages/PIL/_version.pyc
06-06 21:10:48.693 28944 28979 V python  : extracting _python_bundle/site-packages/PIL/_webp.pyi
06-06 21:10:48.693 28944 28979 V python  : extracting _python_bundle/site-packages/PIL/features.pyc
06-06 21:10:48.694 28944 28979 V python  : extracting _python_bundle/site-packages/PIL/py.typed
06-06 21:10:48.695 28944 28979 V python  : extracting _python_bundle/site-packages/PIL/report.pyc
06-06 21:10:48.695 28944 28979 V python  : extracting _python_bundle/site-packages/_distutils_hack/
06-06 21:10:48.695 28944 28979 V python  : extracting _python_bundle/site-packages/_distutils_hack/__init__.pyc
06-06 21:10:48.696 28944 28979 V python  : extracting _python_bundle/site-packages/_distutils_hack/override.pyc
06-06 21:10:48.697 28944 28979 V python  : extracting _python_bundle/site-packages/android-1.0.dist-info/
06-06 21:10:48.697 28944 28979 V python  : extracting _python_bundle/site-packages/android-1.0.dist-info/METADATA
06-06 21:10:48.698 28944 28979 V python  : extracting _python_bundle/site-packages/android-1.0.dist-info/RECORD
06-06 21:10:48.698 28944 28979 V python  : extracting _python_bundle/site-packages/android-1.0.dist-info/WHEEL
06-06 21:10:48.699 28944 28979 V python  : extracting _python_bundle/site-packages/android-1.0.dist-info/top_level.txt
06-06 21:10:48.699 28944 28979 V python  : extracting _python_bundle/site-packages/android/
06-06 21:10:48.700 28944 28979 V python  : extracting _python_bundle/site-packages/android/__init__.pyc
06-06 21:10:48.700 28944 28979 V python  : extracting _python_bundle/site-packages/android/_android.so
06-06 21:10:48.703  1948  2074 I ActivityTaskManager: Displayed org.kffs.habilisdatalogger/org.kivy.android.PythonActivity for user 0: +683ms
06-06 21:10:48.707 28944 28979 V python  : extracting _python_bundle/site-packages/android/_android_billing.so
06-06 21:10:48.710 28944 28979 V python  : extracting _python_bundle/site-packages/android/_android_sound.so
06-06 21:10:48.711  1948  7882 W InputManager-JNI: Input channel object 'dd806b3 Splash Screen org.kffs.habilisdatalogger (client)' was disposed without first being removed with the input manager!
06-06 21:10:48.711  1948  2972 D tsched_scene: handleWindowChanged: pkgName: org.kffs.habilisdatalogger, mForegroundAppName: com.google.android.packageinstaller
06-06 21:10:48.712 28944 28979 V python  : extracting _python_bundle/site-packages/android/_ctypes_library_finder.pyc
06-06 21:10:48.715 28944 28979 V python  : extracting _python_bundle/site-packages/android/activity.pyc
06-06 21:10:48.716 28944 28979 V python  : extracting _python_bundle/site-packages/android/billing.pyc
06-06 21:10:48.716 28944 28979 V python  : extracting _python_bundle/site-packages/android/broadcast.pyc
06-06 21:10:48.717 28944 28979 V python  : extracting _python_bundle/site-packages/android/config.pyc
06-06 21:10:48.718 28944 28979 V python  : extracting _python_bundle/site-packages/android/display_cutout.pyc
06-06 21:10:48.718 28944 28979 V python  : extracting _python_bundle/site-packages/android/loadingscreen.pyc
06-06 21:10:48.719 28944 28979 V python  : extracting _python_bundle/site-packages/android/mixer.pyc
06-06 21:10:48.719 28944 28944 V SDL     : onWindowFocusChanged(): true
06-06 21:10:48.719 28944 28979 V python  : extracting _python_bundle/site-packages/android/permissions.pyc
06-06 21:10:48.723 28944 28979 V python  : extracting _python_bundle/site-packages/android/runnable.pyc
06-06 21:10:48.724 28944 28979 V python  : extracting _python_bundle/site-packages/android/storage.pyc
06-06 21:10:48.726 28944 28979 V python  : extracting _python_bundle/site-packages/android/touch.pyc
06-06 21:10:48.727 28944 28979 V python  : extracting _python_bundle/site-packages/bin/
06-06 21:10:48.727 28944 28979 V python  : extracting _python_bundle/site-packages/bin/chardetect
06-06 21:10:48.728 28944 28979 V python  : extracting _python_bundle/site-packages/bin/filetype
06-06 21:10:48.728 28944 28979 V python  : extracting _python_bundle/site-packages/bin/idna
06-06 21:10:48.728 28944 28979 V python  : extracting _python_bundle/site-packages/bin/kivymd.add_view
06-06 21:10:48.729  1948  2764 I ImeTracker: org.kffs.habilisdatalogger:758fbf92: onRequestHide at ORIGIN_SERVER_HIDE_INPUT reason HIDE_UNSPECIFIED_WINDOW
06-06 21:10:48.729  1948  2764 I ImeTracker: org.kffs.habilisdatalogger:758fbf92: onCancelled at PHASE_SERVER_SHOULD_HIDE
06-06 21:10:48.729 28944 28979 V python  : extracting _python_bundle/site-packages/bin/kivymd.create_project
06-06 21:10:48.730 28944 28979 V python  : extracting _python_bundle/site-packages/bin/kivymd.make_release
06-06 21:10:48.730 28944 28979 V python  : extracting _python_bundle/site-packages/bin/qr
06-06 21:10:48.731 28944 28979 V python  : extracting _python_bundle/site-packages/certifi-2026.5.20.dist-info/
06-06 21:10:48.731 28944 28979 V python  : extracting _python_bundle/site-packages/certifi-2026.5.20.dist-info/INSTALLER
06-06 21:10:48.732 28944 28979 V python  : extracting _python_bundle/site-packages/certifi-2026.5.20.dist-info/METADATA
06-06 21:10:48.732  1948  2055 D CoreBackPreview: Window{dd806b3 u0 Splash Screen org.kffs.habilisdatalogger EXITING}: Setting back callback null
06-06 21:10:48.732 28944 28979 V python  : extracting _python_bundle/site-packages/certifi-2026.5.20.dist-info/RECORD
06-06 21:10:48.733 28944 28979 V python  : extracting _python_bundle/site-packages/certifi-2026.5.20.dist-info/REQUESTED
06-06 21:10:48.734 28944 28979 V python  : extracting _python_bundle/site-packages/certifi-2026.5.20.dist-info/WHEEL
06-06 21:10:48.734  1363  2713 D MI-SF   : updateScene: module = 270 (Input), value = 0, pkg = org.kffs.habilisdatalogger, Vrr = 1
06-06 21:10:48.734 28944 28979 V python  : extracting _python_bundle/site-packages/certifi-2026.5.20.dist-info/licenses/
06-06 21:10:48.734 28944 28979 V python  : extracting _python_bundle/site-packages/certifi-2026.5.20.dist-info/licenses/LICENSE
06-06 21:10:48.735 28944 28979 V python  : extracting _python_bundle/site-packages/certifi-2026.5.20.dist-info/top_level.txt
06-06 21:10:48.736 28944 28979 V python  : extracting _python_bundle/site-packages/certifi/
06-06 21:10:48.736 28944 28979 V python  : extracting _python_bundle/site-packages/certifi/__init__.pyc
06-06 21:10:48.736 28944 28979 V python  : extracting _python_bundle/site-packages/certifi/__main__.pyc
06-06 21:10:48.739 28944 28979 V python  : extracting _python_bundle/site-packages/certifi/cacert.pem
06-06 21:10:48.744  3838  4246 W RecentsModel: getRunningTask   taskInfo=TaskInfo{userId=0 taskId=259 displayId=0 isRunning=true baseIntent=Intent { act=android.intent.action.MAIN cat=[android.intent.category.LAUNCHER] flg=0x34000000 pkg=org.kffs.habilisdatalogger cmp=org.kffs.habilisdatalogger/org.kivy.android.PythonActivity } baseActivity=ComponentInfo{org.kffs.habilisdatalogger/org.kivy.android.PythonActivity} topActivity=ComponentInfo{org.kffs.habilisdatalogger/org.kivy.android.PythonActivity} origActivity=null realActivity=ComponentInfo{org.kffs.habilisdatalogger/org.kivy.android.PythonActivity} numActivities=1 lastActiveTime=215463219 supportsSplitScreenMultiWindow=true supportsMultiWindow=true resizeMode=1 isResizeable=true minWidth=-1 minHeight=-1 defaultMinSize=200 token=WCT{android.window.IWindowContainerToken$Stub$Proxy@1588f9c} topActivityType=1 pictureInPictureParams=null shouldDockBigOverlays=false launchIntoPipHostTaskId=-1 lastParentTaskIdBeforePip=-1 displayCutoutSafeInsets=Rect(0, 98 - 0, 0) topActivityInfo=ActivityInfo{d1edda5 org.kivy.android.PythonActivity} launchCookies=[] positionInParent=Point(0, 0) parentTaskId=-1 isFocused=true isVisible=true isVisibleRequested=true isSleeping=false topActivityInSizeCompat=false topActivityInMiuiSizeCompat=false topActivityEligibleForLetterboxEducation= false topActivityLetterboxed= false isFromDoubleTap= false topActivityLetterboxVerticalPosition= -1 topActivityLetterboxHorizontalPosition= -1 topActivityLetterboxWidth=-1 topActivityLetterboxHeight=-1 locusId=null displayAreaFeatureId=1 cameraCompatControlState=hidden mIsCastMode=false mTopActivityMediaSize=null mTopActivityRecordName=ActivityRecord{6c1fa1a u0 org.kffs.habilisdatalogger/org.kivy.android.PythonActivity t259} mTopActivityOrientation=1 mTopActivityWindowIsNowVisible=true isTranslucent=false isEmbedded=false shouldBeVisible=true mBehindAppLockPkg=null mOriginatingUid=0}
06-06 21:10:48.744  3838  4246 W RecentsModel: getTaskInfoIgnoreHomeAndFreeform   taskInfo=ComponentInfo{org.kffs.habilisdatalogger/org.kivy.android.PythonActivity}
06-06 21:10:48.745 22864 22864 I GoogleInputMethodService: GoogleInputMethodService.onStartInput():1446 onStartInput(EditorInfo{EditorInfo{packageName=org.kffs.habilisdatalogger, inputType=0, inputTypeString=NULL, enableLearning=false, autoCorrection=false, autoComplete=false, imeOptions=0, privateImeOptions=null, actionName=UNSPECIFIED, actionLabel=null, initialSelStart=-1, initialSelEnd=-1, initialCapsMode=0, label=null, fieldId=0, fieldName=null, extras=Bundle[mParcelledData.dataSize=72], hintText=null, hintLocales=[]}}, false)
06-06 21:10:48.748 28944 28979 V python  : extracting _python_bundle/site-packages/certifi/core.pyc
06-06 21:10:48.749 28944 28979 V python  : extracting _python_bundle/site-packages/certifi/py.typed
06-06 21:10:48.749 28944 28979 V python  : extracting _python_bundle/site-packages/chardet-7.4.3.dist-info/
06-06 21:10:48.749 28944 28979 V python  : extracting _python_bundle/site-packages/chardet-7.4.3.dist-info/INSTALLER
06-06 21:10:48.750 28944 28979 V python  : extracting _python_bundle/site-packages/chardet-7.4.3.dist-info/METADATA
06-06 21:10:48.750 28944 28979 V python  : extracting _python_bundle/site-packages/chardet-7.4.3.dist-info/RECORD
06-06 21:10:48.751 28944 28979 V python  : extracting _python_bundle/site-packages/chardet-7.4.3.dist-info/REQUESTED
06-06 21:10:48.752 28944 28979 V python  : extracting _python_bundle/site-packages/chardet-7.4.3.dist-info/WHEEL
06-06 21:10:48.752 28944 28979 V python  : extracting _python_bundle/site-packages/chardet-7.4.3.dist-info/entry_points.txt
06-06 21:10:48.753 28944 28979 V python  : extracting _python_bundle/site-packages/chardet-7.4.3.dist-info/licenses/
06-06 21:10:48.753 28944 28979 V python  : extracting _python_bundle/site-packages/chardet-7.4.3.dist-info/licenses/LICENSE
06-06 21:10:48.756 28944 28979 V python  : extracting _python_bundle/site-packages/chardet/
06-06 21:10:48.757  1948  7680 W PackageConfigPersister: App-specific configuration not found for packageName: org.kffs.habilisdatalogger and userId: 0
06-06 21:10:48.757 28944 28979 V python  : extracting _python_bundle/site-packages/chardet/__init__.pyc
06-06 21:10:48.758 28944 28979 V python  : extracting _python_bundle/site-packages/chardet/__main__.pyc
06-06 21:10:48.759 28944 28979 V python  : extracting _python_bundle/site-packages/chardet/_utils.pyc
06-06 21:10:48.760 28944 28979 V python  : extracting _python_bundle/site-packages/chardet/_version.pyc
06-06 21:10:48.760 28944 28979 V python  : extracting _python_bundle/site-packages/chardet/cli.pyc
06-06 21:10:48.761 28944 28979 V python  : extracting _python_bundle/site-packages/chardet/detector.pyc
06-06 21:10:48.761 28944 28979 V python  : extracting _python_bundle/site-packages/chardet/enums.pyc
06-06 21:10:48.762 28944 28979 V python  : extracting _python_bundle/site-packages/chardet/equivalences.pyc
06-06 21:10:48.763 28944 28979 V python  : extracting _python_bundle/site-packages/chardet/models/
06-06 21:10:48.763  3838  4246 E ActivityManagerWrapper: getRecentTasks: mainTaskId=259   userId=0   windowMode=1   baseIntent=Intent { act=android.intent.action.MAIN flag=872415232 cmp=ComponentInfo{org.kffs.habilisdatalogger/org.kivy.android.PythonActivity} }
06-06 21:10:48.763 28944 28979 V python  : extracting _python_bundle/site-packages/chardet/models/__init__.pyc
06-06 21:10:48.764 28944 28979 V python  : extracting _python_bundle/site-packages/chardet/models/__init__.so
06-06 21:10:48.764 28944 28979 V python  : extracting _python_bundle/site-packages/chardet/models/confusion.bin
06-06 21:10:48.765 28944 28979 V python  : extracting _python_bundle/site-packages/chardet/models/idf.bin
06-06 21:10:48.767 28944 28979 V python  : extracting _python_bundle/site-packages/chardet/models/models.bin
06-06 21:10:48.795 28944 28979 V python  : extracting _python_bundle/site-packages/chardet/models/training_metadata.yaml
06-06 21:10:48.796 28944 28979 V python  : extracting _python_bundle/site-packages/chardet/pipeline/
06-06 21:10:48.796 28944 28979 V python  : extracting _python_bundle/site-packages/chardet/pipeline/__init__.pyc
06-06 21:10:48.797 28944 28979 V python  : extracting _python_bundle/site-packages/chardet/pipeline/ascii.pyc
06-06 21:10:48.798 28944 28979 V python  : extracting _python_bundle/site-packages/chardet/pipeline/ascii.so
06-06 21:10:48.798 28944 28979 V python  : extracting _python_bundle/site-packages/chardet/pipeline/binary.pyc
06-06 21:10:48.798 28944 28979 V python  : extracting _python_bundle/site-packages/chardet/pipeline/bom.pyc
06-06 21:10:48.799 28944 28979 V python  : extracting _python_bundle/site-packages/chardet/pipeline/confusion.pyc
06-06 21:10:48.800 28944 28979 V python  : extracting _python_bundle/site-packages/chardet/pipeline/confusion.so
06-06 21:10:48.800 28944 28979 V python  : extracting _python_bundle/site-packages/chardet/pipeline/escape.pyc
06-06 21:10:48.801 28944 28979 V python  : extracting _python_bundle/site-packages/chardet/pipeline/escape.so
06-06 21:10:48.801 28944 28979 V python  : extracting _python_bundle/site-packages/chardet/pipeline/magic.pyc
06-06 21:10:48.802 28944 28979 V python  : extracting _python_bundle/site-packages/chardet/pipeline/magic.so
06-06 21:10:48.802 28944 28979 V python  : extracting _python_bundle/site-packages/chardet/pipeline/markup.pyc
06-06 21:10:48.803 28944 28979 V python  : extracting _python_bundle/site-packages/chardet/pipeline/orchestrator.pyc
06-06 21:10:48.804 28944 28979 V python  : extracting _python_bundle/site-packages/chardet/pipeline/orchestrator.so
06-06 21:10:48.804 28944 28979 V python  : extracting _python_bundle/site-packages/chardet/pipeline/statistical.pyc
06-06 21:10:48.805 28944 28979 V python  : extracting _python_bundle/site-packages/chardet/pipeline/statistical.so
06-06 21:10:48.806 28944 28979 V python  : extracting _python_bundle/site-packages/chardet/pipeline/structural.pyc
06-06 21:10:48.807 28944 28979 V python  : extracting _python_bundle/site-packages/chardet/pipeline/structural.so
06-06 21:10:48.808 28944 28979 V python  : extracting _python_bundle/site-packages/chardet/pipeline/utf1632.pyc
06-06 21:10:48.809 28944 28979 V python  : extracting _python_bundle/site-packages/chardet/pipeline/utf1632.so
06-06 21:10:48.809 28944 28979 V python  : extracting _python_bundle/site-packages/chardet/pipeline/utf8.pyc
06-06 21:10:48.810 28944 28979 V python  : extracting _python_bundle/site-packages/chardet/pipeline/utf8.so
06-06 21:10:48.810 28944 28979 V python  : extracting _python_bundle/site-packages/chardet/pipeline/validity.pyc
06-06 21:10:48.811 28944 28979 V python  : extracting _python_bundle/site-packages/chardet/pipeline/validity.so
06-06 21:10:48.811 28944 28979 V python  : extracting _python_bundle/site-packages/chardet/py.typed
06-06 21:10:48.811 28944 28979 V python  : extracting _python_bundle/site-packages/chardet/registry.pyc
06-06 21:10:48.812 28944 28979 V python  : extracting _python_bundle/site-packages/chardet/universaldetector.pyc
06-06 21:10:48.813 28944 28979 V python  : extracting _python_bundle/site-packages/distutils-precedence.pth
06-06 21:10:48.813 28944 28979 V python  : extracting _python_bundle/site-packages/filetype-1.2.0.dist-info/
06-06 21:10:48.813 28944 28979 V python  : extracting _python_bundle/site-packages/filetype-1.2.0.dist-info/INSTALLER
06-06 21:10:48.814 28944 28979 V python  : extracting _python_bundle/site-packages/filetype-1.2.0.dist-info/LICENSE
06-06 21:10:48.814 28944 28979 V python  : extracting _python_bundle/site-packages/filetype-1.2.0.dist-info/METADATA
06-06 21:10:48.815 28944 28979 V python  : extracting _python_bundle/site-packages/filetype-1.2.0.dist-info/RECORD
06-06 21:10:48.815 28944 28979 V python  : extracting _python_bundle/site-packages/filetype-1.2.0.dist-info/REQUESTED
06-06 21:10:48.816 28944 28979 V python  : extracting _python_bundle/site-packages/filetype-1.2.0.dist-info/WHEEL
06-06 21:10:48.816 28944 28979 V python  : extracting _python_bundle/site-packages/filetype-1.2.0.dist-info/entry_points.txt
06-06 21:10:48.817 28944 28979 V python  : extracting _python_bundle/site-packages/filetype-1.2.0.dist-info/top_level.txt
06-06 21:10:48.817 28944 28979 V python  : extracting _python_bundle/site-packages/filetype-1.2.0.dist-info/zip-safe
06-06 21:10:48.817 28944 28979 V python  : extracting _python_bundle/site-packages/filetype/
06-06 21:10:48.818 28944 28979 V python  : extracting _python_bundle/site-packages/filetype/__init__.pyc
06-06 21:10:48.818 28944 28979 V python  : extracting _python_bundle/site-packages/filetype/__main__.pyc
06-06 21:10:48.818 28944 28979 V python  : extracting _python_bundle/site-packages/filetype/filetype.pyc
06-06 21:10:48.819 28944 28979 V python  : extracting _python_bundle/site-packages/filetype/helpers.pyc
06-06 21:10:48.819 28944 28979 V python  : extracting _python_bundle/site-packages/filetype/match.pyc
06-06 21:10:48.820 28944 28979 V python  : extracting _python_bundle/site-packages/filetype/types/
06-06 21:10:48.820 28944 28979 V python  : extracting _python_bundle/site-packages/filetype/types/__init__.pyc
06-06 21:10:48.821 28944 28979 V python  : extracting _python_bundle/site-packages/filetype/types/application.pyc
06-06 21:10:48.822 28944 28979 V python  : extracting _python_bundle/site-packages/filetype/types/archive.pyc
06-06 21:10:48.823 28944 28979 V python  : extracting _python_bundle/site-packages/filetype/types/audio.pyc
06-06 21:10:48.824 28944 28979 V python  : extracting _python_bundle/site-packages/filetype/types/base.pyc
06-06 21:10:48.824 28944 28979 V python  : extracting _python_bundle/site-packages/filetype/types/document.pyc
06-06 21:10:48.825 28944 28979 V python  : extracting _python_bundle/site-packages/filetype/types/font.pyc
06-06 21:10:48.825 28944 28979 V python  : extracting _python_bundle/site-packages/filetype/types/image.pyc
06-06 21:10:48.826 28944 28979 V python  : extracting _python_bundle/site-packages/filetype/types/isobmff.pyc
06-06 21:10:48.827 28944 28979 V python  : extracting _python_bundle/site-packages/filetype/types/video.pyc
06-06 21:10:48.827 28944 28979 V python  : extracting _python_bundle/site-packages/filetype/utils.pyc
06-06 21:10:48.827 28944 28979 V python  : extracting _python_bundle/site-packages/idna-3.18.dist-info/
06-06 21:10:48.828 28944 28979 V python  : extracting _python_bundle/site-packages/idna-3.18.dist-info/INSTALLER
06-06 21:10:48.828 28944 28979 V python  : extracting _python_bundle/site-packages/idna-3.18.dist-info/METADATA
06-06 21:10:48.829 28944 28979 V python  : extracting _python_bundle/site-packages/idna-3.18.dist-info/RECORD
06-06 21:10:48.829 28944 28979 V python  : extracting _python_bundle/site-packages/idna-3.18.dist-info/REQUESTED
06-06 21:10:48.830 28944 28979 V python  : extracting _python_bundle/site-packages/idna-3.18.dist-info/WHEEL
06-06 21:10:48.830 28944 28979 V python  : extracting _python_bundle/site-packages/idna-3.18.dist-info/entry_points.txt
06-06 21:10:48.830 28944 28979 V python  : extracting _python_bundle/site-packages/idna-3.18.dist-info/licenses/
06-06 21:10:48.831 28944 28979 V python  : extracting _python_bundle/site-packages/idna-3.18.dist-info/licenses/LICENSE.md
06-06 21:10:48.831 28944 28979 V python  : extracting _python_bundle/site-packages/idna/
06-06 21:10:48.831 28944 28979 V python  : extracting _python_bundle/site-packages/idna/__init__.pyc
06-06 21:10:48.832 28944 28979 V python  : extracting _python_bundle/site-packages/idna/__main__.pyc
06-06 21:10:48.832 28944 28979 V python  : extracting _python_bundle/site-packages/idna/cli.pyc
06-06 21:10:48.833 28944 28979 V python  : extracting _python_bundle/site-packages/idna/codec.pyc
06-06 21:10:48.833 28944 28979 V python  : extracting _python_bundle/site-packages/idna/compat.pyc
06-06 21:10:48.834 28944 28979 V python  : extracting _python_bundle/site-packages/idna/core.pyc
06-06 21:10:48.834 28944 28979 V python  : extracting _python_bundle/site-packages/idna/idnadata.pyc
06-06 21:10:48.835 28944 28979 V python  : extracting _python_bundle/site-packages/idna/intranges.pyc
