06-11 23:12:40.577  3838  4246 E ActivityManagerWrapper: getRecentTasks: mainTaskId=558   userId=0   windowMode=1   baseIntent=Intent { act=android.intent.action.MAIN flag=268435456 cmp=ComponentInfo{org.kffs.habilisdatalogger/org.kivy.android.PythonActivity} }
06-11 23:12:40.587  3838  4246 D WorldCirculate: getWorldCirculateInfo, taskInfo.baseIntent=Intent { act=android.intent.action.MAIN cat=[android.intent.category.LAUNCHER] flg=0x10000000 pkg=org.kffs.habilisdatalogger cmp=org.kffs.habilisdatalogger/org.kivy.android.PythonActivity }, displayId=-1, but get Display failed
06-11 23:12:40.620  3838  4246 E ActivityManagerWrapper: getRecentTasks: mainTaskId=558   userId=0   windowMode=1   baseIntent=Intent { act=android.intent.action.MAIN flag=268435456 cmp=ComponentInfo{org.kffs.habilisdatalogger/org.kivy.android.PythonActivity} }
06-11 23:12:40.623  3838  4246 D WorldCirculate: getWorldCirculateInfo, taskInfo.baseIntent=Intent { act=android.intent.action.MAIN cat=[android.intent.category.LAUNCHER] flg=0x10000000 pkg=org.kffs.habilisdatalogger cmp=org.kffs.habilisdatalogger/org.kivy.android.PythonActivity }, displayId=-1, but get Display failed
06-11 23:12:40.677  3838  3838 D Launcher.ShortcutInfo: onAddToDatabase, this=ShortcutInfo, id=134, itemType=0, user=UserHandle{0}, mIconType=0, pkgName=org.kffs.habilisdatalogger, className=org.kivy.android.PythonActivity, screenId=2, container=-100, cellX=2, cellY=2, spanX=1, spanY=1
06-11 23:12:40.677  3838  3838 D Launcher.Model: updateItemInDatabase, item=ShortcutInfo, id=134, itemType=0, user=UserHandle{0}, mIconType=0, pkgName=org.kffs.habilisdatalogger, className=org.kivy.android.PythonActivity, screenId=2, container=-100, cellX=2, cellY=2, spanX=1, spanY=1
06-11 23:12:40.679  3838  3838 D Launcher: org.kffs.habilisdatalogger, has been opened, remove its new installed indicator
06-11 23:12:41.645  3838  3838 D Launcher.CellLayout: touch item:ShortcutInfo, id=134, itemType=0, user=UserHandle{0}, mIconType=0, pkgName=org.kffs.habilisdatalogger, className=org.kivy.android.PythonActivity, screenId=2, container=-100, cellX=2, cellY=2, spanX=1, spanY=1
06-11 23:12:41.712  3838  3838 D Launcher: launch, launchIntent=Intent { act=android.intent.action.MAIN cat=[android.intent.category.LAUNCHER] flg=0x10200000 cmp=org.kffs.habilisdatalogger/org.kivy.android.PythonActivity (has extras) }
06-11 23:12:41.720  1948  7880 D WindowManager: Collecting in transition 8460: ActivityRecord{8c1a6c0 u0 org.kffs.habilisdatalogger/org.kivy.android.PythonActivity init visibleRequested:false
06-11 23:12:41.721  1948  7880 D MiGgameTypeIdentificationImpl: checkIfGameBeSupported app:org.kffs.habilisdatalogger
06-11 23:12:41.721  1948  7880 I WindowManager: When perf version lower than 2.3, MiGTStub result: false, gameType: 1, packageName: org.kffs.habilisdatalogger
06-11 23:12:41.725  1948  7880 D WindowManager: setLockTaskAuth: task=Task{3c2aff9 #559 type=standard A=10360:org.kffs.habilisdatalogger} mLockTaskAuth=LOCK_TASK_AUTH_PINNABLE
06-11 23:12:41.726  1948  7880 D WindowManager: Collecting in transition 8460: Task{3c2aff9 #559 type=standard A=10360:org.kffs.habilisdatalogger} init visibleRequested:false
06-11 23:12:41.728  1948  7880 D WindowManager: setLockTaskAuth: task=Task{3c2aff9 #559 type=standard A=10360:org.kffs.habilisdatalogger} mLockTaskAuth=LOCK_TASK_AUTH_PINNABLE
06-11 23:12:41.728  1948  7880 D MiuiFreeFormManagerService: onStartActivityInner as = Task{3c2aff9 #559 type=standard A=10360:org.kffs.habilisdatalogger} op = ActivityOptions(170134943), mPackageName=null, mAnimationType=13, mStartX=0, mStartY=0, mWidth=0, mHeight=0, mLaunchDisplayId=-1, activityOptionsInjector=ActivityOptionsInjector={freeformScale: -1.0, miniFreeformMode: false, needAnimation: true, useCustomLaunchBounds:false}
06-11 23:12:41.730  1948  7880 I ActivityTaskManager: resumeTopActivityInnerLocked topActivity:ActivityRecord{8c1a6c0 u0 org.kffs.habilisdatalogger/org.kivy.android.PythonActivity t559} isFocusable:true this:Task{3c2aff9 #559 type=standard A=10360:org.kffs.habilisdatalogger}
06-11 23:12:41.734  1948  7880 D WindowManager: Collecting in transition 8460: ActivityRecord{8c1a6c0 u0 org.kffs.habilisdatalogger/org.kivy.android.PythonActivity t559} init visibleRequested:false
06-11 23:12:41.734  1948  7880 I ActivityRecordImpl: setReadyForStartingWindow activityRecord = ActivityRecord{8c1a6c0 u0 org.kffs.habilisdatalogger/org.kivy.android.PythonActivity t559}
06-11 23:12:41.735  1948  7880 D WindowManager: Collecting in transition 8460: ActivityRecord{8c1a6c0 u0 org.kffs.habilisdatalogger/org.kivy.android.PythonActivity t559} init visibleRequested:true
06-11 23:12:41.738 13186 13275 D WindowManagerShell: wct=WindowContainerTransaction { changes = {} hops = [] errorCallbackToken=null taskFragmentOrganizer=null }, hander=com.android.wm.shell.transition.SoScMixedHandler@730d704, transitionToken=android.os.BinderProxy@99fcd94, request=TransitionRequestInfo { type = OPEN, triggerTask = TaskInfo{userId=0 taskId=559 displayId=0 isRunning=true baseIntent=Intent { act=android.intent.action.MAIN cat=[android.intent.category.LAUNCHER] flg=0x10200000 cmp=org.kffs.habilisdatalogger/org.kivy.android.PythonActivity } baseActivity=ComponentInfo{org.kffs.habilisdatalogger/org.kivy.android.PythonActivity} topActivity=ComponentInfo{org.kffs.habilisdatalogger/org.kivy.android.PythonActivity} origActivity=null realActivity=ComponentInfo{org.kffs.habilisdatalogger/org.kivy.android.PythonActivity} numActivities=1 lastActiveTime=654773332 supportsSplitScreenMultiWindow=true supportsMultiWindow=true resizeMode=1 isResizeable=true minWidth=-1 minHeight=-1 defaultMinSize=200 token=WCT{android.window.IWindowContainerToken$Stub$Proxy@e25d03d} topActivityType=1 pictureInPictureParams=null shouldDockBigOverlays=false launchIntoPipHostTaskId=-1 lastParentTaskIdBeforePip=-1 displayCutoutSafeInsets=Rect(0, 98 - 0, 0) topActivityInfo=ActivityInfo{7ba7032 org.kivy.android.PythonActivity} launchCookies=[] positionInParent=Point(0, 0) parentTaskId=-1 isFocused=false isVisible=false isVisibleRequested=true isSleeping=false topActivityInSizeCompat=false topActivityInMiuiSizeCompat=false topActivityEligibleForLetterboxEducation= false topActivityLetterboxed= false isFromDoubleTap= false topActivityLetterboxVerticalPosition= -1 topActivityLetterboxHorizontalPosition= -1 topActivityLetterboxWidth=-1 topActivityLetterboxHeight=-1 locusId=null displayAreaFeatureId=1 cameraCompatControlState=hidden mIsCastMode=false mTopActivityMediaSize=null mTopActivityRecordName=ActivityRecord{8c1a6c0 u0 org.kffs.habilisdatalogger/org.kivy.android.PythonActivity t559} mTopActivityOrientation=1 mTopActivityWindowIsNowVisible=false isTranslucent=false isEmbedded=false shouldBeVisible=true mBehindAppLockPkg=null mOriginatingUid=0}, remoteTransition = RemoteTransition { remoteTransition = android.window.IRemoteTransition$Stub$Proxy@13d3183, appThread = null, debugName = null }, displayChange = null }
06-11 23:12:41.739  1948  7880 I ActivityTaskManager: START u0 {act=android.intent.action.MAIN cat=[android.intent.category.LAUNCHER] flg=0x10200000 cmp=org.kffs.habilisdatalogger/org.kivy.android.PythonActivity bnds=[583,791][756,964] (has extras)} with LAUNCH_SINGLE_TASK from uid 10158 from pid 3838 callingPackage com.miui.home (BAL_ALLOW_ALLOWLISTED_COMPONENT) result code=0
06-11 23:12:41.745 13186 13186 I FocusedNotifPromptContr: onTopActivityMayChanged: topActivity=org.kffs.habilisdatalogger
06-11 23:12:41.745 13186 13186 I FocusedNotifPromptContr: topActivityMayChanged: topActivity=org.kffs.habilisdatalogger
06-11 23:12:41.745 13186 13186 D KeyguardEditorHelper: onTopActivityMayChanged, topActivity=ComponentInfo{org.kffs.habilisdatalogger/org.kivy.android.PythonActivity}; mState=IDEL
06-11 23:12:41.750  1948  6126 D CoreBackPreview: Window{3258d4a u0 Splash Screen org.kffs.habilisdatalogger}: Setting back callback OnBackInvokedCallbackInfo{mCallback=android.window.IOnBackInvokedCallback$Stub$Proxy@2158dd8, mPriority=0, mIsAnimationCallback=false}
06-11 23:12:41.759  1948  7880 I BLASTSyncEngine: SyncGroup 8460:  Unfinished container:ActivityRecord{8c1a6c0 u0 org.kffs.habilisdatalogger/org.kivy.android.PythonActivity t559}
06-11 23:12:41.759  1948  7880 I ActivityRecordImpl: isReadyForStartingWindow topActivity = ActivityRecord{8c1a6c0 u0 org.kffs.habilisdatalogger/org.kivy.android.PythonActivity t559} isLaunchSourceTypeHome = true topActivity.mStartingWindow = Window{3258d4a u0 Splash Screen org.kffs.habilisdatalogger}
06-11 23:12:41.759  1948  7880 I BLASTSyncEngine: SyncGroup 8460:  Unfinished container:Task{3c2aff9 #559 type=standard A=10360:org.kffs.habilisdatalogger}
06-11 23:12:41.760  1948  7880 I ActivityRecordImpl: isReadyForStartingWindow topActivity = ActivityRecord{8c1a6c0 u0 org.kffs.habilisdatalogger/org.kivy.android.PythonActivity t559} isLaunchSourceTypeHome = true topActivity.mStartingWindow = Window{3258d4a u0 Splash Screen org.kffs.habilisdatalogger}
06-11 23:12:41.760  1948  7880 I SmartPower: org.kffs.habilisdatalogger/10360(23138): died->visible(73442ms) R(become visible) adj=0.
06-11 23:12:41.760  1948  7880 D WindowManager: Final targets: [Task{3c2aff9 #559 type=standard A=10360:org.kffs.habilisdatalogger}, Task{fc1ced5 #1 type=home}]
06-11 23:12:41.764  1948  7880 D WindowManager: Calling onTransitionReady info={id=8460 t=OPEN f=0x0 trk=0 r=[0@Point(0, 0)] c=[{WCT{RemoteToken{e41af84 Task{3c2aff9 #559 type=standard A=10360:org.kffs.habilisdatalogger}}} m=OPEN f=NONE leash=Surface(name=Task=559#136490)/@0x8b73416 sb=Rect(0, 0 - 1080, 2400) eb=Rect(0, 0 - 1080, 2400) d=0},{WCT{RemoteToken{e07270c Task{fc1ced5 #1 type=home}}} m=TO_BACK f=SHOW_WALLPAPER leash=Surface(name=Task=1#16716)/@0xdd7d3e6 sb=Rect(0, 0 - 1080, 2400) eb=Rect(0, 0 - 1080, 2400) d=0}] noAni=[false]}, mToken=Token{98a236d TransitionRecord{57a6eec id=8460 type=OPEN flags=0x0}}
06-11 23:12:41.769  3838  3838 D RemoteAnimationAdapterCompat: printLeash::taskInfo = TaskInfo{userId=0 taskId=559 displayId=0 isRunning=true baseIntent=Intent { act=android.intent.action.MAIN cat=[android.intent.category.LAUNCHER] flg=0x10200000 cmp=org.kffs.habilisdatalogger/org.kivy.android.PythonActivity } baseActivity=ComponentInfo{org.kffs.habilisdatalogger/org.kivy.android.PythonActivity} topActivity=ComponentInfo{org.kffs.habilisdatalogger/org.kivy.android.PythonActivity} origActivity=null realActivity=ComponentInfo{org.kffs.habilisdatalogger/org.kivy.android.PythonActivity} numActivities=1 lastActiveTime=654773332 supportsSplitScreenMultiWindow=true supportsMultiWindow=true resizeMode=1 isResizeable=true minWidth=-1 minHeight=-1 defaultMinSize=200 token=WCT{android.window.IWindowContainerToken$Stub$Proxy@fb9b3c2} topActivityType=1 pictureInPictureParams=null shouldDockBigOverlays=false launchIntoPipHostTaskId=-1 lastParentTaskIdBeforePip=-1 displayCutoutSafeInsets=Rect(0, 98 - 0, 0) topActivityInfo=ActivityInfo{e2d5d3 org.kivy.android.PythonActivity} launchCookies=[] positionInParent=Point(0, 0) parentTaskId=-1 isFocused=false isVisible=true isVisibleRequested=true isSleeping=false topActivityInSizeCompat=false topActivityInMiuiSizeCompat=false topActivityEligibleForLetterboxEducation= false topActivityLetterboxed= false isFromDoubleTap= false topActivityLetterboxVerticalPosition= -1 topActivityLetterboxHorizontalPosition= -1 topActivityLetterboxWidth=-1 topActivityLetterboxHeight=-1 locusId=null displayAreaFeatureId=1 cameraCompatControlState=hidden mIsCastMode=false mTopActivityMediaSize=null mTopActivityRecordName=ActivityRecord{8c1a6c0 u0 org.kffs.habilisdatalogger/org.kivy.android.PythonActivity t559} mTopActivityOrientation=1 mTopActivityWindowIsNowVisible=false isTranslucent=false isEmbedded=false shouldBeVisible=true mBehindAppLockPkg=null mOriginatingUid=0}
06-11 23:12:41.779  3838  3838 E LauncherAnimationRunner: onAnimationStart:   target=RemoteAnimationTargetCompat{taskId=559, mode=0, isTranslucent=false, clipRect=Rect(0, 0 - 0, 0), position=Point(0, 0), sourceContainerBounds=Rect(0, 0 - 1080, 2400), prefixOrderIndex=2, isNotInRecents=false, contentInsets=Rect(0, 0 - 0, 0), activityType=1, packageName=org.kffs.habilisdatalogger, startBounds=Rect(0, 0 - 1080, 2400), windowType=-1}
06-11 23:12:41.793  1948  2308 I WindowManager: wms.showSurfaceRobustly mWin:Window{3258d4a u0 Splash Screen org.kffs.habilisdatalogger}
06-11 23:12:41.796  1948  2335 I ActivityManager: Start proc 24584:org.kffs.habilisdatalogger/u0a360 for top-activity {org.kffs.habilisdatalogger/org.kivy.android.PythonActivity} caller=com.miui.home
06-11 23:12:41.804 13186 13275 D MiuiFullScreenTaskRepository: addOrUpdateFullScreenTaskInfo taskId=559, topActivity=ComponentInfo{org.kffs.habilisdatalogger/org.kivy.android.PythonActivity}
06-11 23:12:41.807  3838  4246 E ActivityManagerWrapper: getRecentTasks: mainTaskId=559   userId=0   windowMode=1   baseIntent=Intent { act=android.intent.action.MAIN flag=270532608 cmp=ComponentInfo{org.kffs.habilisdatalogger/org.kivy.android.PythonActivity} }
06-11 23:12:41.814 24584 24584 E Zygote  : process_name_ptr:24584 org.kffs.habilisdatalogger
06-11 23:12:41.894  3838  4246 E ActivityManagerWrapper: getRecentTasks: mainTaskId=559   userId=0   windowMode=1   baseIntent=Intent { act=android.intent.action.MAIN flag=270532608 cmp=ComponentInfo{org.kffs.habilisdatalogger/org.kivy.android.PythonActivity} }
06-11 23:12:41.920 13186 13275 D MiuiFullScreenTaskRepository: addOrUpdateFullScreenTaskInfo taskId=559, topActivity=ComponentInfo{org.kffs.habilisdatalogger/org.kivy.android.PythonActivity}
06-11 23:12:41.930 24071 18501 D BluetoothLatencyMode: ForegroundInfo{mForegroundPackageName='org.kffs.habilisdatalogger', mForegroundUid=10360, mForegroundPid=24584, mLastForegroundPackageName='com.miui.home', mLastForegroundUid=10158, mLastForegroundPid=3838, mMultiWindowForegroundPackageName='org.kffs.habilisdatalogger', mMultiWindowForegroundUid=10360, mFlags=1}
06-11 23:12:41.930  7953  7965 I GST     : forePkg: org.kffs.habilisdatalogger, preForePkg: com.miui.home
06-11 23:12:41.930 19295 19420 I ProcessMonitor: onForegroundInfoChanged: ForegroundInfo{mForegroundPackageName='org.kffs.habilisdatalogger', mForegroundUid=10360, mForegroundPid=24584, mLastForegroundPackageName='com.miui.home', mLastForegroundUid=10158, mLastForegroundPid=3838, mMultiWindowForegroundPackageName='org.kffs.habilisdatalogger', mMultiWindowForegroundUid=10360, mFlags=1}
06-11 23:12:41.931 19295 19420 I GameBoosterService: onForegroundInfoChanged: Cur=org.kffs.habilisdatalogger	 last=com.miui.home
06-11 23:12:41.931  3838  3880 D AppObserver: ForegroundInfo{mForegroundPackageName='org.kffs.habilisdatalogger', mForegroundUid=10360, mForegroundPid=24584, mLastForegroundPackageName='com.miui.home', mLastForegroundUid=10158, mLastForegroundPid=3838, mMultiWindowForegroundPackageName='org.kffs.habilisdatalogger', mMultiWindowForegroundUid=10360, mFlags=1}
06-11 23:12:41.932  7590  9879 D PerfEngineController: ForegroundInfo{mForegroundPackageName='org.kffs.habilisdatalogger', mForegroundUid=10360, mForegroundPid=24584, mLastForegroundPackageName='com.miui.home', mLastForegroundUid=10158, mLastForegroundPid=3838, mMultiWindowForegroundPackageName='org.kffs.habilisdatalogger', mMultiWindowForegroundUid=10360, mFlags=1}
06-11 23:12:41.932 19295 19420 D GameBoosterService: onGameStatusChange foreground:ForegroundInfo{mForegroundPackageName='org.kffs.habilisdatalogger', mForegroundUid=10360, mForegroundPid=24584, mLastForegroundPackageName='com.miui.home', mLastForegroundUid=10158, mLastForegroundPid=3838, mMultiWindowForegroundPackageName='org.kffs.habilisdatalogger', mMultiWindowForegroundUid=10360, mFlags=1}
06-11 23:12:41.932 19295 19420 I BeautyService: onForegroundInfoChanged: Cur=org.kffs.habilisdatalogger	 last=com.miui.home
06-11 23:12:41.933 13186 13275 D MiuiFullScreenTaskRepository: setFocusedTask taskId=559, displayId=0, topActivity=ComponentInfo{org.kffs.habilisdatalogger/org.kivy.android.PythonActivity}
06-11 23:12:41.933 13186 13275 D MiuiFullScreenTaskRepository: addOrUpdateFullScreenTaskInfo taskId=559, topActivity=ComponentInfo{org.kffs.habilisdatalogger/org.kivy.android.PythonActivity}
06-11 23:12:41.933 13186 13275 D MiuiFreeformModeController: onFocusTaskChanged taskInfo: TaskInfo{userId=0 taskId=559 displayId=0 isRunning=true baseIntent=Intent { act=android.intent.action.MAIN cat=[android.intent.category.LAUNCHER] flg=0x10200000 cmp=org.kffs.habilisdatalogger/org.kivy.android.PythonActivity } baseActivity=ComponentInfo{org.kffs.habilisdatalogger/org.kivy.android.PythonActivity} topActivity=ComponentInfo{org.kffs.habilisdatalogger/org.kivy.android.PythonActivity} origActivity=null realActivity=ComponentInfo{org.kffs.habilisdatalogger/org.kivy.android.PythonActivity} numActivities=1 lastActiveTime=654773518 supportsSplitScreenMultiWindow=true supportsMultiWindow=true resizeMode=1 isResizeable=true minWidth=-1 minHeight=-1 defaultMinSize=200 token=WCT{android.window.IWindowContainerToken$Stub$Proxy@d9b5ca9} topActivityType=1 pictureInPictureParams=null shouldDockBigOverlays=false launchIntoPipHostTaskId=-1 lastParentTaskIdBeforePip=-1 displayCutoutSafeInsets=Rect(0, 98 - 0, 0) topActivityInfo=ActivityInfo{518222e org.kivy.android.PythonActivity} launchCookies=[] positionInParent=Point(0, 0) parentTaskId=-1 isFocused=true isVisible=true isVisibleRequested=true isSleeping=false topActivityInSizeCompat=false topActivityInMiuiSizeCompat=false topActivityEligibleForLetterboxEducation= false topActivityLetterboxed= false isFromDoubleTap= false topActivityLetterboxVerticalPosition= -1 topActivityLetterboxHorizontalPosition= -1 topActivityLetterboxWidth=-1 topActivityLetterboxHeight=-1 locusId=null displayAreaFeatureId=1 cameraCompatControlState=hidden mIsCastMode=false mTopActivityMediaSize=null mTopActivityRecordName=ActivityRecord{8c1a6c0 u0 org.kffs.habilisdatalogger/org.kivy.android.PythonActivity t559} mTopActivityOrientation=1 mTopActivityWindowIsNowVisible=false isTranslucent=false isEmbedded=false shouldBeVisible=true mBehindAppLockPkg=null mOriginatingUid=0}
06-11 23:12:41.973 24584 24584 D nativeloader: Configuring clns-4 for other apk /data/app/~~QpRnp90OX6wuTY-RgOhRrQ==/org.kffs.habilisdatalogger-jClDYnCvabFyuuRbgKU13A==/base.apk. target_sdk_version=30, uses_libraries=, library_path=/data/app/~~QpRnp90OX6wuTY-RgOhRrQ==/org.kffs.habilisdatalogger-jClDYnCvabFyuuRbgKU13A==/lib/arm64:/data/app/~~QpRnp90OX6wuTY-RgOhRrQ==/org.kffs.habilisdatalogger-jClDYnCvabFyuuRbgKU13A==/base.apk!/lib/arm64-v8a, permitted_path=/data:/mnt/expand:/data/user/0/org.kffs.habilisdatalogger
06-11 23:12:41.991 24584 24584 V GraphicsEnvironment: ANGLE GameManagerService for org.kffs.habilisdatalogger: false
06-11 23:12:41.991 24584 24584 V GraphicsEnvironment: org.kffs.habilisdatalogger is not listed in per-application setting
06-11 23:12:41.998 24584 24584 I ForceDarkHelperStubImpl: initialize for org.kffs.habilisdatalogger , ForceDarkOrigin
06-11 23:12:42.035  1948  5730 I ClipboardServiceI: checkProviderWakePathForClipboard: org.kffs.habilisdataloggeris not a activePermissionOwner
06-11 23:12:42.044 24584 24584 V SDL     : Device: taoyao
06-11 23:12:42.044 24584 24584 V SDL     : Model: 2203129G
06-11 23:12:42.044 24584 24584 V SDL     : onCreate()
06-11 23:12:42.050 24584 24584 V SDL     : getting identifier
06-11 23:12:42.050 24584 24584 V SDL     : kind is layout and name lottie
06-11 23:12:42.050 24584 24584 V SDL     : result is 0
06-11 23:12:42.051 24584 24584 V SDL     : couldn't find lottie layout or animation, trying static splash
06-11 23:12:42.051 24584 24584 V SDL     : getting identifier
06-11 23:12:42.051 24584 24584 V SDL     : kind is drawable and name presplash
06-11 23:12:42.051 24584 24584 V SDL     : result is 2130771969
06-11 23:12:42.059 13186 13275 D MiuiFullScreenTaskRepository: setFocusedTask taskId=559, displayId=0, topActivity=ComponentInfo{org.kffs.habilisdatalogger/org.kivy.android.PythonActivity}
06-11 23:12:42.059 13186 13275 D MiuiFullScreenTaskRepository: addOrUpdateFullScreenTaskInfo taskId=559, topActivity=ComponentInfo{org.kffs.habilisdatalogger/org.kivy.android.PythonActivity}
06-11 23:12:42.065 24584 24584 V SDL     : asked to get string presplash_color
06-11 23:12:42.065 24584 24584 V SDL     : getting identifier
06-11 23:12:42.065 24584 24584 V SDL     : kind is string and name presplash_color
06-11 23:12:42.065 24584 24584 V SDL     : result is 2131034113
06-11 23:12:42.086 24584 24614 V pythonutil: Unpacking private app
06-11 23:12:42.086 24584 24614 V pythonutil: Data version is c21ea4d449fe64cd353a027917487d004bc4f39a
06-11 23:12:42.086 24584 24584 V SDL     : onStart()
06-11 23:12:42.088 24584 24614 V pythonutil: Unpacking /data/app/~~QpRnp90OX6wuTY-RgOhRrQ==/org.kffs.habilisdatalogger-jClDYnCvabFyuuRbgKU13A==/lib/arm64/libpybundle app
06-11 23:12:42.088 24584 24614 V pythonutil: Data version is c21ea4d449fe64cd353a027917487d004bc4f39a
06-11 23:12:42.089 24584 24584 V SDL     : onResume()
06-11 23:12:42.111  1948  7680 I AppsFilter: interaction: PackageSetting{a6d78aa org.kffs.habilisdatalogger/10360} -> PackageSetting{c664d8e com.google.android.apps.subscriptions.red/10228} BLOCKED
06-11 23:12:42.111  1948  7680 I AppsFilter: interaction: PackageSetting{a6d78aa org.kffs.habilisdatalogger/10360} -> PackageSetting{d0479af com.android.cts.priv.ctsshim/10278} BLOCKED
06-11 23:12:42.111  1948  7680 I AppsFilter: interaction: PackageSetting{a6d78aa org.kffs.habilisdatalogger/10360} -> PackageSetting{45551bc com.upside.consumer.android/10348} BLOCKED
06-11 23:12:42.111  1948  7680 I AppsFilter: interaction: PackageSetting{a6d78aa org.kffs.habilisdatalogger/10360} -> PackageSetting{603cda8 com.google.android.youtube/10225} BLOCKED
06-11 23:12:42.111  1948  7680 I AppsFilter: interaction: PackageSetting{a6d78aa org.kffs.habilisdatalogger/10360} -> PackageSetting{37f0c1 com.android.uwb.resources/10272} BLOCKED
06-11 23:12:42.111  1948  7680 I AppsFilter: interaction: PackageSetting{a6d78aa org.kffs.habilisdatalogger/10360} -> PackageSetting{e8f4b27 com.android.internal.display.cutout.emulation.corner/10009} BLOCKED
06-11 23:12:42.111  1948  7680 I AppsFilter: interaction: PackageSetting{a6d78aa org.kffs.habilisdatalogger/10360} -> PackageSetting{31311d4 com.android.internal.display.cutout.emulation.double/10010} BLOCKED
06-11 23:12:42.111  1948  7680 I AppsFilter: interaction: PackageSetting{a6d78aa org.kffs.habilisdatalogger/10360} -> PackageSetting{9728066 com.google.android.googlequicksearchbox/10176} BLOCKED
06-11 23:12:42.111  1948  7680 I AppsFilter: interaction: PackageSetting{a6d78aa org.kffs.habilisdatalogger/10360} -> PackageSetting{dc3efa7 cn.wps.xiaomi.abroad.lite/10297} BLOCKED
06-11 23:12:42.111  1948  7680 I AppsFilter: interaction: PackageSetting{a6d78aa org.kffs.habilisdatalogger/10360} -> PackageSetting{19c1c54 com.google.android.apps.googleassistant/10169} BLOCKED
06-11 23:12:42.111  1948  7680 I AppsFilter: interaction: PackageSetting{a6d78aa org.kffs.habilisdatalogger/10360} -> PackageSetting{d11d7fd com.google.android.apps.docs.editors.docs/10339} BLOCKED
06-11 23:12:42.111  1948  7680 I AppsFilter: interaction: PackageSetting{a6d78aa org.kffs.habilisdatalogger/10360} -> PackageSetting{b163cf2 com.google.android.onetimeinitializer/10143} BLOCKED
06-11 23:12:42.111  1948  7680 I AppsFilter: interaction: PackageSetting{a6d78aa org.kffs.habilisdatalogger/10360} -> PackageSetting{435df43 com.google.android.ext.shared/10120} BLOCKED
06-11 23:12:42.111  1948  7680 I AppsFilter: interaction: PackageSetting{a6d78aa org.kffs.habilisdatalogger/10360} -> PackageSetting{9b8781f com.android.internal.systemui.navbar.gestural_wide_back/10063} BLOCKED
06-11 23:12:42.111  1948  7680 I AppsFilter: interaction: PackageSetting{a6d78aa org.kffs.habilisdatalogger/10360} -> PackageSetting{5c8a9c0 com.android.virtualmachine.res/10269} BLOCKED
06-11 23:12:42.111  1948  7680 I AppsFilter: interaction: PackageSetting{a6d78aa org.kffs.habilisdatalogger/10360} -> PackageSetting{4a8f6f9 com.uvnv.mintsim/10326} BLOCKED
06-11 23:12:42.111  1948  7680 I AppsFilter: interaction: PackageSetting{a6d78aa org.kffs.habilisdatalogger/10360} -> PackageSetting{4c7363e com.google.android.server.deviceconfig.resources/10266} BLOCKED
06-11 23:12:42.111  1948  7680 I AppsFilter: interaction: PackageSetting{a6d78aa org.kffs.habilisdatalogger/10360} -> PackageSetting{d4d2c9f com.android.htmlviewer/10101} BLOCKED
06-11 23:12:42.111  1948  7680 I AppsFilter: interaction: PackageSetting{a6d78aa org.kffs.habilisdatalogger/10360} -> PackageSetting{f6ea1ec com.whatsapp/10318} BLOCKED
06-11 23:12:42.111  1948  7680 I AppsFilter: interaction: PackageSetting{a6d78aa org.kffs.habilisdatalogger/10360} -> PackageSetting{ff909b5 com.mtb.mbanking.sc.retail.prod/10349} BLOCKED
06-11 23:12:42.111  1948  7680 I AppsFilter: interaction: PackageSetting{a6d78aa org.kffs.habilisdatalogger/10360} -> PackageSetting{4fc784a com.google.android.apps.docs.editors.sheets/10357} BLOCKED
06-11 23:12:42.112  1948  7680 I AppsFilter: interaction: PackageSetting{a6d78aa org.kffs.habilisdatalogger/10360} -> PackageSetting{f61f3bb com.google.android.health.connect.backuprestore/10276} BLOCKED
06-11 23:12:42.112  1948  7680 I AppsFilter: interaction: PackageSetting{a6d78aa org.kffs.habilisdatalogger/10360} -> PackageSetting{299f0d8 com.google.android.apps.messaging/10175} BLOCKED
06-11 23:12:42.112  1948  7680 I AppsFilter: interaction: PackageSetting{a6d78aa org.kffs.habilisdatalogger/10360} -> PackageSetting{1fd8c31 com.sfr.android.sfrjeux/10166} BLOCKED
06-11 23:12:42.112  1948  7680 I AppsFilter: interaction: PackageSetting{a6d78aa org.kffs.habilisdatalogger/10360} -> PackageSetting{891cf16 com.quicinc.voice.activation/10244} BLOCKED
06-11 23:12:42.112  1948  7680 I AppsFilter: interaction: PackageSetting{a6d78aa org.kffs.habilisdatalogger/10360} -> PackageSetting{4321097 us.mitene/10334} BLOCKED
06-11 23:12:42.112  1948  7680 I AppsFilter: interaction: PackageSetting{a6d78aa org.kffs.habilisdatalogger/10360} -> PackageSetting{6294284 com.ironsource.appcloud.oobe.hutchison/10139} BLOCKED
06-11 23:12:42.112  1948  7680 I AppsFilter: interaction: PackageSetting{a6d78aa org.kffs.habilisdatalogger/10360} -> PackageSetting{7edba6d com.duolingo/10321} BLOCKED
06-11 23:12:42.112  1948  7680 I AppsFilter: interaction: PackageSetting{a6d78aa org.kffs.habilisdatalogger/10360} -> PackageSetting{c53c6a2 com.google.android.configupdater/10138} BLOCKED
06-11 23:12:42.112  1948  7680 I AppsFilter: interaction: PackageSetting{a6d78aa org.kffs.habilisdatalogger/10360} -> PackageSetting{194546e com.google.android.overlay.modules.permissioncontroller/10031} BLOCKED
06-11 23:12:42.112  1948  7680 I AppsFilter: interaction: PackageSetting{a6d78aa org.kffs.habilisdatalogger/10360} -> PackageSetting{97d1f33 com.android.soundrecorder/10310} BLOCKED
06-11 23:12:42.112  1948  7680 I AppsFilter: interaction: PackageSetting{a6d78aa org.kffs.habilisdatalogger/10360} -> PackageSetting{e3a02f0 com.altice.android.myapps/10165} BLOCKED
06-11 23:12:42.112  1948  7680 I AppsFilter: interaction: PackageSetting{a6d78aa org.kffs.habilisdatalogger/10360} -> PackageSetting{1389069 com.google.android.apps.safetyhub/10162} BLOCKED
06-11 23:12:42.112  1948  7680 I AppsFilter: interaction: PackageSetting{a6d78aa org.kffs.habilisdatalogger/10360} -> PackageSetting{b4baaee com.mi.globalbrowser/10298} BLOCKED
06-11 23:12:42.112  1948  7680 I AppsFilter: interaction: PackageSetting{a6d78aa org.kffs.habilisdatalogger/10360} -> PackageSetting{f607b8f com.google.ar.core/10320} BLOCKED
06-11 23:12:42.112  1948  7680 I AppsFilter: interaction: PackageSetting{a6d78aa org.kffs.habilisdatalogger/10360} -> PackageSetting{1545e1c com.android.simappdialog/10126} BLOCKED
06-11 23:12:42.112  1948  7680 I AppsFilter: interaction: PackageSetting{a6d78aa org.kffs.habilisdatalogger/10360} -> PackageSetting{b40ca25 com.microsoft.skydrive/10311} BLOCKED
06-11 23:12:42.112  1948  7680 I AppsFilter: interaction: PackageSetting{a6d78aa org.kffs.habilisdatalogger/10360} -> PackageSetting{5cb87fa com.aura.oobe.vodafone/10140} BLOCKED
06-11 23:12:42.112  1948  7680 I AppsFilter: interaction: PackageSetting{a6d78aa org.kffs.habilisdatalogger/10360} -> PackageSetting{a416907 com.android.internal.display.cutout.emulation.hole/10011} BLOCKED
06-11 23:12:42.112  1948  7680 I AppsFilter: interaction: PackageSetting{a6d78aa org.kffs.habilisdatalogger/10360} -> PackageSetting{e440a34 com.android.internal.display.cutout.emulation.tall/10012} BLOCKED
06-11 23:12:42.112  1948  7680 I AppsFilter: interaction: PackageSetting{a6d78aa org.kffs.habilisdatalogger/10360} -> PackageSetting{64c605d com.android.internal.systemui.navbar.threebutton/10059} BLOCKED
06-11 23:12:42.112  1948  7680 I AppsFilter: interaction: PackageSetting{a6d78aa org.kffs.habilisdatalogger/10360} -> PackageSetting{7341ab us.zoom.videomeetings/10330} BLOCKED
06-11 23:12:42.112  1948  7680 I AppsFilter: interaction: PackageSetting{a6d78aa org.kffs.habilisdatalogger/10360} -> PackageSetting{4574008 com.android.wifi.dialog/10242} BLOCKED
06-11 23:12:42.112  1948  7680 I AppsFilter: interaction: PackageSetting{a6d78aa org.kffs.habilisdatalogger/10360} -> PackageSetting{cd8e3a1 com.android.hotwordenrollment.xgoogle/10146} BLOCKED
06-11 23:12:42.112  1948  7680 I AppsFilter: interaction: PackageSetting{a6d78aa org.kffs.habilisdatalogger/10360} -> PackageSetting{d3a29c6 com.usbank.mobilebanking/10355} BLOCKED
06-11 23:12:42.112  1948  7680 I AppsFilter: interaction: PackageSetting{a6d78aa org.kffs.habilisdatalogger/10360} -> PackageSetting{fa24d87 com.onedebit.chime/10328} BLOCKED
06-11 23:12:42.112  1948  7680 I AppsFilter: interaction: PackageSetting{a6d78aa org.kffs.habilisdatalogger/10360} -> PackageSetting{92454b4 com.instagram.android/10335} BLOCKED
06-11 23:12:42.112  1948  7680 I AppsFilter: interaction: PackageSetting{a6d78aa org.kffs.habilisdatalogger/10360} -> PackageSetting{d7f18dd com.google.android.as/10168} BLOCKED
06-11 23:12:42.113  1948  7680 I AppsFilter: interaction: PackageSetting{a6d78aa org.kffs.habilisdatalogger/10360} -> PackageSetting{9f1c52 com.google.android.gm/10192} BLOCKED
06-11 23:12:42.113  1948  7680 I AppsFilter: interaction: PackageSetting{a6d78aa org.kffs.habilisdatalogger/10360} -> PackageSetting{7cc3b23 com.google.android.apps.tachyon/10292} BLOCKED
06-11 23:12:42.113  1948  7680 I AppsFilter: interaction: PackageSetting{a6d78aa org.kffs.habilisdatalogger/10360} -> PackageSetting{8b3052a com.google.android.overlay.gmsconfig.common/10019} BLOCKED
06-11 23:12:42.113  1948  7680 I AppsFilter: interaction: PackageSetting{a6d78aa org.kffs.habilisdatalogger/10360} -> PackageSetting{c0c0820 com.android.settings.intelligence/10160} BLOCKED
06-11 23:12:42.113  1948  7680 I AppsFilter: interaction: PackageSetting{a6d78aa org.kffs.habilisdatalogger/10360} -> PackageSetting{ef878b8 com.android.internal.systemui.navbar.gestural_extra_wide_back/10061} BLOCKED
06-11 23:12:42.113  1948  7680 I AppsFilter: interaction: PackageSetting{a6d78aa org.kffs.habilisdatalogger/10360} -> PackageSetting{45965d9 com.microsoft.office.outlook/10356} BLOCKED
06-11 23:12:42.113  1948  7680 I AppsFilter: interaction: PackageSetting{a6d78aa org.kffs.habilisdatalogger/10360} -> PackageSetting{5eeab9e com.miui.compass/10302} BLOCKED
06-11 23:12:42.113  1948  7680 I AppsFilter: interaction: PackageSetting{a6d78aa org.kffs.habilisdatalogger/10360} -> PackageSetting{91d667f com.google.android.setupwizard/10251} BLOCKED
06-11 23:12:42.113  1948  7680 I AppsFilter: interaction: PackageSetting{a6d78aa org.kffs.habilisdatalogger/10360} -> PackageSetting{bf9864c com.miui.android.fashiongallery/10295} BLOCKED
06-11 23:12:42.113  1948  7680 I AppsFilter: interaction: PackageSetting{a6d78aa org.kffs.habilisdatalogger/10360} -> PackageSetting{af18695 com.facebook.services/10111} BLOCKED
06-11 23:12:42.113  1948  7680 I AppsFilter: interaction: PackageSetting{a6d78aa org.kffs.habilisdatalogger/10360} -> PackageSetting{c15e3aa com.android.printspooler/10260} BLOCKED
06-11 23:12:42.113  1948  7680 I AppsFilter: interaction: PackageSetting{a6d78aa org.kffs.habilisdatalogger/10360} -> PackageSetting{2beb9b com.android.hotwordenrollment.okgoogle/10145} BLOCKED
06-11 23:12:42.113  1948  7680 I AppsFilter: interaction: PackageSetting{a6d78aa org.kffs.habilisdatalogger/10360} -> PackageSetting{95ebb38 org.ifaa.aidl.manager/10129} BLOCKED
06-11 23:12:42.113  1948  7680 I AppsFilter: interaction: PackageSetting{a6d78aa org.kffs.habilisdatalogger/10360} -> PackageSetting{fb0f711 com.android.dreams.basic/10115} BLOCKED
06-11 23:12:42.113  1948  7680 I AppsFilter: interaction: PackageSetting{a6d78aa org.kffs.habilisdatalogger/10360} -> PackageSetting{1c69076 com.google.android.as.oss/10173} BLOCKED
06-11 23:12:42.113  1948  7680 I AppsFilter: interaction: PackageSetting{a6d78aa org.kffs.habilisdatalogger/10360} -> PackageSetting{2d3a677 de.telekom.tsc/10112} BLOCKED
06-11 23:12:42.113  1948  7680 I AppsFilter: interaction: PackageSetting{a6d78aa org.kffs.habilisdatalogger/10360} -> PackageSetting{7e052e4 com.android.rkpdapp/10268} BLOCKED
06-11 23:12:42.113  1948  7680 I AppsFilter: interaction: PackageSetting{a6d78aa org.kffs.habilisdatalogger/10360} -> PackageSetting{41cf34d com.google.android.dialer/10172} BLOCKED
06-11 23:12:42.113  1948  7680 I AppsFilter: interaction: PackageSetting{a6d78aa org.kffs.habilisdatalogger/10360} -> PackageSetting{d033e02 com.creditkarma.mobile/10340} BLOCKED
06-11 23:12:42.113  1948  7680 I AppsFilter: interaction: PackageSetting{a6d78aa org.kffs.habilisdatalogger/10360} -> PackageSetting{ed23313 com.timehop/10329} BLOCKED
06-11 23:12:42.113  1948  7680 I AppsFilter: interaction: PackageSetting{a6d78aa org.kffs.habilisdatalogger/10360} -> PackageSetting{ec1b950 com.google.android.captiveportallogin/10119} BLOCKED
06-11 23:12:42.113  1948  7680 I AppsFilter: interaction: PackageSetting{a6d78aa org.kffs.habilisdatalogger/10360} -> PackageSetting{2d27749 com.dropbox.android/10337} BLOCKED
06-11 23:12:42.113  1948  7680 I AppsFilter: interaction: PackageSetting{a6d78aa org.kffs.habilisdatalogger/10360} -> PackageSetting{797f6e7 com.google.android.overlay.gmsconfig.comms/10079} BLOCKED
06-11 23:12:42.113  1948  7680 I AppsFilter: interaction: PackageSetting{a6d78aa org.kffs.habilisdatalogger/10360} -> PackageSetting{698b294 com.google.android.overlay.gmsconfig.geotz/10021} BLOCKED
06-11 23:12:42.113  1948  7680 I AppsFilter: interaction: PackageSetting{a6d78aa org.kffs.habilisdatalogger/10360} -> PackageSetting{f6b384e com.google.android.appsearch.apk/10267} BLOCKED
06-11 23:12:42.113  1948  7680 I AppsFilter: interaction: PackageSetting{a6d78aa org.kffs.habilisdatalogger/10360} -> PackageSetting{622ed6f com.android.musicfx/10104} BLOCKED
06-11 23:12:42.113  1948  7680 I AppsFilter: interaction: PackageSetting{a6d78aa org.kffs.habilisdatalogger/10360} -> PackageSetting{4111a7c com.google.android.apps.docs/10307} BLOCKED
06-11 23:12:42.113  1948  7680 I AppsFilter: interaction: PackageSetting{a6d78aa org.kffs.habilisdatalogger/10360} -> PackageSetting{9423f05 com.google.android.apps.maps/10212} BLOCKED
06-11 23:12:42.113  1948  7680 I AppsFilter: interaction: PackageSetting{a6d78aa org.kffs.habilisdatalogger/10360} -> PackageSetting{3468b5a com.orange.update/10137} BLOCKED
06-11 23:12:42.113  1948  7680 I AppsFilter: interaction: PackageSetting{a6d78aa org.kffs.habilisdatalogger/10360} -> PackageSetting{51af18b com.google.android.webview/10208} BLOCKED
06-11 23:12:42.113  1948  7680 I AppsFilter: interaction: PackageSetting{a6d78aa org.kffs.habilisdatalogger/10360} -> PackageSetting{632dbdf com.google.android.overlay.modules.documentsui/10030} BLOCKED
06-11 23:12:42.113  1948  7680 I AppsFilter: interaction: PackageSetting{a6d78aa org.kffs.habilisdatalogger/10360} -> PackageSetting{e936268 com.amazon.appmanager/10313} BLOCKED
06-11 23:12:42.113  1948  7680 I AppsFilter: interaction: PackageSetting{a6d78aa org.kffs.habilisdatalogger/10360} -> PackageSetting{12cc681 com.google.android.contactkeys/10343} BLOCKED
06-11 23:12:42.113  1948  7680 I AppsFilter: interaction: PackageSetting{a6d78aa org.kffs.habilisdatalogger/10360} -> PackageSetting{d520326 com.google.android.contacts/10229} BLOCKED
06-11 23:12:42.113  1948  7680 I AppsFilter: interaction: PackageSetting{a6d78aa org.kffs.habilisdatalogger/10360} -> PackageSetting{e451b67 com.android.chrome/10183} BLOCKED
06-11 23:12:42.113  1948  7680 I AppsFilter: interaction: PackageSetting{a6d78aa org.kffs.habilisdatalogger/10360} -> PackageSetting{a703d14 com.huami.watch.hmwatchmanager/10338} BLOCKED
06-11 23:12:42.113  1948  7680 I AppsFilter: interaction: PackageSetting{a6d78aa org.kffs.habilisdatalogger/10360} -> PackageSetting{5de49bd com.android.wifi.resources/10283} BLOCKED
06-11 23:12:42.113  1948  7680 I AppsFilter: interaction: PackageSetting{a6d78aa org.kffs.habilisdatalogger/10360} -> PackageSetting{f4b2bb2 com.google.android.apps.walletnfcrel/10319} BLOCKED
06-11 23:12:42.113  1948  7680 I AppsFilter: interaction: PackageSetting{a6d78aa org.kffs.habilisdatalogger/10360} -> PackageSetting{7fe0703 com.google.android.partnersetup/10144} BLOCKED
06-11 23:12:42.113  1948  7680 I AppsFilter: interaction: PackageSetting{a6d78aa org.kffs.habilisdatalogger/10360} -> PackageSetting{c3203ad com.google.android.overlay.gmsconfig.asi/10080} BLOCKED
06-11 23:12:42.114  1948  7680 I AppsFilter: interaction: PackageSetting{a6d78aa org.kffs.habilisdatalogger/10360} -> PackageSetting{33876e2 com.google.android.overlay.gmsconfig.gsa/10020} BLOCKED
06-11 23:12:42.114  1948  7680 I AppsFilter: interaction: PackageSetting{a6d78aa org.kffs.habilisdatalogger/10360} -> PackageSetting{80faa73 com.android.theme.font.notoserifsource/10015} BLOCKED
06-11 23:12:42.114  1948  7680 I AppsFilter: interaction: PackageSetting{a6d78aa org.kffs.habilisdatalogger/10360} -> PackageSetting{c9e1680 com.google.android.safetycenter.resources/10270} BLOCKED
06-11 23:12:42.114  1948  7680 I AppsFilter: interaction: PackageSetting{a6d78aa org.kffs.habilisdatalogger/10360} -> PackageSetting{1982da9 com.android.internal.display.cutout.emulation.waterfall/10018} BLOCKED
06-11 23:12:42.114  1948  7680 I AppsFilter: interaction: PackageSetting{a6d78aa org.kffs.habilisdatalogger/10360} -> PackageSetting{12ac4b9 com.netflix.mediaclient/10316} BLOCKED
06-11 23:12:42.114  1948  7680 I AppsFilter: interaction: PackageSetting{a6d78aa org.kffs.habilisdatalogger/10360} -> PackageSetting{db07acf com.android.internal.systemui.navbar.transparent/10078} BLOCKED
06-11 23:12:42.114  1948  7680 I AppsFilter: interaction: PackageSetting{a6d78aa org.kffs.habilisdatalogger/10360} -> PackageSetting{73c50fe com.miui.notes/10299} BLOCKED
06-11 23:12:42.114  1948  7680 I AppsFilter: interaction: PackageSetting{a6d78aa org.kffs.habilisdatalogger/10360} -> PackageSetting{7d0105f com.zhiliaoapp.musically/10324} BLOCKED
06-11 23:12:42.114  1948  7680 I AppsFilter: interaction: PackageSetting{a6d78aa org.kffs.habilisdatalogger/10360} -> PackageSetting{10e1aac com.google.android.connectivity.resources/10282} BLOCKED
06-11 23:12:42.114  1948  7680 I AppsFilter: interaction: PackageSetting{a6d78aa org.kffs.habilisdatalogger/10360} -> PackageSetting{c29f375 com.google.android.feedback/10238} BLOCKED
06-11 23:12:42.114  1948  7680 I AppsFilter: interaction: PackageSetting{a6d78aa org.kffs.habilisdatalogger/10360} -> PackageSetting{7887f0a com.google.android.printservice.recommendation/10124} BLOCKED
06-11 23:12:42.114  1948  7680 I AppsFilter: interaction: PackageSetting{a6d78aa org.kffs.habilisdatalogger/10360} -> PackageSetting{78f537b com.xiaomi.midrop/10291} BLOCKED
06-11 23:12:42.114  1948  7680 I AppsFilter: interaction: PackageSetting{a6d78aa org.kffs.habilisdatalogger/10360} -> PackageSetting{f983598 com.google.android.apps.photos/10300} BLOCKED
06-11 23:12:42.114  1948  7680 I AppsFilter: interaction: PackageSetting{a6d78aa org.kffs.habilisdatalogger/10360} -> PackageSetting{25557b0 com.google.android.calendar/10226} BLOCKED
06-11 23:12:42.114  1948  7680 I AppsFilter: interaction: PackageSetting{a6d78aa org.kffs.habilisdatalogger/10360} -> PackageSetting{fb351f1 com.spotify.music/10314} BLOCKED
06-11 23:12:42.114  1948  7680 I AppsFilter: interaction: PackageSetting{a6d78aa org.kffs.habilisdatalogger/10360} -> PackageSetting{3b781d6 com.google.android.apps.googlevoice/10315} BLOCKED
06-11 23:12:42.114  1948  7680 I AppsFilter: interaction: PackageSetting{a6d78aa org.kffs.habilisdatalogger/10360} -> PackageSetting{35ac57 com.tencent.soter.soterserver/10134} BLOCKED
06-11 23:12:42.114  1948  7680 I AppsFilter: interaction: PackageSetting{a6d78aa org.kffs.habilisdatalogger/10360} -> PackageSetting{3a71344 com.google.android.documentsui/10100} BLOCKED
06-11 23:12:42.114  1948  7680 I AppsFilter: interaction: PackageSetting{a6d78aa org.kffs.habilisdatalogger/10360} -> PackageSetting{eb81663 com.miui.permissioncontroller.overlay/10047} BLOCKED
06-11 23:12:42.114  1948  7680 I AppsFilter: interaction: PackageSetting{a6d78aa org.kffs.habilisdatalogger/10360} -> PackageSetting{9a1c2d com.android.dreams.phototable/10200} BLOCKED
06-11 23:12:42.114  1948  7680 I AppsFilter: interaction: PackageSetting{a6d78aa org.kffs.habilisdatalogger/10360} -> PackageSetting{e01e562 com.google.android.accessibility.switchaccess/10206} BLOCKED
06-11 23:12:42.114  1948  7680 I AppsFilter: interaction: PackageSetting{a6d78aa org.kffs.habilisdatalogger/10360} -> PackageSetting{67eb6f3 com.facebook.katana/10317} BLOCKED
06-11 23:12:42.114  1948  7680 I AppsFilter: interaction: PackageSetting{a6d78aa org.kffs.habilisdatalogger/10360} -> PackageSetting{2a41fb0 com.android.providers.partnerbookmarks/10125} BLOCKED
06-11 23:12:42.114  1948  7680 I AppsFilter: interaction: PackageSetting{a6d78aa org.kffs.habilisdatalogger/10360} -> PackageSetting{3a94e29 com.android.smspush/10261} BLOCKED
06-11 23:12:42.114  1948  7680 I AppsFilter: interaction: PackageSetting{a6d78aa org.kffs.habilisdatalogger/10360} -> PackageSetting{19cf5ae com.miui.calculator/10309} BLOCKED
06-11 23:12:42.114  1948  7680 I AppsFilter: interaction: PackageSetting{a6d78aa org.kffs.habilisdatalogger/10360} -> PackageSetting{543cf4f com.android.wallpaper.livepicker/10103} BLOCKED
06-11 23:12:42.114  1948  7680 I AppsFilter: interaction: PackageSetting{a6d78aa org.kffs.habilisdatalogger/10360} -> PackageSetting{d2386dc com.android.apps.tag/10109} BLOCKED
06-11 23:12:42.114  1948  7680 I AppsFilter: interaction: PackageSetting{a6d78aa org.kffs.habilisdatalogger/10360} -> PackageSetting{55fa3e5 com.facebook.orca/10322} BLOCKED
06-11 23:12:42.114  1948  7680 I AppsFilter: interaction: PackageSetting{a6d78aa org.kffs.habilisdatalogger/10360} -> PackageSetting{5c6beba com.mercury.bank/10336} BLOCKED
06-11 23:12:42.114  1948  7680 I AppsFilter: interaction: PackageSetting{a6d78aa org.kffs.habilisdatalogger/10360} -> PackageSetting{198116b com.android.imsserviceentitlement/10148} BLOCKED
06-11 23:12:42.114  1948  7680 I AppsFilter: interaction: PackageSetting{a6d78aa org.kffs.habilisdatalogger/10360} -> PackageSetting{6d034c8 com.facebook.system/10110} BLOCKED
06-11 23:12:42.114  1948  7680 I AppsFilter: interaction: PackageSetting{a6d78aa org.kffs.habilisdatalogger/10360} -> PackageSetting{16b9961 com.google.android.healthconnect.controller/10275} BLOCKED
06-11 23:12:42.114  1948  7680 I AppsFilter: interaction: PackageSetting{a6d78aa org.kffs.habilisdatalogger/10360} -> PackageSetting{5920c86 com.venmo/10332} BLOCKED
06-11 23:12:42.114  1948  7680 I AppsFilter: interaction: PackageSetting{a6d78aa org.kffs.habilisdatalogger/10360} -> PackageSetting{4a45947 com.android.bookmarkprovider/10113} BLOCKED
06-11 23:12:42.114  1948  7680 I AppsFilter: interaction: PackageSetting{a6d78aa org.kffs.habilisdatalogger/10360} -> PackageSetting{117d574 com.miui.weather2/10294} BLOCKED
06-11 23:12:42.114  1948  7680 I AppsFilter: interaction: PackageSetting{a6d78aa org.kffs.habilisdatalogger/10360} -> PackageSetting{5e76a9d com.ascendo.android.dictionary.de.free/10331} BLOCKED
06-11 23:12:42.114  1948  7680 I AppsFilter: interaction: PackageSetting{a6d78aa org.kffs.habilisdatalogger/10360} -> PackageSetting{8726b12 org.mipay.android.manager/10132} BLOCKED
06-11 23:12:42.114  1948  7680 I AppsFilter: interaction: PackageSetting{a6d78aa org.kffs.habilisdatalogger/10360} -> PackageSetting{74342e3 com.strava/10325} BLOCKED
06-11 23:12:42.114  1948  7680 I AppsFilter: interaction: PackageSetting{a6d78aa org.kffs.habilisdatalogger/10360} -> PackageSetting{b0145ff com.google.android.projection.gearhead/10136} BLOCKED
06-11 23:12:42.114  1948  7680 I AppsFilter: interaction: PackageSetting{a6d78aa org.kffs.habilisdatalogger/10360} -> PackageSetting{496d4e0 com.xiaomi.scanner/10290} BLOCKED
06-11 23:12:42.114  1948  7680 I AppsFilter: interaction: PackageSetting{a6d78aa org.kffs.habilisdatalogger/10360} -> PackageSetting{e551399 com.google.android.apps.turbo/10161} BLOCKED
06-11 23:12:42.114  1948  7680 I AppsFilter: interaction: PackageSetting{a6d78aa org.kffs.habilisdatalogger/10360} -> PackageSetting{788265e com.google.android.safetycore/10342} BLOCKED
06-11 23:12:42.114  1948  7680 I AppsFilter: interaction: PackageSetting{a6d78aa org.kffs.habilisdatalogger/10360} -> PackageSetting{b5d2a3f com.google.android.apps.chromecast.app/10341} BLOCKED
06-11 23:12:42.114  1948  7680 I AppsFilter: interaction: PackageSetting{a6d78aa org.kffs.habilisdatalogger/10360} -> PackageSetting{518afcc com.android.cts.ctsshim/10279} BLOCKED
06-11 23:12:42.114  1948  7680 I AppsFilter: interaction: PackageSetting{a6d78aa org.kffs.habilisdatalogger/10360} -> PackageSetting{5445f0c com.miui.mediaeditor/10301} BLOCKED
06-11 23:12:42.114  1948  7680 I AppsFilter: interaction: PackageSetting{a6d78aa org.kffs.habilisdatalogger/10360} -> PackageSetting{25a5055 com.miui.yellowpage/10171} BLOCKED
06-11 23:12:42.114  1948  7680 I AppsFilter: interaction: PackageSetting{a6d78aa org.kffs.habilisdatalogger/10360} -> PackageSetting{bac4a6a com.mi.global.shop/10296} BLOCKED
06-11 23:12:42.114  1948  7680 I AppsFilter: interaction: PackageSetting{a6d78aa org.kffs.habilisdatalogger/10360} -> PackageSetting{f042b5b com.google.android.apps.setupwizard.searchselector/10174} BLOCKED
06-11 23:12:42.115  1948  7680 I AppsFilter: interaction: PackageSetting{a6d78aa org.kffs.habilisdatalogger/10360} -> PackageSetting{d5e5ff8 com.android.hotspot2.osulogin/10284} BLOCKED
06-11 23:12:42.115  1948  7680 I AppsFilter: interaction: PackageSetting{a6d78aa org.kffs.habilisdatalogger/10360} -> PackageSetting{43c9cd1 com.azure.authenticator/10327} BLOCKED
06-11 23:12:42.115  1948  7680 I AppsFilter: interaction: PackageSetting{a6d78aa org.kffs.habilisdatalogger/10360} -> PackageSetting{3ca336 com.google.android.gms.location.history/10181} BLOCKED
06-11 23:12:42.115  1948  7680 I AppsFilter: interaction: PackageSetting{a6d78aa org.kffs.habilisdatalogger/10360} -> PackageSetting{b018bf2 com.android.internal.systemui.navbar.gestural/10060} BLOCKED
06-11 23:12:42.115  1948  7680 I AppsFilter: interaction: PackageSetting{a6d78aa org.kffs.habilisdatalogger/10360} -> PackageSetting{7788243 com.google.android.overlay.gmsconfig.personalsafety/10025} BLOCKED
06-11 23:12:42.115  1948  7680 I AppsFilter: interaction: PackageSetting{a6d78aa org.kffs.habilisdatalogger/10360} -> PackageSetting{5502237 com.dti.bouyguestelecom/10163} BLOCKED
06-11 23:12:42.115  1948  7680 I AppsFilter: interaction: PackageSetting{a6d78aa org.kffs.habilisdatalogger/10360} -> PackageSetting{b1583a4 com.android.bluetoothmidiservice/10114} BLOCKED
06-11 23:12:42.115  1948  7680 I AppsFilter: interaction: PackageSetting{a6d78aa org.kffs.habilisdatalogger/10360} -> PackageSetting{b1d350d com.facebook.appmanager/10128} BLOCKED
06-11 23:12:42.115  1948  7680 I AppsFilter: interaction: PackageSetting{a6d78aa org.kffs.habilisdatalogger/10360} -> PackageSetting{6a7bcc2 com.google.android.cellbroadcastreceiver/10285} BLOCKED
06-11 23:12:42.115  1948  7680 I AppsFilter: interaction: PackageSetting{a6d78aa org.kffs.habilisdatalogger/10360} -> PackageSetting{faaad3 com.orange.aura.oobe/10159} BLOCKED
06-11 23:12:42.115  1948  7680 I AppsFilter: interaction: PackageSetting{a6d78aa org.kffs.habilisdatalogger/10360} -> PackageSetting{f22a74a com.android.internal.systemui.navbar.gestural_narrow_back/10062} BLOCKED
06-11 23:12:42.115  1948  7680 I AppsFilter: interaction: PackageSetting{a6d78aa org.kffs.habilisdatalogger/10360} -> PackageSetting{cf93610 com.google.android.photopicker/10286} BLOCKED
06-11 23:12:42.115  1948  7680 I AppsFilter: interaction: PackageSetting{a6d78aa org.kffs.habilisdatalogger/10360} -> PackageSetting{4f51509 cn.wps.moffice_eng/10312} BLOCKED
06-11 23:12:42.115  1948  7680 I AppsFilter: interaction: PackageSetting{a6d78aa org.kffs.habilisdatalogger/10360} -> PackageSetting{6b8e30e com.miui.core/10215} BLOCKED
06-11 23:12:42.115  1948  7680 I AppsFilter: interaction: PackageSetting{a6d78aa org.kffs.habilisdatalogger/10360} -> PackageSetting{cbb212f com.google.android.inputmethod.latin/10186} BLOCKED
06-11 23:12:42.115  1948  7680 I AppsFilter: interaction: PackageSetting{a6d78aa org.kffs.habilisdatalogger/10360} -> PackageSetting{923a33c com.amazon.kindle/10333} BLOCKED
06-11 23:12:42.115  1948  7680 I AppsFilter: interaction: PackageSetting{a6d78aa org.kffs.habilisdatalogger/10360} -> PackageSetting{c50f8c5 com.google.android.apps.restore/10147} BLOCKED
06-11 23:12:42.134 13186 20636 D MiuiFreeformModeObserver: activityResumed() intent： Intent { cmp=org.kffs.habilisdatalogger/org.kivy.android.PythonActivity (has extras) }
06-11 23:12:42.134  3838  3838 D RecentsImpl: mActivityStateObserver org.kivy.android.PythonActivity
