06-12 23:10:47.478  3838  3838 D Launcher.CellLayout: touch item:ShortcutInfo, id=141, itemType=0, user=UserHandle{0}, mIconType=0, pkgName=org.kffs.habilisdatalogger, className=org.kivy.android.PythonActivity, screenId=2, container=-100, cellX=3, cellY=2, spanX=1, spanY=1
06-12 23:10:47.530  3838  3838 D Launcher: launch, launchIntent=Intent { act=android.intent.action.MAIN cat=[android.intent.category.LAUNCHER] flg=0x10200000 cmp=org.kffs.habilisdatalogger/org.kivy.android.PythonActivity (has extras) }
06-12 23:10:47.554  1948  4122 D WindowManager: Collecting in transition 9617: ActivityRecord{861404a u0 org.kffs.habilisdatalogger/org.kivy.android.PythonActivity init visibleRequested:false
06-12 23:10:47.557  1948  4122 D MiGgameTypeIdentificationImpl: checkIfGameBeSupported app:org.kffs.habilisdatalogger
06-12 23:10:47.557  1948  4122 I WindowManager: When perf version lower than 2.3, MiGTStub result: false, gameType: 1, packageName: org.kffs.habilisdatalogger
06-12 23:10:47.565  1948  4122 D WindowManager: setLockTaskAuth: task=Task{63b1bbb #646 type=standard A=10365:org.kffs.habilisdatalogger} mLockTaskAuth=LOCK_TASK_AUTH_PINNABLE
06-12 23:10:47.565  1948  4122 D WindowManager: Collecting in transition 9617: Task{63b1bbb #646 type=standard A=10365:org.kffs.habilisdatalogger} init visibleRequested:false
06-12 23:10:47.568  1948  4122 D WindowManager: setLockTaskAuth: task=Task{63b1bbb #646 type=standard A=10365:org.kffs.habilisdatalogger} mLockTaskAuth=LOCK_TASK_AUTH_PINNABLE
06-12 23:10:47.569  1948  4122 D MiuiFreeFormManagerService: onStartActivityInner as = Task{63b1bbb #646 type=standard A=10365:org.kffs.habilisdatalogger} op = ActivityOptions(52360241), mPackageName=null, mAnimationType=13, mStartX=0, mStartY=0, mWidth=0, mHeight=0, mLaunchDisplayId=-1, activityOptionsInjector=ActivityOptionsInjector={freeformScale: -1.0, miniFreeformMode: false, needAnimation: true, useCustomLaunchBounds:false}
06-12 23:10:47.572  1948  4122 I ActivityTaskManager: resumeTopActivityInnerLocked topActivity:ActivityRecord{861404a u0 org.kffs.habilisdatalogger/org.kivy.android.PythonActivity t646} isFocusable:true this:Task{63b1bbb #646 type=standard A=10365:org.kffs.habilisdatalogger}
06-12 23:10:47.575  1948  4122 D WindowManager: Collecting in transition 9617: ActivityRecord{861404a u0 org.kffs.habilisdatalogger/org.kivy.android.PythonActivity t646} init visibleRequested:false
06-12 23:10:47.575  1948  4122 I ActivityRecordImpl: setReadyForStartingWindow activityRecord = ActivityRecord{861404a u0 org.kffs.habilisdatalogger/org.kivy.android.PythonActivity t646}
06-12 23:10:47.576  1948  4122 D WindowManager: Collecting in transition 9617: ActivityRecord{861404a u0 org.kffs.habilisdatalogger/org.kivy.android.PythonActivity t646} init visibleRequested:true
06-12 23:10:47.581  1948  4122 I ActivityTaskManager: START u0 {act=android.intent.action.MAIN cat=[android.intent.category.LAUNCHER] flg=0x10200000 cmp=org.kffs.habilisdatalogger/org.kivy.android.PythonActivity bnds=[835,789][1008,962] (has extras)} with LAUNCH_SINGLE_TASK from uid 10158 from pid 3838 callingPackage com.miui.home (BAL_ALLOW_ALLOWLISTED_COMPONENT) result code=0
06-12 23:10:47.582 13186 13275 D WindowManagerShell: wct=WindowContainerTransaction { changes = {} hops = [] errorCallbackToken=null taskFragmentOrganizer=null }, hander=com.android.wm.shell.transition.SoScMixedHandler@730d704, transitionToken=android.os.BinderProxy@a1d1f63, request=TransitionRequestInfo { type = OPEN, triggerTask = TaskInfo{userId=0 taskId=646 displayId=0 isRunning=true baseIntent=Intent { act=android.intent.action.MAIN cat=[android.intent.category.LAUNCHER] flg=0x10200000 cmp=org.kffs.habilisdatalogger/org.kivy.android.PythonActivity } baseActivity=ComponentInfo{org.kffs.habilisdatalogger/org.kivy.android.PythonActivity} topActivity=ComponentInfo{org.kffs.habilisdatalogger/org.kivy.android.PythonActivity} origActivity=null realActivity=ComponentInfo{org.kffs.habilisdatalogger/org.kivy.android.PythonActivity} numActivities=1 lastActiveTime=741058138 supportsSplitScreenMultiWindow=true supportsMultiWindow=true resizeMode=1 isResizeable=true minWidth=-1 minHeight=-1 defaultMinSize=200 token=WCT{android.window.IWindowContainerToken$Stub$Proxy@788b760} topActivityType=1 pictureInPictureParams=null shouldDockBigOverlays=false launchIntoPipHostTaskId=-1 lastParentTaskIdBeforePip=-1 displayCutoutSafeInsets=Rect(0, 98 - 0, 0) topActivityInfo=ActivityInfo{1558419 org.kivy.android.PythonActivity} launchCookies=[] positionInParent=Point(0, 0) parentTaskId=-1 isFocused=false isVisible=false isVisibleRequested=true isSleeping=false topActivityInSizeCompat=false topActivityInMiuiSizeCompat=false topActivityEligibleForLetterboxEducation= false topActivityLetterboxed= false isFromDoubleTap= false topActivityLetterboxVerticalPosition= -1 topActivityLetterboxHorizontalPosition= -1 topActivityLetterboxWidth=-1 topActivityLetterboxHeight=-1 locusId=null displayAreaFeatureId=1 cameraCompatControlState=hidden mIsCastMode=false mTopActivityMediaSize=null mTopActivityRecordName=ActivityRecord{861404a u0 org.kffs.habilisdatalogger/org.kivy.android.PythonActivity t646} mTopActivityOrientation=1 mTopActivityWindowIsNowVisible=false isTranslucent=false isEmbedded=false shouldBeVisible=true mBehindAppLockPkg=null mOriginatingUid=0}, remoteTransition = RemoteTransition { remoteTransition = android.window.IRemoteTransition$Stub$Proxy@3ff0cde, appThread = null, debugName = null }, displayChange = null }
06-12 23:10:47.592 13186 13186 I FocusedNotifPromptContr: onTopActivityMayChanged: topActivity=org.kffs.habilisdatalogger
06-12 23:10:47.592 13186 13186 I FocusedNotifPromptContr: topActivityMayChanged: topActivity=org.kffs.habilisdatalogger
06-12 23:10:47.592 13186 13186 D KeyguardEditorHelper: onTopActivityMayChanged, topActivity=ComponentInfo{org.kffs.habilisdatalogger/org.kivy.android.PythonActivity}; mState=IDEL
06-12 23:10:47.598  1948  7876 D CoreBackPreview: Window{327ca84 u0 Splash Screen org.kffs.habilisdatalogger}: Setting back callback OnBackInvokedCallbackInfo{mCallback=android.window.IOnBackInvokedCallback$Stub$Proxy@e898ea2, mPriority=0, mIsAnimationCallback=false}
06-12 23:10:47.606  1948  2763 I BLASTSyncEngine: SyncGroup 9617:  Unfinished container:ActivityRecord{861404a u0 org.kffs.habilisdatalogger/org.kivy.android.PythonActivity t646}
06-12 23:10:47.606  1948  2763 I ActivityRecordImpl: isReadyForStartingWindow topActivity = ActivityRecord{861404a u0 org.kffs.habilisdatalogger/org.kivy.android.PythonActivity t646} isLaunchSourceTypeHome = true topActivity.mStartingWindow = Window{327ca84 u0 Splash Screen org.kffs.habilisdatalogger}
06-12 23:10:47.606  1948  2763 I BLASTSyncEngine: SyncGroup 9617:  Unfinished container:Task{63b1bbb #646 type=standard A=10365:org.kffs.habilisdatalogger}
06-12 23:10:47.606  1948  2763 I ActivityRecordImpl: isReadyForStartingWindow topActivity = ActivityRecord{861404a u0 org.kffs.habilisdatalogger/org.kivy.android.PythonActivity t646} isLaunchSourceTypeHome = true topActivity.mStartingWindow = Window{327ca84 u0 Splash Screen org.kffs.habilisdatalogger}
06-12 23:10:47.606  1948  2763 I SmartPower: org.kffs.habilisdatalogger/10365(0): died->visible(26447ms) R(become visible) adj=-10000.
06-12 23:10:47.606  1948  2763 D WindowManager: Final targets: [Task{63b1bbb #646 type=standard A=10365:org.kffs.habilisdatalogger}, Task{fc1ced5 #1 type=home}]
06-12 23:10:47.609  1948  2763 D WindowManager: Calling onTransitionReady info={id=9617 t=OPEN f=0x0 trk=0 r=[0@Point(0, 0)] c=[{WCT{RemoteToken{e71238f Task{63b1bbb #646 type=standard A=10365:org.kffs.habilisdatalogger}}} m=OPEN f=NONE leash=Surface(name=Task=646#155056)/@0x81ef869 sb=Rect(0, 0 - 1080, 2400) eb=Rect(0, 0 - 1080, 2400) d=0},{WCT{RemoteToken{e07270c Task{fc1ced5 #1 type=home}}} m=TO_BACK f=SHOW_WALLPAPER leash=Surface(name=Task=1#16716)/@0xdd7d3e6 sb=Rect(0, 0 - 1080, 2400) eb=Rect(0, 0 - 1080, 2400) d=0}] noAni=[false]}, mToken=Token{e9be61c TransitionRecord{17b1716 id=9617 type=OPEN flags=0x0}}
06-12 23:10:47.613  3838  3838 D RemoteAnimationAdapterCompat: printLeash::taskInfo = TaskInfo{userId=0 taskId=646 displayId=0 isRunning=true baseIntent=Intent { act=android.intent.action.MAIN cat=[android.intent.category.LAUNCHER] flg=0x10200000 cmp=org.kffs.habilisdatalogger/org.kivy.android.PythonActivity } baseActivity=ComponentInfo{org.kffs.habilisdatalogger/org.kivy.android.PythonActivity} topActivity=ComponentInfo{org.kffs.habilisdatalogger/org.kivy.android.PythonActivity} origActivity=null realActivity=ComponentInfo{org.kffs.habilisdatalogger/org.kivy.android.PythonActivity} numActivities=1 lastActiveTime=741058138 supportsSplitScreenMultiWindow=true supportsMultiWindow=true resizeMode=1 isResizeable=true minWidth=-1 minHeight=-1 defaultMinSize=200 token=WCT{android.window.IWindowContainerToken$Stub$Proxy@c7462d5} topActivityType=1 pictureInPictureParams=null shouldDockBigOverlays=false launchIntoPipHostTaskId=-1 lastParentTaskIdBeforePip=-1 displayCutoutSafeInsets=Rect(0, 98 - 0, 0) topActivityInfo=ActivityInfo{9692aea org.kivy.android.PythonActivity} launchCookies=[] positionInParent=Point(0, 0) parentTaskId=-1 isFocused=false isVisible=true isVisibleRequested=true isSleeping=false topActivityInSizeCompat=false topActivityInMiuiSizeCompat=false topActivityEligibleForLetterboxEducation= false topActivityLetterboxed= false isFromDoubleTap= false topActivityLetterboxVerticalPosition= -1 topActivityLetterboxHorizontalPosition= -1 topActivityLetterboxWidth=-1 topActivityLetterboxHeight=-1 locusId=null displayAreaFeatureId=1 cameraCompatControlState=hidden mIsCastMode=false mTopActivityMediaSize=null mTopActivityRecordName=ActivityRecord{861404a u0 org.kffs.habilisdatalogger/org.kivy.android.PythonActivity t646} mTopActivityOrientation=1 mTopActivityWindowIsNowVisible=false isTranslucent=false isEmbedded=false shouldBeVisible=true mBehindAppLockPkg=null mOriginatingUid=0}
06-12 23:10:47.630  3838  3838 E LauncherAnimationRunner: onAnimationStart:   target=RemoteAnimationTargetCompat{taskId=646, mode=0, isTranslucent=false, clipRect=Rect(0, 0 - 0, 0), position=Point(0, 0), sourceContainerBounds=Rect(0, 0 - 1080, 2400), prefixOrderIndex=2, isNotInRecents=false, contentInsets=Rect(0, 0 - 0, 0), activityType=1, packageName=org.kffs.habilisdatalogger, startBounds=Rect(0, 0 - 1080, 2400), windowType=-1}
06-12 23:10:47.642  1948  2308 I WindowManager: wms.showSurfaceRobustly mWin:Window{327ca84 u0 Splash Screen org.kffs.habilisdatalogger}
06-12 23:10:47.645  1948  2335 I ActivityManager: Start proc 26676:org.kffs.habilisdatalogger/u0a365 for top-activity {org.kffs.habilisdatalogger/org.kivy.android.PythonActivity} caller=com.miui.home
06-12 23:10:47.646 13186 13275 D MiuiFullScreenTaskRepository: addOrUpdateFullScreenTaskInfo taskId=646, topActivity=ComponentInfo{org.kffs.habilisdatalogger/org.kivy.android.PythonActivity}
06-12 23:10:47.654  3838  4246 E ActivityManagerWrapper: getRecentTasks: mainTaskId=646   userId=0   windowMode=1   baseIntent=Intent { act=android.intent.action.MAIN flag=270532608 cmp=ComponentInfo{org.kffs.habilisdatalogger/org.kivy.android.PythonActivity} }
06-12 23:10:47.654 26676 26676 E Zygote  : process_name_ptr:26676 org.kffs.habilisdatalogger
06-12 23:10:47.690  3838  4246 E ActivityManagerWrapper: getRecentTasks: mainTaskId=646   userId=0   windowMode=1   baseIntent=Intent { act=android.intent.action.MAIN flag=270532608 cmp=ComponentInfo{org.kffs.habilisdatalogger/org.kivy.android.PythonActivity} }
06-12 23:10:47.706  3838  4246 E ActivityManagerWrapper: getRecentTasks: mainTaskId=646   userId=0   windowMode=1   baseIntent=Intent { act=android.intent.action.MAIN flag=270532608 cmp=ComponentInfo{org.kffs.habilisdatalogger/org.kivy.android.PythonActivity} }
06-12 23:10:47.745 13186 13275 D MiuiFullScreenTaskRepository: addOrUpdateFullScreenTaskInfo taskId=646, topActivity=ComponentInfo{org.kffs.habilisdatalogger/org.kivy.android.PythonActivity}
06-12 23:10:47.750 19295 20279 I ProcessMonitor: onForegroundInfoChanged: ForegroundInfo{mForegroundPackageName='org.kffs.habilisdatalogger', mForegroundUid=10365, mForegroundPid=26676, mLastForegroundPackageName='com.miui.home', mLastForegroundUid=10158, mLastForegroundPid=3838, mMultiWindowForegroundPackageName='org.kffs.habilisdatalogger', mMultiWindowForegroundUid=10365, mFlags=1}
06-12 23:10:47.750  3838 19711 D AppObserver: ForegroundInfo{mForegroundPackageName='org.kffs.habilisdatalogger', mForegroundUid=10365, mForegroundPid=26676, mLastForegroundPackageName='com.miui.home', mLastForegroundUid=10158, mLastForegroundPid=3838, mMultiWindowForegroundPackageName='org.kffs.habilisdatalogger', mMultiWindowForegroundUid=10365, mFlags=1}
06-12 23:10:47.750  7953  7963 I GST     : forePkg: org.kffs.habilisdatalogger, preForePkg: com.miui.home
06-12 23:10:47.751 22923 23694 D BluetoothLatencyMode: ForegroundInfo{mForegroundPackageName='org.kffs.habilisdatalogger', mForegroundUid=10365, mForegroundPid=26676, mLastForegroundPackageName='com.miui.home', mLastForegroundUid=10158, mLastForegroundPid=3838, mMultiWindowForegroundPackageName='org.kffs.habilisdatalogger', mMultiWindowForegroundUid=10365, mFlags=1}
06-12 23:10:47.751  7590 30155 D PerfEngineController: ForegroundInfo{mForegroundPackageName='org.kffs.habilisdatalogger', mForegroundUid=10365, mForegroundPid=26676, mLastForegroundPackageName='com.miui.home', mLastForegroundUid=10158, mLastForegroundPid=3838, mMultiWindowForegroundPackageName='org.kffs.habilisdatalogger', mMultiWindowForegroundUid=10365, mFlags=1}
06-12 23:10:47.752 19295 20279 I GameBoosterService: onForegroundInfoChanged: Cur=org.kffs.habilisdatalogger	 last=com.miui.home
06-12 23:10:47.754 19295 20279 D GameBoosterService: onGameStatusChange foreground:ForegroundInfo{mForegroundPackageName='org.kffs.habilisdatalogger', mForegroundUid=10365, mForegroundPid=26676, mLastForegroundPackageName='com.miui.home', mLastForegroundUid=10158, mLastForegroundPid=3838, mMultiWindowForegroundPackageName='org.kffs.habilisdatalogger', mMultiWindowForegroundUid=10365, mFlags=1}
06-12 23:10:47.755 19295 20279 I BeautyService: onForegroundInfoChanged: Cur=org.kffs.habilisdatalogger	 last=com.miui.home
06-12 23:10:47.765 13186 13275 D MiuiFullScreenTaskRepository: setFocusedTask taskId=646, displayId=0, topActivity=ComponentInfo{org.kffs.habilisdatalogger/org.kivy.android.PythonActivity}
06-12 23:10:47.765 13186 13275 D MiuiFullScreenTaskRepository: addOrUpdateFullScreenTaskInfo taskId=646, topActivity=ComponentInfo{org.kffs.habilisdatalogger/org.kivy.android.PythonActivity}
06-12 23:10:47.765 13186 13275 D MiuiFreeformModeController: onFocusTaskChanged taskInfo: TaskInfo{userId=0 taskId=646 displayId=0 isRunning=true baseIntent=Intent { act=android.intent.action.MAIN cat=[android.intent.category.LAUNCHER] flg=0x10200000 cmp=org.kffs.habilisdatalogger/org.kivy.android.PythonActivity } baseActivity=ComponentInfo{org.kffs.habilisdatalogger/org.kivy.android.PythonActivity} topActivity=ComponentInfo{org.kffs.habilisdatalogger/org.kivy.android.PythonActivity} origActivity=null realActivity=ComponentInfo{org.kffs.habilisdatalogger/org.kivy.android.PythonActivity} numActivities=1 lastActiveTime=741058309 supportsSplitScreenMultiWindow=true supportsMultiWindow=true resizeMode=1 isResizeable=true minWidth=-1 minHeight=-1 defaultMinSize=200 token=WCT{android.window.IWindowContainerToken$Stub$Proxy@748cdbc} topActivityType=1 pictureInPictureParams=null shouldDockBigOverlays=false launchIntoPipHostTaskId=-1 lastParentTaskIdBeforePip=-1 displayCutoutSafeInsets=Rect(0, 98 - 0, 0) topActivityInfo=ActivityInfo{4171145 org.kivy.android.PythonActivity} launchCookies=[] positionInParent=Point(0, 0) parentTaskId=-1 isFocused=true isVisible=true isVisibleRequested=true isSleeping=false topActivityInSizeCompat=false topActivityInMiuiSizeCompat=false topActivityEligibleForLetterboxEducation= false topActivityLetterboxed= false isFromDoubleTap= false topActivityLetterboxVerticalPosition= -1 topActivityLetterboxHorizontalPosition= -1 topActivityLetterboxWidth=-1 topActivityLetterboxHeight=-1 locusId=null displayAreaFeatureId=1 cameraCompatControlState=hidden mIsCastMode=false mTopActivityMediaSize=null mTopActivityRecordName=ActivityRecord{861404a u0 org.kffs.habilisdatalogger/org.kivy.android.PythonActivity t646} mTopActivityOrientation=1 mTopActivityWindowIsNowVisible=false isTranslucent=false isEmbedded=false shouldBeVisible=true mBehindAppLockPkg=null mOriginatingUid=0}
06-12 23:10:47.790 26676 26676 D nativeloader: Configuring clns-4 for other apk /data/app/~~FKpSAV3uUsHd-pxcyGOdZQ==/org.kffs.habilisdatalogger-jHJlTUFZQcz6ZRQhCjjxmw==/base.apk. target_sdk_version=30, uses_libraries=, library_path=/data/app/~~FKpSAV3uUsHd-pxcyGOdZQ==/org.kffs.habilisdatalogger-jHJlTUFZQcz6ZRQhCjjxmw==/lib/arm64:/data/app/~~FKpSAV3uUsHd-pxcyGOdZQ==/org.kffs.habilisdatalogger-jHJlTUFZQcz6ZRQhCjjxmw==/base.apk!/lib/arm64-v8a, permitted_path=/data:/mnt/expand:/data/user/0/org.kffs.habilisdatalogger
06-12 23:10:47.808 26676 26676 V GraphicsEnvironment: ANGLE GameManagerService for org.kffs.habilisdatalogger: false
06-12 23:10:47.808 26676 26676 V GraphicsEnvironment: org.kffs.habilisdatalogger is not listed in per-application setting
06-12 23:10:47.819  1948  4122 I UiModeManager: systemserver package:org.kffs.habilisdatalogger null
06-12 23:10:47.820 26676 26676 I ForceDarkHelperStubImpl: initialize for org.kffs.habilisdatalogger , ForceDarkAppConfig: null
06-12 23:10:47.869  1948  4122 I ClipboardServiceI: checkProviderWakePathForClipboard: org.kffs.habilisdataloggeris not a activePermissionOwner
06-12 23:10:47.884 26676 26676 V SDL     : Device: taoyao
06-12 23:10:47.884 26676 26676 V SDL     : Model: 2203129G
06-12 23:10:47.884 26676 26676 V SDL     : onCreate()
06-12 23:10:47.898 13186 13275 D MiuiFullScreenTaskRepository: setFocusedTask taskId=646, displayId=0, topActivity=ComponentInfo{org.kffs.habilisdatalogger/org.kivy.android.PythonActivity}
06-12 23:10:47.898 13186 13275 D MiuiFullScreenTaskRepository: addOrUpdateFullScreenTaskInfo taskId=646, topActivity=ComponentInfo{org.kffs.habilisdatalogger/org.kivy.android.PythonActivity}
06-12 23:10:47.899 26676 26676 V SDL     : getting identifier
06-12 23:10:47.899 26676 26676 V SDL     : kind is layout and name lottie
06-12 23:10:47.893 26676 26676 W bilisdatalogger: type=1400 audit(0.0:451374): avc:  denied  { read } for  name="u:object_r:vendor_displayfeature_prop:s0" dev="tmpfs" ino=12777 scontext=u:r:untrusted_app_30:s0:c109,c257,c512,c768 tcontext=u:object_r:vendor_displayfeature_prop:s0 tclass=file permissive=0 app=org.kffs.habilisdatalogger
06-12 23:10:47.899 26676 26676 V SDL     : result is 0
06-12 23:10:47.899 26676 26676 V SDL     : couldn't find lottie layout or animation, trying static splash
06-12 23:10:47.899 26676 26676 V SDL     : getting identifier
06-12 23:10:47.899 26676 26676 V SDL     : kind is drawable and name presplash
06-12 23:10:47.899 26676 26676 V SDL     : result is 2130771969
06-12 23:10:47.909 26676 26676 V SDL     : asked to get string presplash_color
06-12 23:10:47.910 26676 26676 V SDL     : getting identifier
06-12 23:10:47.910 26676 26676 V SDL     : kind is string and name presplash_color
06-12 23:10:47.910 26676 26676 V SDL     : result is 2131034113
06-12 23:10:47.938 26676 26716 V pythonutil: Unpacking private app
06-12 23:10:47.938 26676 26676 V SDL     : onStart()
06-12 23:10:47.939 26676 26716 V pythonutil: Data version is b5e283a23594910a28f5a4e975222174c1220919
06-12 23:10:47.951 26676 26716 V pythonutil: Unpacking /data/app/~~FKpSAV3uUsHd-pxcyGOdZQ==/org.kffs.habilisdatalogger-jHJlTUFZQcz6ZRQhCjjxmw==/lib/arm64/libpybundle app
06-12 23:10:47.951 26676 26716 V pythonutil: Data version is b5e283a23594910a28f5a4e975222174c1220919
06-12 23:10:48.068 26676 26676 V SDL     : onResume()
06-12 23:10:48.117  1948  2055 I AppsFilter: interaction: PackageSetting{e614b26 org.kffs.habilisdatalogger/10365} -> PackageSetting{fea7e26 com.google.android.apps.subscriptions.red/10228} BLOCKED
06-12 23:10:48.117  1948  2055 I AppsFilter: interaction: PackageSetting{e614b26 org.kffs.habilisdatalogger/10365} -> PackageSetting{ab7a67 com.android.cts.priv.ctsshim/10278} BLOCKED
06-12 23:10:48.117  1948  2055 I AppsFilter: interaction: PackageSetting{e614b26 org.kffs.habilisdatalogger/10365} -> PackageSetting{af8b014 com.upside.consumer.android/10348} BLOCKED
06-12 23:10:48.117  1948  2055 I AppsFilter: interaction: PackageSetting{e614b26 org.kffs.habilisdatalogger/10365} -> PackageSetting{50140bd com.google.android.youtube/10225} BLOCKED
06-12 23:10:48.117  1948  2055 I AppsFilter: interaction: PackageSetting{e614b26 org.kffs.habilisdatalogger/10365} -> PackageSetting{27056b2 com.android.uwb.resources/10272} BLOCKED
06-12 23:10:48.117  1948  2055 I AppsFilter: interaction: PackageSetting{e614b26 org.kffs.habilisdatalogger/10365} -> PackageSetting{e8f4b27 com.android.internal.display.cutout.emulation.corner/10009} BLOCKED
06-12 23:10:48.117  1948  2055 I AppsFilter: interaction: PackageSetting{e614b26 org.kffs.habilisdatalogger/10365} -> PackageSetting{31311d4 com.android.internal.display.cutout.emulation.double/10010} BLOCKED
06-12 23:10:48.117  1948  2055 I AppsFilter: interaction: PackageSetting{e614b26 org.kffs.habilisdatalogger/10365} -> PackageSetting{3eb5603 com.google.android.googlequicksearchbox/10176} BLOCKED
06-12 23:10:48.117  1948  2055 I AppsFilter: interaction: PackageSetting{e614b26 org.kffs.habilisdatalogger/10365} -> PackageSetting{8bab980 cn.wps.xiaomi.abroad.lite/10297} BLOCKED
06-12 23:10:48.117  1948  2055 I AppsFilter: interaction: PackageSetting{e614b26 org.kffs.habilisdatalogger/10365} -> PackageSetting{5062bb9 com.google.android.apps.googleassistant/10169} BLOCKED
06-12 23:10:48.117  1948  2055 I AppsFilter: interaction: PackageSetting{e614b26 org.kffs.habilisdatalogger/10365} -> PackageSetting{f092bfe com.google.android.apps.docs.editors.docs/10339} BLOCKED
06-12 23:10:48.117  1948  2055 I AppsFilter: interaction: PackageSetting{e614b26 org.kffs.habilisdatalogger/10365} -> PackageSetting{6c34f5f com.google.android.onetimeinitializer/10143} BLOCKED
06-12 23:10:48.117  1948  2055 I AppsFilter: interaction: PackageSetting{e614b26 org.kffs.habilisdatalogger/10365} -> PackageSetting{5d1edac com.google.android.ext.shared/10120} BLOCKED
06-12 23:10:48.117  1948  2055 I AppsFilter: interaction: PackageSetting{e614b26 org.kffs.habilisdatalogger/10365} -> PackageSetting{9b8781f com.android.internal.systemui.navbar.gestural_wide_back/10063} BLOCKED
06-12 23:10:48.117  1948  2055 I AppsFilter: interaction: PackageSetting{e614b26 org.kffs.habilisdatalogger/10365} -> PackageSetting{fd4ca75 com.android.virtualmachine.res/10269} BLOCKED
06-12 23:10:48.117  1948  2055 I AppsFilter: interaction: PackageSetting{e614b26 org.kffs.habilisdatalogger/10365} -> PackageSetting{ec80a0a com.uvnv.mintsim/10326} BLOCKED
06-12 23:10:48.117  1948  2055 I AppsFilter: interaction: PackageSetting{e614b26 org.kffs.habilisdatalogger/10365} -> PackageSetting{bf7827b com.google.android.server.deviceconfig.resources/10266} BLOCKED
06-12 23:10:48.117  1948  2055 I AppsFilter: interaction: PackageSetting{e614b26 org.kffs.habilisdatalogger/10365} -> PackageSetting{8463898 com.android.htmlviewer/10101} BLOCKED
06-12 23:10:48.117  1948  2055 I AppsFilter: interaction: PackageSetting{e614b26 org.kffs.habilisdatalogger/10365} -> PackageSetting{8b498f1 com.whatsapp/10318} BLOCKED
06-12 23:10:48.117  1948  2055 I AppsFilter: interaction: PackageSetting{e614b26 org.kffs.habilisdatalogger/10365} -> PackageSetting{6e4bcd6 com.mtb.mbanking.sc.retail.prod/10349} BLOCKED
06-12 23:10:48.117  1948  2055 I AppsFilter: interaction: PackageSetting{e614b26 org.kffs.habilisdatalogger/10365} -> PackageSetting{471cb57 com.google.android.apps.docs.editors.sheets/10357} BLOCKED
06-12 23:10:48.117  1948  2055 I AppsFilter: interaction: PackageSetting{e614b26 org.kffs.habilisdatalogger/10365} -> PackageSetting{cb24644 com.google.android.health.connect.backuprestore/10276} BLOCKED
06-12 23:10:48.117  1948  2055 I AppsFilter: interaction: PackageSetting{e614b26 org.kffs.habilisdatalogger/10365} -> PackageSetting{5e8d32d com.google.android.apps.messaging/10175} BLOCKED
06-12 23:10:48.117  1948  2055 I AppsFilter: interaction: PackageSetting{e614b26 org.kffs.habilisdatalogger/10365} -> PackageSetting{647d062 com.sfr.android.sfrjeux/10166} BLOCKED
06-12 23:10:48.117  1948  2055 I AppsFilter: interaction: PackageSetting{e614b26 org.kffs.habilisdatalogger/10365} -> PackageSetting{bddc5f3 com.quicinc.voice.activation/10244} BLOCKED
06-12 23:10:48.117  1948  2055 I AppsFilter: interaction: PackageSetting{e614b26 org.kffs.habilisdatalogger/10365} -> PackageSetting{caf82b0 us.mitene/10334} BLOCKED
06-12 23:10:48.117  1948  2055 I AppsFilter: interaction: PackageSetting{e614b26 org.kffs.habilisdatalogger/10365} -> PackageSetting{4ac7529 com.ironsource.appcloud.oobe.hutchison/10139} BLOCKED
06-12 23:10:48.117  1948  2055 I AppsFilter: interaction: PackageSetting{e614b26 org.kffs.habilisdatalogger/10365} -> PackageSetting{fd690ae com.duolingo/10321} BLOCKED
06-12 23:10:48.117  1948  2055 I AppsFilter: interaction: PackageSetting{e614b26 org.kffs.habilisdatalogger/10365} -> PackageSetting{304ce4f com.google.android.configupdater/10138} BLOCKED
06-12 23:10:48.117  1948  2055 I AppsFilter: interaction: PackageSetting{e614b26 org.kffs.habilisdatalogger/10365} -> PackageSetting{194546e com.google.android.overlay.modules.permissioncontroller/10031} BLOCKED
06-12 23:10:48.117  1948  2055 I AppsFilter: interaction: PackageSetting{e614b26 org.kffs.habilisdatalogger/10365} -> PackageSetting{219dc com.android.soundrecorder/10310} BLOCKED
06-12 23:10:48.117  1948  2055 I AppsFilter: interaction: PackageSetting{e614b26 org.kffs.habilisdatalogger/10365} -> PackageSetting{ee3ae5 com.altice.android.myapps/10165} BLOCKED
06-12 23:10:48.117  1948  2055 I AppsFilter: interaction: PackageSetting{e614b26 org.kffs.habilisdatalogger/10365} -> PackageSetting{d7f09ba com.google.android.apps.safetyhub/10162} BLOCKED
06-12 23:10:48.117  1948  2055 I AppsFilter: interaction: PackageSetting{e614b26 org.kffs.habilisdatalogger/10365} -> PackageSetting{3ea006b com.mi.globalbrowser/10298} BLOCKED
06-12 23:10:48.118  1948  2055 I AppsFilter: interaction: PackageSetting{e614b26 org.kffs.habilisdatalogger/10365} -> PackageSetting{484f7c8 com.google.ar.core/10320} BLOCKED
06-12 23:10:48.118  1948  2055 I AppsFilter: interaction: PackageSetting{e614b26 org.kffs.habilisdatalogger/10365} -> PackageSetting{ccca061 com.android.simappdialog/10126} BLOCKED
06-12 23:10:48.118  1948  2055 I AppsFilter: interaction: PackageSetting{e614b26 org.kffs.habilisdatalogger/10365} -> PackageSetting{8040786 com.microsoft.skydrive/10311} BLOCKED
06-12 23:10:48.118  1948  2055 I AppsFilter: interaction: PackageSetting{e614b26 org.kffs.habilisdatalogger/10365} -> PackageSetting{ba63847 com.aura.oobe.vodafone/10140} BLOCKED
06-12 23:10:48.118  1948  2055 I AppsFilter: interaction: PackageSetting{e614b26 org.kffs.habilisdatalogger/10365} -> PackageSetting{a416907 com.android.internal.display.cutout.emulation.hole/10011} BLOCKED
06-12 23:10:48.118  1948  2055 I AppsFilter: interaction: PackageSetting{e614b26 org.kffs.habilisdatalogger/10365} -> PackageSetting{e440a34 com.android.internal.display.cutout.emulation.tall/10012} BLOCKED
06-12 23:10:48.118  1948  2055 I AppsFilter: interaction: PackageSetting{e614b26 org.kffs.habilisdatalogger/10365} -> PackageSetting{64c605d com.android.internal.systemui.navbar.threebutton/10059} BLOCKED
06-12 23:10:48.118  1948  2055 I AppsFilter: interaction: PackageSetting{e614b26 org.kffs.habilisdatalogger/10365} -> PackageSetting{8d5c874 us.zoom.videomeetings/10330} BLOCKED
06-12 23:10:48.118  1948  2055 I AppsFilter: interaction: PackageSetting{e614b26 org.kffs.habilisdatalogger/10365} -> PackageSetting{3d1e19d com.eken.doorbell/10361} BLOCKED
06-12 23:10:48.118  1948  2055 I AppsFilter: interaction: PackageSetting{e614b26 org.kffs.habilisdatalogger/10365} -> PackageSetting{f891612 com.android.wifi.dialog/10242} BLOCKED
06-12 23:10:48.118  1948  2055 I AppsFilter: interaction: PackageSetting{e614b26 org.kffs.habilisdatalogger/10365} -> PackageSetting{60411e3 com.android.hotwordenrollment.xgoogle/10146} BLOCKED
06-12 23:10:48.118  1948  2055 I AppsFilter: interaction: PackageSetting{e614b26 org.kffs.habilisdatalogger/10365} -> PackageSetting{5c0f7e0 com.usbank.mobilebanking/10355} BLOCKED
06-12 23:10:48.118  1948  2055 I AppsFilter: interaction: PackageSetting{e614b26 org.kffs.habilisdatalogger/10365} -> PackageSetting{5effa99 com.onedebit.chime/10328} BLOCKED
06-12 23:10:48.118  1948  2055 I AppsFilter: interaction: PackageSetting{e614b26 org.kffs.habilisdatalogger/10365} -> PackageSetting{de815e com.instagram.android/10335} BLOCKED
06-12 23:10:48.118  1948  2055 I AppsFilter: interaction: PackageSetting{e614b26 org.kffs.habilisdatalogger/10365} -> PackageSetting{6dbe93f com.google.android.as/10168} BLOCKED
06-12 23:10:48.118  1948  2055 I AppsFilter: interaction: PackageSetting{e614b26 org.kffs.habilisdatalogger/10365} -> PackageSetting{26db20c com.google.android.gm/10192} BLOCKED
06-12 23:10:48.118  1948  2055 I AppsFilter: interaction: PackageSetting{e614b26 org.kffs.habilisdatalogger/10365} -> PackageSetting{63ca755 com.google.android.apps.tachyon/10292} BLOCKED
06-12 23:10:48.119  1948  2055 I AppsFilter: interaction: PackageSetting{e614b26 org.kffs.habilisdatalogger/10365} -> PackageSetting{8b3052a com.google.android.overlay.gmsconfig.common/10019} BLOCKED
06-12 23:10:48.119  1948  2055 I AppsFilter: interaction: PackageSetting{e614b26 org.kffs.habilisdatalogger/10365} -> PackageSetting{38d556a com.android.settings.intelligence/10160} BLOCKED
06-12 23:10:48.119  1948  2055 I AppsFilter: interaction: PackageSetting{e614b26 org.kffs.habilisdatalogger/10365} -> PackageSetting{ef878b8 com.android.internal.systemui.navbar.gestural_extra_wide_back/10061} BLOCKED
06-12 23:10:48.120  1948  2055 I AppsFilter: interaction: PackageSetting{e614b26 org.kffs.habilisdatalogger/10365} -> PackageSetting{d2fda5b com.microsoft.office.outlook/10356} BLOCKED
06-12 23:10:48.120  1948  2055 I AppsFilter: interaction: PackageSetting{e614b26 org.kffs.habilisdatalogger/10365} -> PackageSetting{f49e2f8 com.miui.compass/10302} BLOCKED
06-12 23:10:48.120  1948  2055 I AppsFilter: interaction: PackageSetting{e614b26 org.kffs.habilisdatalogger/10365} -> PackageSetting{96d63d1 com.google.android.setupwizard/10251} BLOCKED
06-12 23:10:48.120  1948  2055 I AppsFilter: interaction: PackageSetting{e614b26 org.kffs.habilisdatalogger/10365} -> PackageSetting{ca35e36 com.miui.android.fashiongallery/10295} BLOCKED
06-12 23:10:48.120  1948  2055 I AppsFilter: interaction: PackageSetting{e614b26 org.kffs.habilisdatalogger/10365} -> PackageSetting{c07c137 com.facebook.services/10111} BLOCKED
06-12 23:10:48.120  1948  2055 I AppsFilter: interaction: PackageSetting{e614b26 org.kffs.habilisdatalogger/10365} -> PackageSetting{3b636a4 com.android.printspooler/10260} BLOCKED
06-12 23:10:48.120  1948  2055 I AppsFilter: interaction: PackageSetting{e614b26 org.kffs.habilisdatalogger/10365} -> PackageSetting{136c0d com.android.hotwordenrollment.okgoogle/10145} BLOCKED
06-12 23:10:48.120  1948  2055 I AppsFilter: interaction: PackageSetting{e614b26 org.kffs.habilisdatalogger/10365} -> PackageSetting{23f27c2 org.ifaa.aidl.manager/10129} BLOCKED
06-12 23:10:48.120  1948  2055 I AppsFilter: interaction: PackageSetting{e614b26 org.kffs.habilisdatalogger/10365} -> PackageSetting{50d39d3 com.android.dreams.basic/10115} BLOCKED
06-12 23:10:48.120  1948  2055 I AppsFilter: interaction: PackageSetting{e614b26 org.kffs.habilisdatalogger/10365} -> PackageSetting{a721910 com.google.android.as.oss/10173} BLOCKED
06-12 23:10:48.120  1948  2055 I AppsFilter: interaction: PackageSetting{e614b26 org.kffs.habilisdatalogger/10365} -> PackageSetting{897bc09 de.telekom.tsc/10112} BLOCKED
06-12 23:10:48.120  1948  2055 I AppsFilter: interaction: PackageSetting{e614b26 org.kffs.habilisdatalogger/10365} -> PackageSetting{bdbfe0e com.android.rkpdapp/10268} BLOCKED
06-12 23:10:48.120  1948  2055 I AppsFilter: interaction: PackageSetting{e614b26 org.kffs.habilisdatalogger/10365} -> PackageSetting{e7a02f com.google.android.dialer/10172} BLOCKED
06-12 23:10:48.120  1948  2055 I AppsFilter: interaction: PackageSetting{e614b26 org.kffs.habilisdatalogger/10365} -> PackageSetting{8c7b63c com.creditkarma.mobile/10340} BLOCKED
06-12 23:10:48.120  1948  2055 I AppsFilter: interaction: PackageSetting{e614b26 org.kffs.habilisdatalogger/10365} -> PackageSetting{4f70fc5 com.timehop/10329} BLOCKED
06-12 23:10:48.120  1948  2055 I AppsFilter: interaction: PackageSetting{e614b26 org.kffs.habilisdatalogger/10365} -> PackageSetting{b5ded1a com.google.android.captiveportallogin/10119} BLOCKED
06-12 23:10:48.120  1948  2055 I AppsFilter: interaction: PackageSetting{e614b26 org.kffs.habilisdatalogger/10365} -> PackageSetting{158104b com.dropbox.android/10337} BLOCKED
06-12 23:10:48.120  1948  2055 I AppsFilter: interaction: PackageSetting{e614b26 org.kffs.habilisdatalogger/10365} -> PackageSetting{797f6e7 com.google.android.overlay.gmsconfig.comms/10079} BLOCKED
06-12 23:10:48.120  1948  2055 I AppsFilter: interaction: PackageSetting{e614b26 org.kffs.habilisdatalogger/10365} -> PackageSetting{698b294 com.google.android.overlay.gmsconfig.geotz/10021} BLOCKED
06-12 23:10:48.120  1948  2055 I AppsFilter: interaction: PackageSetting{e614b26 org.kffs.habilisdatalogger/10365} -> PackageSetting{c77fa28 com.google.android.appsearch.apk/10267} BLOCKED
06-12 23:10:48.120  1948  2055 I AppsFilter: interaction: PackageSetting{e614b26 org.kffs.habilisdatalogger/10365} -> PackageSetting{3de341 com.android.musicfx/10104} BLOCKED
06-12 23:10:48.120  1948  2055 I AppsFilter: interaction: PackageSetting{e614b26 org.kffs.habilisdatalogger/10365} -> PackageSetting{addc0e6 com.google.android.apps.docs/10307} BLOCKED
06-12 23:10:48.120  1948  2055 I AppsFilter: interaction: PackageSetting{e614b26 org.kffs.habilisdatalogger/10365} -> PackageSetting{9156627 com.google.android.apps.maps/10212} BLOCKED
06-12 23:10:48.120  1948  2055 I AppsFilter: interaction: PackageSetting{e614b26 org.kffs.habilisdatalogger/10365} -> PackageSetting{c6690d4 com.orange.update/10137} BLOCKED
06-12 23:10:48.120  1948  2055 I AppsFilter: interaction: PackageSetting{e614b26 org.kffs.habilisdatalogger/10365} -> PackageSetting{fc4727d com.google.android.webview/10208} BLOCKED
06-12 23:10:48.120  1948  2055 I AppsFilter: interaction: PackageSetting{e614b26 org.kffs.habilisdatalogger/10365} -> PackageSetting{632dbdf com.google.android.overlay.modules.documentsui/10030} BLOCKED
06-12 23:10:48.120  1948  2055 I AppsFilter: interaction: PackageSetting{e614b26 org.kffs.habilisdatalogger/10365} -> PackageSetting{b350572 com.amazon.appmanager/10313} BLOCKED
06-12 23:10:48.120  1948  2055 I AppsFilter: interaction: PackageSetting{e614b26 org.kffs.habilisdatalogger/10365} -> PackageSetting{5683dc3 com.google.android.contactkeys/10343} BLOCKED
06-12 23:10:48.120  1948  2055 I AppsFilter: interaction: PackageSetting{e614b26 org.kffs.habilisdatalogger/10365} -> PackageSetting{805e640 com.google.android.contacts/10229} BLOCKED
06-12 23:10:48.120  1948  2055 I AppsFilter: interaction: PackageSetting{e614b26 org.kffs.habilisdatalogger/10365} -> PackageSetting{c2ab979 com.android.chrome/10183} BLOCKED
06-12 23:10:48.120  1948  2055 I AppsFilter: interaction: PackageSetting{e614b26 org.kffs.habilisdatalogger/10365} -> PackageSetting{f4a06be com.huami.watch.hmwatchmanager/10338} BLOCKED
06-12 23:10:48.121  1948  2055 I AppsFilter: interaction: PackageSetting{e614b26 org.kffs.habilisdatalogger/10365} -> PackageSetting{586f31f com.android.wifi.resources/10283} BLOCKED
06-12 23:10:48.121  1948  2055 I AppsFilter: interaction: PackageSetting{e614b26 org.kffs.habilisdatalogger/10365} -> PackageSetting{183266c com.google.android.apps.walletnfcrel/10319} BLOCKED
06-12 23:10:48.121  1948  2055 I AppsFilter: interaction: PackageSetting{e614b26 org.kffs.habilisdatalogger/10365} -> PackageSetting{e147435 com.google.android.partnersetup/10144} BLOCKED
06-12 23:10:48.121  1948  2055 I AppsFilter: interaction: PackageSetting{e614b26 org.kffs.habilisdatalogger/10365} -> PackageSetting{c3203ad com.google.android.overlay.gmsconfig.asi/10080} BLOCKED
06-12 23:10:48.121  1948  2055 I AppsFilter: interaction: PackageSetting{e614b26 org.kffs.habilisdatalogger/10365} -> PackageSetting{33876e2 com.google.android.overlay.gmsconfig.gsa/10020} BLOCKED
06-12 23:10:48.121  1948  2055 I AppsFilter: interaction: PackageSetting{e614b26 org.kffs.habilisdatalogger/10365} -> PackageSetting{80faa73 com.android.theme.font.notoserifsource/10015} BLOCKED
06-12 23:10:48.121  1948  2055 I AppsFilter: interaction: PackageSetting{e614b26 org.kffs.habilisdatalogger/10365} -> PackageSetting{1bd0ca com.google.android.safetycenter.resources/10270} BLOCKED
06-12 23:10:48.121  1948  2055 I AppsFilter: interaction: PackageSetting{e614b26 org.kffs.habilisdatalogger/10365} -> PackageSetting{1982da9 com.android.internal.display.cutout.emulation.waterfall/10018} BLOCKED
06-12 23:10:48.121  1948  2055 I AppsFilter: interaction: PackageSetting{e614b26 org.kffs.habilisdatalogger/10365} -> PackageSetting{bb1a23b com.netflix.mediaclient/10316} BLOCKED
06-12 23:10:48.121  1948  2055 I AppsFilter: interaction: PackageSetting{e614b26 org.kffs.habilisdatalogger/10365} -> PackageSetting{db07acf com.android.internal.systemui.navbar.transparent/10078} BLOCKED
06-12 23:10:48.121  1948  2055 I AppsFilter: interaction: PackageSetting{e614b26 org.kffs.habilisdatalogger/10365} -> PackageSetting{eb23d58 com.miui.notes/10299} BLOCKED
06-12 23:10:48.121  1948  2055 I AppsFilter: interaction: PackageSetting{e614b26 org.kffs.habilisdatalogger/10365} -> PackageSetting{aa51eb1 com.zhiliaoapp.musically/10324} BLOCKED
06-12 23:10:48.121  1948  2055 I AppsFilter: interaction: PackageSetting{e614b26 org.kffs.habilisdatalogger/10365} -> PackageSetting{58e2f96 com.google.android.connectivity.resources/10282} BLOCKED
06-12 23:10:48.121  1948  2055 I AppsFilter: interaction: PackageSetting{e614b26 org.kffs.habilisdatalogger/10365} -> PackageSetting{40e2717 com.google.android.feedback/10238} BLOCKED
06-12 23:10:48.121  1948  2055 I AppsFilter: interaction: PackageSetting{e614b26 org.kffs.habilisdatalogger/10365} -> PackageSetting{cb9d704 com.google.android.printservice.recommendation/10124} BLOCKED
06-12 23:10:48.121  1948  2055 I AppsFilter: interaction: PackageSetting{e614b26 org.kffs.habilisdatalogger/10365} -> PackageSetting{bbbf4ed com.xiaomi.midrop/10291} BLOCKED
06-12 23:10:48.121  1948  2055 I AppsFilter: interaction: PackageSetting{e614b26 org.kffs.habilisdatalogger/10365} -> PackageSetting{ff5af22 com.google.android.apps.photos/10300} BLOCKED
06-12 23:10:48.121  1948  2055 I AppsFilter: interaction: PackageSetting{e614b26 org.kffs.habilisdatalogger/10365} -> PackageSetting{832c2ab com.google.android.calendar/10226} BLOCKED
06-12 23:10:48.121  1948  2055 I AppsFilter: interaction: PackageSetting{e614b26 org.kffs.habilisdatalogger/10365} -> PackageSetting{d441db3 com.spotify.music/10314} BLOCKED
06-12 23:10:48.121  1948  2055 I AppsFilter: interaction: PackageSetting{e614b26 org.kffs.habilisdatalogger/10365} -> PackageSetting{27f5f70 com.google.android.apps.googlevoice/10315} BLOCKED
06-12 23:10:48.121  1948  2055 I AppsFilter: interaction: PackageSetting{e614b26 org.kffs.habilisdatalogger/10365} -> PackageSetting{feff2e9 com.tencent.soter.soterserver/10134} BLOCKED
06-12 23:10:48.121  1948  2055 I AppsFilter: interaction: PackageSetting{e614b26 org.kffs.habilisdatalogger/10365} -> PackageSetting{e639b6e com.google.android.documentsui/10100} BLOCKED
06-12 23:10:48.121  1948  2055 I AppsFilter: interaction: PackageSetting{e614b26 org.kffs.habilisdatalogger/10365} -> PackageSetting{eb81663 com.miui.permissioncontroller.overlay/10047} BLOCKED
06-12 23:10:48.121  1948  2055 I AppsFilter: interaction: PackageSetting{e614b26 org.kffs.habilisdatalogger/10365} -> PackageSetting{ed8e20f com.android.dreams.phototable/10200} BLOCKED
06-12 23:10:48.121  1948  2055 I AppsFilter: interaction: PackageSetting{e614b26 org.kffs.habilisdatalogger/10365} -> PackageSetting{dd3029c com.google.android.accessibility.switchaccess/10206} BLOCKED
06-12 23:10:48.121  1948  2055 I AppsFilter: interaction: PackageSetting{e614b26 org.kffs.habilisdatalogger/10365} -> PackageSetting{e4bd4a5 com.facebook.katana/10317} BLOCKED
06-12 23:10:48.121  1948  2055 I AppsFilter: interaction: PackageSetting{e614b26 org.kffs.habilisdatalogger/10365} -> PackageSetting{db2007a com.android.providers.partnerbookmarks/10125} BLOCKED
06-12 23:10:48.121  1948  2055 I AppsFilter: interaction: PackageSetting{e614b26 org.kffs.habilisdatalogger/10365} -> PackageSetting{94b902b com.android.smspush/10261} BLOCKED
06-12 23:10:48.121  1948  2055 I AppsFilter: interaction: PackageSetting{e614b26 org.kffs.habilisdatalogger/10365} -> PackageSetting{75bac88 com.miui.calculator/10309} BLOCKED
06-12 23:10:48.121  1948  2055 I AppsFilter: interaction: PackageSetting{e614b26 org.kffs.habilisdatalogger/10365} -> PackageSetting{9ca1621 com.android.wallpaper.livepicker/10103} BLOCKED
06-12 23:10:48.121  1948  2055 I AppsFilter: interaction: PackageSetting{e614b26 org.kffs.habilisdatalogger/10365} -> PackageSetting{c4faa46 com.android.apps.tag/10109} BLOCKED
06-12 23:10:48.121  1948  2055 I AppsFilter: interaction: PackageSetting{e614b26 org.kffs.habilisdatalogger/10365} -> PackageSetting{bf10407 com.facebook.orca/10322} BLOCKED
06-12 23:10:48.121  1948  2055 I AppsFilter: interaction: PackageSetting{e614b26 org.kffs.habilisdatalogger/10365} -> PackageSetting{9430934 com.mercury.bank/10336} BLOCKED
06-12 23:10:48.121  1948  2055 I AppsFilter: interaction: PackageSetting{e614b26 org.kffs.habilisdatalogger/10365} -> PackageSetting{90f35d com.android.imsserviceentitlement/10148} BLOCKED
06-12 23:10:48.121  1948  2055 I AppsFilter: interaction: PackageSetting{e614b26 org.kffs.habilisdatalogger/10365} -> PackageSetting{ecc24d2 com.facebook.system/10110} BLOCKED
06-12 23:10:48.121  1948  2055 I AppsFilter: interaction: PackageSetting{e614b26 org.kffs.habilisdatalogger/10365} -> PackageSetting{c8fd9a3 com.google.android.healthconnect.controller/10275} BLOCKED
06-12 23:10:48.121  1948  2055 I AppsFilter: interaction: PackageSetting{e614b26 org.kffs.habilisdatalogger/10365} -> PackageSetting{4a184a0 com.venmo/10332} BLOCKED
06-12 23:10:48.121  1948  2055 I AppsFilter: interaction: PackageSetting{e614b26 org.kffs.habilisdatalogger/10365} -> PackageSetting{2ee6859 com.android.bookmarkprovider/10113} BLOCKED
06-12 23:10:48.121  1948  2055 I AppsFilter: interaction: PackageSetting{e614b26 org.kffs.habilisdatalogger/10365} -> PackageSetting{123bc1e com.miui.weather2/10294} BLOCKED
06-12 23:10:48.121  1948  2055 I AppsFilter: interaction: PackageSetting{e614b26 org.kffs.habilisdatalogger/10365} -> PackageSetting{cbc6cff com.ascendo.android.dictionary.de.free/10331} BLOCKED
06-12 23:10:48.121  1948  2055 I AppsFilter: interaction: PackageSetting{e614b26 org.kffs.habilisdatalogger/10365} -> PackageSetting{1aa4acc org.mipay.android.manager/10132} BLOCKED
06-12 23:10:48.121  1948  2055 I AppsFilter: interaction: PackageSetting{e614b26 org.kffs.habilisdatalogger/10365} -> PackageSetting{e143115 com.strava/10325} BLOCKED
06-12 23:10:48.121  1948  2055 I AppsFilter: interaction: PackageSetting{e614b26 org.kffs.habilisdatalogger/10365} -> PackageSetting{6d31836 com.google.android.projection.gearhead/10136} BLOCKED
06-12 23:10:48.121  1948  2055 I AppsFilter: interaction: PackageSetting{e614b26 org.kffs.habilisdatalogger/10365} -> PackageSetting{cb7c2a com.xiaomi.scanner/10290} BLOCKED
06-12 23:10:48.121  1948  2055 I AppsFilter: interaction: PackageSetting{e614b26 org.kffs.habilisdatalogger/10365} -> PackageSetting{8f4da1b com.google.android.apps.turbo/10161} BLOCKED
06-12 23:10:48.121  1948  2055 I AppsFilter: interaction: PackageSetting{e614b26 org.kffs.habilisdatalogger/10365} -> PackageSetting{69747b8 com.google.android.safetycore/10342} BLOCKED
06-12 23:10:48.122  1948  2055 I AppsFilter: interaction: PackageSetting{e614b26 org.kffs.habilisdatalogger/10365} -> PackageSetting{693c991 com.google.android.apps.chromecast.app/10341} BLOCKED
06-12 23:10:48.122  1948  2055 I AppsFilter: interaction: PackageSetting{e614b26 org.kffs.habilisdatalogger/10365} -> PackageSetting{905f337 com.android.cts.ctsshim/10279} BLOCKED
06-12 23:10:48.122  1948  2055 I AppsFilter: interaction: PackageSetting{e614b26 org.kffs.habilisdatalogger/10365} -> PackageSetting{b7d30f6 com.miui.mediaeditor/10301} BLOCKED
06-12 23:10:48.122  1948  2055 I AppsFilter: interaction: PackageSetting{e614b26 org.kffs.habilisdatalogger/10365} -> PackageSetting{d7cfcf7 com.miui.yellowpage/10171} BLOCKED
06-12 23:10:48.122  1948  2055 I AppsFilter: interaction: PackageSetting{e614b26 org.kffs.habilisdatalogger/10365} -> PackageSetting{1552764 com.mi.global.shop/10296} BLOCKED
06-12 23:10:48.122  1948  2055 I AppsFilter: interaction: PackageSetting{e614b26 org.kffs.habilisdatalogger/10365} -> PackageSetting{e9a6dcd com.google.android.apps.setupwizard.searchselector/10174} BLOCKED
06-12 23:10:48.122  1948  2055 I AppsFilter: interaction: PackageSetting{e614b26 org.kffs.habilisdatalogger/10365} -> PackageSetting{ec36682 com.android.hotspot2.osulogin/10284} BLOCKED
06-12 23:10:48.122  1948  2055 I AppsFilter: interaction: PackageSetting{e614b26 org.kffs.habilisdatalogger/10365} -> PackageSetting{cfa7193 com.azure.authenticator/10327} BLOCKED
06-12 23:10:48.122  1948  2055 I AppsFilter: interaction: PackageSetting{e614b26 org.kffs.habilisdatalogger/10365} -> PackageSetting{fef55d0 com.google.android.gms.location.history/10181} BLOCKED
06-12 23:10:48.122  1948  2055 I AppsFilter: interaction: PackageSetting{e614b26 org.kffs.habilisdatalogger/10365} -> PackageSetting{b018bf2 com.android.internal.systemui.navbar.gestural/10060} BLOCKED
06-12 23:10:48.122  1948  2055 I AppsFilter: interaction: PackageSetting{e614b26 org.kffs.habilisdatalogger/10365} -> PackageSetting{7788243 com.google.android.overlay.gmsconfig.personalsafety/10025} BLOCKED
06-12 23:10:48.122  1948  2055 I AppsFilter: interaction: PackageSetting{e614b26 org.kffs.habilisdatalogger/10365} -> PackageSetting{3ed19c9 com.dti.bouyguestelecom/10163} BLOCKED
06-12 23:10:48.122  1948  2055 I AppsFilter: interaction: PackageSetting{e614b26 org.kffs.habilisdatalogger/10365} -> PackageSetting{44568ce com.android.bluetoothmidiservice/10114} BLOCKED
06-12 23:10:48.122  1948  2055 I AppsFilter: interaction: PackageSetting{e614b26 org.kffs.habilisdatalogger/10365} -> PackageSetting{4d093ef com.facebook.appmanager/10128} BLOCKED
06-12 23:10:48.122  1948  2055 I AppsFilter: interaction: PackageSetting{e614b26 org.kffs.habilisdatalogger/10365} -> PackageSetting{3bbfefc com.google.android.cellbroadcastreceiver/10285} BLOCKED
06-12 23:10:48.122  1948  2055 I AppsFilter: interaction: PackageSetting{e614b26 org.kffs.habilisdatalogger/10365} -> PackageSetting{1a48985 com.orange.aura.oobe/10159} BLOCKED
06-12 23:10:48.122  1948  2055 I AppsFilter: interaction: PackageSetting{e614b26 org.kffs.habilisdatalogger/10365} -> PackageSetting{f22a74a com.android.internal.systemui.navbar.gestural_narrow_back/10062} BLOCKED
06-12 23:10:48.122  1948  2055 I AppsFilter: interaction: PackageSetting{e614b26 org.kffs.habilisdatalogger/10365} -> PackageSetting{6d343da com.google.android.photopicker/10286} BLOCKED
06-12 23:10:48.122  1948  2055 I AppsFilter: interaction: PackageSetting{e614b26 org.kffs.habilisdatalogger/10365} -> PackageSetting{b3c800b cn.wps.moffice_eng/10312} BLOCKED
06-12 23:10:48.122  1948  2055 I AppsFilter: interaction: PackageSetting{e614b26 org.kffs.habilisdatalogger/10365} -> PackageSetting{b480ee8 com.miui.core/10215} BLOCKED
06-12 23:10:48.122  1948  2055 I AppsFilter: interaction: PackageSetting{e614b26 org.kffs.habilisdatalogger/10365} -> PackageSetting{1a93901 com.google.android.inputmethod.latin/10186} BLOCKED
06-12 23:10:48.122  1948  2055 I AppsFilter: interaction: PackageSetting{e614b26 org.kffs.habilisdatalogger/10365} -> PackageSetting{c31c3a6 com.amazon.kindle/10333} BLOCKED
06-12 23:10:48.122  1948  2055 I AppsFilter: interaction: PackageSetting{e614b26 org.kffs.habilisdatalogger/10365} -> PackageSetting{33111e7 com.google.android.apps.restore/10147} BLOCKED
06-12 23:10:48.138 26676 26676 I ForceDarkHelperStubImpl: setViewRootImplForceDark: false for org.kivy.android.PythonActivity@ad15687, reason: AppDarkModeEnable
06-12 23:10:48.189 26676 26676 V pythonutil: Checking pattern libsqlite3\.so against libSDL2.so
06-12 23:10:48.189 26676 26676 V pythonutil: Checking pattern libsqlite3\.so against libSDL2_ttf.so
06-12 23:10:48.189 26676 26676 V pythonutil: Checking pattern libsqlite3\.so against libpng16.so
06-12 23:10:48.189 26676 26676 V pythonutil: Checking pattern libsqlite3\.so against libfreetype.so
06-12 23:10:48.189 26676 26676 V pythonutil: Checking pattern libsqlite3\.so against libpython3.10.so
06-12 23:10:48.189 26676 26676 V pythonutil: Checking pattern libsqlite3\.so against libmain.so
06-12 23:10:48.189 26676 26676 V pythonutil: Checking pattern libsqlite3\.so against libffi.so
06-12 23:10:48.189 26676 26676 V pythonutil: Checking pattern libsqlite3\.so against libSDL2_image.so
06-12 23:10:48.189 26676 26676 V pythonutil: Checking pattern libsqlite3\.so against libcrypto.so
06-12 23:10:48.189 26676 26676 V pythonutil: Checking pattern libsqlite3\.so against libpythonbin.so
06-12 23:10:48.189 26676 26676 V pythonutil: Checking pattern libsqlite3\.so against libSDL2_mixer.so
06-12 23:10:48.189 26676 26676 V pythonutil: Checking pattern libsqlite3\.so against libssl.so
