05-29 20:47:55.247  4050  4050 I ConnectAnimFinishCallbackManager: clear leash = Surface(name=TL_Surface(name=Task=53667#54142)/@0x700898b_transition-leash#54187)/@0xd47c8fe, key = ComponentInfo{org.kffs.habilisdatalogger/org.kivy.android.PythonActivity}
05-29 20:47:55.309  4050  4516 E ActivityManagerWrapper: getRecentTasks: mainTaskId=53667   userId=0   windowMode=1   baseIntent=Intent { act=android.intent.action.MAIN flag=270532608 cmp=ComponentInfo{org.kffs.habilisdatalogger/org.kivy.android.PythonActivity} }
05-29 20:47:55.348  4050  4516 D WorldCirculate: getWorldCirculateInfo, taskInfo.baseIntent=Intent { act=android.intent.action.MAIN cat=[android.intent.category.LAUNCHER] flg=0x10200000 cmp=org.kffs.habilisdatalogger/org.kivy.android.PythonActivity }, displayId=-1, but get Display failed
05-29 20:47:55.423  4050  4516 E ActivityManagerWrapper: getRecentTasks: mainTaskId=53667   userId=0   windowMode=1   baseIntent=Intent { act=android.intent.action.MAIN flag=270532608 cmp=ComponentInfo{org.kffs.habilisdatalogger/org.kivy.android.PythonActivity} }
05-29 20:47:55.424  4050  4516 D WorldCirculate: getWorldCirculateInfo, taskInfo.baseIntent=Intent { act=android.intent.action.MAIN cat=[android.intent.category.LAUNCHER] flg=0x10200000 cmp=org.kffs.habilisdatalogger/org.kivy.android.PythonActivity }, displayId=-1, but get Display failed
05-29 20:48:02.426  3961  4230 I ##XLogger##: #&^Dk3r5xxfoSDs/3pOqTY5QezhaVVmxxHVDkJum7Dx5qGhF7cXV0OCFkWFL4zLb+gmJnZ7CE7Fo4wOom+Zdh99Ra7xC2ED+eRVq4R1/x5Thq7Hq+0LFnzXRHXVSVv2rnLiBQAvn3PRe6dmfCsaPfza2R8b5Ve3thqezphhMkzcJWg=!!WfxNhwAGiVXzrNz2ZX33vOV6SNUXQrNrF4xYYowy3xyh0oqSUPjE8VdJflKIMNTSkAgOq1Ip+cnxMul2C21yq8Y6cv646R8+f5CeOUctec8BqFqQ0RmiPJCtVyjB4lSDLlYs11TFPEV+yqzaaHWQqnQjBrZjGQ6tUexuVGewJyW+Xa0ImuHtXxLwd1YIlZ6E^&#
05-29 20:48:02.427  3961  4230 I ##XLogger##: #&^Dk3r5xxfoSDs/3pOqTY5QezhaVVmxxHVDkJum7Dx5qGhF7cXV0OCFkWFL4zLb+gmJnZ7CE7Fo4wOom+Zdh99Ra7xC2ED+eRVq4R1/x5Thq7Hq+0LFnzXRHXVSVv2rnLiBQAvn3PRe6dmfCsaPfza2R8b5Ve3thqezphhMkzcJWg=!!WfxNhwAGiVXzrNz2ZX33vOV6SNUXQrNrF4xYYowy3xyh0oqSUPjE8VdJflKIMNTSkAgOq1Ip+cnxMul2C21yq8Y6cv646R8+f5CeOUctec8BqFqQ0RmiPJCtVyjB4lSDLlYs11TFPEV+yqzaaHWQqjXFuuyLh69bXW8RlGxVk8pDtrfpj/f1zscjAGlkJUe3^&#
05-29 20:48:02.427  3961  4230 I ##XLogger##: #&^Dk3r5xxfoSDs/3pOqTY5QezhaVVmxxHVDkJum7Dx5qGhF7cXV0OCFkWFL4zLb+gmJnZ7CE7Fo4wOom+Zdh99Ra7xC2ED+eRVq4R1/x5Thq7Hq+0LFnzXRHXVSVv2rnLiBQAvn3PRe6dmfCsaPfza2R8b5Ve3thqezphhMkzcJWg=!!WfxNhwAGiVXzrNz2ZX33vOV6SNUXQrNrF4xYYowy3xyh0oqSUPjE8VdJflKIMNTSkAgOq1Ip+cnxMul2C21yq8Y6cv646R8+f5CeOUctec8BqFqQ0RmiPJCtVyjB4lSDLlYs11TFPEV+yqzaaHWQqkRgDEr5n4YzoGKYGjSoGlKMs4GV87L2cZMg58Cb/TcOU5V+qzZqNwkzohU/emwBAw==^&#
05-29 20:48:02.428  3961  4230 I ##XLogger##: #&^Dk3r5xxfoSDs/3pOqTY5QezhaVVmxxHVDkJum7Dx5qGhF7cXV0OCFkWFL4zLb+gmJnZ7CE7Fo4wOom+Zdh99Ra7xC2ED+eRVq4R1/x5Thq7Hq+0LFnzXRHXVSVv2rnLiBQAvn3PRe6dmfCsaPfza2R8b5Ve3thqezphhMkzcJWg=!!WfxNhwAGiVXzrNz2ZX33vOV6SNUXQrNrF4xYYowy3xyh0oqSUPjE8VdJflKIMNTSkAgOq1Ip+cnxMul2C21yq8Y6cv646R8+f5CeOUctec8BqFqQ0RmiPJCtVyjB4lSDLlYs11TFPEV+yqzaaHWQqm/JtYBRmCF60/v8PDKkcKdqhrFyvHxpSFBgKZ1ho9vR2tsV9qybeJ0hlyTE/jh5eA==^&#
05-29 20:48:07.734  4050  4516 E ActivityManagerWrapper: getRecentTasks: mainTaskId=53667   userId=0   windowMode=1   baseIntent=Intent { act=android.intent.action.MAIN flag=270532608 cmp=ComponentInfo{org.kffs.habilisdatalogger/org.kivy.android.PythonActivity} }
05-29 20:48:07.763  4050  4516 D WorldCirculate: getWorldCirculateInfo, taskInfo.baseIntent=Intent { act=android.intent.action.MAIN cat=[android.intent.category.LAUNCHER] flg=0x10200000 cmp=org.kffs.habilisdatalogger/org.kivy.android.PythonActivity }, displayId=-1, but get Display failed
05-29 20:48:07.865  4050  4516 E ActivityManagerWrapper: getRecentTasks: mainTaskId=53667   userId=0   windowMode=1   baseIntent=Intent { act=android.intent.action.MAIN flag=270532608 cmp=ComponentInfo{org.kffs.habilisdatalogger/org.kivy.android.PythonActivity} }
05-29 20:48:07.866  4050  4516 D WorldCirculate: getWorldCirculateInfo, taskInfo.baseIntent=Intent { act=android.intent.action.MAIN cat=[android.intent.category.LAUNCHER] flg=0x10200000 cmp=org.kffs.habilisdatalogger/org.kivy.android.PythonActivity }, displayId=-1, but get Display failed
05-29 20:48:11.220  4050  4516 E ActivityManagerWrapper: getRecentTasks: mainTaskId=53667   userId=0   windowMode=1   baseIntent=Intent { act=android.intent.action.MAIN flag=270532608 cmp=ComponentInfo{org.kffs.habilisdatalogger/org.kivy.android.PythonActivity} }
05-29 20:48:11.223  4050  4516 D WorldCirculate: getWorldCirculateInfo, taskInfo.baseIntent=Intent { act=android.intent.action.MAIN cat=[android.intent.category.LAUNCHER] flg=0x10200000 cmp=org.kffs.habilisdatalogger/org.kivy.android.PythonActivity }, displayId=-1, but get Display failed
05-29 20:48:11.257  4050  4516 E ActivityManagerWrapper: getRecentTasks: mainTaskId=53667   userId=0   windowMode=1   baseIntent=Intent { act=android.intent.action.MAIN flag=270532608 cmp=ComponentInfo{org.kffs.habilisdatalogger/org.kivy.android.PythonActivity} }
05-29 20:48:11.258  4050  4516 D WorldCirculate: getWorldCirculateInfo, taskInfo.baseIntent=Intent { act=android.intent.action.MAIN cat=[android.intent.category.LAUNCHER] flg=0x10200000 cmp=org.kffs.habilisdatalogger/org.kivy.android.PythonActivity }, displayId=-1, but get Display failed
05-29 20:48:14.738  4050  4516 E ActivityManagerWrapper: getRecentTasks: mainTaskId=53667   userId=0   windowMode=1   baseIntent=Intent { act=android.intent.action.MAIN flag=270532608 cmp=ComponentInfo{org.kffs.habilisdatalogger/org.kivy.android.PythonActivity} }
05-29 20:48:14.767  4050  4516 D WorldCirculate: getWorldCirculateInfo, taskInfo.baseIntent=Intent { act=android.intent.action.MAIN cat=[android.intent.category.LAUNCHER] flg=0x10200000 cmp=org.kffs.habilisdatalogger/org.kivy.android.PythonActivity }, displayId=-1, but get Display failed
05-29 20:48:25.940  4050  4050 D TaskView: TaskView bind task, task=[TaskKey{id=53667, stackId=0, baseIntent=Intent { act=android.intent.action.MAIN cat=[android.intent.category.LAUNCHER] flg=0x10200000 cmp=org.kffs.habilisdatalogger/org.kivy.android.PythonActivity }, userId=0, lastActiveTime=432732917, windowingMode=1, isThumbnailBlur=false, isScreening=false, topActivity=null, mHashCode=1599717149}, title=Habilis Data Logger, titleDescription=Habilis Data Logger, bounds=null, isLaunchTarget=false, isStackTask=true, isSystemApp=false, isDockable=true, baseActivity=null, isLocked=false, isAccessLocked=false, mNeedHide=false, hasMultipleTasks=false, cti1Key=, cti2Key=] , isLock=false
05-29 20:48:25.940  4050  4050 D TaskViewThumbnail: setThumbnail, t=[TaskKey{id=53667, stackId=0, baseIntent=Intent { act=android.intent.action.MAIN cat=[android.intent.category.LAUNCHER] flg=0x10200000 cmp=org.kffs.habilisdatalogger/org.kivy.android.PythonActivity }, userId=0, lastActiveTime=432732917, windowingMode=1, isThumbnailBlur=false, isScreening=false, topActivity=null, mHashCode=1599717149}, title=Habilis Data Logger, titleDescription=Habilis Data Logger, bounds=null, isLaunchTarget=false, isStackTask=true, isSystemApp=false, isDockable=true, baseActivity=null, isLocked=false, isAccessLocked=false, mNeedHide=false, hasMultipleTasks=false, cti1Key=, cti2Key=] , mThumbnailInfo=com.android.systemui.shared.recents.model.TaskThumbnailInfo@d319643, mThumbnailBitmapRect=Rect(0, 0 - 1080, 2270)
05-29 20:48:25.941  4050  4050 D TaskViewThumbnail: updateThumbnailScale, t=[TaskKey{id=53667, stackId=0, baseIntent=Intent { act=android.intent.action.MAIN cat=[android.intent.category.LAUNCHER] flg=0x10200000 cmp=org.kffs.habilisdatalogger/org.kivy.android.PythonActivity }, userId=0, lastActiveTime=432732917, windowingMode=1, isThumbnailBlur=false, isScreening=false, topActivity=null, mHashCode=1599717149}, title=Habilis Data Logger, titleDescription=Habilis Data Logger, bounds=null, isLaunchTarget=false, isStackTask=true, isSystemApp=false, isDockable=true, baseActivity=null, isLocked=false, isAccessLocked=false, mNeedHide=false, hasMultipleTasks=false, cti1Key=, cti2Key=] , mThumbnailBitmapSizeAfterScaled=(469, 985)
05-29 20:48:25.942  4050  4050 D TaskView: TaskView bind task, task=[TaskKey{id=53667, stackId=0, baseIntent=Intent { act=android.intent.action.MAIN cat=[android.intent.category.LAUNCHER] flg=0x10200000 cmp=org.kffs.habilisdatalogger/org.kivy.android.PythonActivity }, userId=0, lastActiveTime=432732917, windowingMode=1, isThumbnailBlur=false, isScreening=false, topActivity=null, mHashCode=1599717149}, title=Habilis Data Logger, titleDescription=Habilis Data Logger, bounds=null, isLaunchTarget=false, isStackTask=true, isSystemApp=false, isDockable=true, baseActivity=null, isLocked=false, isAccessLocked=false, mNeedHide=false, hasMultipleTasks=false, cti1Key=, cti2Key=] , isLock=false
05-29 20:48:25.942  4050  4050 D TaskViewThumbnail: setThumbnail, t=[TaskKey{id=53667, stackId=0, baseIntent=Intent { act=android.intent.action.MAIN cat=[android.intent.category.LAUNCHER] flg=0x10200000 cmp=org.kffs.habilisdatalogger/org.kivy.android.PythonActivity }, userId=0, lastActiveTime=432732917, windowingMode=1, isThumbnailBlur=false, isScreening=false, topActivity=null, mHashCode=1599717149}, title=Habilis Data Logger, titleDescription=Habilis Data Logger, bounds=null, isLaunchTarget=false, isStackTask=true, isSystemApp=false, isDockable=true, baseActivity=null, isLocked=false, isAccessLocked=false, mNeedHide=false, hasMultipleTasks=false, cti1Key=, cti2Key=] , mThumbnailInfo=com.android.systemui.shared.recents.model.TaskThumbnailInfo@d319643, mThumbnailBitmapRect=Rect(0, 0 - 1080, 2270)
05-29 20:48:25.942  4050  4050 D TaskViewThumbnail: updateThumbnailScale, t=[TaskKey{id=53667, stackId=0, baseIntent=Intent { act=android.intent.action.MAIN cat=[android.intent.category.LAUNCHER] flg=0x10200000 cmp=org.kffs.habilisdatalogger/org.kivy.android.PythonActivity }, userId=0, lastActiveTime=432732917, windowingMode=1, isThumbnailBlur=false, isScreening=false, topActivity=null, mHashCode=1599717149}, title=Habilis Data Logger, titleDescription=Habilis Data Logger, bounds=null, isLaunchTarget=false, isStackTask=true, isSystemApp=false, isDockable=true, baseActivity=null, isLocked=false, isAccessLocked=false, mNeedHide=false, hasMultipleTasks=false, cti1Key=, cti2Key=] , mThumbnailBitmapSizeAfterScaled=(469, 985)
05-29 20:48:25.946  4050  4050 D TaskView: TaskView bind task, task=[TaskKey{id=53667, stackId=0, baseIntent=Intent { act=android.intent.action.MAIN cat=[android.intent.category.LAUNCHER] flg=0x10200000 cmp=org.kffs.habilisdatalogger/org.kivy.android.PythonActivity }, userId=0, lastActiveTime=432732917, windowingMode=1, isThumbnailBlur=false, isScreening=false, topActivity=null, mHashCode=1599717149}, title=Habilis Data Logger, titleDescription=Habilis Data Logger, bounds=null, isLaunchTarget=false, isStackTask=true, isSystemApp=false, isDockable=true, baseActivity=null, isLocked=false, isAccessLocked=false, mNeedHide=false, hasMultipleTasks=false, cti1Key=, cti2Key=] , isLock=false
05-29 20:48:25.946  4050  4050 D TaskViewThumbnail: setThumbnail, t=[TaskKey{id=53667, stackId=0, baseIntent=Intent { act=android.intent.action.MAIN cat=[android.intent.category.LAUNCHER] flg=0x10200000 cmp=org.kffs.habilisdatalogger/org.kivy.android.PythonActivity }, userId=0, lastActiveTime=432732917, windowingMode=1, isThumbnailBlur=false, isScreening=false, topActivity=null, mHashCode=1599717149}, title=Habilis Data Logger, titleDescription=Habilis Data Logger, bounds=null, isLaunchTarget=false, isStackTask=true, isSystemApp=false, isDockable=true, baseActivity=null, isLocked=false, isAccessLocked=false, mNeedHide=false, hasMultipleTasks=false, cti1Key=, cti2Key=] , mThumbnailInfo=com.android.systemui.shared.recents.model.TaskThumbnailInfo@d319643, mThumbnailBitmapRect=Rect(0, 0 - 1080, 2270)
05-29 20:48:25.946  4050  4050 D TaskViewThumbnail: updateThumbnailScale, t=[TaskKey{id=53667, stackId=0, baseIntent=Intent { act=android.intent.action.MAIN cat=[android.intent.category.LAUNCHER] flg=0x10200000 cmp=org.kffs.habilisdatalogger/org.kivy.android.PythonActivity }, userId=0, lastActiveTime=432732917, windowingMode=1, isThumbnailBlur=false, isScreening=false, topActivity=null, mHashCode=1599717149}, title=Habilis Data Logger, titleDescription=Habilis Data Logger, bounds=null, isLaunchTarget=false, isStackTask=true, isSystemApp=false, isDockable=true, baseActivity=null, isLocked=false, isAccessLocked=false, mNeedHide=false, hasMultipleTasks=false, cti1Key=, cti2Key=] , mThumbnailBitmapSizeAfterScaled=(469, 985)
05-29 20:48:26.037  4050  4050 D TaskView: TaskView bind task, task=[TaskKey{id=53667, stackId=0, baseIntent=Intent { act=android.intent.action.MAIN cat=[android.intent.category.LAUNCHER] flg=0x10200000 cmp=org.kffs.habilisdatalogger/org.kivy.android.PythonActivity }, userId=0, lastActiveTime=432732917, windowingMode=1, isThumbnailBlur=false, isScreening=false, topActivity=null, mHashCode=1599717149}, title=Habilis Data Logger, titleDescription=Habilis Data Logger, bounds=null, isLaunchTarget=false, isStackTask=true, isSystemApp=false, isDockable=true, baseActivity=null, isLocked=false, isAccessLocked=false, mNeedHide=false, hasMultipleTasks=false, cti1Key=, cti2Key=] , isLock=false
05-29 20:48:26.037  4050  4050 D TaskViewThumbnail: setThumbnail, t=[TaskKey{id=53667, stackId=0, baseIntent=Intent { act=android.intent.action.MAIN cat=[android.intent.category.LAUNCHER] flg=0x10200000 cmp=org.kffs.habilisdatalogger/org.kivy.android.PythonActivity }, userId=0, lastActiveTime=432732917, windowingMode=1, isThumbnailBlur=false, isScreening=false, topActivity=null, mHashCode=1599717149}, title=Habilis Data Logger, titleDescription=Habilis Data Logger, bounds=null, isLaunchTarget=false, isStackTask=true, isSystemApp=false, isDockable=true, baseActivity=null, isLocked=false, isAccessLocked=false, mNeedHide=false, hasMultipleTasks=false, cti1Key=, cti2Key=] , mThumbnailInfo=com.android.systemui.shared.recents.model.TaskThumbnailInfo@d319643, mThumbnailBitmapRect=Rect(0, 0 - 1080, 2270)
05-29 20:48:26.037  4050  4050 D TaskViewThumbnail: updateThumbnailScale, t=[TaskKey{id=53667, stackId=0, baseIntent=Intent { act=android.intent.action.MAIN cat=[android.intent.category.LAUNCHER] flg=0x10200000 cmp=org.kffs.habilisdatalogger/org.kivy.android.PythonActivity }, userId=0, lastActiveTime=432732917, windowingMode=1, isThumbnailBlur=false, isScreening=false, topActivity=null, mHashCode=1599717149}, title=Habilis Data Logger, titleDescription=Habilis Data Logger, bounds=null, isLaunchTarget=false, isStackTask=true, isSystemApp=false, isDockable=true, baseActivity=null, isLocked=false, isAccessLocked=false, mNeedHide=false, hasMultipleTasks=false, cti1Key=, cti2Key=] , mThumbnailBitmapSizeAfterScaled=(469, 985)
05-29 20:48:26.095  4050  4050 D TaskViewThumbnail: updateThumbnailScale, t=[TaskKey{id=53667, stackId=0, baseIntent=Intent { act=android.intent.action.MAIN cat=[android.intent.category.LAUNCHER] flg=0x10200000 cmp=org.kffs.habilisdatalogger/org.kivy.android.PythonActivity }, userId=0, lastActiveTime=432732917, windowingMode=1, isThumbnailBlur=false, isScreening=false, topActivity=null, mHashCode=1599717149}, title=Habilis Data Logger, titleDescription=Habilis Data Logger, bounds=null, isLaunchTarget=false, isStackTask=true, isSystemApp=false, isDockable=true, baseActivity=null, isLocked=false, isAccessLocked=false, mNeedHide=false, hasMultipleTasks=false, cti1Key=, cti2Key=] , mThumbnailBitmapSizeAfterScaled=(470, 987)
05-29 20:48:26.095  4050  4050 D TaskViewThumbnail: updateThumbnailScale, t=[TaskKey{id=53667, stackId=0, baseIntent=Intent { act=android.intent.action.MAIN cat=[android.intent.category.LAUNCHER] flg=0x10200000 cmp=org.kffs.habilisdatalogger/org.kivy.android.PythonActivity }, userId=0, lastActiveTime=432732917, windowingMode=1, isThumbnailBlur=false, isScreening=false, topActivity=null, mHashCode=1599717149}, title=Habilis Data Logger, titleDescription=Habilis Data Logger, bounds=null, isLaunchTarget=false, isStackTask=true, isSystemApp=false, isDockable=true, baseActivity=null, isLocked=false, isAccessLocked=false, mNeedHide=false, hasMultipleTasks=false, cti1Key=, cti2Key=] , mThumbnailBitmapSizeAfterScaled=(469, 985)
05-29 20:48:26.158  4050  4516 E ActivityManagerWrapper: getRecentTasks: mainTaskId=53667   userId=0   windowMode=1   baseIntent=Intent { act=android.intent.action.MAIN flag=270532608 cmp=ComponentInfo{org.kffs.habilisdatalogger/org.kivy.android.PythonActivity} }
05-29 20:48:26.163  4050  4516 D WorldCirculate: getWorldCirculateInfo, taskInfo.baseIntent=Intent { act=android.intent.action.MAIN cat=[android.intent.category.LAUNCHER] flg=0x10200000 cmp=org.kffs.habilisdatalogger/org.kivy.android.PythonActivity }, displayId=-1, but get Display failed
05-29 20:48:26.184  4050  4516 E ActivityManagerWrapper: getRecentTasks: mainTaskId=53667   userId=0   windowMode=1   baseIntent=Intent { act=android.intent.action.MAIN flag=270532608 cmp=ComponentInfo{org.kffs.habilisdatalogger/org.kivy.android.PythonActivity} }
05-29 20:48:26.185  4050  4516 D WorldCirculate: getWorldCirculateInfo, taskInfo.baseIntent=Intent { act=android.intent.action.MAIN cat=[android.intent.category.LAUNCHER] flg=0x10200000 cmp=org.kffs.habilisdatalogger/org.kivy.android.PythonActivity }, displayId=-1, but get Display failed
05-29 20:48:27.059  2054  7684 D WindowManager: Collecting in transition 3347: ActivityRecord{5da557b u0 org.kffs.habilisdatalogger/org.kivy.android.PythonActivity init visibleRequested:false
05-29 20:48:27.059  2054  7684 D WindowManager: setLockTaskAuth: task=Task{a421b19 #53667 type=standard A=10298:org.kffs.habilisdatalogger} mLockTaskAuth=LOCK_TASK_AUTH_PINNABLE
05-29 20:48:27.060  2054  7684 D MiuiFreeFormManagerService: onStartActivityInner as = Task{a421b19 #53667 type=standard A=10298:org.kffs.habilisdatalogger} op = ActivityOptions(203689880), mPackageName=null, mAnimationType=13, mStartX=0, mStartY=0, mWidth=0, mHeight=0, mLaunchDisplayId=-1, activityOptionsInjector=ActivityOptionsInjector={freeformScale: -1.0, miniFreeformMode: false, needAnimation: true, useCustomLaunchBounds:false}
05-29 20:48:27.062  2054  7684 W WindowManager: onSyncReparent mSyncState =2, mSyncGroup = com.android.server.wm.BLASTSyncEngine$SyncGroup@fab23f1 this: ActivityRecord{5da557b u0 org.kffs.habilisdatalogger/org.kivy.android.PythonActivity t-1}
05-29 20:48:27.065  2054  7684 D WindowManager: setLockTaskAuth: task=Task{a421b19 #53667 type=standard A=10298:org.kffs.habilisdatalogger} mLockTaskAuth=LOCK_TASK_AUTH_PINNABLE
05-29 20:48:27.065  2054  7684 D MiuiFreeFormManagerService: onStartActivityInner as = Task{a421b19 #53667 type=standard A=10298:org.kffs.habilisdatalogger} op = ActivityOptions(203689880), mPackageName=null, mAnimationType=13, mStartX=0, mStartY=0, mWidth=0, mHeight=0, mLaunchDisplayId=-1, activityOptionsInjector=ActivityOptionsInjector={freeformScale: -1.0, miniFreeformMode: false, needAnimation: true, useCustomLaunchBounds:false}
05-29 20:48:27.066  3889  3947 I DynamicDDSService: handleMessage(ACTIVITY_INVOKE{appInfo=org.kffs.habilisdatalogger isFullScreen=}true)
05-29 20:48:27.067  2054  7684 I ActivityTaskManager: resumeTopActivityInnerLocked topActivity:ActivityRecord{5da557b u0 org.kffs.habilisdatalogger/org.kivy.android.PythonActivity t53667} isFocusable:true this:Task{a421b19 #53667 type=standard A=10298:org.kffs.habilisdatalogger}
05-29 20:48:27.069  2054  7684 D WindowManager: Collecting in transition 3347: ActivityRecord{5da557b u0 org.kffs.habilisdatalogger/org.kivy.android.PythonActivity t53667} init visibleRequested:false
05-29 20:48:27.069  2054  7684 I ActivityRecordImpl: setReadyForStartingWindow activityRecord = ActivityRecord{5da557b u0 org.kffs.habilisdatalogger/org.kivy.android.PythonActivity t53667}
05-29 20:48:27.070  2054  7684 D WindowManager: Collecting in transition 3347: ActivityRecord{5da557b u0 org.kffs.habilisdatalogger/org.kivy.android.PythonActivity t53667} init visibleRequested:true
05-29 20:48:27.071  2054  7684 I ActivityTaskManager: START u0 {act=android.intent.action.MAIN cat=[android.intent.category.LAUNCHER] flg=0x10300000 cmp=org.kffs.habilisdatalogger/org.kivy.android.PythonActivity (has extras)} with LAUNCH_SINGLE_TASK from uid 10080 from pid -1 callingPackage com.miui.home (BAL_ALLOW_ALLOWLISTED_COMPONENT) result code=0
05-29 20:48:27.074  4004  4239 D WindowManagerShell: wct=WindowContainerTransaction { changes = {} hops = [] errorCallbackToken=null taskFragmentOrganizer=null }, hander=com.android.wm.shell.transition.SoScMixedHandler@d0e2f4e, transitionToken=android.os.BinderProxy@42b8c34, request=TransitionRequestInfo { type = OPEN, triggerTask = TaskInfo{userId=0 taskId=53667 displayId=0 isRunning=true baseIntent=Intent { act=android.intent.action.MAIN cat=[android.intent.category.LAUNCHER] flg=0x10300000 cmp=org.kffs.habilisdatalogger/org.kivy.android.PythonActivity } baseActivity=ComponentInfo{org.kffs.habilisdatalogger/org.kivy.android.PythonActivity} topActivity=ComponentInfo{org.kffs.habilisdatalogger/org.kivy.android.PythonActivity} origActivity=null realActivity=ComponentInfo{org.kffs.habilisdatalogger/org.kivy.android.PythonActivity} numActivities=1 lastActiveTime=432732917 supportsSplitScreenMultiWindow=true supportsMultiWindow=true resizeMode=1 isResizeable=true minWidth=-1 minHeight=-1 defaultMinSize=200 token=WCT{android.window.IWindowContainerToken$Stub$Proxy@f7aba5d} topActivityType=1 pictureInPictureParams=null shouldDockBigOverlays=false launchIntoPipHostTaskId=-1 lastParentTaskIdBeforePip=-1 displayCutoutSafeInsets=Rect(0, 98 - 0, 0) topActivityInfo=ActivityInfo{cf7dfd2 org.kivy.android.PythonActivity} launchCookies=[] positionInParent=Point(0, 0) parentTaskId=-1 isFocused=false isVisible=false isVisibleRequested=true isSleeping=false topActivityInSizeCompat=false topActivityInMiuiSizeCompat=false topActivityEligibleForLetterboxEducation= false topActivityLetterboxed= false isFromDoubleTap= false topActivityLetterboxVerticalPosition= -1 topActivityLetterboxHorizontalPosition= -1 topActivityLetterboxWidth=-1 topActivityLetterboxHeight=-1 locusId=null displayAreaFeatureId=1 cameraCompatControlState=hidden mIsCastMode=false mTopActivityMediaSize=null mTopActivityRecordName=ActivityRecord{5da557b u0 org.kffs.habilisdatalogger/org.kivy.android.PythonActivity t53667} mTopActivityOrientation=1 mTopActivityWindowIsNowVisible=false isTranslucent=false isEmbedded=false shouldBeVisible=true mBehindAppLockPkg=null mOriginatingUid=0}, remoteTransition = RemoteTransition { remoteTransition = android.window.IRemoteTransition$Stub$Proxy@a2878a3, appThread = null, debugName = null }, displayChange = null }
05-29 20:48:27.081  4004  4004 I FocusedNotifPromptContr: onTopActivityMayChanged: topActivity=org.kffs.habilisdatalogger
05-29 20:48:27.081  4004  4004 I FocusedNotifPromptContr: topActivityMayChanged: topActivity=org.kffs.habilisdatalogger
05-29 20:48:27.081  4004  4004 D KeyguardEditorHelper: onTopActivityMayChanged, topActivity=ComponentInfo{org.kffs.habilisdatalogger/org.kivy.android.PythonActivity}; mState=IDEL
05-29 20:48:27.087  2054  2363 I BLASTSyncEngine: SyncGroup 3347:  Unfinished container:ActivityRecord{5da557b u0 org.kffs.habilisdatalogger/org.kivy.android.PythonActivity t53667}
05-29 20:48:27.087  2054  2363 I ActivityRecordImpl: isReadyForStartingWindow topActivity = ActivityRecord{5da557b u0 org.kffs.habilisdatalogger/org.kivy.android.PythonActivity t53667} isLaunchSourceTypeHome = true topActivity.mStartingWindow = Window{d3d0e2d u0 Splash Screen org.kffs.habilisdatalogger}
05-29 20:48:27.087  2054  2363 I SmartPower: org.kffs.habilisdatalogger/10298(14593): died->visible(47662ms) R(become visible) adj=0.
05-29 20:48:27.087  2054  2363 D WindowManager: Final targets: [Task{a421b19 #53667 type=standard A=10298:org.kffs.habilisdatalogger}, Task{8b7be85 #1 type=home}]
05-29 20:48:27.089  2054  2363 D WindowManager: Calling onTransitionReady info={id=3347 t=OPEN f=0x0 trk=0 r=[0@Point(0, 0)] c=[{WCT{RemoteToken{aba0124 Task{a421b19 #53667 type=standard A=10298:org.kffs.habilisdatalogger}}} m=TO_FRONT f=MOVE_TO_TOP leash=Surface(name=Task=53667#54263)/@0x59139b0 sb=Rect(0, 0 - 1080, 2400) eb=Rect(0, 0 - 1080, 2400) d=0},{WCT{RemoteToken{c90cabe Task{8b7be85 #1 type=home}}} m=TO_BACK f=SHOW_WALLPAPER leash=Surface(name=Task=1#45)/@0x9160a40 sb=Rect(0, 0 - 1080, 2400) eb=Rect(0, 0 - 1080, 2400) d=0}] noAni=[false]}, mToken=Token{a809fae TransitionRecord{52ece57 id=3347 type=OPEN flags=0x0}}
05-29 20:48:27.090  4004  4239 D MiuiFullScreenTaskRepository: addOrUpdateFullScreenTaskInfo taskId=53667, topActivity=ComponentInfo{org.kffs.habilisdatalogger/org.kivy.android.PythonActivity}
05-29 20:48:27.098  4050  4050 D RemoteAnimationAdapterCompat: printLeash::taskInfo = TaskInfo{userId=0 taskId=53667 displayId=0 isRunning=true baseIntent=Intent { act=android.intent.action.MAIN cat=[android.intent.category.LAUNCHER] flg=0x10300000 cmp=org.kffs.habilisdatalogger/org.kivy.android.PythonActivity } baseActivity=ComponentInfo{org.kffs.habilisdatalogger/org.kivy.android.PythonActivity} topActivity=ComponentInfo{org.kffs.habilisdatalogger/org.kivy.android.PythonActivity} origActivity=null realActivity=ComponentInfo{org.kffs.habilisdatalogger/org.kivy.android.PythonActivity} numActivities=1 lastActiveTime=432732917 supportsSplitScreenMultiWindow=true supportsMultiWindow=true resizeMode=1 isResizeable=true minWidth=-1 minHeight=-1 defaultMinSize=200 token=WCT{android.window.IWindowContainerToken$Stub$Proxy@1749f04} topActivityType=1 pictureInPictureParams=null shouldDockBigOverlays=false launchIntoPipHostTaskId=-1 lastParentTaskIdBeforePip=-1 displayCutoutSafeInsets=Rect(0, 98 - 0, 0) topActivityInfo=ActivityInfo{8331ced org.kivy.android.PythonActivity} launchCookies=[] positionInParent=Point(0, 0) parentTaskId=-1 isFocused=false isVisible=true isVisibleRequested=true isSleeping=false topActivityInSizeCompat=false topActivityInMiuiSizeCompat=false topActivityEligibleForLetterboxEducation= false topActivityLetterboxed= false isFromDoubleTap= false topActivityLetterboxVerticalPosition= -1 topActivityLetterboxHorizontalPosition= -1 topActivityLetterboxWidth=-1 topActivityLetterboxHeight=-1 locusId=null displayAreaFeatureId=1 cameraCompatControlState=hidden mIsCastMode=false mTopActivityMediaSize=null mTopActivityRecordName=ActivityRecord{5da557b u0 org.kffs.habilisdatalogger/org.kivy.android.PythonActivity t53667} mTopActivityOrientation=1 mTopActivityWindowIsNowVisible=false isTranslucent=false isEmbedded=false shouldBeVisible=true mBehindAppLockPkg=null mOriginatingUid=0}
05-29 20:48:27.101  4004  4239 D MiuiFullScreenTaskRepository: addOrUpdateFullScreenTaskInfo taskId=53667, topActivity=ComponentInfo{org.kffs.habilisdatalogger/org.kivy.android.PythonActivity}
05-29 20:48:27.101  2054  2151 D CoreBackPreview: Window{d3d0e2d u0 Splash Screen org.kffs.habilisdatalogger}: Setting back callback OnBackInvokedCallbackInfo{mCallback=android.window.IOnBackInvokedCallback$Stub$Proxy@1a7936b, mPriority=0, mIsAnimationCallback=false}
05-29 20:48:27.108  4050  4050 E LauncherAnimationRunner: onAnimationStart:   target=RemoteAnimationTargetCompat{taskId=53667, mode=0, isTranslucent=false, clipRect=Rect(0, 0 - 0, 0), position=Point(0, 0), sourceContainerBounds=Rect(0, 0 - 1080, 2400), prefixOrderIndex=2, isNotInRecents=false, contentInsets=Rect(0, 0 - 0, 0), activityType=1, packageName=org.kffs.habilisdatalogger, startBounds=Rect(0, 0 - 1080, 2400), windowType=-1}
05-29 20:48:27.116  2054  2385 I ActivityManager: Start proc 16165:org.kffs.habilisdatalogger/u0a298 for top-activity {org.kffs.habilisdatalogger/org.kivy.android.PythonActivity} caller=com.miui.home
05-29 20:48:27.138  2054  2363 I WindowManager: wms.showSurfaceRobustly mWin:Window{d3d0e2d u0 Splash Screen org.kffs.habilisdatalogger}
05-29 20:48:27.139 16165 16165 E Zygote  : process_name_ptr:16165 org.kffs.habilisdatalogger
05-29 20:48:27.186  4050  4516 E ActivityManagerWrapper: getRecentTasks: mainTaskId=53667   userId=0   windowMode=1   baseIntent=Intent { act=android.intent.action.MAIN flag=271581184 cmp=ComponentInfo{org.kffs.habilisdatalogger/org.kivy.android.PythonActivity} }
05-29 20:48:27.202  4050  4516 E ActivityManagerWrapper: getRecentTasks: mainTaskId=53667   userId=0   windowMode=1   baseIntent=Intent { act=android.intent.action.MAIN flag=271581184 cmp=ComponentInfo{org.kffs.habilisdatalogger/org.kivy.android.PythonActivity} }
05-29 20:48:27.232  4004  4239 D MiuiFullScreenTaskRepository: addOrUpdateFullScreenTaskInfo taskId=53667, topActivity=ComponentInfo{org.kffs.habilisdatalogger/org.kivy.android.PythonActivity}
05-29 20:48:27.237  8252 20632 I ProcessMonitor: onForegroundInfoChanged: ForegroundInfo{mForegroundPackageName='org.kffs.habilisdatalogger', mForegroundUid=10298, mForegroundPid=16165, mLastForegroundPackageName='com.miui.home', mLastForegroundUid=10080, mLastForegroundPid=4050, mMultiWindowForegroundPackageName='org.kffs.habilisdatalogger', mMultiWindowForegroundUid=10298, mFlags=1}
05-29 20:48:27.239  9307 31745 D PerfEngineController: ForegroundInfo{mForegroundPackageName='org.kffs.habilisdatalogger', mForegroundUid=10298, mForegroundPid=16165, mLastForegroundPackageName='com.miui.home', mLastForegroundUid=10080, mLastForegroundPid=4050, mMultiWindowForegroundPackageName='org.kffs.habilisdatalogger', mMultiWindowForegroundUid=10298, mFlags=1}
05-29 20:48:27.239 10068 14277 I GST     : forePkg: org.kffs.habilisdatalogger, preForePkg: com.miui.home
05-29 20:48:27.242 27976 13381 D BluetoothLatencyMode: ForegroundInfo{mForegroundPackageName='org.kffs.habilisdatalogger', mForegroundUid=10298, mForegroundPid=16165, mLastForegroundPackageName='com.miui.home', mLastForegroundUid=10080, mLastForegroundPid=4050, mMultiWindowForegroundPackageName='org.kffs.habilisdatalogger', mMultiWindowForegroundUid=10298, mFlags=1}
05-29 20:48:27.244  4050 12424 D AppObserver: ForegroundInfo{mForegroundPackageName='org.kffs.habilisdatalogger', mForegroundUid=10298, mForegroundPid=16165, mLastForegroundPackageName='com.miui.home', mLastForegroundUid=10080, mLastForegroundPid=4050, mMultiWindowForegroundPackageName='org.kffs.habilisdatalogger', mMultiWindowForegroundUid=10298, mFlags=1}
05-29 20:48:27.244  8252 20632 I GameBoosterService: onForegroundInfoChanged: Cur=org.kffs.habilisdatalogger	 last=com.miui.home
05-29 20:48:27.245  8252 20632 D GameBoosterService: onGameStatusChange foreground:ForegroundInfo{mForegroundPackageName='org.kffs.habilisdatalogger', mForegroundUid=10298, mForegroundPid=16165, mLastForegroundPackageName='com.miui.home', mLastForegroundUid=10080, mLastForegroundPid=4050, mMultiWindowForegroundPackageName='org.kffs.habilisdatalogger', mMultiWindowForegroundUid=10298, mFlags=1}
05-29 20:48:27.251  8252 20632 I BeautyService: onForegroundInfoChanged: Cur=org.kffs.habilisdatalogger	 last=com.miui.home
05-29 20:48:27.311 16165 16165 D nativeloader: Configuring clns-4 for other apk /data/app/~~IESdjbLRY-XKw5z75ZY1mg==/org.kffs.habilisdatalogger-qOp-cGCb9R74WEOb8L7adA==/base.apk. target_sdk_version=33, uses_libraries=, library_path=/data/app/~~IESdjbLRY-XKw5z75ZY1mg==/org.kffs.habilisdatalogger-qOp-cGCb9R74WEOb8L7adA==/lib/arm64:/data/app/~~IESdjbLRY-XKw5z75ZY1mg==/org.kffs.habilisdatalogger-qOp-cGCb9R74WEOb8L7adA==/base.apk!/lib/arm64-v8a, permitted_path=/data:/mnt/expand:/data/user/0/org.kffs.habilisdatalogger
05-29 20:48:27.333 16165 16165 V GraphicsEnvironment: ANGLE GameManagerService for org.kffs.habilisdatalogger: false
05-29 20:48:27.333 16165 16165 V GraphicsEnvironment: org.kffs.habilisdatalogger is not listed in per-application setting
05-29 20:48:27.343  2054  8799 I UiModeManager: systemserver package:org.kffs.habilisdatalogger null
05-29 20:48:27.343 16165 16165 I ForceDarkHelperStubImpl: initialize for org.kffs.habilisdatalogger , ForceDarkAppConfig: null
05-29 20:48:27.395 16165 16165 V SDL     : Device: taoyao
05-29 20:48:27.395 16165 16165 V SDL     : Model: 2203129G
05-29 20:48:27.395 16165 16165 V SDL     : onCreate()
05-29 20:48:27.394 16165 16165 W bilisdatalogger: type=1400 audit(0.0:208451): avc:  denied  { read } for  name="u:object_r:vendor_displayfeature_prop:s0" dev="tmpfs" ino=12214 scontext=u:r:untrusted_app_32:s0:c42,c257,c512,c768 tcontext=u:object_r:vendor_displayfeature_prop:s0 tclass=file permissive=0 app=org.kffs.habilisdatalogger
05-29 20:48:27.398 16165 16165 V SDL     : getting identifier
05-29 20:48:27.398 16165 16165 V SDL     : kind is layout and name lottie
05-29 20:48:27.398 16165 16165 V SDL     : result is 0
05-29 20:48:27.398 16165 16165 V SDL     : couldn't find lottie layout or animation, trying static splash
05-29 20:48:27.398 16165 16165 V SDL     : getting identifier
05-29 20:48:27.398 16165 16165 V SDL     : kind is drawable and name presplash
05-29 20:48:27.398 16165 16165 V SDL     : result is 2130968589
05-29 20:48:27.410 16165 16165 V SDL     : asked to get string presplash_color
05-29 20:48:27.410 16165 16165 V SDL     : getting identifier
05-29 20:48:27.410 16165 16165 V SDL     : kind is string and name presplash_color
05-29 20:48:27.410 16165 16165 V SDL     : result is 2131296257
05-29 20:48:27.428 16165 16194 V pythonutil: Unpacking private app
05-29 20:48:27.429 16165 16194 V pythonutil: Data version is 4816071ef93eeab13196ade5863241b3efeb730e
05-29 20:48:27.429 16165 16165 V SDL     : onStart()
05-29 20:48:27.431 16165 16194 V pythonutil: Unpacking /data/app/~~IESdjbLRY-XKw5z75ZY1mg==/org.kffs.habilisdatalogger-qOp-cGCb9R74WEOb8L7adA==/lib/arm64/libpybundle app
05-29 20:48:27.431 16165 16194 V pythonutil: Data version is 4816071ef93eeab13196ade5863241b3efeb730e
05-29 20:48:27.431 16165 16165 V SDL     : onResume()
05-29 20:48:27.459 16165 16165 I ForceDarkHelperStubImpl: setViewRootImplForceDark: false for org.kivy.android.PythonActivity@ea0080b, reason: AppDarkModeEnable
05-29 20:48:27.467  4004  4440 D MiuiFreeformModeObserver: activityResumed() intent： Intent { cmp=org.kffs.habilisdatalogger/org.kivy.android.PythonActivity (has extras) }
05-29 20:48:27.467  4050  4050 D RecentsImpl: mActivityStateObserver org.kivy.android.PythonActivity
05-29 20:48:27.468  4050  4050 W RecentsImpl: onResumed className=org.kivy.android.PythonActivity   mIsInAnotherPro=false   isKeyguardLocked=false   mSecuritySpaceGuideShown=false
05-29 20:48:27.472 16165 16165 V pythonutil: Checking pattern libsqlite3\.so against libSDL2.so
05-29 20:48:27.472 16165 16165 V pythonutil: Checking pattern libsqlite3\.so against libSDL2_ttf.so
05-29 20:48:27.473 16165 16165 V pythonutil: Checking pattern libsqlite3\.so against libpng16.so
05-29 20:48:27.473 16165 16165 V pythonutil: Checking pattern libsqlite3\.so against libfreetype.so
05-29 20:48:27.473 16165 16165 V pythonutil: Checking pattern libsqlite3\.so against libpython3.10.so
05-29 20:48:27.473 16165 16165 V pythonutil: Checking pattern libsqlite3\.so against libmain.so
05-29 20:48:27.473 16165 16165 V pythonutil: Checking pattern libsqlite3\.so against libffi.so
05-29 20:48:27.473 16165 16165 V pythonutil: Checking pattern libsqlite3\.so against libSDL2_image.so
05-29 20:48:27.473 16165 16165 V pythonutil: Checking pattern libsqlite3\.so against libcrypto.so
05-29 20:48:27.473 16165 16165 V pythonutil: Checking pattern libsqlite3\.so against libpythonbin.so
05-29 20:48:27.473 16165 16165 V pythonutil: Checking pattern libsqlite3\.so against libSDL2_mixer.so
05-29 20:48:27.473 16165 16165 V pythonutil: Checking pattern libsqlite3\.so against libssl.so
05-29 20:48:27.473 16165 16165 V pythonutil: Checking pattern libsqlite3\.so against libpybundle.so
05-29 20:48:27.473 16165 16165 V pythonutil: Checking pattern libsqlite3\.so against libsqlite3.so
05-29 20:48:27.473 16165 16165 V pythonutil: Pattern libsqlite3\.so matched file libsqlite3.so
05-29 20:48:27.474 16165 16165 V pythonutil: Checking pattern libffi\.so against libSDL2.so
05-29 20:48:27.474 16165 16165 V pythonutil: Checking pattern libffi\.so against libSDL2_ttf.so
05-29 20:48:27.474 16165 16165 V pythonutil: Checking pattern libffi\.so against libpng16.so
05-29 20:48:27.474 16165 16165 V pythonutil: Checking pattern libffi\.so against libfreetype.so
05-29 20:48:27.474 16165 16165 V pythonutil: Checking pattern libffi\.so against libpython3.10.so
05-29 20:48:27.474 16165 16165 V pythonutil: Checking pattern libffi\.so against libmain.so
05-29 20:48:27.474 16165 16165 V pythonutil: Checking pattern libffi\.so against libffi.so
05-29 20:48:27.474 16165 16165 V pythonutil: Pattern libffi\.so matched file libffi.so
05-29 20:48:27.474 16165 16165 V pythonutil: Checking pattern libffi\.so against libSDL2_image.so
05-29 20:48:27.474 16165 16165 V pythonutil: Checking pattern libffi\.so against libcrypto.so
05-29 20:48:27.474 16165 16165 V pythonutil: Checking pattern libffi\.so against libpythonbin.so
05-29 20:48:27.474 16165 16165 V pythonutil: Checking pattern libffi\.so against libSDL2_mixer.so
05-29 20:48:27.474 16165 16165 V pythonutil: Checking pattern libffi\.so against libssl.so
05-29 20:48:27.474 16165 16165 V pythonutil: Checking pattern libffi\.so against libpybundle.so
05-29 20:48:27.474  4004  4239 D MiuiFullScreenTaskRepository: setFocusedTask taskId=53667, displayId=0, topActivity=ComponentInfo{org.kffs.habilisdatalogger/org.kivy.android.PythonActivity}
05-29 20:48:27.474 16165 16165 V pythonutil: Checking pattern libffi\.so against libsqlite3.so
05-29 20:48:27.474  4004  4239 D MiuiFullScreenTaskRepository: addOrUpdateFullScreenTaskInfo taskId=53667, topActivity=ComponentInfo{org.kffs.habilisdatalogger/org.kivy.android.PythonActivity}
05-29 20:48:27.475  4004  4239 D MiuiFreeformModeController: onFocusTaskChanged taskInfo: TaskInfo{userId=0 taskId=53667 displayId=0 isRunning=true baseIntent=Intent { act=android.intent.action.MAIN cat=[android.intent.category.LAUNCHER] flg=0x10300000 cmp=org.kffs.habilisdatalogger/org.kivy.android.PythonActivity } baseActivity=ComponentInfo{org.kffs.habilisdatalogger/org.kivy.android.PythonActivity} topActivity=ComponentInfo{org.kffs.habilisdatalogger/org.kivy.android.PythonActivity} origActivity=null realActivity=ComponentInfo{org.kffs.habilisdatalogger/org.kivy.android.PythonActivity} numActivities=1 lastActiveTime=432780789 supportsSplitScreenMultiWindow=true supportsMultiWindow=true resizeMode=1 isResizeable=true minWidth=-1 minHeight=-1 defaultMinSize=200 token=WCT{android.window.IWindowContainerToken$Stub$Proxy@2d7f085} topActivityType=1 pictureInPictureParams=null shouldDockBigOverlays=false launchIntoPipHostTaskId=-1 lastParentTaskIdBeforePip=-1 displayCutoutSafeInsets=Rect(0, 98 - 0, 0) topActivityInfo=ActivityInfo{d181eda org.kivy.android.PythonActivity} launchCookies=[] positionInParent=Point(0, 0) parentTaskId=-1 isFocused=true isVisible=true isVisibleRequested=true isSleeping=false topActivityInSizeCompat=false topActivityInMiuiSizeCompat=false topActivityEligibleForLetterboxEducation= false topActivityLetterboxed= false isFromDoubleTap= false topActivityLetterboxVerticalPosition= -1 topActivityLetterboxHorizontalPosition= -1 topActivityLetterboxWidth=-1 topActivityLetterboxHeight=-1 locusId=null displayAreaFeatureId=1 cameraCompatControlState=hidden mIsCastMode=false mTopActivityMediaSize=null mTopActivityRecordName=ActivityRecord{5da557b u0 org.kffs.habilisdatalogger/org.kivy.android.PythonActivity t53667} mTopActivityOrientation=1 mTopActivityWindowIsNowVisible=false isTranslucent=false isEmbedded=false shouldBeVisible=true mBehindAppLockPkg=null mOriginatingUid=0}
05-29 20:48:27.475 16165 16165 V pythonutil: Checking pattern libpng16\.so against libSDL2.so
05-29 20:48:27.475 16165 16165 V pythonutil: Checking pattern libpng16\.so against libSDL2_ttf.so
05-29 20:48:27.475 16165 16165 V pythonutil: Checking pattern libpng16\.so against libpng16.so
05-29 20:48:27.475 16165 16165 V pythonutil: Pattern libpng16\.so matched file libpng16.so
05-29 20:48:27.475 16165 16165 V pythonutil: Checking pattern libpng16\.so against libfreetype.so
05-29 20:48:27.475 16165 16165 V pythonutil: Checking pattern libpng16\.so against libpython3.10.so
05-29 20:48:27.475 16165 16165 V pythonutil: Checking pattern libpng16\.so against libmain.so
05-29 20:48:27.475 16165 16165 V pythonutil: Checking pattern libpng16\.so against libffi.so
05-29 20:48:27.475 16165 16165 V pythonutil: Checking pattern libpng16\.so against libSDL2_image.so
05-29 20:48:27.475 16165 16165 V pythonutil: Checking pattern libpng16\.so against libcrypto.so
05-29 20:48:27.475 16165 16165 V pythonutil: Checking pattern libpng16\.so against libpythonbin.so
05-29 20:48:27.475 16165 16165 V pythonutil: Checking pattern libpng16\.so against libSDL2_mixer.so
05-29 20:48:27.475 16165 16165 V pythonutil: Checking pattern libpng16\.so against libssl.so
05-29 20:48:27.475 16165 16165 V pythonutil: Checking pattern libpng16\.so against libpybundle.so
05-29 20:48:27.475 16165 16165 V pythonutil: Checking pattern libpng16\.so against libsqlite3.so
05-29 20:48:27.476 16165 16165 V pythonutil: Checking pattern libssl.*\.so against libSDL2.so
05-29 20:48:27.476 16165 16165 V pythonutil: Checking pattern libssl.*\.so against libSDL2_ttf.so
05-29 20:48:27.476 16165 16165 V pythonutil: Checking pattern libssl.*\.so against libpng16.so
05-29 20:48:27.476 16165 16165 V pythonutil: Checking pattern libssl.*\.so against libfreetype.so
05-29 20:48:27.476 16165 16165 V pythonutil: Checking pattern libssl.*\.so against libpython3.10.so
05-29 20:48:27.476 16165 16165 V pythonutil: Checking pattern libssl.*\.so against libmain.so
05-29 20:48:27.476 16165 16165 V pythonutil: Checking pattern libssl.*\.so against libffi.so
05-29 20:48:27.476 16165 16165 V pythonutil: Checking pattern libssl.*\.so against libSDL2_image.so
05-29 20:48:27.476 16165 16165 V pythonutil: Checking pattern libssl.*\.so against libcrypto.so
05-29 20:48:27.476 16165 16165 V pythonutil: Checking pattern libssl.*\.so against libpythonbin.so
05-29 20:48:27.476 16165 16165 V pythonutil: Checking pattern libssl.*\.so against libSDL2_mixer.so
05-29 20:48:27.476 16165 16165 V pythonutil: Checking pattern libssl.*\.so against libssl.so
05-29 20:48:27.476 16165 16165 V pythonutil: Pattern libssl.*\.so matched file libssl.so
05-29 20:48:27.476 16165 16165 V pythonutil: Checking pattern libssl.*\.so against libpybundle.so
05-29 20:48:27.476 16165 16165 V pythonutil: Checking pattern libssl.*\.so against libsqlite3.so
05-29 20:48:27.477 16165 16165 V pythonutil: Checking pattern libcrypto.*\.so against libSDL2.so
05-29 20:48:27.477 16165 16165 V pythonutil: Checking pattern libcrypto.*\.so against libSDL2_ttf.so
05-29 20:48:27.477 16165 16165 V pythonutil: Checking pattern libcrypto.*\.so against libpng16.so
05-29 20:48:27.477 16165 16165 V pythonutil: Checking pattern libcrypto.*\.so against libfreetype.so
05-29 20:48:27.477 16165 16165 V pythonutil: Checking pattern libcrypto.*\.so against libpython3.10.so
05-29 20:48:27.477 16165 16165 V pythonutil: Checking pattern libcrypto.*\.so against libmain.so
05-29 20:48:27.477 16165 16165 V pythonutil: Checking pattern libcrypto.*\.so against libffi.so
05-29 20:48:27.477 16165 16165 V pythonutil: Checking pattern libcrypto.*\.so against libSDL2_image.so
05-29 20:48:27.477 16165 16165 V pythonutil: Checking pattern libcrypto.*\.so against libcrypto.so
05-29 20:48:27.477 16165 16165 V pythonutil: Pattern libcrypto.*\.so matched file libcrypto.so
05-29 20:48:27.477 16165 16165 V pythonutil: Checking pattern libcrypto.*\.so against libpythonbin.so
05-29 20:48:27.477 16165 16165 V pythonutil: Checking pattern libcrypto.*\.so against libSDL2_mixer.so
05-29 20:48:27.477 16165 16165 V pythonutil: Checking pattern libcrypto.*\.so against libssl.so
05-29 20:48:27.477 16165 16165 V pythonutil: Checking pattern libcrypto.*\.so against libpybundle.so
05-29 20:48:27.477 16165 16165 V pythonutil: Checking pattern libcrypto.*\.so against libsqlite3.so
05-29 20:48:27.477 16165 16165 V pythonutil: Checking pattern libSDL2\.so against libSDL2.so
05-29 20:48:27.477 16165 16165 V pythonutil: Pattern libSDL2\.so matched file libSDL2.so
05-29 20:48:27.477 16165 16165 V pythonutil: Checking pattern libSDL2\.so against libSDL2_ttf.so
05-29 20:48:27.477 16165 16165 V pythonutil: Checking pattern libSDL2\.so against libpng16.so
05-29 20:48:27.477 16165 16165 V pythonutil: Checking pattern libSDL2\.so against libfreetype.so
05-29 20:48:27.477 16165 16165 V pythonutil: Checking pattern libSDL2\.so against libpython3.10.so
05-29 20:48:27.477 16165 16165 V pythonutil: Checking pattern libSDL2\.so against libmain.so
05-29 20:48:27.478 16165 16165 V pythonutil: Checking pattern libSDL2\.so against libffi.so
05-29 20:48:27.478 16165 16165 V pythonutil: Checking pattern libSDL2\.so against libSDL2_image.so
05-29 20:48:27.478 16165 16165 V pythonutil: Checking pattern libSDL2\.so against libcrypto.so
05-29 20:48:27.478 16165 16165 V pythonutil: Checking pattern libSDL2\.so against libpythonbin.so
05-29 20:48:27.478 16165 16165 V pythonutil: Checking pattern libSDL2\.so against libSDL2_mixer.so
05-29 20:48:27.478 16165 16165 V pythonutil: Checking pattern libSDL2\.so against libssl.so
05-29 20:48:27.478 16165 16165 V pythonutil: Checking pattern libSDL2\.so against libpybundle.so
05-29 20:48:27.478 16165 16165 V pythonutil: Checking pattern libSDL2\.so against libsqlite3.so
05-29 20:48:27.478 16165 16165 V pythonutil: Checking pattern libSDL2_image\.so against libSDL2.so
05-29 20:48:27.478 16165 16165 V pythonutil: Checking pattern libSDL2_image\.so against libSDL2_ttf.so
05-29 20:48:27.478 16165 16165 V pythonutil: Checking pattern libSDL2_image\.so against libpng16.so
05-29 20:48:27.478 16165 16165 V pythonutil: Checking pattern libSDL2_image\.so against libfreetype.so
05-29 20:48:27.478 16165 16165 V pythonutil: Checking pattern libSDL2_image\.so against libpython3.10.so
05-29 20:48:27.478 16165 16165 V pythonutil: Checking pattern libSDL2_image\.so against libmain.so
05-29 20:48:27.478 16165 16165 V pythonutil: Checking pattern libSDL2_image\.so against libffi.so
05-29 20:48:27.478 16165 16165 V pythonutil: Checking pattern libSDL2_image\.so against libSDL2_image.so
05-29 20:48:27.478 16165 16165 V pythonutil: Pattern libSDL2_image\.so matched file libSDL2_image.so
05-29 20:48:27.478 16165 16165 V pythonutil: Checking pattern libSDL2_image\.so against libcrypto.so
05-29 20:48:27.478 16165 16165 V pythonutil: Checking pattern libSDL2_image\.so against libpythonbin.so
05-29 20:48:27.478 16165 16165 V pythonutil: Checking pattern libSDL2_image\.so against libSDL2_mixer.so
05-29 20:48:27.478 16165 16165 V pythonutil: Checking pattern libSDL2_image\.so against libssl.so
05-29 20:48:27.479 16165 16165 V pythonutil: Checking pattern libSDL2_image\.so against libpybundle.so
05-29 20:48:27.479 16165 16165 V pythonutil: Checking pattern libSDL2_image\.so against libsqlite3.so
05-29 20:48:27.479 16165 16165 V pythonutil: Checking pattern libSDL2_mixer\.so against libSDL2.so
05-29 20:48:27.479 16165 16165 V pythonutil: Checking pattern libSDL2_mixer\.so against libSDL2_ttf.so
05-29 20:48:27.479 16165 16165 V pythonutil: Checking pattern libSDL2_mixer\.so against libpng16.so
05-29 20:48:27.479 16165 16165 V pythonutil: Checking pattern libSDL2_mixer\.so against libfreetype.so
05-29 20:48:27.479 16165 16165 V pythonutil: Checking pattern libSDL2_mixer\.so against libpython3.10.so
05-29 20:48:27.479 16165 16165 V pythonutil: Checking pattern libSDL2_mixer\.so against libmain.so
05-29 20:48:27.479 16165 16165 V pythonutil: Checking pattern libSDL2_mixer\.so against libffi.so
05-29 20:48:27.479 16165 16165 V pythonutil: Checking pattern libSDL2_mixer\.so against libSDL2_image.so
05-29 20:48:27.479 16165 16165 V pythonutil: Checking pattern libSDL2_mixer\.so against libcrypto.so
05-29 20:48:27.479 16165 16165 V pythonutil: Checking pattern libSDL2_mixer\.so against libpythonbin.so
05-29 20:48:27.479 16165 16165 V pythonutil: Checking pattern libSDL2_mixer\.so against libSDL2_mixer.so
05-29 20:48:27.479 16165 16165 V pythonutil: Pattern libSDL2_mixer\.so matched file libSDL2_mixer.so
05-29 20:48:27.479 16165 16165 V pythonutil: Checking pattern libSDL2_mixer\.so against libssl.so
05-29 20:48:27.479 16165 16165 V pythonutil: Checking pattern libSDL2_mixer\.so against libpybundle.so
05-29 20:48:27.479 16165 16165 V pythonutil: Checking pattern libSDL2_mixer\.so against libsqlite3.so
05-29 20:48:27.480 16165 16165 V pythonutil: Checking pattern libSDL2_ttf\.so against libSDL2.so
05-29 20:48:27.480 16165 16165 V pythonutil: Checking pattern libSDL2_ttf\.so against libSDL2_ttf.so
05-29 20:48:27.480 16165 16165 V pythonutil: Pattern libSDL2_ttf\.so matched file libSDL2_ttf.so
05-29 20:48:27.480 16165 16165 V pythonutil: Checking pattern libSDL2_ttf\.so against libpng16.so
05-29 20:48:27.480 16165 16165 V pythonutil: Checking pattern libSDL2_ttf\.so against libfreetype.so
05-29 20:48:27.480 16165 16165 V pythonutil: Checking pattern libSDL2_ttf\.so against libpython3.10.so
05-29 20:48:27.480 16165 16165 V pythonutil: Checking pattern libSDL2_ttf\.so against libmain.so
05-29 20:48:27.480 16165 16165 V pythonutil: Checking pattern libSDL2_ttf\.so against libffi.so
05-29 20:48:27.480 16165 16165 V pythonutil: Checking pattern libSDL2_ttf\.so against libSDL2_image.so
05-29 20:48:27.480 16165 16165 V pythonutil: Checking pattern libSDL2_ttf\.so against libcrypto.so
05-29 20:48:27.480 16165 16165 V pythonutil: Checking pattern libSDL2_ttf\.so against libpythonbin.so
05-29 20:48:27.480 16165 16165 V pythonutil: Checking pattern libSDL2_ttf\.so against libSDL2_mixer.so
05-29 20:48:27.480 16165 16165 V pythonutil: Checking pattern libSDL2_ttf\.so against libssl.so
05-29 20:48:27.480 16165 16165 V pythonutil: Checking pattern libSDL2_ttf\.so against libpybundle.so
05-29 20:48:27.480 16165 16165 V pythonutil: Checking pattern libSDL2_ttf\.so against libsqlite3.so
