05-29 20:48:27.480 16165 16165 V pythonutil: Checking pattern libSDL3\.so against libSDL2.so
05-29 20:48:27.480 16165 16165 V pythonutil: Checking pattern libSDL3\.so against libSDL2_ttf.so
05-29 20:48:27.480 16165 16165 V pythonutil: Checking pattern libSDL3\.so against libpng16.so
05-29 20:48:27.480 16165 16165 V pythonutil: Checking pattern libSDL3\.so against libfreetype.so
05-29 20:48:27.480 16165 16165 V pythonutil: Checking pattern libSDL3\.so against libpython3.10.so
05-29 20:48:27.481 16165 16165 V pythonutil: Checking pattern libSDL3\.so against libmain.so
05-29 20:48:27.481 16165 16165 V pythonutil: Checking pattern libSDL3\.so against libffi.so
05-29 20:48:27.481 16165 16165 V pythonutil: Checking pattern libSDL3\.so against libSDL2_image.so
05-29 20:48:27.481 16165 16165 V pythonutil: Checking pattern libSDL3\.so against libcrypto.so
05-29 20:48:27.481 16165 16165 V pythonutil: Checking pattern libSDL3\.so against libpythonbin.so
05-29 20:48:27.481 16165 16165 V pythonutil: Checking pattern libSDL3\.so against libSDL2_mixer.so
05-29 20:48:27.481 16165 16165 V pythonutil: Checking pattern libSDL3\.so against libssl.so
05-29 20:48:27.481 16165 16165 V pythonutil: Checking pattern libSDL3\.so against libpybundle.so
05-29 20:48:27.481 16165 16165 V pythonutil: Checking pattern libSDL3\.so against libsqlite3.so
05-29 20:48:27.481 16165 16165 V pythonutil: Checking pattern libSDL3_image\.so against libSDL2.so
05-29 20:48:27.481 16165 16165 V pythonutil: Checking pattern libSDL3_image\.so against libSDL2_ttf.so
05-29 20:48:27.481 16165 16165 V pythonutil: Checking pattern libSDL3_image\.so against libpng16.so
05-29 20:48:27.481 16165 16165 V pythonutil: Checking pattern libSDL3_image\.so against libfreetype.so
05-29 20:48:27.481 16165 16165 V pythonutil: Checking pattern libSDL3_image\.so against libpython3.10.so
05-29 20:48:27.481 16165 16165 V pythonutil: Checking pattern libSDL3_image\.so against libmain.so
05-29 20:48:27.481 16165 16165 V pythonutil: Checking pattern libSDL3_image\.so against libffi.so
05-29 20:48:27.481 16165 16165 V pythonutil: Checking pattern libSDL3_image\.so against libSDL2_image.so
05-29 20:48:27.481 16165 16165 V pythonutil: Checking pattern libSDL3_image\.so against libcrypto.so
05-29 20:48:27.481 16165 16165 V pythonutil: Checking pattern libSDL3_image\.so against libpythonbin.so
05-29 20:48:27.481 16165 16165 V pythonutil: Checking pattern libSDL3_image\.so against libSDL2_mixer.so
05-29 20:48:27.482 16165 16165 V pythonutil: Checking pattern libSDL3_image\.so against libssl.so
05-29 20:48:27.482 16165 16165 V pythonutil: Checking pattern libSDL3_image\.so against libpybundle.so
05-29 20:48:27.482 16165 16165 V pythonutil: Checking pattern libSDL3_image\.so against libsqlite3.so
05-29 20:48:27.482 16165 16165 V pythonutil: Checking pattern libSDL3_mixer\.so against libSDL2.so
05-29 20:48:27.482 16165 16165 V pythonutil: Checking pattern libSDL3_mixer\.so against libSDL2_ttf.so
05-29 20:48:27.482 16165 16165 V pythonutil: Checking pattern libSDL3_mixer\.so against libpng16.so
05-29 20:48:27.482 16165 16165 V pythonutil: Checking pattern libSDL3_mixer\.so against libfreetype.so
05-29 20:48:27.482 16165 16165 V pythonutil: Checking pattern libSDL3_mixer\.so against libpython3.10.so
05-29 20:48:27.482 16165 16165 V pythonutil: Checking pattern libSDL3_mixer\.so against libmain.so
05-29 20:48:27.482 16165 16165 V pythonutil: Checking pattern libSDL3_mixer\.so against libffi.so
05-29 20:48:27.482 16165 16165 V pythonutil: Checking pattern libSDL3_mixer\.so against libSDL2_image.so
05-29 20:48:27.482 16165 16165 V pythonutil: Checking pattern libSDL3_mixer\.so against libcrypto.so
05-29 20:48:27.482 16165 16165 V pythonutil: Checking pattern libSDL3_mixer\.so against libpythonbin.so
05-29 20:48:27.482 16165 16165 V pythonutil: Checking pattern libSDL3_mixer\.so against libSDL2_mixer.so
05-29 20:48:27.482 16165 16165 V pythonutil: Checking pattern libSDL3_mixer\.so against libssl.so
05-29 20:48:27.483 16165 16165 V pythonutil: Checking pattern libSDL3_mixer\.so against libpybundle.so
05-29 20:48:27.483 16165 16165 V pythonutil: Checking pattern libSDL3_mixer\.so against libsqlite3.so
05-29 20:48:27.483 16165 16165 V pythonutil: Checking pattern libSDL3_ttf\.so against libSDL2.so
05-29 20:48:27.483 16165 16165 V pythonutil: Checking pattern libSDL3_ttf\.so against libSDL2_ttf.so
05-29 20:48:27.483 16165 16165 V pythonutil: Checking pattern libSDL3_ttf\.so against libpng16.so
05-29 20:48:27.483 16165 16165 V pythonutil: Checking pattern libSDL3_ttf\.so against libfreetype.so
05-29 20:48:27.483 16165 16165 V pythonutil: Checking pattern libSDL3_ttf\.so against libpython3.10.so
05-29 20:48:27.483 16165 16165 V pythonutil: Checking pattern libSDL3_ttf\.so against libmain.so
05-29 20:48:27.483 16165 16165 V pythonutil: Checking pattern libSDL3_ttf\.so against libffi.so
05-29 20:48:27.483 16165 16165 V pythonutil: Checking pattern libSDL3_ttf\.so against libSDL2_image.so
05-29 20:48:27.483 16165 16165 V pythonutil: Checking pattern libSDL3_ttf\.so against libcrypto.so
05-29 20:48:27.483 16165 16165 V pythonutil: Checking pattern libSDL3_ttf\.so against libpythonbin.so
05-29 20:48:27.483 16165 16165 V pythonutil: Checking pattern libSDL3_ttf\.so against libSDL2_mixer.so
05-29 20:48:27.483 16165 16165 V pythonutil: Checking pattern libSDL3_ttf\.so against libssl.so
05-29 20:48:27.484 16165 16165 V pythonutil: Checking pattern libSDL3_ttf\.so against libpybundle.so
05-29 20:48:27.484 16165 16165 V pythonutil: Checking pattern libSDL3_ttf\.so against libsqlite3.so
05-29 20:48:27.484 16165 16165 V pythonutil: Loading library: sqlite3
05-29 20:48:27.491 16165 16165 D nativeloader: Load /data/app/~~IESdjbLRY-XKw5z75ZY1mg==/org.kffs.habilisdatalogger-qOp-cGCb9R74WEOb8L7adA==/lib/arm64/libsqlite3.so using class loader ns clns-4 (caller=/data/app/~~IESdjbLRY-XKw5z75ZY1mg==/org.kffs.habilisdatalogger-qOp-cGCb9R74WEOb8L7adA==/base.apk!classes6.dex): ok
05-29 20:48:27.492 16165 16165 V pythonutil: Loading library: ffi
05-29 20:48:27.495 16165 16165 D nativeloader: Load /data/app/~~IESdjbLRY-XKw5z75ZY1mg==/org.kffs.habilisdatalogger-qOp-cGCb9R74WEOb8L7adA==/lib/arm64/libffi.so using class loader ns clns-4 (caller=/data/app/~~IESdjbLRY-XKw5z75ZY1mg==/org.kffs.habilisdatalogger-qOp-cGCb9R74WEOb8L7adA==/base.apk!classes6.dex): ok
05-29 20:48:27.495 16165 16165 V pythonutil: Loading library: png16
05-29 20:48:27.498 16165 16165 D nativeloader: Load /data/app/~~IESdjbLRY-XKw5z75ZY1mg==/org.kffs.habilisdatalogger-qOp-cGCb9R74WEOb8L7adA==/lib/arm64/libpng16.so using class loader ns clns-4 (caller=/data/app/~~IESdjbLRY-XKw5z75ZY1mg==/org.kffs.habilisdatalogger-qOp-cGCb9R74WEOb8L7adA==/base.apk!classes6.dex): ok
05-29 20:48:27.499 16165 16165 V pythonutil: Loading library: ssl
05-29 20:48:27.515 16165 16165 D nativeloader: Load /data/app/~~IESdjbLRY-XKw5z75ZY1mg==/org.kffs.habilisdatalogger-qOp-cGCb9R74WEOb8L7adA==/lib/arm64/libssl.so using class loader ns clns-4 (caller=/data/app/~~IESdjbLRY-XKw5z75ZY1mg==/org.kffs.habilisdatalogger-qOp-cGCb9R74WEOb8L7adA==/base.apk!classes6.dex): ok
05-29 20:48:27.516 16165 16165 V pythonutil: Loading library: crypto
05-29 20:48:27.516 16165 16165 D nativeloader: Load /data/app/~~IESdjbLRY-XKw5z75ZY1mg==/org.kffs.habilisdatalogger-qOp-cGCb9R74WEOb8L7adA==/lib/arm64/libcrypto.so using class loader ns clns-4 (caller=/data/app/~~IESdjbLRY-XKw5z75ZY1mg==/org.kffs.habilisdatalogger-qOp-cGCb9R74WEOb8L7adA==/base.apk!classes6.dex): ok
05-29 20:48:27.516 16165 16165 V pythonutil: Loading library: SDL2
05-29 20:48:27.524 16165 16165 D nativeloader: Load /data/app/~~IESdjbLRY-XKw5z75ZY1mg==/org.kffs.habilisdatalogger-qOp-cGCb9R74WEOb8L7adA==/lib/arm64/libSDL2.so using class loader ns clns-4 (caller=/data/app/~~IESdjbLRY-XKw5z75ZY1mg==/org.kffs.habilisdatalogger-qOp-cGCb9R74WEOb8L7adA==/base.apk!classes6.dex): ok
05-29 20:48:27.525 16165 16165 V pythonutil: Loading library: SDL2_image
05-29 20:48:27.527 16165 16165 D nativeloader: Load /data/app/~~IESdjbLRY-XKw5z75ZY1mg==/org.kffs.habilisdatalogger-qOp-cGCb9R74WEOb8L7adA==/lib/arm64/libSDL2_image.so using class loader ns clns-4 (caller=/data/app/~~IESdjbLRY-XKw5z75ZY1mg==/org.kffs.habilisdatalogger-qOp-cGCb9R74WEOb8L7adA==/base.apk!classes6.dex): ok
05-29 20:48:27.527 16165 16165 V pythonutil: Loading library: SDL2_mixer
05-29 20:48:27.530 16165 16165 D nativeloader: Load /data/app/~~IESdjbLRY-XKw5z75ZY1mg==/org.kffs.habilisdatalogger-qOp-cGCb9R74WEOb8L7adA==/lib/arm64/libSDL2_mixer.so using class loader ns clns-4 (caller=/data/app/~~IESdjbLRY-XKw5z75ZY1mg==/org.kffs.habilisdatalogger-qOp-cGCb9R74WEOb8L7adA==/base.apk!classes6.dex): ok
05-29 20:48:27.530 16165 16165 V pythonutil: Loading library: SDL2_ttf
05-29 20:48:27.540 16165 16165 D nativeloader: Load /data/app/~~IESdjbLRY-XKw5z75ZY1mg==/org.kffs.habilisdatalogger-qOp-cGCb9R74WEOb8L7adA==/lib/arm64/libSDL2_ttf.so using class loader ns clns-4 (caller=/data/app/~~IESdjbLRY-XKw5z75ZY1mg==/org.kffs.habilisdatalogger-qOp-cGCb9R74WEOb8L7adA==/base.apk!classes6.dex): ok
05-29 20:48:27.540 16165 16165 V pythonutil: Loading library: python3.14
05-29 20:48:27.546 16165 16165 D nativeloader: Load libpython3.14.so using class loader ns clns-4 (caller=/data/app/~~IESdjbLRY-XKw5z75ZY1mg==/org.kffs.habilisdatalogger-qOp-cGCb9R74WEOb8L7adA==/base.apk!classes6.dex): dlopen failed: library "libpython3.14.so" not found
05-29 20:48:27.546 16165 16165 V pythonutil: Library loading error: dlopen failed: library "libpython3.14.so" not found
05-29 20:48:27.546 16165 16165 V pythonutil: Loading library: python3.13
05-29 20:48:27.547 16165 16165 D nativeloader: Load libpython3.13.so using class loader ns clns-4 (caller=/data/app/~~IESdjbLRY-XKw5z75ZY1mg==/org.kffs.habilisdatalogger-qOp-cGCb9R74WEOb8L7adA==/base.apk!classes6.dex): dlopen failed: library "libpython3.13.so" not found
05-29 20:48:27.547 16165 16165 V pythonutil: Library loading error: dlopen failed: library "libpython3.13.so" not found
05-29 20:48:27.547 16165 16165 V pythonutil: Loading library: python3.12
05-29 20:48:27.548 16165 16165 D nativeloader: Load libpython3.12.so using class loader ns clns-4 (caller=/data/app/~~IESdjbLRY-XKw5z75ZY1mg==/org.kffs.habilisdatalogger-qOp-cGCb9R74WEOb8L7adA==/base.apk!classes6.dex): dlopen failed: library "libpython3.12.so" not found
05-29 20:48:27.548 16165 16165 V pythonutil: Library loading error: dlopen failed: library "libpython3.12.so" not found
05-29 20:48:27.548 16165 16165 V pythonutil: Loading library: python3.11
05-29 20:48:27.548 16165 16165 D nativeloader: Load libpython3.11.so using class loader ns clns-4 (caller=/data/app/~~IESdjbLRY-XKw5z75ZY1mg==/org.kffs.habilisdatalogger-qOp-cGCb9R74WEOb8L7adA==/base.apk!classes6.dex): dlopen failed: library "libpython3.11.so" not found
05-29 20:48:27.548 16165 16165 V pythonutil: Library loading error: dlopen failed: library "libpython3.11.so" not found
05-29 20:48:27.548 16165 16165 V pythonutil: Loading library: python3.10
05-29 20:48:27.554 16165 16165 D nativeloader: Load /data/app/~~IESdjbLRY-XKw5z75ZY1mg==/org.kffs.habilisdatalogger-qOp-cGCb9R74WEOb8L7adA==/lib/arm64/libpython3.10.so using class loader ns clns-4 (caller=/data/app/~~IESdjbLRY-XKw5z75ZY1mg==/org.kffs.habilisdatalogger-qOp-cGCb9R74WEOb8L7adA==/base.apk!classes6.dex): ok
05-29 20:48:27.555 16165 16165 V pythonutil: Loading library: main
05-29 20:48:27.557 16165 16165 D nativeloader: Load /data/app/~~IESdjbLRY-XKw5z75ZY1mg==/org.kffs.habilisdatalogger-qOp-cGCb9R74WEOb8L7adA==/lib/arm64/libmain.so using class loader ns clns-4 (caller=/data/app/~~IESdjbLRY-XKw5z75ZY1mg==/org.kffs.habilisdatalogger-qOp-cGCb9R74WEOb8L7adA==/base.apk!classes6.dex): ok
05-29 20:48:27.557 16165 16165 V pythonutil: Loaded everything!
05-29 20:48:27.558 16165 16165 V SDL     : nativeSetupJNI()
05-29 20:48:27.558 16165 16165 V SDL     : AUDIO nativeSetupJNI()
05-29 20:48:27.559 16165 16165 V SDL     : CONTROLLER nativeSetupJNI()
05-29 20:48:27.625  2054  4100 D CoreBackPreview: Window{8056c1a u0 org.kffs.habilisdatalogger/org.kivy.android.PythonActivity}: Setting back callback OnBackInvokedCallbackInfo{mCallback=android.window.IOnBackInvokedCallback$Stub$Proxy@7b6a927, mPriority=0, mIsAnimationCallback=false}
05-29 20:48:27.637  2054  4100 D WindowManager: wms.Input focus has changed to Window{8056c1a u0 org.kffs.habilisdatalogger/org.kivy.android.PythonActivity} display=0 updateInputWindows = true
05-29 20:48:27.652  1417  5149 I SurfaceFlinger: sf.setTransactionState focusRequest transactionId:8821863387769 frontWin:8056c1a org.kffs.habilisdatalogger/org.kivy.android.PythonActivity
05-29 20:48:27.662 16165 16165 V SDL     : surfaceCreated()
05-29 20:48:27.662 16165 16165 V SDL     : surfaceChanged()
05-29 20:48:27.662 16165 16165 V SDL     : Window size: 1080x2172
05-29 20:48:27.662 16165 16165 V SDL     : Device size: 1080x2400
05-29 20:48:27.687 16165 16203 V SDL     : Running main function SDL_main from library /data/app/~~IESdjbLRY-XKw5z75ZY1mg==/org.kffs.habilisdatalogger-qOp-cGCb9R74WEOb8L7adA==/lib/arm64/libmain.so
05-29 20:48:27.688 16165 16203 V SDL     : nativeRunMain()
05-29 20:48:27.693 16165 16203 I python  : Initializing Python for Android
05-29 20:48:27.693 16165 16203 I python  : Setting additional env vars from p4a_env_vars.txt
05-29 20:48:27.694 16165 16203 I python  : Changing directory to '/data/user/0/org.kffs.habilisdatalogger/files/app'
05-29 20:48:27.698 16165 16203 I python  : Preparing to initialize python
05-29 20:48:27.699 16165 16203 I python  : _python_bundle dir exists
05-29 20:48:27.699 16165 16203 I python  : set wchar paths...
05-29 20:48:27.734 16165 16165 W SDLThread: type=1400 audit(0.0:208452): avc:  granted  { execute } for  path="/data/data/org.kffs.habilisdatalogger/files/app/_python_bundle/modules/zlib.cpython-310.so" dev="dm-53" ino=2167889 scontext=u:r:untrusted_app_32:s0:c42,c257,c512,c768 tcontext=u:object_r:app_data_file:s0:c42,c257,c512,c768 tclass=file app=org.kffs.habilisdatalogger
05-29 20:48:27.758  2054  7683 D WindowManager: wms.finishDrawingLocked: mDrawState=COMMIT_DRAW_PENDING Window{8056c1a u0 org.kffs.habilisdatalogger/org.kivy.android.PythonActivity} in Surface(name=org.kffs.habilisdatalogger/org.kivy.android.PythonActivity#54274)/@0x24add40
05-29 20:48:27.763 16165 16165 D SurfaceView: UPDATE Surface(name=SurfaceView[org.kffs.habilisdatalogger/org.kivy.android.PythonActivity]#54278)/@0xdd01ead, mIsProjectionMode = false
05-29 20:48:27.763  2054  2363 I WindowManager: wms.showSurfaceRobustly mWin:Window{8056c1a u0 org.kffs.habilisdatalogger/org.kivy.android.PythonActivity}
05-29 20:48:27.773  2054  2154 I ActivityTaskManager: Displayed org.kffs.habilisdatalogger/org.kivy.android.PythonActivity for user 0: +711ms
05-29 20:48:27.775  2054  4731 D CoreBackPreview: Window{d3d0e2d u0 Splash Screen org.kffs.habilisdatalogger}: Setting back callback null
05-29 20:48:27.778 16165 16165 V SDL     : onWindowFocusChanged(): true
05-29 20:48:27.782  2054  6579 I ImeTracker: org.kffs.habilisdatalogger:17a6dd57: onRequestHide at ORIGIN_SERVER_HIDE_INPUT reason HIDE_UNSPECIFIED_WINDOW
05-29 20:48:27.782  2054  6579 I ImeTracker: org.kffs.habilisdatalogger:17a6dd57: onCancelled at PHASE_SERVER_SHOULD_HIDE
05-29 20:48:27.783 16165 16203 I python  : Python initialized using legacy Py_Initialize().
05-29 20:48:27.783 16165 16203 I python  : Initialized python
05-29 20:48:27.783 16165 16203 I python  : testing python print redirection
05-29 20:48:27.784  2054  3094 D tsched_scene: handleWindowChanged: pkgName: org.kffs.habilisdatalogger, mForegroundAppName: com.miui.home
05-29 20:48:27.785  1417  2774 D MI-SF   : updateScene: module = 270 (Input), value = 0, pkg = org.kffs.habilisdatalogger, Vrr = 1
05-29 20:48:27.786 16165 16203 I python  : Android kivy bootstrap done. __name__ is __main__
05-29 20:48:27.786  2054  4731 W InputManager-JNI: Input channel object 'd3d0e2d Splash Screen org.kffs.habilisdatalogger (client)' was disposed without first being removed with the input manager!
05-29 20:48:27.789  1417  2774 D MI-SF   : updateScene: module = 270 (Input), value = 0, pkg = org.kffs.habilisdatalogger, Vrr = 1
05-29 20:48:27.822 28949 28949 I GoogleInputMethodService: GoogleInputMethodService.onStartInput():1446 onStartInput(EditorInfo{EditorInfo{packageName=org.kffs.habilisdatalogger, inputType=0, inputTypeString=NULL, enableLearning=false, autoCorrection=false, autoComplete=false, imeOptions=0, privateImeOptions=null, actionName=UNSPECIFIED, actionLabel=null, initialSelStart=-1, initialSelEnd=-1, initialCapsMode=0, label=null, fieldId=0, fieldName=null, extras=Bundle[mParcelledData.dataSize=72], hintText=null, hintLocales=[]}}, false)
05-29 20:48:27.823  2054  4107 W PackageConfigPersister: App-specific configuration not found for packageName: org.kffs.habilisdatalogger and userId: 0
05-29 20:48:27.827  2054  2151 I Transition: finishTransition: updateLastSurfacePosition tf=Task{a421b19 #53667 type=standard A=10298:org.kffs.habilisdatalogger}
05-29 20:48:27.866 16165 16165 W SDLThread: type=1400 audit(0.0:208453): avc:  granted  { execute } for  path="/data/data/org.kffs.habilisdatalogger/files/app/_python_bundle/modules/_json.cpython-310.so" dev="dm-53" ino=2133787 scontext=u:r:untrusted_app_32:s0:c42,c257,c512,c768 tcontext=u:object_r:app_data_file:s0:c42,c257,c512,c768 tclass=file app=org.kffs.habilisdatalogger
05-29 20:48:27.922 16165 16165 W SDLThread: type=1400 audit(0.0:208454): avc:  granted  { execute } for  path="/data/data/org.kffs.habilisdatalogger/files/app/_python_bundle/modules/math.cpython-310.so" dev="dm-53" ino=2169006 scontext=u:r:untrusted_app_32:s0:c42,c257,c512,c768 tcontext=u:object_r:app_data_file:s0:c42,c257,c512,c768 tclass=file app=org.kffs.habilisdatalogger
05-29 20:48:27.961 16165 16203 I python  : [INFO   ] [Logger      ] Record log in /data/user/0/org.kffs.habilisdatalogger/files/app/.kivy/logs/kivy_26-05-29_2.txt
05-29 20:48:27.961 16165 16203 I python  : [INFO   ] [Kivy        ] v2.3.0
05-29 20:48:27.961 16165 16203 I python  : [INFO   ] [Kivy        ] Installed at "/data/user/0/org.kffs.habilisdatalogger/files/app/_python_bundle/site-packages/kivy/__init__.pyc"
05-29 20:48:27.961 16165 16203 I python  : [INFO   ] [Python      ] v3.10.11 (main, May 27 2026, 00:26:06) [Clang 14.0.7 (https://android.googlesource.com/toolchain/llvm-project 4c603efb0
05-29 20:48:27.962 16165 16203 I python  : [INFO   ] [Python      ] Interpreter at "/data/user/0/org.kffs.habilisdatalogger/files/app/.bin/python"
05-29 20:48:27.962 16165 16203 I python  : [INFO   ] [Logger      ] Purge log fired. Processing...
05-29 20:48:27.962 16165 16203 I python  : [INFO   ] [Logger      ] Purge finished!
05-29 20:48:27.967 16165 16203 I python  : [INFO   ] [KivyMD      ] 1.1.1, git-Unknown, 2026-05-27 (installed at "/data/user/0/org.kffs.habilisdatalogger/files/app/_python_bundle/site-packages/kivymd/__init__.pyc")
05-29 20:48:27.971 16165 16203 I python  : [INFO   ] [Factory     ] 195 symbols loaded
05-29 20:48:28.654 16165 16165 W SDLThread: type=1400 audit(0.0:208473): avc:  granted  { execute } for  path="/data/data/org.kffs.habilisdatalogger/files/app/_python_bundle/modules/_socket.cpython-310.so" dev="dm-53" ino=2181160 scontext=u:r:untrusted_app_32:s0:c42,c257,c512,c768 tcontext=u:object_r:app_data_file:s0:c42,c257,c512,c768 tclass=file app=org.kffs.habilisdatalogger
05-29 20:48:28.662 16165 16165 W SDLThread: type=1400 audit(0.0:208474): avc:  granted  { execute } for  path="/data/data/org.kffs.habilisdatalogger/files/app/_python_bundle/modules/array.cpython-310.so" dev="dm-53" ino=2176698 scontext=u:r:untrusted_app_32:s0:c42,c257,c512,c768 tcontext=u:object_r:app_data_file:s0:c42,c257,c512,c768 tclass=file app=org.kffs.habilisdatalogger
05-29 20:48:28.666 16165 16165 W SDLThread: type=1400 audit(0.0:208475): avc:  granted  { execute } for  path="/data/data/org.kffs.habilisdatalogger/files/app/_python_bundle/modules/_ssl.cpython-310.so" dev="dm-53" ino=2175440 scontext=u:r:untrusted_app_32:s0:c42,c257,c512,c768 tcontext=u:object_r:app_data_file:s0:c42,c257,c512,c768 tclass=file app=org.kffs.habilisdatalogger
05-29 20:48:28.674 16165 16165 W SDLThread: type=1400 audit(0.0:208476): avc:  granted  { execute } for  path="/data/data/org.kffs.habilisdatalogger/files/app/_python_bundle/modules/binascii.cpython-310.so" dev="dm-53" ino=2174946 scontext=u:r:untrusted_app_32:s0:c42,c257,c512,c768 tcontext=u:object_r:app_data_file:s0:c42,c257,c512,c768 tclass=file app=org.kffs.habilisdatalogger
05-29 20:48:28.682 16165 16165 W SDLThread: type=1400 audit(0.0:208477): avc:  granted  { execute } for  path="/data/data/org.kffs.habilisdatalogger/files/app/_python_bundle/modules/_contextvars.cpython-310.so" dev="dm-53" ino=2154038 scontext=u:r:untrusted_app_32:s0:c42,c257,c512,c768 tcontext=u:object_r:app_data_file:s0:c42,c257,c512,c768 tclass=file app=org.kffs.habilisdatalogger
05-29 20:48:28.787 16165 16203 I python  : [INFO   ] [Image       ] Providers: img_tex, img_dds, img_sdl2 (img_pil, img_ffpyplayer ignored)
05-29 20:48:28.829 16165 16203 I python  : [INFO   ] [Text        ] Provider: sdl2
05-29 20:48:28.998 16165 16203 I python  : [INFO   ] [Window      ] Provider: sdl2
05-29 20:48:29.020 16165 16203 V SDL     : setOrientation() requestedOrientation=1 width=800 height=600 resizable=true hint=Portrait
05-29 20:48:29.026  2054  2151 I PowerManagerServiceImpl: Acquire wakelock: SCREEN_BRIGHT_WAKE_LOCK        'WindowManager/displayId:0' ON_AFTER_RELEASE (uid=1000 pid=2054 pkg=android ws=WorkSource{10298 org.kffs.habilisdatalogger})
05-29 20:48:29.032 16165 16203 I SDL/APP : pixel format wanted SDL_PIXELFORMAT_RGBA8888 (1), got SDL_PIXELFORMAT_RGBA8888 (1)
05-29 20:48:29.034 16165 16203 I python  : [INFO   ] [GL          ] Using the "OpenGL ES 2" graphics system
05-29 20:48:29.037 16165 16203 I python  : [INFO   ] [GL          ] Backend used <sdl2>
05-29 20:48:29.037 16165 16203 I python  : [INFO   ] [GL          ] OpenGL version <b'OpenGL ES 3.2 V@0530.57 (GIT@4bbe300fc3, Ie69fc1c69b, 1747652194) (Date:05/19/25)'>
05-29 20:48:29.037 16165 16203 I python  : [INFO   ] [GL          ] OpenGL vendor <b'Qualcomm'>
05-29 20:48:29.037 16165 16203 I python  : [INFO   ] [GL          ] OpenGL renderer <b'Adreno (TM) 642L'>
05-29 20:48:29.037 16165 16203 I python  : [INFO   ] [GL          ] OpenGL parsed version: 3, 2
05-29 20:48:29.037 16165 16203 I python  : [INFO   ] [GL          ] Texture max size <16384>
05-29 20:48:29.037 16165 16203 I python  : [INFO   ] [GL          ] Texture max units <16>
05-29 20:48:29.057  2054  3741 I PowerManagerServiceImpl: Release wakelock: SCREEN_BRIGHT_WAKE_LOCK        'WindowManager/displayId:0' ON_AFTER_RELEASE DISABLED ACQ=-30ms (uid=1000 pid=2054 pkg=android ws=WorkSource{10298 org.kffs.habilisdatalogger})
05-29 20:48:29.058 16165 16203 I python  : [INFO   ] [Window      ] auto add sdl2 input provider
05-29 20:48:29.059 16165 16203 I python  : [INFO   ] [Window      ] virtual keyboard not allowed, single mode, not docked
05-29 20:48:29.286 16165 16203 I python  : Could not set FileProvider: No module named 'plyer.camera'
05-29 20:48:30.717 16165 16203 I python  : [WARNING] [Base        ] Unknown <android> provider
05-29 20:48:30.717 16165 16203 I python  : [INFO   ] [Base        ] Start application main loop
05-29 20:48:30.740 16165 16203 I python  : [INFO   ] [GL          ] NPOT texture support is available
05-29 20:48:31.581  2054  4100 D MiuiFreeFormManagerService: onStartActivityInner as = Task{a421b19 #53667 type=standard A=10298:org.kffs.habilisdatalogger} op = null
05-29 20:48:31.586  2054  4100 D WindowManager: setLockTaskAuth: task=Task{a421b19 #53667 type=standard A=10298:org.kffs.habilisdatalogger} mLockTaskAuth=LOCK_TASK_AUTH_PINNABLE
05-29 20:48:31.586  2054  4100 D MiuiFreeFormManagerService: onStartActivityInner as = Task{a421b19 #53667 type=standard A=10298:org.kffs.habilisdatalogger} op = null
05-29 20:48:31.588  2054  4100 I ActivityTaskManager: resumeTopActivityInnerLocked topActivity:ActivityRecord{107ee64 u0 com.google.android.permissioncontroller/com.android.permissioncontroller.permission.ui.GrantPermissionsActivity t53667} isFocusable:true this:Task{a421b19 #53667 type=standard A=10298:org.kffs.habilisdatalogger}
05-29 20:48:31.591  2054  4100 I ActivityTaskManager: START u0 {act=android.content.pm.action.REQUEST_PERMISSIONS pkg=com.google.android.permissioncontroller cmp=com.google.android.permissioncontroller/com.android.permissioncontroller.permission.ui.GrantPermissionsActivity (has extras)} with LAUNCH_MULTIPLE from uid 10298 from pid 16165 callingPackage org.kffs.habilisdatalogger (BAL_ALLOW_VISIBLE_WINDOW) result code=0
05-29 20:48:31.593 16165 16165 V SDL     : onPause()
05-29 20:48:31.594  2054  6579 I ActivityTaskManager: resumeTopActivityInnerLocked topActivity:ActivityRecord{107ee64 u0 com.google.android.permissioncontroller/com.android.permissioncontroller.permission.ui.GrantPermissionsActivity t53667} isFocusable:true this:Task{a421b19 #53667 type=standard A=10298:org.kffs.habilisdatalogger}
05-29 20:48:31.603  4004  4239 D MiuiFreeformModeController: onFocusTaskChanged taskInfo: TaskInfo{userId=0 taskId=53667 displayId=0 isRunning=true baseIntent=Intent { act=android.intent.action.MAIN cat=[android.intent.category.LAUNCHER] flg=0x10300000 cmp=org.kffs.habilisdatalogger/org.kivy.android.PythonActivity } baseActivity=ComponentInfo{org.kffs.habilisdatalogger/org.kivy.android.PythonActivity} topActivity=ComponentInfo{com.google.android.permissioncontroller/com.android.permissioncontroller.permission.ui.GrantPermissionsActivity} origActivity=null realActivity=ComponentInfo{org.kffs.habilisdatalogger/org.kivy.android.PythonActivity} numActivities=2 lastActiveTime=432785145 supportsSplitScreenMultiWindow=true supportsMultiWindow=true resizeMode=1 isResizeable=true minWidth=-1 minHeight=-1 defaultMinSize=200 token=WCT{android.window.IWindowContainerToken$Stub$Proxy@a470483} topActivityType=1 pictureInPictureParams=null shouldDockBigOverlays=false launchIntoPipHostTaskId=-1 lastParentTaskIdBeforePip=-1 displayCutoutSafeInsets=Rect(0, 98 - 0, 0) topActivityInfo=ActivityInfo{3ef0600 com.android.permissioncontroller.permission.ui.GrantPermissionsActivity} launchCookies=[] positionInParent=Point(0, 0) parentTaskId=-1 isFocused=true isVisible=true isVisibleRequested=true isSleeping=false topActivityInSizeCompat=false topActivityInMiuiSizeCompat=false topActivityEligibleForLetterboxEducation= false topActivityLetterboxed= false isFromDoubleTap= false topActivityLetterboxVerticalPosition= -1 topActivityLetterboxHorizontalPosition= -1 topActivityLetterboxWidth=-1 topActivityLetterboxHeight=-1 locusId=null displayAreaFeatureId=1 cameraCompatControlState=hidden mIsCastMode=false mTopActivityMediaSize=null mTopActivityRecordName=ActivityRecord{107ee64 u0 com.google.android.permissioncontroller/com.android.permissioncontroller.permission.ui.GrantPermissionsActivity t53667} mTopActivityOrientation=-1 mTopActivityWindowIsNowVisible=false isTranslucent=false isEmbedded=false shouldBeVisible=true mBehindAppLockPkg=null mOriginatingUid=0}
05-29 20:48:31.612  2054  2385 I ActivityManager: Start proc 16213:com.google.android.permissioncontroller/u0a229 for next-top-activity {com.google.android.permissioncontroller/com.android.permissioncontroller.permission.ui.GrantPermissionsActivity} caller=org.kffs.habilisdatalogger
05-29 20:48:31.647  8252  9393 I ProcessMonitor: onForegroundInfoChanged: ForegroundInfo{mForegroundPackageName='com.google.android.permissioncontroller', mForegroundUid=10229, mForegroundPid=16213, mLastForegroundPackageName='org.kffs.habilisdatalogger', mLastForegroundUid=10298, mLastForegroundPid=16165, mMultiWindowForegroundPackageName='com.google.android.permissioncontroller', mMultiWindowForegroundUid=10229, mFlags=1}
05-29 20:48:31.648 10068 14277 I GST     : forePkg: com.google.android.permissioncontroller, preForePkg: org.kffs.habilisdatalogger
05-29 20:48:31.648  4050 18591 D AppObserver: ForegroundInfo{mForegroundPackageName='com.google.android.permissioncontroller', mForegroundUid=10229, mForegroundPid=16213, mLastForegroundPackageName='org.kffs.habilisdatalogger', mLastForegroundUid=10298, mLastForegroundPid=16165, mMultiWindowForegroundPackageName='com.google.android.permissioncontroller', mMultiWindowForegroundUid=10229, mFlags=1}
05-29 20:48:31.648  9307 10436 D PerfEngineController: ForegroundInfo{mForegroundPackageName='com.google.android.permissioncontroller', mForegroundUid=10229, mForegroundPid=16213, mLastForegroundPackageName='org.kffs.habilisdatalogger', mLastForegroundUid=10298, mLastForegroundPid=16165, mMultiWindowForegroundPackageName='com.google.android.permissioncontroller', mMultiWindowForegroundUid=10229, mFlags=1}
05-29 20:48:31.649 27976 31920 D BluetoothLatencyMode: ForegroundInfo{mForegroundPackageName='com.google.android.permissioncontroller', mForegroundUid=10229, mForegroundPid=16213, mLastForegroundPackageName='org.kffs.habilisdatalogger', mLastForegroundUid=10298, mLastForegroundPid=16165, mMultiWindowForegroundPackageName='com.google.android.permissioncontroller', mMultiWindowForegroundUid=10229, mFlags=1}
05-29 20:48:31.656 16165 16165 V SDL     : onWindowFocusChanged(): false
05-29 20:48:31.656 16165 16165 V SDL     : nativeFocusChanged()
05-29 20:48:31.663  8252  9393 I BeautyService: onForegroundInfoChanged: Cur=com.google.android.permissioncontroller	 last=org.kffs.habilisdatalogger
05-29 20:48:31.700  4050  4516 W RecentsModel: getRunningTask   taskInfo=TaskInfo{userId=0 taskId=53667 displayId=0 isRunning=true baseIntent=Intent { act=android.intent.action.MAIN cat=[android.intent.category.LAUNCHER] flg=0x10300000 cmp=org.kffs.habilisdatalogger/org.kivy.android.PythonActivity } baseActivity=ComponentInfo{org.kffs.habilisdatalogger/org.kivy.android.PythonActivity} topActivity=ComponentInfo{com.google.android.permissioncontroller/com.android.permissioncontroller.permission.ui.GrantPermissionsActivity} origActivity=null realActivity=ComponentInfo{org.kffs.habilisdatalogger/org.kivy.android.PythonActivity} numActivities=2 lastActiveTime=432785259 supportsSplitScreenMultiWindow=true supportsMultiWindow=true resizeMode=1 isResizeable=true minWidth=-1 minHeight=-1 defaultMinSize=200 token=WCT{android.window.IWindowContainerToken$Stub$Proxy@2c6bf3a} topActivityType=1 pictureInPictureParams=null shouldDockBigOverlays=false launchIntoPipHostTaskId=-1 lastParentTaskIdBeforePip=-1 displayCutoutSafeInsets=Rect(0, 98 - 0, 0) topActivityInfo=ActivityInfo{dbf47eb com.android.permissioncontroller.permission.ui.GrantPermissionsActivity} launchCookies=[] positionInParent=Point(0, 0) parentTaskId=-1 isFocused=true isVisible=true isVisibleRequested=true isSleeping=false topActivityInSizeCompat=false topActivityInMiuiSizeCompat=false topActivityEligibleForLetterboxEducation= false topActivityLetterboxed= false isFromDoubleTap= false topActivityLetterboxVerticalPosition= -1 topActivityLetterboxHorizontalPosition= -1 topActivityLetterboxWidth=-1 topActivityLetterboxHeight=-1 locusId=null displayAreaFeatureId=1 cameraCompatControlState=hidden mIsCastMode=false mTopActivityMediaSize=null mTopActivityRecordName=ActivityRecord{107ee64 u0 com.google.android.permissioncontroller/com.android.permissioncontroller.permission.ui.GrantPermissionsActivity t53667} mTopActivityOrientation=-1 mTopActivityWindowIsNowVisible=false isTranslucent=false isEmbedded=false shouldBeVisible=true mBehindAppLockPkg=null mOriginatingUid=0}
05-29 20:48:31.700  4050  4516 W RecentsModel: getTaskInfoIgnoreHomeAndFreeform   taskInfo=ComponentInfo{org.kffs.habilisdatalogger/org.kivy.android.PythonActivity}
05-29 20:48:31.709  4050  4516 E ActivityManagerWrapper: getRecentTasks: mainTaskId=53667   userId=0   windowMode=1   baseIntent=Intent { act=android.intent.action.MAIN flag=271581184 cmp=ComponentInfo{org.kffs.habilisdatalogger/org.kivy.android.PythonActivity} }
05-29 20:48:31.741  4050  4516 W RecentsModel: getRunningTask   taskInfo=TaskInfo{userId=0 taskId=53667 displayId=0 isRunning=true baseIntent=Intent { act=android.intent.action.MAIN cat=[android.intent.category.LAUNCHER] flg=0x10300000 cmp=org.kffs.habilisdatalogger/org.kivy.android.PythonActivity } baseActivity=ComponentInfo{org.kffs.habilisdatalogger/org.kivy.android.PythonActivity} topActivity=ComponentInfo{com.google.android.permissioncontroller/com.android.permissioncontroller.permission.ui.GrantPermissionsActivity} origActivity=null realActivity=ComponentInfo{org.kffs.habilisdatalogger/org.kivy.android.PythonActivity} numActivities=2 lastActiveTime=432785301 supportsSplitScreenMultiWindow=true supportsMultiWindow=true resizeMode=1 isResizeable=true minWidth=-1 minHeight=-1 defaultMinSize=200 token=WCT{android.window.IWindowContainerToken$Stub$Proxy@5d19506} topActivityType=1 pictureInPictureParams=null shouldDockBigOverlays=false launchIntoPipHostTaskId=-1 lastParentTaskIdBeforePip=-1 displayCutoutSafeInsets=Rect(0, 98 - 0, 0) topActivityInfo=ActivityInfo{e4877c7 com.android.permissioncontroller.permission.ui.GrantPermissionsActivity} launchCookies=[] positionInParent=Point(0, 0) parentTaskId=-1 isFocused=true isVisible=true isVisibleRequested=true isSleeping=false topActivityInSizeCompat=false topActivityInMiuiSizeCompat=false topActivityEligibleForLetterboxEducation= false topActivityLetterboxed= false isFromDoubleTap= false topActivityLetterboxVerticalPosition= -1 topActivityLetterboxHorizontalPosition= -1 topActivityLetterboxWidth=-1 topActivityLetterboxHeight=-1 locusId=null displayAreaFeatureId=1 cameraCompatControlState=hidden mIsCastMode=false mTopActivityMediaSize=null mTopActivityRecordName=ActivityRecord{107ee64 u0 com.google.android.permissioncontroller/com.android.permissioncontroller.permission.ui.GrantPermissionsActivity t53667} mTopActivityOrientation=-1 mTopActivityWindowIsNowVisible=false isTranslucent=false isEmbedded=false shouldBeVisible=true mBehindAppLockPkg=null mOriginatingUid=0}
05-29 20:48:31.741  4050  4516 W RecentsModel: getTaskInfoIgnoreHomeAndFreeform   taskInfo=ComponentInfo{org.kffs.habilisdatalogger/org.kivy.android.PythonActivity}
05-29 20:48:31.748  4050  4516 E ActivityManagerWrapper: getRecentTasks: mainTaskId=53667   userId=0   windowMode=1   baseIntent=Intent { act=android.intent.action.MAIN flag=271581184 cmp=ComponentInfo{org.kffs.habilisdatalogger/org.kivy.android.PythonActivity} }
05-29 20:48:31.807 16165 16203 F libc    : Fatal signal 11 (SIGSEGV), code 1 (SEGV_MAPERR), fault addr 0x40 in tid 16203 (SDLThread), pid 16165 (SDLActivity)
05-29 20:48:31.997  2054  3094 D tsched_scene: handleWindowChanged: pkgName: com.google.android.permissioncontroller, mForegroundAppName: org.kffs.habilisdatalogger
05-29 20:48:32.157 16213 16213 I GrantPermissionsViewModel: Permission grant result requestId=340005426191877214 callingUid=10298 callingPackage=org.kffs.habilisdatalogger permission=android.permission.READ_EXTERNAL_STORAGE isImplicit=false result=1 isPermissionRationaleShown=falseisPackageRestrictedByEnhancedConfirmation=false
05-29 20:48:32.157 16213 16213 I GrantPermissionsViewModel: Permission grant result requestId=340005426191877214 callingUid=10298 callingPackage=org.kffs.habilisdatalogger permission=android.permission.WRITE_EXTERNAL_STORAGE isImplicit=false result=1 isPermissionRationaleShown=falseisPackageRestrictedByEnhancedConfirmation=false
05-29 20:48:32.167  2054  4248 I ActivityTaskManager: resumeTopActivityInnerLocked topActivity:ActivityRecord{5da557b u0 org.kffs.habilisdatalogger/org.kivy.android.PythonActivity t53667} isFocusable:true this:Task{a421b19 #53667 type=standard A=10298:org.kffs.habilisdatalogger}
05-29 20:48:32.167  2054  4248 D PerfStubImpl: perfWarmLaunchBoost: org.kffs.habilisdatalogger, -1, 2
05-29 20:48:32.171  2054  4248 D WindowManager: wms.Input focus has changed to Window{8056c1a u0 org.kffs.habilisdatalogger/org.kivy.android.PythonActivity} display=0 updateInputWindows = true
05-29 20:48:32.173  4004  4239 D MiuiFullScreenTaskRepository: setFocusedTask taskId=53667, displayId=0, topActivity=ComponentInfo{org.kffs.habilisdatalogger/org.kivy.android.PythonActivity}
05-29 20:48:32.173  4004  4239 D MiuiFullScreenTaskRepository: addOrUpdateFullScreenTaskInfo taskId=53667, topActivity=ComponentInfo{org.kffs.habilisdatalogger/org.kivy.android.PythonActivity}
05-29 20:48:32.173  2054  4248 I ActivityTaskManager: resumeTopActivityInnerLocked topActivity:ActivityRecord{5da557b u0 org.kffs.habilisdatalogger/org.kivy.android.PythonActivity t53667} isFocusable:true this:Task{a421b19 #53667 type=standard A=10298:org.kffs.habilisdatalogger}
05-29 20:48:32.173  2054  4248 I ActivityTaskManager: resumeTopActivityInnerLocked topActivity:ActivityRecord{5da557b u0 org.kffs.habilisdatalogger/org.kivy.android.PythonActivity t53667} isFocusable:true this:Task{a421b19 #53667 type=standard A=10298:org.kffs.habilisdatalogger}
05-29 20:48:32.180  8252 20632 I ProcessMonitor: onForegroundInfoChanged: ForegroundInfo{mForegroundPackageName='org.kffs.habilisdatalogger', mForegroundUid=10298, mForegroundPid=16165, mLastForegroundPackageName='com.google.android.permissioncontroller', mLastForegroundUid=10229, mLastForegroundPid=16213, mMultiWindowForegroundPackageName='org.kffs.habilisdatalogger', mMultiWindowForegroundUid=10298, mFlags=0}
05-29 20:48:32.181  1417  2774 I SurfaceFlinger: sf.setTransactionState focusRequest transactionId:8821863387887 frontWin:8056c1a org.kffs.habilisdatalogger/org.kivy.android.PythonActivity
05-29 20:48:32.181  8252 20632 I GameBoosterService: onForegroundInfoChanged: Cur=org.kffs.habilisdatalogger	 last=com.google.android.permissioncontroller
05-29 20:48:32.181  8252 20632 D GameBoosterService: onGameStatusChange foreground:ForegroundInfo{mForegroundPackageName='org.kffs.habilisdatalogger', mForegroundUid=10298, mForegroundPid=16165, mLastForegroundPackageName='com.google.android.permissioncontroller', mLastForegroundUid=10229, mLastForegroundPid=16213, mMultiWindowForegroundPackageName='org.kffs.habilisdatalogger', mMultiWindowForegroundUid=10298, mFlags=0}
05-29 20:48:32.183  9307 31745 D PerfEngineController: ForegroundInfo{mForegroundPackageName='org.kffs.habilisdatalogger', mForegroundUid=10298, mForegroundPid=16165, mLastForegroundPackageName='com.google.android.permissioncontroller', mLastForegroundUid=10229, mLastForegroundPid=16213, mMultiWindowForegroundPackageName='org.kffs.habilisdatalogger', mMultiWindowForegroundUid=10298, mFlags=0}
05-29 20:48:32.184 10068 14277 I GST     : forePkg: org.kffs.habilisdatalogger, preForePkg: com.google.android.permissioncontroller
05-29 20:48:32.187 27976 28226 D BluetoothLatencyMode: ForegroundInfo{mForegroundPackageName='org.kffs.habilisdatalogger', mForegroundUid=10298, mForegroundPid=16165, mLastForegroundPackageName='com.google.android.permissioncontroller', mLastForegroundUid=10229, mLastForegroundPid=16213, mMultiWindowForegroundPackageName='org.kffs.habilisdatalogger', mMultiWindowForegroundUid=10298, mFlags=0}
05-29 20:48:32.188  4050 18617 D AppObserver: ForegroundInfo{mForegroundPackageName='org.kffs.habilisdatalogger', mForegroundUid=10298, mForegroundPid=16165, mLastForegroundPackageName='com.google.android.permissioncontroller', mLastForegroundUid=10229, mLastForegroundPid=16213, mMultiWindowForegroundPackageName='org.kffs.habilisdatalogger', mMultiWindowForegroundUid=10298, mFlags=0}
05-29 20:48:32.188  8252 20632 I BeautyService: onForegroundInfoChanged: Cur=org.kffs.habilisdatalogger	 last=com.google.android.permissioncontroller
05-29 20:48:32.224  2054  2819 I ActivityTaskManager: resumeTopActivityInnerLocked topActivity:ActivityRecord{5da557b u0 org.kffs.habilisdatalogger/org.kivy.android.PythonActivity t53667} isFocusable:true this:Task{a421b19 #53667 type=standard A=10298:org.kffs.habilisdatalogger}
05-29 20:48:32.235  2054  2363 D WindowManager: setLockTaskAuth: task=Task{a421b19 #53667 type=standard A=10298:org.kffs.habilisdatalogger} mLockTaskAuth=LOCK_TASK_AUTH_PINNABLE
05-29 20:48:32.237  4004  4239 D MiuiFullScreenTaskRepository: setFocusedTask taskId=53667, displayId=0, topActivity=ComponentInfo{org.kffs.habilisdatalogger/org.kivy.android.PythonActivity}
05-29 20:48:32.237  4004  4239 D MiuiFullScreenTaskRepository: addOrUpdateFullScreenTaskInfo taskId=53667, topActivity=ComponentInfo{org.kffs.habilisdatalogger/org.kivy.android.PythonActivity}
05-29 20:48:32.276  4050  4516 W RecentsModel: getRunningTask   taskInfo=TaskInfo{userId=0 taskId=53667 displayId=0 isRunning=true baseIntent=Intent { act=android.intent.action.MAIN cat=[android.intent.category.LAUNCHER] flg=0x10300000 cmp=org.kffs.habilisdatalogger/org.kivy.android.PythonActivity } baseActivity=ComponentInfo{org.kffs.habilisdatalogger/org.kivy.android.PythonActivity} topActivity=ComponentInfo{org.kffs.habilisdatalogger/org.kivy.android.PythonActivity} origActivity=null realActivity=ComponentInfo{org.kffs.habilisdatalogger/org.kivy.android.PythonActivity} numActivities=1 lastActiveTime=432785836 supportsSplitScreenMultiWindow=true supportsMultiWindow=true resizeMode=1 isResizeable=true minWidth=-1 minHeight=-1 defaultMinSize=200 token=WCT{android.window.IWindowContainerToken$Stub$Proxy@443d1f4} topActivityType=1 pictureInPictureParams=null shouldDockBigOverlays=false launchIntoPipHostTaskId=-1 lastParentTaskIdBeforePip=-1 displayCutoutSafeInsets=Rect(0, 98 - 0, 0) topActivityInfo=ActivityInfo{190ed1d org.kivy.android.PythonActivity} launchCookies=[] positionInParent=Point(0, 0) parentTaskId=-1 isFocused=true isVisible=true isVisibleRequested=true isSleeping=false topActivityInSizeCompat=false topActivityInMiuiSizeCompat=false topActivityEligibleForLetterboxEducation= false topActivityLetterboxed= false isFromDoubleTap= false topActivityLetterboxVerticalPosition= -1 topActivityLetterboxHorizontalPosition= -1 topActivityLetterboxWidth=-1 topActivityLetterboxHeight=-1 locusId=null displayAreaFeatureId=1 cameraCompatControlState=hidden mIsCastMode=false mTopActivityMediaSize=null mTopActivityRecordName=ActivityRecord{5da557b u0 org.kffs.habilisdatalogger/org.kivy.android.PythonActivity t53667} mTopActivityOrientation=1 mTopActivityWindowIsNowVisible=true isTranslucent=false isEmbedded=false shouldBeVisible=true mBehindAppLockPkg=null mOriginatingUid=0}
05-29 20:48:32.276  4050  4516 W RecentsModel: getTaskInfoIgnoreHomeAndFreeform   taskInfo=ComponentInfo{org.kffs.habilisdatalogger/org.kivy.android.PythonActivity}
05-29 20:48:32.277  4004  4004 I FocusedNotifPromptContr: onTopActivityMayChanged: topActivity=org.kffs.habilisdatalogger
05-29 20:48:32.277  4004  4004 I FocusedNotifPromptContr: topActivityMayChanged: topActivity=org.kffs.habilisdatalogger
05-29 20:48:32.277  4004  4004 D KeyguardEditorHelper: onTopActivityMayChanged, topActivity=ComponentInfo{org.kffs.habilisdatalogger/org.kivy.android.PythonActivity}; mState=IDEL
05-29 20:48:32.284  4050  4516 E ActivityManagerWrapper: getRecentTasks: mainTaskId=53667   userId=0   windowMode=1   baseIntent=Intent { act=android.intent.action.MAIN flag=271581184 cmp=ComponentInfo{org.kffs.habilisdatalogger/org.kivy.android.PythonActivity} }
05-29 20:48:32.315  4050  4516 W RecentsModel: getRunningTask   taskInfo=TaskInfo{userId=0 taskId=53667 displayId=0 isRunning=true baseIntent=Intent { act=android.intent.action.MAIN cat=[android.intent.category.LAUNCHER] flg=0x10300000 cmp=org.kffs.habilisdatalogger/org.kivy.android.PythonActivity } baseActivity=ComponentInfo{org.kffs.habilisdatalogger/org.kivy.android.PythonActivity} topActivity=ComponentInfo{org.kffs.habilisdatalogger/org.kivy.android.PythonActivity} origActivity=null realActivity=ComponentInfo{org.kffs.habilisdatalogger/org.kivy.android.PythonActivity} numActivities=1 lastActiveTime=432785875 supportsSplitScreenMultiWindow=true supportsMultiWindow=true resizeMode=1 isResizeable=true minWidth=-1 minHeight=-1 defaultMinSize=200 token=WCT{android.window.IWindowContainerToken$Stub$Proxy@7c61960} topActivityType=1 pictureInPictureParams=null shouldDockBigOverlays=false launchIntoPipHostTaskId=-1 lastParentTaskIdBeforePip=-1 displayCutoutSafeInsets=Rect(0, 98 - 0, 0) topActivityInfo=ActivityInfo{b543e19 org.kivy.android.PythonActivity} launchCookies=[] positionInParent=Point(0, 0) parentTaskId=-1 isFocused=true isVisible=true isVisibleRequested=true isSleeping=false topActivityInSizeCompat=false topActivityInMiuiSizeCompat=false topActivityEligibleForLetterboxEducation= false topActivityLetterboxed= false isFromDoubleTap= false topActivityLetterboxVerticalPosition= -1 topActivityLetterboxHorizontalPosition= -1 topActivityLetterboxWidth=-1 topActivityLetterboxHeight=-1 locusId=null displayAreaFeatureId=1 cameraCompatControlState=hidden mIsCastMode=false mTopActivityMediaSize=null mTopActivityRecordName=ActivityRecord{5da557b u0 org.kffs.habilisdatalogger/org.kivy.android.PythonActivity t53667} mTopActivityOrientation=1 mTopActivityWindowIsNowVisible=true isTranslucent=false isEmbedded=false shouldBeVisible=true mBehindAppLockPkg=null mOriginatingUid=0}
05-29 20:48:32.315  4050  4516 W RecentsModel: getTaskInfoIgnoreHomeAndFreeform   taskInfo=ComponentInfo{org.kffs.habilisdatalogger/org.kivy.android.PythonActivity}
05-29 20:48:32.321  4050  4516 E ActivityManagerWrapper: getRecentTasks: mainTaskId=53667   userId=0   windowMode=1   baseIntent=Intent { act=android.intent.action.MAIN flag=271581184 cmp=ComponentInfo{org.kffs.habilisdatalogger/org.kivy.android.PythonActivity} }
05-29 20:48:32.462 16242 16242 F DEBUG   : Cmdline: org.kffs.habilisdatalogger
05-29 20:48:32.462 16242 16242 F DEBUG   : pid: 16165, tid: 16203, name: SDLThread  >>> org.kffs.habilisdatalogger <<<
05-29 20:48:32.462 16242 16242 F DEBUG   :   NOTE:   /data/data/org.kffs.habilisdatalogger/files/app/_python_bundle/site-packages/kivy/_event.so
05-29 20:48:32.462 16242 16242 F DEBUG   :   NOTE:   /data/data/org.kffs.habilisdatalogger/files/app/_python_bundle/site-packages/kivy/graphics/compiler.so
05-29 20:48:32.462 16242 16242 F DEBUG   :   NOTE:   /data/data/org.kffs.habilisdatalogger/files/app/_python_bundle/site-packages/kivy/graphics/instructions.so
05-29 20:48:32.462 16242 16242 F DEBUG   :   NOTE:   /data/data/org.kffs.habilisdatalogger/files/app/_python_bundle/site-packages/kivy/graphics/vbo.so
05-29 20:48:32.462 16242 16242 F DEBUG   :       #04 pc 0000000000015ab0  /data/data/org.kffs.habilisdatalogger/files/app/_python_bundle/site-packages/kivy/graphics/vbo.so
05-29 20:48:32.462 16242 16242 F DEBUG   :       #05 pc 0000000000026d54  /data/data/org.kffs.habilisdatalogger/files/app/_python_bundle/site-packages/kivy/graphics/instructions.so
05-29 20:48:32.462 16242 16242 F DEBUG   :       #06 pc 00000000000100cc  /data/data/org.kffs.habilisdatalogger/files/app/_python_bundle/site-packages/kivy/graphics/compiler.so
05-29 20:48:32.462 16242 16242 F DEBUG   :       #07 pc 0000000000024218  /data/data/org.kffs.habilisdatalogger/files/app/_python_bundle/site-packages/kivy/graphics/instructions.so
05-29 20:48:32.462 16242 16242 F DEBUG   :       #08 pc 0000000000023934  /data/data/org.kffs.habilisdatalogger/files/app/_python_bundle/site-packages/kivy/graphics/instructions.so
05-29 20:48:32.462 16242 16242 F DEBUG   :       #09 pc 00000000000279dc  /data/data/org.kffs.habilisdatalogger/files/app/_python_bundle/site-packages/kivy/graphics/instructions.so
05-29 20:48:32.462 16242 16242 F DEBUG   :       #10 pc 0000000000029700  /data/data/org.kffs.habilisdatalogger/files/app/_python_bundle/site-packages/kivy/graphics/instructions.so
05-29 20:48:32.462 16242 16242 F DEBUG   :       #11 pc 00000000000100cc  /data/data/org.kffs.habilisdatalogger/files/app/_python_bundle/site-packages/kivy/graphics/compiler.so
05-29 20:48:32.462 16242 16242 F DEBUG   :       #12 pc 0000000000024218  /data/data/org.kffs.habilisdatalogger/files/app/_python_bundle/site-packages/kivy/graphics/instructions.so
05-29 20:48:32.462 16242 16242 F DEBUG   :       #13 pc 0000000000023934  /data/data/org.kffs.habilisdatalogger/files/app/_python_bundle/site-packages/kivy/graphics/instructions.so
05-29 20:48:32.462 16242 16242 F DEBUG   :       #14 pc 00000000000100cc  /data/data/org.kffs.habilisdatalogger/files/app/_python_bundle/site-packages/kivy/graphics/compiler.so
05-29 20:48:32.462 16242 16242 F DEBUG   :       #15 pc 0000000000024218  /data/data/org.kffs.habilisdatalogger/files/app/_python_bundle/site-packages/kivy/graphics/instructions.so
05-29 20:48:32.462 16242 16242 F DEBUG   :       #16 pc 0000000000023934  /data/data/org.kffs.habilisdatalogger/files/app/_python_bundle/site-packages/kivy/graphics/instructions.so
05-29 20:48:32.462 16242 16242 F DEBUG   :       #17 pc 00000000000279dc  /data/data/org.kffs.habilisdatalogger/files/app/_python_bundle/site-packages/kivy/graphics/instructions.so
05-29 20:48:32.463 16242 16242 F DEBUG   :       #18 pc 00000000000100cc  /data/data/org.kffs.habilisdatalogger/files/app/_python_bundle/site-packages/kivy/graphics/compiler.so
05-29 20:48:32.463 16242 16242 F DEBUG   :       #19 pc 0000000000024218  /data/data/org.kffs.habilisdatalogger/files/app/_python_bundle/site-packages/kivy/graphics/instructions.so
05-29 20:48:32.463 16242 16242 F DEBUG   :       #20 pc 0000000000023934  /data/data/org.kffs.habilisdatalogger/files/app/_python_bundle/site-packages/kivy/graphics/instructions.so
05-29 20:48:32.463 16242 16242 F DEBUG   :       #21 pc 00000000000279dc  /data/data/org.kffs.habilisdatalogger/files/app/_python_bundle/site-packages/kivy/graphics/instructions.so
05-29 20:48:32.463 16242 16242 F DEBUG   :       #22 pc 00000000000100cc  /data/data/org.kffs.habilisdatalogger/files/app/_python_bundle/site-packages/kivy/graphics/compiler.so
05-29 20:48:32.463 16242 16242 F DEBUG   :       #23 pc 0000000000024218  /data/data/org.kffs.habilisdatalogger/files/app/_python_bundle/site-packages/kivy/graphics/instructions.so
