06-12 22:41:57.058 15362 15362 V pythonutil: Checking pattern libsqlite3\.so against libpythonbin.so
06-12 22:41:57.058 15362 15362 V pythonutil: Checking pattern libsqlite3\.so against libSDL2_mixer.so
06-12 22:41:57.058 15362 15362 V pythonutil: Checking pattern libsqlite3\.so against libssl.so
06-12 22:41:57.058 15362 15362 V pythonutil: Checking pattern libsqlite3\.so against libpybundle.so
06-12 22:41:57.059 15362 15362 V pythonutil: Checking pattern libsqlite3\.so against libsqlite3.so
06-12 22:41:57.059 15362 15362 V pythonutil: Pattern libsqlite3\.so matched file libsqlite3.so
06-12 22:41:57.059  3838  3838 D RecentsImpl: mActivityStateObserver org.kivy.android.PythonActivity
06-12 22:41:57.059 15362 15362 V pythonutil: Checking pattern libffi\.so against libSDL2.so
06-12 22:41:57.059 15362 15362 V pythonutil: Checking pattern libffi\.so against libSDL2_ttf.so
06-12 22:41:57.059 15362 15362 V pythonutil: Checking pattern libffi\.so against libpng16.so
06-12 22:41:57.059 15362 15362 V pythonutil: Checking pattern libffi\.so against libfreetype.so
06-12 22:41:57.059 15362 15362 V pythonutil: Checking pattern libffi\.so against libpython3.10.so
06-12 22:41:57.059 15362 15362 V pythonutil: Checking pattern libffi\.so against libmain.so
06-12 22:41:57.059 15362 15362 V pythonutil: Checking pattern libffi\.so against libffi.so
06-12 22:41:57.059 15362 15362 V pythonutil: Pattern libffi\.so matched file libffi.so
06-12 22:41:57.060 15362 15362 V pythonutil: Checking pattern libffi\.so against libSDL2_image.so
06-12 22:41:57.060 15362 15362 V pythonutil: Checking pattern libffi\.so against libcrypto.so
06-12 22:41:57.060 15362 15362 V pythonutil: Checking pattern libffi\.so against libpythonbin.so
06-12 22:41:57.060 15362 15362 V pythonutil: Checking pattern libffi\.so against libSDL2_mixer.so
06-12 22:41:57.060 15362 15362 V pythonutil: Checking pattern libffi\.so against libssl.so
06-12 22:41:57.060 15362 15362 V pythonutil: Checking pattern libffi\.so against libpybundle.so
06-12 22:41:57.060 15362 15362 V pythonutil: Checking pattern libffi\.so against libsqlite3.so
06-12 22:41:57.060  3838  3838 W RecentsImpl: onResumed className=org.kivy.android.PythonActivity   mIsInAnotherPro=false   isKeyguardLocked=false   mSecuritySpaceGuideShown=false
06-12 22:41:57.060 15362 15362 V pythonutil: Checking pattern libpng16\.so against libSDL2.so
06-12 22:41:57.060 15362 15362 V pythonutil: Checking pattern libpng16\.so against libSDL2_ttf.so
06-12 22:41:57.060 15362 15362 V pythonutil: Checking pattern libpng16\.so against libpng16.so
06-12 22:41:57.061 15362 15362 V pythonutil: Pattern libpng16\.so matched file libpng16.so
06-12 22:41:57.061 13186 20636 D MiuiFreeformModeObserver: activityResumed() intent： Intent { cmp=org.kffs.habilisdatalogger/org.kivy.android.PythonActivity (has extras) }
06-12 22:41:57.061 15362 15362 V pythonutil: Checking pattern libpng16\.so against libfreetype.so
06-12 22:41:57.061 15362 15362 V pythonutil: Checking pattern libpng16\.so against libpython3.10.so
06-12 22:41:57.061 15362 15362 V pythonutil: Checking pattern libpng16\.so against libmain.so
06-12 22:41:57.061 15362 15362 V pythonutil: Checking pattern libpng16\.so against libffi.so
06-12 22:41:57.061 15362 15362 V pythonutil: Checking pattern libpng16\.so against libSDL2_image.so
06-12 22:41:57.061 15362 15362 V pythonutil: Checking pattern libpng16\.so against libcrypto.so
06-12 22:41:57.061 15362 15362 V pythonutil: Checking pattern libpng16\.so against libpythonbin.so
06-12 22:41:57.061 15362 15362 V pythonutil: Checking pattern libpng16\.so against libSDL2_mixer.so
06-12 22:41:57.061 15362 15362 V pythonutil: Checking pattern libpng16\.so against libssl.so
06-12 22:41:57.061 15362 15362 V pythonutil: Checking pattern libpng16\.so against libpybundle.so
06-12 22:41:57.061 15362 15362 V pythonutil: Checking pattern libpng16\.so against libsqlite3.so
06-12 22:41:57.061 15362 15362 V pythonutil: Checking pattern libssl.*\.so against libSDL2.so
06-12 22:41:57.062 15362 15362 V pythonutil: Checking pattern libssl.*\.so against libSDL2_ttf.so
06-12 22:41:57.062 15362 15362 V pythonutil: Checking pattern libssl.*\.so against libpng16.so
06-12 22:41:57.062 15362 15362 V pythonutil: Checking pattern libssl.*\.so against libfreetype.so
06-12 22:41:57.062 15362 15362 V pythonutil: Checking pattern libssl.*\.so against libpython3.10.so
06-12 22:41:57.062 15362 15362 V pythonutil: Checking pattern libssl.*\.so against libmain.so
06-12 22:41:57.063 15362 15362 V pythonutil: Checking pattern libssl.*\.so against libffi.so
06-12 22:41:57.063 15362 15362 V pythonutil: Checking pattern libssl.*\.so against libSDL2_image.so
06-12 22:41:57.064 15362 15362 V pythonutil: Checking pattern libssl.*\.so against libcrypto.so
06-12 22:41:57.064 15362 15362 V pythonutil: Checking pattern libssl.*\.so against libpythonbin.so
06-12 22:41:57.064 15362 15362 V pythonutil: Checking pattern libssl.*\.so against libSDL2_mixer.so
06-12 22:41:57.064 15362 15362 V pythonutil: Checking pattern libssl.*\.so against libssl.so
06-12 22:41:57.064 15362 15362 V pythonutil: Pattern libssl.*\.so matched file libssl.so
06-12 22:41:57.064 15362 15362 V pythonutil: Checking pattern libssl.*\.so against libpybundle.so
06-12 22:41:57.064 15362 15362 V pythonutil: Checking pattern libssl.*\.so against libsqlite3.so
06-12 22:41:57.064 15362 15362 V pythonutil: Checking pattern libcrypto.*\.so against libSDL2.so
06-12 22:41:57.065 15362 15362 V pythonutil: Checking pattern libcrypto.*\.so against libSDL2_ttf.so
06-12 22:41:57.065 15362 15362 V pythonutil: Checking pattern libcrypto.*\.so against libpng16.so
06-12 22:41:57.065 15362 15362 V pythonutil: Checking pattern libcrypto.*\.so against libfreetype.so
06-12 22:41:57.065 15362 15362 V pythonutil: Checking pattern libcrypto.*\.so against libpython3.10.so
06-12 22:41:57.065 15362 15362 V pythonutil: Checking pattern libcrypto.*\.so against libmain.so
06-12 22:41:57.065 15362 15362 V pythonutil: Checking pattern libcrypto.*\.so against libffi.so
06-12 22:41:57.065 15362 15362 V pythonutil: Checking pattern libcrypto.*\.so against libSDL2_image.so
06-12 22:41:57.065 15362 15362 V pythonutil: Checking pattern libcrypto.*\.so against libcrypto.so
06-12 22:41:57.065 15362 15362 V pythonutil: Pattern libcrypto.*\.so matched file libcrypto.so
06-12 22:41:57.065 15362 15362 V pythonutil: Checking pattern libcrypto.*\.so against libpythonbin.so
06-12 22:41:57.065 15362 15362 V pythonutil: Checking pattern libcrypto.*\.so against libSDL2_mixer.so
06-12 22:41:57.066 15362 15362 V pythonutil: Checking pattern libcrypto.*\.so against libssl.so
06-12 22:41:57.066 15362 15362 V pythonutil: Checking pattern libcrypto.*\.so against libpybundle.so
06-12 22:41:57.066 15362 15362 V pythonutil: Checking pattern libcrypto.*\.so against libsqlite3.so
06-12 22:41:57.067 15362 15362 V pythonutil: Checking pattern libSDL2\.so against libSDL2.so
06-12 22:41:57.067 15362 15362 V pythonutil: Pattern libSDL2\.so matched file libSDL2.so
06-12 22:41:57.067 15362 15362 V pythonutil: Checking pattern libSDL2\.so against libSDL2_ttf.so
06-12 22:41:57.067 15362 15362 V pythonutil: Checking pattern libSDL2\.so against libpng16.so
06-12 22:41:57.067 15362 15362 V pythonutil: Checking pattern libSDL2\.so against libfreetype.so
06-12 22:41:57.067 15362 15362 V pythonutil: Checking pattern libSDL2\.so against libpython3.10.so
06-12 22:41:57.067 15362 15362 V pythonutil: Checking pattern libSDL2\.so against libmain.so
06-12 22:41:57.067 15362 15362 V pythonutil: Checking pattern libSDL2\.so against libffi.so
06-12 22:41:57.067 15362 15362 V pythonutil: Checking pattern libSDL2\.so against libSDL2_image.so
06-12 22:41:57.067 15362 15362 V pythonutil: Checking pattern libSDL2\.so against libcrypto.so
06-12 22:41:57.068 15362 15362 V pythonutil: Checking pattern libSDL2\.so against libpythonbin.so
06-12 22:41:57.068 15362 15362 V pythonutil: Checking pattern libSDL2\.so against libSDL2_mixer.so
06-12 22:41:57.068 15362 15362 V pythonutil: Checking pattern libSDL2\.so against libssl.so
06-12 22:41:57.068 15362 15362 V pythonutil: Checking pattern libSDL2\.so against libpybundle.so
06-12 22:41:57.068 15362 15362 V pythonutil: Checking pattern libSDL2\.so against libsqlite3.so
06-12 22:41:57.068 15362 15362 V pythonutil: Checking pattern libSDL2_image\.so against libSDL2.so
06-12 22:41:57.068 15362 15362 V pythonutil: Checking pattern libSDL2_image\.so against libSDL2_ttf.so
06-12 22:41:57.068 15362 15362 V pythonutil: Checking pattern libSDL2_image\.so against libpng16.so
06-12 22:41:57.068 15362 15362 V pythonutil: Checking pattern libSDL2_image\.so against libfreetype.so
06-12 22:41:57.068 15362 15362 V pythonutil: Checking pattern libSDL2_image\.so against libpython3.10.so
06-12 22:41:57.068 15362 15362 V pythonutil: Checking pattern libSDL2_image\.so against libmain.so
06-12 22:41:57.068 15362 15362 V pythonutil: Checking pattern libSDL2_image\.so against libffi.so
06-12 22:41:57.068 15362 15362 V pythonutil: Checking pattern libSDL2_image\.so against libSDL2_image.so
06-12 22:41:57.068 15362 15362 V pythonutil: Pattern libSDL2_image\.so matched file libSDL2_image.so
06-12 22:41:57.068 15362 15362 V pythonutil: Checking pattern libSDL2_image\.so against libcrypto.so
06-12 22:41:57.069 15362 15362 V pythonutil: Checking pattern libSDL2_image\.so against libpythonbin.so
06-12 22:41:57.069 15362 15362 V pythonutil: Checking pattern libSDL2_image\.so against libSDL2_mixer.so
06-12 22:41:57.069 15362 15362 V pythonutil: Checking pattern libSDL2_image\.so against libssl.so
06-12 22:41:57.069 15362 15362 V pythonutil: Checking pattern libSDL2_image\.so against libpybundle.so
06-12 22:41:57.069 15362 15362 V pythonutil: Checking pattern libSDL2_image\.so against libsqlite3.so
06-12 22:41:57.069 15362 15362 V pythonutil: Checking pattern libSDL2_mixer\.so against libSDL2.so
06-12 22:41:57.069 15362 15362 V pythonutil: Checking pattern libSDL2_mixer\.so against libSDL2_ttf.so
06-12 22:41:57.069 15362 15362 V pythonutil: Checking pattern libSDL2_mixer\.so against libpng16.so
06-12 22:41:57.069 15362 15362 V pythonutil: Checking pattern libSDL2_mixer\.so against libfreetype.so
06-12 22:41:57.069 15362 15362 V pythonutil: Checking pattern libSDL2_mixer\.so against libpython3.10.so
06-12 22:41:57.069 15362 15362 V pythonutil: Checking pattern libSDL2_mixer\.so against libmain.so
06-12 22:41:57.069 15362 15362 V pythonutil: Checking pattern libSDL2_mixer\.so against libffi.so
06-12 22:41:57.070 15362 15362 V pythonutil: Checking pattern libSDL2_mixer\.so against libSDL2_image.so
06-12 22:41:57.070 15362 15362 V pythonutil: Checking pattern libSDL2_mixer\.so against libcrypto.so
06-12 22:41:57.070 15362 15362 V pythonutil: Checking pattern libSDL2_mixer\.so against libpythonbin.so
06-12 22:41:57.070 15362 15362 V pythonutil: Checking pattern libSDL2_mixer\.so against libSDL2_mixer.so
06-12 22:41:57.070 15362 15362 V pythonutil: Pattern libSDL2_mixer\.so matched file libSDL2_mixer.so
06-12 22:41:57.070 15362 15362 V pythonutil: Checking pattern libSDL2_mixer\.so against libssl.so
06-12 22:41:57.070 15362 15362 V pythonutil: Checking pattern libSDL2_mixer\.so against libpybundle.so
06-12 22:41:57.070 15362 15362 V pythonutil: Checking pattern libSDL2_mixer\.so against libsqlite3.so
06-12 22:41:57.070 15362 15362 V pythonutil: Checking pattern libSDL2_ttf\.so against libSDL2.so
06-12 22:41:57.070 15362 15362 V pythonutil: Checking pattern libSDL2_ttf\.so against libSDL2_ttf.so
06-12 22:41:57.070 15362 15362 V pythonutil: Pattern libSDL2_ttf\.so matched file libSDL2_ttf.so
06-12 22:41:57.070 15362 15362 V pythonutil: Checking pattern libSDL2_ttf\.so against libpng16.so
06-12 22:41:57.070 15362 15362 V pythonutil: Checking pattern libSDL2_ttf\.so against libfreetype.so
06-12 22:41:57.071 15362 15362 V pythonutil: Checking pattern libSDL2_ttf\.so against libpython3.10.so
06-12 22:41:57.071 15362 15362 V pythonutil: Checking pattern libSDL2_ttf\.so against libmain.so
06-12 22:41:57.071 15362 15362 V pythonutil: Checking pattern libSDL2_ttf\.so against libffi.so
06-12 22:41:57.071 15362 15362 V pythonutil: Checking pattern libSDL2_ttf\.so against libSDL2_image.so
06-12 22:41:57.071 15362 15362 V pythonutil: Checking pattern libSDL2_ttf\.so against libcrypto.so
06-12 22:41:57.071 15362 15362 V pythonutil: Checking pattern libSDL2_ttf\.so against libpythonbin.so
06-12 22:41:57.071 15362 15362 V pythonutil: Checking pattern libSDL2_ttf\.so against libSDL2_mixer.so
06-12 22:41:57.071 15362 15362 V pythonutil: Checking pattern libSDL2_ttf\.so against libssl.so
06-12 22:41:57.071 15362 15362 V pythonutil: Checking pattern libSDL2_ttf\.so against libpybundle.so
06-12 22:41:57.071 15362 15362 V pythonutil: Checking pattern libSDL2_ttf\.so against libsqlite3.so
06-12 22:41:57.071 15362 15362 V pythonutil: Checking pattern libSDL3\.so against libSDL2.so
06-12 22:41:57.072 15362 15362 V pythonutil: Checking pattern libSDL3\.so against libSDL2_ttf.so
06-12 22:41:57.072 15362 15362 V pythonutil: Checking pattern libSDL3\.so against libpng16.so
06-12 22:41:57.072 15362 15362 V pythonutil: Checking pattern libSDL3\.so against libfreetype.so
06-12 22:41:57.072 15362 15362 V pythonutil: Checking pattern libSDL3\.so against libpython3.10.so
06-12 22:41:57.072 15362 15362 V pythonutil: Checking pattern libSDL3\.so against libmain.so
06-12 22:41:57.072 15362 15362 V pythonutil: Checking pattern libSDL3\.so against libffi.so
06-12 22:41:57.072 15362 15362 V pythonutil: Checking pattern libSDL3\.so against libSDL2_image.so
06-12 22:41:57.072 15362 15362 V pythonutil: Checking pattern libSDL3\.so against libcrypto.so
06-12 22:41:57.072 15362 15362 V pythonutil: Checking pattern libSDL3\.so against libpythonbin.so
06-12 22:41:57.072 15362 15362 V pythonutil: Checking pattern libSDL3\.so against libSDL2_mixer.so
06-12 22:41:57.072 15362 15362 V pythonutil: Checking pattern libSDL3\.so against libssl.so
06-12 22:41:57.072 15362 15362 V pythonutil: Checking pattern libSDL3\.so against libpybundle.so
06-12 22:41:57.072 15362 15362 V pythonutil: Checking pattern libSDL3\.so against libsqlite3.so
06-12 22:41:57.072 15362 15362 V pythonutil: Checking pattern libSDL3_image\.so against libSDL2.so
06-12 22:41:57.072 15362 15362 V pythonutil: Checking pattern libSDL3_image\.so against libSDL2_ttf.so
06-12 22:41:57.072 15362 15362 V pythonutil: Checking pattern libSDL3_image\.so against libpng16.so
06-12 22:41:57.073 15362 15362 V pythonutil: Checking pattern libSDL3_image\.so against libfreetype.so
06-12 22:41:57.073 15362 15362 V pythonutil: Checking pattern libSDL3_image\.so against libpython3.10.so
06-12 22:41:57.073 15362 15362 V pythonutil: Checking pattern libSDL3_image\.so against libmain.so
06-12 22:41:57.073 15362 15362 V pythonutil: Checking pattern libSDL3_image\.so against libffi.so
06-12 22:41:57.073 15362 15362 V pythonutil: Checking pattern libSDL3_image\.so against libSDL2_image.so
06-12 22:41:57.073 15362 15362 V pythonutil: Checking pattern libSDL3_image\.so against libcrypto.so
06-12 22:41:57.073 15362 15362 V pythonutil: Checking pattern libSDL3_image\.so against libpythonbin.so
06-12 22:41:57.073 15362 15362 V pythonutil: Checking pattern libSDL3_image\.so against libSDL2_mixer.so
06-12 22:41:57.073 15362 15362 V pythonutil: Checking pattern libSDL3_image\.so against libssl.so
06-12 22:41:57.073 15362 15362 V pythonutil: Checking pattern libSDL3_image\.so against libpybundle.so
06-12 22:41:57.073 15362 15362 V pythonutil: Checking pattern libSDL3_image\.so against libsqlite3.so
06-12 22:41:57.073 15362 15362 V pythonutil: Checking pattern libSDL3_mixer\.so against libSDL2.so
06-12 22:41:57.073 15362 15362 V pythonutil: Checking pattern libSDL3_mixer\.so against libSDL2_ttf.so
06-12 22:41:57.073 15362 15362 V pythonutil: Checking pattern libSDL3_mixer\.so against libpng16.so
06-12 22:41:57.073 15362 15362 V pythonutil: Checking pattern libSDL3_mixer\.so against libfreetype.so
06-12 22:41:57.074 15362 15362 V pythonutil: Checking pattern libSDL3_mixer\.so against libpython3.10.so
06-12 22:41:57.074 15362 15362 V pythonutil: Checking pattern libSDL3_mixer\.so against libmain.so
06-12 22:41:57.074 15362 15362 V pythonutil: Checking pattern libSDL3_mixer\.so against libffi.so
06-12 22:41:57.074 15362 15362 V pythonutil: Checking pattern libSDL3_mixer\.so against libSDL2_image.so
06-12 22:41:57.074 15362 15362 V pythonutil: Checking pattern libSDL3_mixer\.so against libcrypto.so
06-12 22:41:57.074 15362 15362 V pythonutil: Checking pattern libSDL3_mixer\.so against libpythonbin.so
06-12 22:41:57.074 15362 15362 V pythonutil: Checking pattern libSDL3_mixer\.so against libSDL2_mixer.so
06-12 22:41:57.074 15362 15362 V pythonutil: Checking pattern libSDL3_mixer\.so against libssl.so
06-12 22:41:57.074 15362 15362 V pythonutil: Checking pattern libSDL3_mixer\.so against libpybundle.so
06-12 22:41:57.074 15362 15362 V pythonutil: Checking pattern libSDL3_mixer\.so against libsqlite3.so
06-12 22:41:57.074 15362 15362 V pythonutil: Checking pattern libSDL3_ttf\.so against libSDL2.so
06-12 22:41:57.074 15362 15362 V pythonutil: Checking pattern libSDL3_ttf\.so against libSDL2_ttf.so
06-12 22:41:57.074 15362 15362 V pythonutil: Checking pattern libSDL3_ttf\.so against libpng16.so
06-12 22:41:57.074 15362 15362 V pythonutil: Checking pattern libSDL3_ttf\.so against libfreetype.so
06-12 22:41:57.075 15362 15362 V pythonutil: Checking pattern libSDL3_ttf\.so against libpython3.10.so
06-12 22:41:57.075 15362 15362 V pythonutil: Checking pattern libSDL3_ttf\.so against libmain.so
06-12 22:41:57.075 15362 15362 V pythonutil: Checking pattern libSDL3_ttf\.so against libffi.so
06-12 22:41:57.075 15362 15362 V pythonutil: Checking pattern libSDL3_ttf\.so against libSDL2_image.so
06-12 22:41:57.075 15362 15362 V pythonutil: Checking pattern libSDL3_ttf\.so against libcrypto.so
06-12 22:41:57.075 15362 15362 V pythonutil: Checking pattern libSDL3_ttf\.so against libpythonbin.so
06-12 22:41:57.075 15362 15362 V pythonutil: Checking pattern libSDL3_ttf\.so against libSDL2_mixer.so
06-12 22:41:57.075 15362 15362 V pythonutil: Checking pattern libSDL3_ttf\.so against libssl.so
06-12 22:41:57.075 15362 15362 V pythonutil: Checking pattern libSDL3_ttf\.so against libpybundle.so
06-12 22:41:57.075 15362 15362 V pythonutil: Checking pattern libSDL3_ttf\.so against libsqlite3.so
06-12 22:41:57.075 15362 15362 V pythonutil: Loading library: sqlite3
06-12 22:41:57.081 15362 15362 D nativeloader: Load /data/app/~~rE7QTiXDaOvSFNdDb_TZIg==/org.kffs.habilisdatalogger-kD81BLa2-m_LyctbSUJqrg==/lib/arm64/libsqlite3.so using ns clns-4 from class loader (caller=/data/app/~~rE7QTiXDaOvSFNdDb_TZIg==/org.kffs.habilisdatalogger-kD81BLa2-m_LyctbSUJqrg==/base.apk!classes5.dex): ok
06-12 22:41:57.082 15362 15362 V pythonutil: Loading library: ffi
06-12 22:41:57.084 15362 15362 D nativeloader: Load /data/app/~~rE7QTiXDaOvSFNdDb_TZIg==/org.kffs.habilisdatalogger-kD81BLa2-m_LyctbSUJqrg==/lib/arm64/libffi.so using ns clns-4 from class loader (caller=/data/app/~~rE7QTiXDaOvSFNdDb_TZIg==/org.kffs.habilisdatalogger-kD81BLa2-m_LyctbSUJqrg==/base.apk!classes5.dex): ok
06-12 22:41:57.085 15362 15362 V pythonutil: Loading library: png16
06-12 22:41:57.087 15362 15362 D nativeloader: Load /data/app/~~rE7QTiXDaOvSFNdDb_TZIg==/org.kffs.habilisdatalogger-kD81BLa2-m_LyctbSUJqrg==/lib/arm64/libpng16.so using ns clns-4 from class loader (caller=/data/app/~~rE7QTiXDaOvSFNdDb_TZIg==/org.kffs.habilisdatalogger-kD81BLa2-m_LyctbSUJqrg==/base.apk!classes5.dex): ok
06-12 22:41:57.087 15362 15362 V pythonutil: Loading library: ssl
06-12 22:41:57.098 15362 15362 D nativeloader: Load /data/app/~~rE7QTiXDaOvSFNdDb_TZIg==/org.kffs.habilisdatalogger-kD81BLa2-m_LyctbSUJqrg==/lib/arm64/libssl.so using ns clns-4 from class loader (caller=/data/app/~~rE7QTiXDaOvSFNdDb_TZIg==/org.kffs.habilisdatalogger-kD81BLa2-m_LyctbSUJqrg==/base.apk!classes5.dex): ok
06-12 22:41:57.098 15362 15362 V pythonutil: Loading library: crypto
06-12 22:41:57.099 15362 15362 D nativeloader: Load /data/app/~~rE7QTiXDaOvSFNdDb_TZIg==/org.kffs.habilisdatalogger-kD81BLa2-m_LyctbSUJqrg==/lib/arm64/libcrypto.so using ns clns-4 from class loader (caller=/data/app/~~rE7QTiXDaOvSFNdDb_TZIg==/org.kffs.habilisdatalogger-kD81BLa2-m_LyctbSUJqrg==/base.apk!classes5.dex): ok
06-12 22:41:57.099 15362 15362 V pythonutil: Loading library: SDL2
06-12 22:41:57.104 15362 15362 D nativeloader: Load /data/app/~~rE7QTiXDaOvSFNdDb_TZIg==/org.kffs.habilisdatalogger-kD81BLa2-m_LyctbSUJqrg==/lib/arm64/libSDL2.so using ns clns-4 from class loader (caller=/data/app/~~rE7QTiXDaOvSFNdDb_TZIg==/org.kffs.habilisdatalogger-kD81BLa2-m_LyctbSUJqrg==/base.apk!classes5.dex): ok
06-12 22:41:57.105 15362 15362 V pythonutil: Loading library: SDL2_image
06-12 22:41:57.108 15362 15362 D nativeloader: Load /data/app/~~rE7QTiXDaOvSFNdDb_TZIg==/org.kffs.habilisdatalogger-kD81BLa2-m_LyctbSUJqrg==/lib/arm64/libSDL2_image.so using ns clns-4 from class loader (caller=/data/app/~~rE7QTiXDaOvSFNdDb_TZIg==/org.kffs.habilisdatalogger-kD81BLa2-m_LyctbSUJqrg==/base.apk!classes5.dex): ok
06-12 22:41:57.108 15362 15362 V pythonutil: Loading library: SDL2_mixer
06-12 22:41:57.111 15362 15362 D nativeloader: Load /data/app/~~rE7QTiXDaOvSFNdDb_TZIg==/org.kffs.habilisdatalogger-kD81BLa2-m_LyctbSUJqrg==/lib/arm64/libSDL2_mixer.so using ns clns-4 from class loader (caller=/data/app/~~rE7QTiXDaOvSFNdDb_TZIg==/org.kffs.habilisdatalogger-kD81BLa2-m_LyctbSUJqrg==/base.apk!classes5.dex): ok
06-12 22:41:57.111 15362 15362 V pythonutil: Loading library: SDL2_ttf
06-12 22:41:57.120 15362 15362 D nativeloader: Load /data/app/~~rE7QTiXDaOvSFNdDb_TZIg==/org.kffs.habilisdatalogger-kD81BLa2-m_LyctbSUJqrg==/lib/arm64/libSDL2_ttf.so using ns clns-4 from class loader (caller=/data/app/~~rE7QTiXDaOvSFNdDb_TZIg==/org.kffs.habilisdatalogger-kD81BLa2-m_LyctbSUJqrg==/base.apk!classes5.dex): ok
06-12 22:41:57.120 15362 15362 V pythonutil: Loading library: python3.14
06-12 22:41:57.125 15362 15362 D nativeloader: Load libpython3.14.so using ns clns-4 from class loader (caller=/data/app/~~rE7QTiXDaOvSFNdDb_TZIg==/org.kffs.habilisdatalogger-kD81BLa2-m_LyctbSUJqrg==/base.apk!classes5.dex): dlopen failed: library "libpython3.14.so" not found
06-12 22:41:57.125 15362 15362 V pythonutil: Library loading error: dlopen failed: library "libpython3.14.so" not found
06-12 22:41:57.126 15362 15362 V pythonutil: Loading library: python3.13
06-12 22:41:57.126 15362 15362 D nativeloader: Load libpython3.13.so using ns clns-4 from class loader (caller=/data/app/~~rE7QTiXDaOvSFNdDb_TZIg==/org.kffs.habilisdatalogger-kD81BLa2-m_LyctbSUJqrg==/base.apk!classes5.dex): dlopen failed: library "libpython3.13.so" not found
06-12 22:41:57.127 15362 15362 V pythonutil: Library loading error: dlopen failed: library "libpython3.13.so" not found
06-12 22:41:57.127 15362 15362 V pythonutil: Loading library: python3.12
06-12 22:41:57.128 15362 15362 D nativeloader: Load libpython3.12.so using ns clns-4 from class loader (caller=/data/app/~~rE7QTiXDaOvSFNdDb_TZIg==/org.kffs.habilisdatalogger-kD81BLa2-m_LyctbSUJqrg==/base.apk!classes5.dex): dlopen failed: library "libpython3.12.so" not found
06-12 22:41:57.128 15362 15362 V pythonutil: Library loading error: dlopen failed: library "libpython3.12.so" not found
06-12 22:41:57.128 15362 15362 V pythonutil: Loading library: python3.11
06-12 22:41:57.132 15362 15362 D nativeloader: Load libpython3.11.so using ns clns-4 from class loader (caller=/data/app/~~rE7QTiXDaOvSFNdDb_TZIg==/org.kffs.habilisdatalogger-kD81BLa2-m_LyctbSUJqrg==/base.apk!classes5.dex): dlopen failed: library "libpython3.11.so" not found
06-12 22:41:57.132 15362 15362 V pythonutil: Library loading error: dlopen failed: library "libpython3.11.so" not found
06-12 22:41:57.133 15362 15362 V pythonutil: Loading library: python3.10
06-12 22:41:57.137 15362 15362 D nativeloader: Load /data/app/~~rE7QTiXDaOvSFNdDb_TZIg==/org.kffs.habilisdatalogger-kD81BLa2-m_LyctbSUJqrg==/lib/arm64/libpython3.10.so using ns clns-4 from class loader (caller=/data/app/~~rE7QTiXDaOvSFNdDb_TZIg==/org.kffs.habilisdatalogger-kD81BLa2-m_LyctbSUJqrg==/base.apk!classes5.dex): ok
06-12 22:41:57.137 15362 15362 V pythonutil: Loading library: main
06-12 22:41:57.139 15362 15362 D nativeloader: Load /data/app/~~rE7QTiXDaOvSFNdDb_TZIg==/org.kffs.habilisdatalogger-kD81BLa2-m_LyctbSUJqrg==/lib/arm64/libmain.so using ns clns-4 from class loader (caller=/data/app/~~rE7QTiXDaOvSFNdDb_TZIg==/org.kffs.habilisdatalogger-kD81BLa2-m_LyctbSUJqrg==/base.apk!classes5.dex): ok
06-12 22:41:57.139 15362 15362 V pythonutil: Loaded everything!
06-12 22:41:57.141 15362 15362 V SDL     : nativeSetupJNI()
06-12 22:41:57.141 15362 15362 V SDL     : AUDIO nativeSetupJNI()
06-12 22:41:57.141 15362 15362 V SDL     : CONTROLLER nativeSetupJNI()
06-12 22:41:57.220  1948  7876 I Transition: finishTransition: updateLastSurfacePosition tf=Task{5c39bc4 #640 type=standard A=10364:org.kffs.habilisdatalogger}
06-12 22:41:57.221  1948  3868 D CoreBackPreview: Window{7d233c0 u0 org.kffs.habilisdatalogger/org.kivy.android.PythonActivity}: Setting back callback OnBackInvokedCallbackInfo{mCallback=android.window.IOnBackInvokedCallback$Stub$Proxy@50eebb5, mPriority=0, mIsAnimationCallback=false}
06-12 22:41:57.238  1948  5730 D WindowManager: wms.Input focus has changed to Window{7d233c0 u0 org.kffs.habilisdatalogger/org.kivy.android.PythonActivity} display=0 updateInputWindows = true
06-12 22:41:57.242  1363  2713 I SurfaceFlinger: sf.setTransactionState focusRequest transactionId:8366597781398 frontWin:7d233c0 org.kffs.habilisdatalogger/org.kivy.android.PythonActivity
06-12 22:41:57.263 15362 15362 V SDL     : surfaceCreated()
06-12 22:41:57.263 15362 15362 V SDL     : surfaceChanged()
06-12 22:41:57.263 15362 15362 V SDL     : Window size: 1080x2172
06-12 22:41:57.263 15362 15362 V SDL     : Device size: 1080x2400
06-12 22:41:57.274 15362 15495 V SDL     : Running main function SDL_main from library /data/app/~~rE7QTiXDaOvSFNdDb_TZIg==/org.kffs.habilisdatalogger-kD81BLa2-m_LyctbSUJqrg==/lib/arm64/libmain.so
06-12 22:41:57.274 15362 15495 V SDL     : nativeRunMain()
06-12 22:41:57.275 15362 15495 I python  : Initializing Python for Android
06-12 22:41:57.275 15362 15495 I python  : Setting additional env vars from p4a_env_vars.txt
06-12 22:41:57.279 15362 15495 I python  : Changing directory to '/data/user/0/org.kffs.habilisdatalogger/files/app'
06-12 22:41:57.293 15362 15495 I python  : Preparing to initialize python
06-12 22:41:57.294 15362 15495 I python  : _python_bundle dir exists
06-12 22:41:57.294 15362 15495 I python  : set wchar paths...
06-12 22:41:57.311 15362 15362 W SDLThread: type=1400 audit(0.0:450538): avc:  granted  { execute } for  path="/data/data/org.kffs.habilisdatalogger/files/app/_python_bundle/modules/zlib.cpython-310.so" dev="dm-53" ino=111013 scontext=u:r:untrusted_app_30:s0:c108,c257,c512,c768 tcontext=u:object_r:app_data_file:s0:c108,c257,c512,c768 tclass=file app=com.google.android.dialer
06-12 22:41:57.335 15362 15495 I python  : Python initialized using legacy Py_Initialize().
06-12 22:41:57.335 15362 15495 I python  : Initialized python
06-12 22:41:57.335 15362 15495 I python  : testing python print redirection
06-12 22:41:57.336 15362 15495 I python  : Android kivy bootstrap done. __name__ is __main__
06-12 22:41:57.343  1948  3868 D WindowManager: wms.finishDrawingLocked: mDrawState=COMMIT_DRAW_PENDING Window{7d233c0 u0 org.kffs.habilisdatalogger/org.kivy.android.PythonActivity} in Surface(name=org.kffs.habilisdatalogger/org.kivy.android.PythonActivity#154552)/@0x858a916
06-12 22:41:57.349 15362 15362 D SurfaceView: UPDATE Surface(name=SurfaceView[org.kffs.habilisdatalogger/org.kivy.android.PythonActivity]#154556)/@0x976d811, mIsProjectionMode = false
06-12 22:41:57.350  1948  2308 I WindowManager: wms.showSurfaceRobustly mWin:Window{7d233c0 u0 org.kffs.habilisdatalogger/org.kivy.android.PythonActivity}
06-12 22:41:57.356  1948  2074 I ActivityTaskManager: Displayed org.kffs.habilisdatalogger/org.kivy.android.PythonActivity for user 0: +875ms
06-12 22:41:57.368 15362 15362 V SDL     : onWindowFocusChanged(): true
06-12 22:41:57.369  1948  5730 D CoreBackPreview: Window{359d4a9 u0 Splash Screen org.kffs.habilisdatalogger}: Setting back callback null
06-12 22:41:57.372  1948  2055 W InputManager-JNI: Input channel object '359d4a9 Splash Screen org.kffs.habilisdatalogger (client)' was disposed without first being removed with the input manager!
06-12 22:41:57.373  1948  2972 D tsched_scene: handleWindowChanged: pkgName: org.kffs.habilisdatalogger, mForegroundAppName: com.miui.home
06-12 22:41:57.384  1948  5730 I ImeTracker: org.kffs.habilisdatalogger:344507b8: onRequestHide at ORIGIN_SERVER_HIDE_INPUT reason HIDE_UNSPECIFIED_WINDOW
06-12 22:41:57.384  1948  5730 I ImeTracker: org.kffs.habilisdatalogger:344507b8: onCancelled at PHASE_SERVER_SHOULD_HIDE
06-12 22:41:57.386  1363  2713 D MI-SF   : updateScene: module = 270 (Input), value = 0, pkg = org.kffs.habilisdatalogger, Vrr = 1
06-12 22:41:57.413 22864 22864 I GoogleInputMethodService: GoogleInputMethodService.onStartInput():1446 onStartInput(EditorInfo{EditorInfo{packageName=org.kffs.habilisdatalogger, inputType=0, inputTypeString=NULL, enableLearning=false, autoCorrection=false, autoComplete=false, imeOptions=0, privateImeOptions=null, actionName=UNSPECIFIED, actionLabel=null, initialSelStart=-1, initialSelEnd=-1, initialCapsMode=0, label=null, fieldId=0, fieldName=null, extras=Bundle[mParcelledData.dataSize=72], hintText=null, hintLocales=[]}}, false)
06-12 22:41:57.417  3838  4246 W RecentsModel: getRunningTask   taskInfo=TaskInfo{userId=0 taskId=640 displayId=0 isRunning=true baseIntent=Intent { act=android.intent.action.MAIN cat=[android.intent.category.LAUNCHER] flg=0x10200000 cmp=org.kffs.habilisdatalogger/org.kivy.android.PythonActivity } baseActivity=ComponentInfo{org.kffs.habilisdatalogger/org.kivy.android.PythonActivity} topActivity=ComponentInfo{org.kffs.habilisdatalogger/org.kivy.android.PythonActivity} origActivity=null realActivity=ComponentInfo{org.kffs.habilisdatalogger/org.kivy.android.PythonActivity} numActivities=1 lastActiveTime=739327979 supportsSplitScreenMultiWindow=true supportsMultiWindow=true resizeMode=1 isResizeable=true minWidth=-1 minHeight=-1 defaultMinSize=200 token=WCT{android.window.IWindowContainerToken$Stub$Proxy@ff14300} topActivityType=1 pictureInPictureParams=null shouldDockBigOverlays=false launchIntoPipHostTaskId=-1 lastParentTaskIdBeforePip=-1 displayCutoutSafeInsets=Rect(0, 98 - 0, 0) topActivityInfo=ActivityInfo{e23b739 org.kivy.android.PythonActivity} launchCookies=[] positionInParent=Point(0, 0) parentTaskId=-1 isFocused=true isVisible=true isVisibleRequested=true isSleeping=false topActivityInSizeCompat=false topActivityInMiuiSizeCompat=false topActivityEligibleForLetterboxEducation= false topActivityLetterboxed= false isFromDoubleTap= false topActivityLetterboxVerticalPosition= -1 topActivityLetterboxHorizontalPosition= -1 topActivityLetterboxWidth=-1 topActivityLetterboxHeight=-1 locusId=null displayAreaFeatureId=1 cameraCompatControlState=hidden mIsCastMode=false mTopActivityMediaSize=null mTopActivityRecordName=ActivityRecord{b4506d7 u0 org.kffs.habilisdatalogger/org.kivy.android.PythonActivity t640} mTopActivityOrientation=1 mTopActivityWindowIsNowVisible=true isTranslucent=false isEmbedded=false shouldBeVisible=true mBehindAppLockPkg=null mOriginatingUid=0}
06-12 22:41:57.417  3838  4246 W RecentsModel: getTaskInfoIgnoreHomeAndFreeform   taskInfo=ComponentInfo{org.kffs.habilisdatalogger/org.kivy.android.PythonActivity}
06-12 22:41:57.431 15362 15362 W SDLThread: type=1400 audit(0.0:450539): avc:  granted  { execute } for  path="/data/data/org.kffs.habilisdatalogger/files/app/_python_bundle/modules/math.cpython-310.so" dev="dm-53" ino=126310 scontext=u:r:untrusted_app_30:s0:c108,c257,c512,c768 tcontext=u:object_r:app_data_file:s0:c108,c257,c512,c768 tclass=file app=com.google.android.dialer
06-12 22:41:57.439  3838  4246 E ActivityManagerWrapper: getRecentTasks: mainTaskId=640   userId=0   windowMode=1   baseIntent=Intent { act=android.intent.action.MAIN flag=270532608 cmp=ComponentInfo{org.kffs.habilisdatalogger/org.kivy.android.PythonActivity} }
06-12 22:41:57.439 15362 15362 W SDLThread: type=1400 audit(0.0:450540): avc:  granted  { execute } for  path="/data/data/org.kffs.habilisdatalogger/files/app/_python_bundle/modules/_bisect.cpython-310.so" dev="dm-53" ino=109904 scontext=u:r:untrusted_app_30:s0:c108,c257,c512,c768 tcontext=u:object_r:app_data_file:s0:c108,c257,c512,c768 tclass=file app=com.google.android.dialer
06-12 22:41:57.439 15362 15362 W SDLThread: type=1400 audit(0.0:450541): avc:  granted  { execute } for  path="/data/data/org.kffs.habilisdatalogger/files/app/_python_bundle/modules/_random.cpython-310.so" dev="dm-53" ino=113629 scontext=u:r:untrusted_app_30:s0:c108,c257,c512,c768 tcontext=u:object_r:app_data_file:s0:c108,c257,c512,c768 tclass=file app=com.google.android.dialer
06-12 22:41:57.454  1948  7876 W PackageConfigPersister: App-specific configuration not found for packageName: org.kffs.habilisdatalogger and userId: 0
06-12 22:41:57.496 15362 15495 I python  : [INFO   ] [Logger      ] Record log in /data/user/0/org.kffs.habilisdatalogger/files/app/.kivy/logs/kivy_26-06-12_1.txt
06-12 22:41:57.496 15362 15495 I python  : [INFO   ] [Kivy        ] v2.1.0
06-12 22:41:57.496 15362 15495 I python  : [INFO   ] [Kivy        ] Installed at "/data/user/0/org.kffs.habilisdatalogger/files/app/_python_bundle/site-packages/kivy/__init__.pyc"
06-12 22:41:57.496 15362 15495 I python  : [INFO   ] [Python      ] v3.10.11 (main, May 27 2026, 00:26:06) [Clang 14.0.7 (https://android.googlesource.com/toolchain/llvm-project 4c603efb0
06-12 22:41:57.497 15362 15495 I python  : [INFO   ] [Python      ] Interpreter at "/data/user/0/org.kffs.habilisdatalogger/files/app/.bin/python"
06-12 22:41:57.497 15362 15495 I python  : [INFO   ] [Logger      ] Purge log fired. Processing...
06-12 22:41:57.497 15362 15495 I python  : [INFO   ] [Logger      ] Purge finished!
06-12 22:41:57.509 15362 15495 I python  : [INFO   ] [KivyMD      ] 1.1.1, git-Unknown, 2026-05-27 (installed at "/data/user/0/org.kffs.habilisdatalogger/files/app/_python_bundle/site-packages/kivymd/__init__.pyc")
06-12 22:41:57.512 15362 15495 I python  : [INFO   ] [Factory     ] 189 symbols loaded
06-12 22:41:58.187 15362 15362 W SDLThread: type=1400 audit(0.0:450559): avc:  granted  { execute } for  path="/data/data/org.kffs.habilisdatalogger/files/app/_python_bundle/modules/_socket.cpython-310.so" dev="dm-53" ino=83303 scontext=u:r:untrusted_app_30:s0:c108,c257,c512,c768 tcontext=u:object_r:app_data_file:s0:c108,c257,c512,c768 tclass=file app=com.google.android.dialer
06-12 22:41:58.191 15362 15362 W SDLThread: type=1400 audit(0.0:450560): avc:  granted  { execute } for  path="/data/data/org.kffs.habilisdatalogger/files/app/_python_bundle/modules/array.cpython-310.so" dev="dm-53" ino=132732 scontext=u:r:untrusted_app_30:s0:c108,c257,c512,c768 tcontext=u:object_r:app_data_file:s0:c108,c257,c512,c768 tclass=file app=com.google.android.dialer
06-12 22:41:58.195 15362 15362 W SDLThread: type=1400 audit(0.0:450561): avc:  granted  { execute } for  path="/data/data/org.kffs.habilisdatalogger/files/app/_python_bundle/modules/_ssl.cpython-310.so" dev="dm-53" ino=75903 scontext=u:r:untrusted_app_30:s0:c108,c257,c512,c768 tcontext=u:object_r:app_data_file:s0:c108,c257,c512,c768 tclass=file app=com.google.android.dialer
06-12 22:41:58.203 15362 15362 W SDLThread: type=1400 audit(0.0:450562): avc:  granted  { execute } for  path="/data/data/org.kffs.habilisdatalogger/files/app/_python_bundle/modules/binascii.cpython-310.so" dev="dm-53" ino=129481 scontext=u:r:untrusted_app_30:s0:c108,c257,c512,c768 tcontext=u:object_r:app_data_file:s0:c108,c257,c512,c768 tclass=file app=com.google.android.dialer
06-12 22:41:58.207 15362 15362 W SDLThread: type=1400 audit(0.0:450563): avc:  granted  { execute } for  path="/data/data/org.kffs.habilisdatalogger/files/app/_python_bundle/modules/_contextvars.cpython-310.so" dev="dm-53" ino=58228 scontext=u:r:untrusted_app_30:s0:c108,c257,c512,c768 tcontext=u:object_r:app_data_file:s0:c108,c257,c512,c768 tclass=file app=com.google.android.dialer
06-12 22:41:58.289 15362 15495 I python  : [INFO   ] [Image       ] Providers: img_tex, img_dds, img_sdl2, img_pil (img_ffpyplayer ignored)
06-12 22:41:58.312 15362 15495 I python  : [INFO   ] [Text        ] Provider: sdl2
06-12 22:41:58.466 15362 15495 I python  : [INFO   ] [Window      ] Provider: sdl2
06-12 22:41:58.480  1948  7876 I PowerManagerServiceImpl: Acquire wakelock: SCREEN_BRIGHT_WAKE_LOCK        'WindowManager/displayId:0' ON_AFTER_RELEASE (uid=1000 pid=1948 pkg=android ws=WorkSource{10364 org.kffs.habilisdatalogger})
06-12 22:41:58.484 15362 15495 V SDL     : setOrientation() requestedOrientation=1 width=800 height=600 resizable=true hint=Portrait
06-12 22:41:58.486 15362 15495 I SDL/APP : pixel format wanted SDL_PIXELFORMAT_RGBA8888 (1), got SDL_PIXELFORMAT_RGBA8888 (1)
06-12 22:41:58.488 15362 15495 I python  : [INFO   ] [GL          ] Using the "OpenGL ES 2" graphics system
06-12 22:41:58.492 15362 15495 I python  : [INFO   ] [GL          ] Backend used <sdl2>
06-12 22:41:58.493 15362 15495 I python  : [INFO   ] [GL          ] OpenGL version <b'OpenGL ES 3.2 V@0530.57 (GIT@4bbe300fc3, Ie69fc1c69b, 1747652194) (Date:05/19/25)'>
06-12 22:41:58.493 15362 15495 I python  : [INFO   ] [GL          ] OpenGL vendor <b'Qualcomm'>
06-12 22:41:58.493 15362 15495 I python  : [INFO   ] [GL          ] OpenGL renderer <b'Adreno (TM) 642L'>
06-12 22:41:58.493 15362 15495 I python  : [INFO   ] [GL          ] OpenGL parsed version: 3, 2
06-12 22:41:58.494 15362 15495 I python  : [INFO   ] [GL          ] Texture max size <16384>
06-12 22:41:58.494 15362 15495 I python  : [INFO   ] [GL          ] Texture max units <16>
06-12 22:41:58.511 15362 15495 I python  : [INFO   ] [Window      ] auto add sdl2 input provider
06-12 22:41:58.512 15362 15495 I python  : [INFO   ] [Window      ] virtual keyboard not allowed, single mode, not docked
06-12 22:41:58.517  1948  5730 I PowerManagerServiceImpl: Release wakelock: SCREEN_BRIGHT_WAKE_LOCK        'WindowManager/displayId:0' ON_AFTER_RELEASE DISABLED ACQ=-34ms (uid=1000 pid=1948 pkg=android ws=WorkSource{10364 org.kffs.habilisdatalogger})
06-12 22:41:58.738 15362 15495 I python  : Could not set FileProvider: No module named 'plyer.camera'
06-12 22:42:00.110 15362 15495 I python  : [WARNING] [Base        ] Unknown <android> provider
06-12 22:42:00.110 15362 15495 I python  : [INFO   ] [Base        ] Start application main loop
06-12 22:42:00.133 15362 15495 I python  : [INFO   ] [GL          ] NPOT texture support is available
06-12 22:42:01.186 15362 15495 F libc    : Fatal signal 11 (SIGSEGV), code 1 (SEGV_MAPERR), fault addr 0x40 in tid 15495 (SDLThread), pid 15362 (SDLActivity)
06-12 22:42:02.240 15505 15505 F DEBUG   : Cmdline: org.kffs.habilisdatalogger
06-12 22:42:02.240 15505 15505 F DEBUG   : pid: 15362, tid: 15495, name: SDLThread  >>> org.kffs.habilisdatalogger <<<
06-12 22:42:02.241 15505 15505 F DEBUG   :   NOTE:   /data/data/org.kffs.habilisdatalogger/files/app/_python_bundle/site-packages/kivy/_event.so
06-12 22:42:02.241 15505 15505 F DEBUG   :   NOTE:   /data/data/org.kffs.habilisdatalogger/files/app/_python_bundle/site-packages/kivy/graphics/compiler.so
06-12 22:42:02.241 15505 15505 F DEBUG   :   NOTE:   /data/data/org.kffs.habilisdatalogger/files/app/_python_bundle/site-packages/kivy/graphics/instructions.so
06-12 22:42:02.241 15505 15505 F DEBUG   :   NOTE:   /data/data/org.kffs.habilisdatalogger/files/app/_python_bundle/site-packages/kivy/graphics/vbo.so
06-12 22:42:02.241 15505 15505 F DEBUG   :       #04 pc 0000000000012370  /data/data/org.kffs.habilisdatalogger/files/app/_python_bundle/site-packages/kivy/graphics/vbo.so
06-12 22:42:02.241 15505 15505 F DEBUG   :       #05 pc 000000000001e364  /data/data/org.kffs.habilisdatalogger/files/app/_python_bundle/site-packages/kivy/graphics/instructions.so
06-12 22:42:02.242 15505 15505 F DEBUG   :       #06 pc 000000000000e384  /data/data/org.kffs.habilisdatalogger/files/app/_python_bundle/site-packages/kivy/graphics/compiler.so
06-12 22:42:02.242 15505 15505 F DEBUG   :       #07 pc 000000000001b768  /data/data/org.kffs.habilisdatalogger/files/app/_python_bundle/site-packages/kivy/graphics/instructions.so
06-12 22:42:02.242 15505 15505 F DEBUG   :       #08 pc 000000000001aea4  /data/data/org.kffs.habilisdatalogger/files/app/_python_bundle/site-packages/kivy/graphics/instructions.so
06-12 22:42:02.242 15505 15505 F DEBUG   :       #09 pc 000000000001ee40  /data/data/org.kffs.habilisdatalogger/files/app/_python_bundle/site-packages/kivy/graphics/instructions.so
06-12 22:42:02.242 15505 15505 F DEBUG   :       #10 pc 00000000000208f0  /data/data/org.kffs.habilisdatalogger/files/app/_python_bundle/site-packages/kivy/graphics/instructions.so
06-12 22:42:02.242 15505 15505 F DEBUG   :       #11 pc 000000000000e384  /data/data/org.kffs.habilisdatalogger/files/app/_python_bundle/site-packages/kivy/graphics/compiler.so
06-12 22:42:02.242 15505 15505 F DEBUG   :       #12 pc 000000000001b768  /data/data/org.kffs.habilisdatalogger/files/app/_python_bundle/site-packages/kivy/graphics/instructions.so
06-12 22:42:02.242 15505 15505 F DEBUG   :       #13 pc 000000000001aea4  /data/data/org.kffs.habilisdatalogger/files/app/_python_bundle/site-packages/kivy/graphics/instructions.so
06-12 22:42:02.242 15505 15505 F DEBUG   :       #14 pc 000000000000e384  /data/data/org.kffs.habilisdatalogger/files/app/_python_bundle/site-packages/kivy/graphics/compiler.so
06-12 22:42:02.242 15505 15505 F DEBUG   :       #15 pc 000000000001b768  /data/data/org.kffs.habilisdatalogger/files/app/_python_bundle/site-packages/kivy/graphics/instructions.so
06-12 22:42:02.242 15505 15505 F DEBUG   :       #16 pc 000000000001aea4  /data/data/org.kffs.habilisdatalogger/files/app/_python_bundle/site-packages/kivy/graphics/instructions.so
06-12 22:42:02.242 15505 15505 F DEBUG   :       #17 pc 000000000001ee40  /data/data/org.kffs.habilisdatalogger/files/app/_python_bundle/site-packages/kivy/graphics/instructions.so
06-12 22:42:02.242 15505 15505 F DEBUG   :       #18 pc 000000000000e384  /data/data/org.kffs.habilisdatalogger/files/app/_python_bundle/site-packages/kivy/graphics/compiler.so
06-12 22:42:02.242 15505 15505 F DEBUG   :       #19 pc 000000000001b768  /data/data/org.kffs.habilisdatalogger/files/app/_python_bundle/site-packages/kivy/graphics/instructions.so
06-12 22:42:02.242 15505 15505 F DEBUG   :       #20 pc 000000000001aea4  /data/data/org.kffs.habilisdatalogger/files/app/_python_bundle/site-packages/kivy/graphics/instructions.so
06-12 22:42:02.242 15505 15505 F DEBUG   :       #21 pc 000000000001ee40  /data/data/org.kffs.habilisdatalogger/files/app/_python_bundle/site-packages/kivy/graphics/instructions.so
06-12 22:42:02.242 15505 15505 F DEBUG   :       #22 pc 000000000000e384  /data/data/org.kffs.habilisdatalogger/files/app/_python_bundle/site-packages/kivy/graphics/compiler.so
06-12 22:42:02.242 15505 15505 F DEBUG   :       #23 pc 000000000001b768  /data/data/org.kffs.habilisdatalogger/files/app/_python_bundle/site-packages/kivy/graphics/instructions.so
06-12 22:42:02.242 15505 15505 F DEBUG   :       #24 pc 000000000001aea4  /data/data/org.kffs.habilisdatalogger/files/app/_python_bundle/site-packages/kivy/graphics/instructions.so
06-12 22:42:02.242 15505 15505 F DEBUG   :       #25 pc 000000000001ee40  /data/data/org.kffs.habilisdatalogger/files/app/_python_bundle/site-packages/kivy/graphics/instructions.so
06-12 22:42:02.243 15505 15505 F DEBUG   :       #26 pc 000000000000e384  /data/data/org.kffs.habilisdatalogger/files/app/_python_bundle/site-packages/kivy/graphics/compiler.so
06-12 22:42:02.243 15505 15505 F DEBUG   :       #27 pc 000000000001b768  /data/data/org.kffs.habilisdatalogger/files/app/_python_bundle/site-packages/kivy/graphics/instructions.so
06-12 22:42:02.243 15505 15505 F DEBUG   :       #28 pc 000000000001aea4  /data/data/org.kffs.habilisdatalogger/files/app/_python_bundle/site-packages/kivy/graphics/instructions.so
06-12 22:42:02.243 15505 15505 F DEBUG   :       #29 pc 000000000001ee40  /data/data/org.kffs.habilisdatalogger/files/app/_python_bundle/site-packages/kivy/graphics/instructions.so
06-12 22:42:02.243 15505 15505 F DEBUG   :       #30 pc 000000000000e384  /data/data/org.kffs.habilisdatalogger/files/app/_python_bundle/site-packages/kivy/graphics/compiler.so
06-12 22:42:02.243 15505 15505 F DEBUG   :       #31 pc 000000000001b768  /data/data/org.kffs.habilisdatalogger/files/app/_python_bundle/site-packages/kivy/graphics/instructions.so
06-12 22:42:02.243 15505 15505 F DEBUG   :       #32 pc 000000000001aea4  /data/data/org.kffs.habilisdatalogger/files/app/_python_bundle/site-packages/kivy/graphics/instructions.so
06-12 22:42:02.243 15505 15505 F DEBUG   :       #33 pc 000000000001ee40  /data/data/org.kffs.habilisdatalogger/files/app/_python_bundle/site-packages/kivy/graphics/instructions.so
06-12 22:42:02.243 15505 15505 F DEBUG   :       #34 pc 000000000000e384  /data/data/org.kffs.habilisdatalogger/files/app/_python_bundle/site-packages/kivy/graphics/compiler.so
06-12 22:42:02.243 15505 15505 F DEBUG   :       #35 pc 000000000001b768  /data/data/org.kffs.habilisdatalogger/files/app/_python_bundle/site-packages/kivy/graphics/instructions.so
06-12 22:42:02.243 15505 15505 F DEBUG   :       #36 pc 000000000001aea4  /data/data/org.kffs.habilisdatalogger/files/app/_python_bundle/site-packages/kivy/graphics/instructions.so
06-12 22:42:02.243 15505 15505 F DEBUG   :       #37 pc 000000000001ee40  /data/data/org.kffs.habilisdatalogger/files/app/_python_bundle/site-packages/kivy/graphics/instructions.so
06-12 22:42:02.243 15505 15505 F DEBUG   :       #38 pc 00000000000208f0  /data/data/org.kffs.habilisdatalogger/files/app/_python_bundle/site-packages/kivy/graphics/instructions.so
06-12 22:42:02.243 15505 15505 F DEBUG   :       #39 pc 0000000000020180  /data/data/org.kffs.habilisdatalogger/files/app/_python_bundle/site-packages/kivy/graphics/instructions.so
06-12 22:42:02.243 15505 15505 F DEBUG   :       #40 pc 0000000000030bd4  /data/data/org.kffs.habilisdatalogger/files/app/_python_bundle/site-packages/kivy/graphics/instructions.so
06-12 22:42:02.243 15505 15505 F DEBUG   :       #41 pc 0000000000030b8c  /data/data/org.kffs.habilisdatalogger/files/app/_python_bundle/site-packages/kivy/graphics/instructions.so
06-12 22:42:02.243 15505 15505 F DEBUG   :       #42 pc 0000000000171dfc  /data/app/~~rE7QTiXDaOvSFNdDb_TZIg==/org.kffs.habilisdatalogger-kD81BLa2-m_LyctbSUJqrg==/lib/arm64/libpython3.10.so
06-12 22:42:02.243 15505 15505 F DEBUG   :       #43 pc 00000000002390d4  /data/app/~~rE7QTiXDaOvSFNdDb_TZIg==/org.kffs.habilisdatalogger-kD81BLa2-m_LyctbSUJqrg==/lib/arm64/libpython3.10.so
06-12 22:42:02.243 15505 15505 F DEBUG   :       #44 pc 0000000000234ee4  /data/app/~~rE7QTiXDaOvSFNdDb_TZIg==/org.kffs.habilisdatalogger-kD81BLa2-m_LyctbSUJqrg==/lib/arm64/libpython3.10.so (_PyEval_EvalFrameDefault+9272)
06-12 22:42:02.244 15505 15505 F DEBUG   :       #45 pc 000000000023298c  /data/app/~~rE7QTiXDaOvSFNdDb_TZIg==/org.kffs.habilisdatalogger-kD81BLa2-m_LyctbSUJqrg==/lib/arm64/libpython3.10.so
06-12 22:42:02.244 15505 15505 F DEBUG   :       #46 pc 000000000016afa8  /data/app/~~rE7QTiXDaOvSFNdDb_TZIg==/org.kffs.habilisdatalogger-kD81BLa2-m_LyctbSUJqrg==/lib/arm64/libpython3.10.so
06-12 22:42:02.244 15505 15505 F DEBUG   :       #47 pc 000000000001803c  /data/data/org.kffs.habilisdatalogger/files/app/_python_bundle/site-packages/kivy/_event.so
06-12 22:42:02.244 15505 15505 F DEBUG   :       #48 pc 0000000000036e50  /data/data/org.kffs.habilisdatalogger/files/app/_python_bundle/site-packages/kivy/_event.so
06-12 22:42:02.244 15505 15505 F DEBUG   :       #49 pc 000000000002cb70  /data/data/org.kffs.habilisdatalogger/files/app/_python_bundle/site-packages/kivy/_event.so
06-12 22:42:02.244 15505 15505 F DEBUG   :       #50 pc 0000000000171a40  /data/app/~~rE7QTiXDaOvSFNdDb_TZIg==/org.kffs.habilisdatalogger-kD81BLa2-m_LyctbSUJqrg==/lib/arm64/libpython3.10.so
06-12 22:42:02.244 15505 15505 F DEBUG   :       #51 pc 00000000002390d4  /data/app/~~rE7QTiXDaOvSFNdDb_TZIg==/org.kffs.habilisdatalogger-kD81BLa2-m_LyctbSUJqrg==/lib/arm64/libpython3.10.so
06-12 22:42:02.244 15505 15505 F DEBUG   :       #52 pc 0000000000234ee4  /data/app/~~rE7QTiXDaOvSFNdDb_TZIg==/org.kffs.habilisdatalogger-kD81BLa2-m_LyctbSUJqrg==/lib/arm64/libpython3.10.so (_PyEval_EvalFrameDefault+9272)
06-12 22:42:02.244 15505 15505 F DEBUG   :       #53 pc 000000000023298c  /data/app/~~rE7QTiXDaOvSFNdDb_TZIg==/org.kffs.habilisdatalogger-kD81BLa2-m_LyctbSUJqrg==/lib/arm64/libpython3.10.so
06-12 22:42:02.244 15505 15505 F DEBUG   :       #54 pc 00000000002390d4  /data/app/~~rE7QTiXDaOvSFNdDb_TZIg==/org.kffs.habilisdatalogger-kD81BLa2-m_LyctbSUJqrg==/lib/arm64/libpython3.10.so
06-12 22:42:02.244 15505 15505 F DEBUG   :       #55 pc 0000000000234ee4  /data/app/~~rE7QTiXDaOvSFNdDb_TZIg==/org.kffs.habilisdatalogger-kD81BLa2-m_LyctbSUJqrg==/lib/arm64/libpython3.10.so (_PyEval_EvalFrameDefault+9272)
06-12 22:42:02.244 15505 15505 F DEBUG   :       #56 pc 000000000023298c  /data/app/~~rE7QTiXDaOvSFNdDb_TZIg==/org.kffs.habilisdatalogger-kD81BLa2-m_LyctbSUJqrg==/lib/arm64/libpython3.10.so
06-12 22:42:02.244 15505 15505 F DEBUG   :       #57 pc 00000000002390d4  /data/app/~~rE7QTiXDaOvSFNdDb_TZIg==/org.kffs.habilisdatalogger-kD81BLa2-m_LyctbSUJqrg==/lib/arm64/libpython3.10.so
06-12 22:42:02.244 15505 15505 F DEBUG   :       #58 pc 0000000000234ee4  /data/app/~~rE7QTiXDaOvSFNdDb_TZIg==/org.kffs.habilisdatalogger-kD81BLa2-m_LyctbSUJqrg==/lib/arm64/libpython3.10.so (_PyEval_EvalFrameDefault+9272)
