06-06 21:10:49.777 28944 28944 W SDLThread: type=1400 audit(0.0:125388): avc:  granted  { execute } for  path="/data/data/org.kffs.habilisdatalogger/files/app/_python_bundle/modules/zlib.cpython-310.so" dev="dm-53" ino=95069 scontext=u:r:untrusted_app_32:s0:c89,c257,c512,c768 tcontext=u:object_r:app_data_file:s0:c89,c257,c512,c768 tclass=file app=org.kffs.habilisdatalogger
06-06 21:10:49.796 28944 28997 I python  : Python initialized using legacy Py_Initialize().
06-06 21:10:49.796 28944 28997 I python  : Initialized python
06-06 21:10:49.796 28944 28997 I python  : testing python print redirection
06-06 21:10:49.797 28944 28997 I python  : Android kivy bootstrap done. __name__ is __main__
06-06 21:10:49.833 28944 28944 W SDLThread: type=1400 audit(0.0:125389): avc:  granted  { execute } for  path="/data/data/org.kffs.habilisdatalogger/files/app/_python_bundle/modules/math.cpython-310.so" dev="dm-53" ino=100418 scontext=u:r:untrusted_app_32:s0:c89,c257,c512,c768 tcontext=u:object_r:app_data_file:s0:c89,c257,c512,c768 tclass=file app=org.kffs.habilisdatalogger
06-06 21:10:49.837 28944 28944 W SDLThread: type=1400 audit(0.0:125390): avc:  granted  { execute } for  path="/data/data/org.kffs.habilisdatalogger/files/app/_python_bundle/modules/_heapq.cpython-310.so" dev="dm-53" ino=102976 scontext=u:r:untrusted_app_32:s0:c89,c257,c512,c768 tcontext=u:object_r:app_data_file:s0:c89,c257,c512,c768 tclass=file app=org.kffs.habilisdatalogger
06-06 21:10:49.837 28944 28944 W SDLThread: type=1400 audit(0.0:125391): avc:  granted  { execute } for  path="/data/data/org.kffs.habilisdatalogger/files/app/_python_bundle/modules/_queue.cpython-310.so" dev="dm-53" ino=100328 scontext=u:r:untrusted_app_32:s0:c89,c257,c512,c768 tcontext=u:object_r:app_data_file:s0:c89,c257,c512,c768 tclass=file app=org.kffs.habilisdatalogger
06-06 21:10:49.849 28944 28944 W SDLThread: type=1400 audit(0.0:125392): avc:  granted  { execute } for  path="/data/data/org.kffs.habilisdatalogger/files/app/_python_bundle/modules/_opcode.cpython-310.so" dev="dm-53" ino=103243 scontext=u:r:untrusted_app_32:s0:c89,c257,c512,c768 tcontext=u:object_r:app_data_file:s0:c89,c257,c512,c768 tclass=file app=org.kffs.habilisdatalogger
06-06 21:10:49.864 28944 28997 I python  : [WARNING] [Config      ] Older configuration version detected (0 instead of 27)
06-06 21:10:49.864 28944 28997 I python  : [WARNING] [Config      ] Upgrading configuration in progress.
06-06 21:10:49.864 28944 28997 I python  : [DEBUG  ] [Config      ] Upgrading from 0 to 1
06-06 21:10:49.868 28944 28997 I python  : [INFO   ] [Logger      ] Record log in /data/user/0/org.kffs.habilisdatalogger/files/app/.kivy/logs/kivy_26-06-06_0.txt
06-06 21:10:49.869 28944 28997 I python  : [INFO   ] [Kivy        ] v2.3.1
06-06 21:10:49.869 28944 28997 I python  : [INFO   ] [Kivy        ] Installed at "/data/user/0/org.kffs.habilisdatalogger/files/app/_python_bundle/site-packages/kivy/__init__.pyc"
06-06 21:10:49.869 28944 28997 I python  : [INFO   ] [Python      ] v3.10.11 (main, May 27 2026, 00:26:06) [Clang 14.0.7 (https://android.googlesource.com/toolchain/llvm-project 4c603efb0
06-06 21:10:49.869 28944 28997 I python  : [INFO   ] [Python      ] Interpreter at "/data/user/0/org.kffs.habilisdatalogger/files/app/.bin/python"
06-06 21:10:49.869 28944 28997 I python  : [INFO   ] [Logger      ] Purge log fired. Processing...
06-06 21:10:49.869 28944 28997 I python  : [INFO   ] [Logger      ] Purge finished!
06-06 21:10:49.865 28944 28944 W SDLThread: type=1400 audit(0.0:125393): avc:  granted  { execute } for  path="/data/data/org.kffs.habilisdatalogger/files/app/_python_bundle/modules/_json.cpython-310.so" dev="dm-53" ino=102978 scontext=u:r:untrusted_app_32:s0:c89,c257,c512,c768 tcontext=u:object_r:app_data_file:s0:c89,c257,c512,c768 tclass=file app=org.kffs.habilisdatalogger
06-06 21:10:49.876 28944 28997 I python  : [INFO   ] [KivyMD      ] 1.1.1, git-Unknown, 2026-05-27 (installed at "/data/user/0/org.kffs.habilisdatalogger/files/app/_python_bundle/site-packages/kivymd/__init__.pyc")
06-06 21:10:49.878 28944 28997 I python  : [INFO   ] [Factory     ] 195 symbols loaded
06-06 21:10:49.877 28944 28944 W SDLThread: type=1400 audit(0.0:125394): avc:  granted  { execute } for  path="/data/data/org.kffs.habilisdatalogger/files/app/_python_bundle/modules/_bisect.cpython-310.so" dev="dm-53" ino=98655 scontext=u:r:untrusted_app_32:s0:c89,c257,c512,c768 tcontext=u:object_r:app_data_file:s0:c89,c257,c512,c768 tclass=file app=org.kffs.habilisdatalogger
06-06 21:10:49.877 28944 28944 W SDLThread: type=1400 audit(0.0:125395): avc:  granted  { execute } for  path="/data/data/org.kffs.habilisdatalogger/files/app/_python_bundle/modules/_random.cpython-310.so" dev="dm-53" ino=100329 scontext=u:r:untrusted_app_32:s0:c89,c257,c512,c768 tcontext=u:object_r:app_data_file:s0:c89,c257,c512,c768 tclass=file app=org.kffs.habilisdatalogger
06-06 21:10:50.604 28944 28997 I python  : [INFO   ] [Image       ] Providers: img_tex, img_dds, img_sdl2 (img_pil, img_ffpyplayer ignored)
06-06 21:10:50.621 28944 28997 I python  : [INFO   ] [Text        ] Provider: sdl2
06-06 21:10:50.768 28944 28997 I python  : [INFO   ] [Window      ] Provider: sdl2
06-06 21:10:50.784 28944 28997 V SDL     : setOrientation() requestedOrientation=1 width=800 height=600 resizable=true hint=Portrait
06-06 21:10:50.785 28944 28997 I SDL/APP : pixel format wanted SDL_PIXELFORMAT_RGBA8888 (1), got SDL_PIXELFORMAT_RGBA8888 (1)
06-06 21:10:50.787 28944 28997 I python  : [INFO   ] [GL          ] Using the "OpenGL ES 2" graphics system
06-06 21:10:50.791 28944 28997 I python  : [INFO   ] [GL          ] Backend used <sdl2>
06-06 21:10:50.791 28944 28997 I python  : [INFO   ] [GL          ] OpenGL version <b'OpenGL ES 3.2 V@0530.57 (GIT@4bbe300fc3, Ie69fc1c69b, 1747652194) (Date:05/19/25)'>
06-06 21:10:50.791 28944 28997 I python  : [INFO   ] [GL          ] OpenGL vendor <b'Qualcomm'>
06-06 21:10:50.791 28944 28997 I python  : [INFO   ] [GL          ] OpenGL renderer <b'Adreno (TM) 642L'>
06-06 21:10:50.791 28944 28997 I python  : [INFO   ] [GL          ] OpenGL parsed version: 3, 2
06-06 21:10:50.791 28944 28997 I python  : [INFO   ] [GL          ] Texture max size <16384>
06-06 21:10:50.791 28944 28997 I python  : [INFO   ] [GL          ] Texture max units <16>
06-06 21:10:50.799  1948  3881 I PowerManagerServiceImpl: Acquire wakelock: SCREEN_BRIGHT_WAKE_LOCK        'WindowManager/displayId:0' ON_AFTER_RELEASE (uid=1000 pid=1948 pkg=android ws=WorkSource{10345 org.kffs.habilisdatalogger})
06-06 21:10:50.815  1948  3881 I PowerManagerServiceImpl: Release wakelock: SCREEN_BRIGHT_WAKE_LOCK        'WindowManager/displayId:0' ON_AFTER_RELEASE DISABLED ACQ=-14ms (uid=1000 pid=1948 pkg=android ws=WorkSource{10345 org.kffs.habilisdatalogger})
06-06 21:10:50.820 28944 28997 I python  : [INFO   ] [Window      ] auto add sdl2 input provider
06-06 21:10:50.821 28944 28997 I python  : [INFO   ] [Window      ] virtual keyboard not allowed, single mode, not docked
06-06 21:10:50.941 28944 28944 W SDLThread: type=1400 audit(0.0:125440): avc:  granted  { execute } for  path="/data/data/org.kffs.habilisdatalogger/files/app/_python_bundle/modules/_datetime.cpython-310.so" dev="dm-53" ino=103730 scontext=u:r:untrusted_app_32:s0:c89,c257,c512,c768 tcontext=u:object_r:app_data_file:s0:c89,c257,c512,c768 tclass=file app=org.kffs.habilisdatalogger
06-06 21:10:50.961 28944 28944 W SDLThread: type=1400 audit(0.0:125441): avc:  granted  { execute } for  path="/data/data/org.kffs.habilisdatalogger/files/app/_python_bundle/modules/_hashlib.cpython-310.so" dev="dm-53" ino=102975 scontext=u:r:untrusted_app_32:s0:c89,c257,c512,c768 tcontext=u:object_r:app_data_file:s0:c89,c257,c512,c768 tclass=file app=org.kffs.habilisdatalogger
06-06 21:10:50.977 28944 28944 W SDLThread: type=1400 audit(0.0:125442): avc:  granted  { execute } for  path="/data/data/org.kffs.habilisdatalogger/files/app/_python_bundle/modules/_blake2.cpython-310.so" dev="dm-53" ino=82778 scontext=u:r:untrusted_app_32:s0:c89,c257,c512,c768 tcontext=u:object_r:app_data_file:s0:c89,c257,c512,c768 tclass=file app=org.kffs.habilisdatalogger
06-06 21:10:50.997 28944 28997 I python  : Could not set FileProvider: No module named 'plyer.camera'
06-06 21:10:52.045 28944 28997 I python  : [WARNING] [Base        ] Unknown <android> provider
06-06 21:10:52.045 28944 28997 I python  : [INFO   ] [Base        ] Start application main loop
06-06 21:10:52.068 28944 28997 I python  : [INFO   ] [GL          ] NPOT texture support is available
06-06 21:10:52.871 28944 28997 F libc    : Fatal signal 11 (SIGSEGV), code 1 (SEGV_MAPERR), fault addr 0x40 in tid 28997 (SDLThread), pid 28944 (SDLActivity)
06-06 21:10:54.077 29002 29002 F DEBUG   : Cmdline: org.kffs.habilisdatalogger
06-06 21:10:54.077 29002 29002 F DEBUG   : pid: 28944, tid: 28997, name: SDLThread  >>> org.kffs.habilisdatalogger <<<
06-06 21:10:54.078 29002 29002 F DEBUG   :   NOTE:   /data/data/org.kffs.habilisdatalogger/files/app/_python_bundle/site-packages/kivy/_event.so
06-06 21:10:54.078 29002 29002 F DEBUG   :   NOTE:   /data/data/org.kffs.habilisdatalogger/files/app/_python_bundle/site-packages/kivy/graphics/compiler.so
06-06 21:10:54.078 29002 29002 F DEBUG   :   NOTE:   /data/data/org.kffs.habilisdatalogger/files/app/_python_bundle/site-packages/kivy/graphics/instructions.so
06-06 21:10:54.078 29002 29002 F DEBUG   :   NOTE:   /data/data/org.kffs.habilisdatalogger/files/app/_python_bundle/site-packages/kivy/graphics/vbo.so
06-06 21:10:54.078 29002 29002 F DEBUG   :       #04 pc 000000000000f004  /data/data/org.kffs.habilisdatalogger/files/app/_python_bundle/site-packages/kivy/graphics/vbo.so
06-06 21:10:54.078 29002 29002 F DEBUG   :       #05 pc 000000000001a73c  /data/data/org.kffs.habilisdatalogger/files/app/_python_bundle/site-packages/kivy/graphics/instructions.so
06-06 21:10:54.078 29002 29002 F DEBUG   :       #06 pc 000000000000b6cc  /data/data/org.kffs.habilisdatalogger/files/app/_python_bundle/site-packages/kivy/graphics/compiler.so
06-06 21:10:54.078 29002 29002 F DEBUG   :       #07 pc 00000000000186f4  /data/data/org.kffs.habilisdatalogger/files/app/_python_bundle/site-packages/kivy/graphics/instructions.so
06-06 21:10:54.079 29002 29002 F DEBUG   :       #08 pc 0000000000017f24  /data/data/org.kffs.habilisdatalogger/files/app/_python_bundle/site-packages/kivy/graphics/instructions.so
06-06 21:10:54.079 29002 29002 F DEBUG   :       #09 pc 000000000001af6c  /data/data/org.kffs.habilisdatalogger/files/app/_python_bundle/site-packages/kivy/graphics/instructions.so
06-06 21:10:54.079 29002 29002 F DEBUG   :       #10 pc 000000000001c400  /data/data/org.kffs.habilisdatalogger/files/app/_python_bundle/site-packages/kivy/graphics/instructions.so
06-06 21:10:54.079 29002 29002 F DEBUG   :       #11 pc 000000000000b6cc  /data/data/org.kffs.habilisdatalogger/files/app/_python_bundle/site-packages/kivy/graphics/compiler.so
06-06 21:10:54.079 29002 29002 F DEBUG   :       #12 pc 00000000000186f4  /data/data/org.kffs.habilisdatalogger/files/app/_python_bundle/site-packages/kivy/graphics/instructions.so
06-06 21:10:54.079 29002 29002 F DEBUG   :       #13 pc 0000000000017f24  /data/data/org.kffs.habilisdatalogger/files/app/_python_bundle/site-packages/kivy/graphics/instructions.so
06-06 21:10:54.079 29002 29002 F DEBUG   :       #14 pc 000000000000b6cc  /data/data/org.kffs.habilisdatalogger/files/app/_python_bundle/site-packages/kivy/graphics/compiler.so
06-06 21:10:54.079 29002 29002 F DEBUG   :       #15 pc 00000000000186f4  /data/data/org.kffs.habilisdatalogger/files/app/_python_bundle/site-packages/kivy/graphics/instructions.so
06-06 21:10:54.079 29002 29002 F DEBUG   :       #16 pc 0000000000017f24  /data/data/org.kffs.habilisdatalogger/files/app/_python_bundle/site-packages/kivy/graphics/instructions.so
06-06 21:10:54.079 29002 29002 F DEBUG   :       #17 pc 000000000001af6c  /data/data/org.kffs.habilisdatalogger/files/app/_python_bundle/site-packages/kivy/graphics/instructions.so
06-06 21:10:54.079 29002 29002 F DEBUG   :       #18 pc 000000000000b6cc  /data/data/org.kffs.habilisdatalogger/files/app/_python_bundle/site-packages/kivy/graphics/compiler.so
06-06 21:10:54.079 29002 29002 F DEBUG   :       #19 pc 00000000000186f4  /data/data/org.kffs.habilisdatalogger/files/app/_python_bundle/site-packages/kivy/graphics/instructions.so
06-06 21:10:54.079 29002 29002 F DEBUG   :       #20 pc 0000000000017f24  /data/data/org.kffs.habilisdatalogger/files/app/_python_bundle/site-packages/kivy/graphics/instructions.so
06-06 21:10:54.079 29002 29002 F DEBUG   :       #21 pc 000000000001af6c  /data/data/org.kffs.habilisdatalogger/files/app/_python_bundle/site-packages/kivy/graphics/instructions.so
06-06 21:10:54.079 29002 29002 F DEBUG   :       #22 pc 000000000000b6cc  /data/data/org.kffs.habilisdatalogger/files/app/_python_bundle/site-packages/kivy/graphics/compiler.so
06-06 21:10:54.079 29002 29002 F DEBUG   :       #23 pc 00000000000186f4  /data/data/org.kffs.habilisdatalogger/files/app/_python_bundle/site-packages/kivy/graphics/instructions.so
06-06 21:10:54.079 29002 29002 F DEBUG   :       #24 pc 0000000000017f24  /data/data/org.kffs.habilisdatalogger/files/app/_python_bundle/site-packages/kivy/graphics/instructions.so
06-06 21:10:54.080 29002 29002 F DEBUG   :       #25 pc 000000000001af6c  /data/data/org.kffs.habilisdatalogger/files/app/_python_bundle/site-packages/kivy/graphics/instructions.so
06-06 21:10:54.080 29002 29002 F DEBUG   :       #26 pc 000000000000b6cc  /data/data/org.kffs.habilisdatalogger/files/app/_python_bundle/site-packages/kivy/graphics/compiler.so
06-06 21:10:54.080 29002 29002 F DEBUG   :       #27 pc 00000000000186f4  /data/data/org.kffs.habilisdatalogger/files/app/_python_bundle/site-packages/kivy/graphics/instructions.so
06-06 21:10:54.080 29002 29002 F DEBUG   :       #28 pc 0000000000017f24  /data/data/org.kffs.habilisdatalogger/files/app/_python_bundle/site-packages/kivy/graphics/instructions.so
06-06 21:10:54.080 29002 29002 F DEBUG   :       #29 pc 000000000001af6c  /data/data/org.kffs.habilisdatalogger/files/app/_python_bundle/site-packages/kivy/graphics/instructions.so
06-06 21:10:54.080 29002 29002 F DEBUG   :       #30 pc 000000000000b6cc  /data/data/org.kffs.habilisdatalogger/files/app/_python_bundle/site-packages/kivy/graphics/compiler.so
06-06 21:10:54.080 29002 29002 F DEBUG   :       #31 pc 00000000000186f4  /data/data/org.kffs.habilisdatalogger/files/app/_python_bundle/site-packages/kivy/graphics/instructions.so
06-06 21:10:54.080 29002 29002 F DEBUG   :       #32 pc 0000000000017f24  /data/data/org.kffs.habilisdatalogger/files/app/_python_bundle/site-packages/kivy/graphics/instructions.so
06-06 21:10:54.080 29002 29002 F DEBUG   :       #33 pc 000000000001af6c  /data/data/org.kffs.habilisdatalogger/files/app/_python_bundle/site-packages/kivy/graphics/instructions.so
06-06 21:10:54.080 29002 29002 F DEBUG   :       #34 pc 000000000000b6cc  /data/data/org.kffs.habilisdatalogger/files/app/_python_bundle/site-packages/kivy/graphics/compiler.so
06-06 21:10:54.080 29002 29002 F DEBUG   :       #35 pc 00000000000186f4  /data/data/org.kffs.habilisdatalogger/files/app/_python_bundle/site-packages/kivy/graphics/instructions.so
06-06 21:10:54.080 29002 29002 F DEBUG   :       #36 pc 0000000000017f24  /data/data/org.kffs.habilisdatalogger/files/app/_python_bundle/site-packages/kivy/graphics/instructions.so
06-06 21:10:54.080 29002 29002 F DEBUG   :       #37 pc 000000000001af6c  /data/data/org.kffs.habilisdatalogger/files/app/_python_bundle/site-packages/kivy/graphics/instructions.so
06-06 21:10:54.080 29002 29002 F DEBUG   :       #38 pc 000000000001c400  /data/data/org.kffs.habilisdatalogger/files/app/_python_bundle/site-packages/kivy/graphics/instructions.so
06-06 21:10:54.081 29002 29002 F DEBUG   :       #39 pc 00000000000277a8  /data/data/org.kffs.habilisdatalogger/files/app/_python_bundle/site-packages/kivy/graphics/instructions.so
06-06 21:10:54.081 29002 29002 F DEBUG   :       #40 pc 00000000002390d4  /data/app/~~zFN7iySnGN2Zbhih76t4og==/org.kffs.habilisdatalogger-t5wLkaCUzi_wBiOe9x0pYA==/lib/arm64/libpython3.10.so
06-06 21:10:54.081 29002 29002 F DEBUG   :       #41 pc 0000000000234ee4  /data/app/~~zFN7iySnGN2Zbhih76t4og==/org.kffs.habilisdatalogger-t5wLkaCUzi_wBiOe9x0pYA==/lib/arm64/libpython3.10.so (_PyEval_EvalFrameDefault+9272)
06-06 21:10:54.081 29002 29002 F DEBUG   :       #42 pc 000000000023298c  /data/app/~~zFN7iySnGN2Zbhih76t4og==/org.kffs.habilisdatalogger-t5wLkaCUzi_wBiOe9x0pYA==/lib/arm64/libpython3.10.so
06-06 21:10:54.081 29002 29002 F DEBUG   :       #43 pc 000000000016afa8  /data/app/~~zFN7iySnGN2Zbhih76t4og==/org.kffs.habilisdatalogger-t5wLkaCUzi_wBiOe9x0pYA==/lib/arm64/libpython3.10.so
06-06 21:10:54.081 29002 29002 F DEBUG   :       #44 pc 000000000002eb60  /data/data/org.kffs.habilisdatalogger/files/app/_python_bundle/site-packages/kivy/_event.so
06-06 21:10:54.081 29002 29002 F DEBUG   :       #45 pc 00000000002390d4  /data/app/~~zFN7iySnGN2Zbhih76t4og==/org.kffs.habilisdatalogger-t5wLkaCUzi_wBiOe9x0pYA==/lib/arm64/libpython3.10.so
06-06 21:10:54.081 29002 29002 F DEBUG   :       #46 pc 0000000000234ee4  /data/app/~~zFN7iySnGN2Zbhih76t4og==/org.kffs.habilisdatalogger-t5wLkaCUzi_wBiOe9x0pYA==/lib/arm64/libpython3.10.so (_PyEval_EvalFrameDefault+9272)
06-06 21:10:54.081 29002 29002 F DEBUG   :       #47 pc 000000000023298c  /data/app/~~zFN7iySnGN2Zbhih76t4og==/org.kffs.habilisdatalogger-t5wLkaCUzi_wBiOe9x0pYA==/lib/arm64/libpython3.10.so
06-06 21:10:54.081 29002 29002 F DEBUG   :       #48 pc 00000000002390d4  /data/app/~~zFN7iySnGN2Zbhih76t4og==/org.kffs.habilisdatalogger-t5wLkaCUzi_wBiOe9x0pYA==/lib/arm64/libpython3.10.so
06-06 21:10:54.081 29002 29002 F DEBUG   :       #49 pc 0000000000234ee4  /data/app/~~zFN7iySnGN2Zbhih76t4og==/org.kffs.habilisdatalogger-t5wLkaCUzi_wBiOe9x0pYA==/lib/arm64/libpython3.10.so (_PyEval_EvalFrameDefault+9272)
06-06 21:10:54.081 29002 29002 F DEBUG   :       #50 pc 000000000023298c  /data/app/~~zFN7iySnGN2Zbhih76t4og==/org.kffs.habilisdatalogger-t5wLkaCUzi_wBiOe9x0pYA==/lib/arm64/libpython3.10.so
06-06 21:10:54.081 29002 29002 F DEBUG   :       #51 pc 00000000002390d4  /data/app/~~zFN7iySnGN2Zbhih76t4og==/org.kffs.habilisdatalogger-t5wLkaCUzi_wBiOe9x0pYA==/lib/arm64/libpython3.10.so
06-06 21:10:54.081 29002 29002 F DEBUG   :       #52 pc 0000000000234ee4  /data/app/~~zFN7iySnGN2Zbhih76t4og==/org.kffs.habilisdatalogger-t5wLkaCUzi_wBiOe9x0pYA==/lib/arm64/libpython3.10.so (_PyEval_EvalFrameDefault+9272)
06-06 21:10:54.081 29002 29002 F DEBUG   :       #53 pc 000000000023298c  /data/app/~~zFN7iySnGN2Zbhih76t4og==/org.kffs.habilisdatalogger-t5wLkaCUzi_wBiOe9x0pYA==/lib/arm64/libpython3.10.so
06-06 21:10:54.081 29002 29002 F DEBUG   :       #54 pc 00000000002390d4  /data/app/~~zFN7iySnGN2Zbhih76t4og==/org.kffs.habilisdatalogger-t5wLkaCUzi_wBiOe9x0pYA==/lib/arm64/libpython3.10.so
06-06 21:10:54.081 29002 29002 F DEBUG   :       #55 pc 00000000002349c8  /data/app/~~zFN7iySnGN2Zbhih76t4og==/org.kffs.habilisdatalogger-t5wLkaCUzi_wBiOe9x0pYA==/lib/arm64/libpython3.10.so (_PyEval_EvalFrameDefault+7964)
06-06 21:10:54.081 29002 29002 F DEBUG   :       #56 pc 000000000023298c  /data/app/~~zFN7iySnGN2Zbhih76t4og==/org.kffs.habilisdatalogger-t5wLkaCUzi_wBiOe9x0pYA==/lib/arm64/libpython3.10.so
06-06 21:10:54.081 29002 29002 F DEBUG   :       #57 pc 00000000002390d4  /data/app/~~zFN7iySnGN2Zbhih76t4og==/org.kffs.habilisdatalogger-t5wLkaCUzi_wBiOe9x0pYA==/lib/arm64/libpython3.10.so
06-06 21:10:54.082 29002 29002 F DEBUG   :       #58 pc 0000000000234ee4  /data/app/~~zFN7iySnGN2Zbhih76t4og==/org.kffs.habilisdatalogger-t5wLkaCUzi_wBiOe9x0pYA==/lib/arm64/libpython3.10.so (_PyEval_EvalFrameDefault+9272)
06-06 21:10:54.082 29002 29002 F DEBUG   :       #59 pc 000000000023298c  /data/app/~~zFN7iySnGN2Zbhih76t4og==/org.kffs.habilisdatalogger-t5wLkaCUzi_wBiOe9x0pYA==/lib/arm64/libpython3.10.so
06-06 21:10:54.082 29002 29002 F DEBUG   :       #60 pc 00000000002328d4  /data/app/~~zFN7iySnGN2Zbhih76t4og==/org.kffs.habilisdatalogger-t5wLkaCUzi_wBiOe9x0pYA==/lib/arm64/libpython3.10.so (PyEval_EvalCode+104)
06-06 21:10:54.082 29002 29002 F DEBUG   :       #61 pc 0000000000278fec  /data/app/~~zFN7iySnGN2Zbhih76t4og==/org.kffs.habilisdatalogger-t5wLkaCUzi_wBiOe9x0pYA==/lib/arm64/libpython3.10.so (_PyRun_SimpleFileObject+1188)
06-06 21:10:54.082 29002 29002 F DEBUG   :       #62 pc 0000000000279894  /data/app/~~zFN7iySnGN2Zbhih76t4og==/org.kffs.habilisdatalogger-t5wLkaCUzi_wBiOe9x0pYA==/lib/arm64/libpython3.10.so (PyRun_SimpleFileExFlags+60)
06-06 21:10:54.082 29002 29002 F DEBUG   :       #63 pc 00000000000034c0  /data/app/~~zFN7iySnGN2Zbhih76t4og==/org.kffs.habilisdatalogger-t5wLkaCUzi_wBiOe9x0pYA==/lib/arm64/libmain.so (SDL_main+2452) (BuildId: 31dee9799880258433bef3824135a0d2bfdc25f8)
06-06 21:10:54.082 29002 29002 F DEBUG   :       #64 pc 00000000000b1244  /data/app/~~zFN7iySnGN2Zbhih76t4og==/org.kffs.habilisdatalogger-t5wLkaCUzi_wBiOe9x0pYA==/lib/arm64/libSDL2.so (Java_org_libsdl_app_SDLActivity_nativeRunMain+772) (BuildId: 73c88ee39fa96ded81b7bddb4f770f956d0af587)
06-06 21:10:54.082 29002 29002 F DEBUG   :       #70 pc 000000000000ceb8  [anon:dalvik-classes3.dex extracted in memory from /data/app/~~zFN7iySnGN2Zbhih76t4og==/org.kffs.habilisdatalogger-t5wLkaCUzi_wBiOe9x0pYA==/base.apk] (org.libsdl.app.SDLMain.run+0)
06-06 21:10:54.143  1948 29005 W ActivityTaskManager:   Force finishing activity org.kffs.habilisdatalogger/org.kivy.android.PythonActivity
06-06 21:10:54.146  1948 29005 D WindowManager: Collecting in transition 3214: Task{4e7994b #259 type=standard A=10345:org.kffs.habilisdatalogger} init visibleRequested:true
06-06 21:10:54.146  1948 29005 D WindowManager: Collecting in transition 3214: ActivityRecord{6c1fa1a u0 org.kffs.habilisdatalogger/org.kivy.android.PythonActivity t259 f}} init visibleRequested:true
06-06 21:10:54.153  1948  2308 D WindowManager: wms.Focus not requested for window=Window{79d21c9 u0 org.kffs.habilisdatalogger/org.kivy.android.PythonActivity} because it has no surface or is not focusable.
06-06 21:10:54.185  5554  5866 D DigestGenerator: digest=============org.kffs.habilisdatalogger /vendor/lib/egl/libGLESv_adreno.so (!!!!!!+) ()
06-06 21:10:54.185  5554  5866 D DigestGenerator:  /data/data/org.kffs.habilisdatalogger/files/app/_python_bundle/site-packages/kivy/graphics/vbo.so
06-06 21:10:54.185  5554  5866 D DigestGenerator:  /data/data/org.kffs.habilisdatalogger/files/app/_python_bundle/site-packages/kivy/graphics/instructions.so
06-06 21:10:54.185  5554  5866 D DigestGenerator:  /data/data/org.kffs.habilisdatalogger/files/app/_python_bundle/site-packages/kivy/graphics/compiler.so
06-06 21:10:54.185  5554  5866 D DigestGenerator:  /data/data/org.kffs.habilisdatalogger/files/app/_python_bundle/site-packages/kivy/graphics/instructions.so
06-06 21:10:54.185  5554  5866 D DigestGenerator:  /data/data/org.kffs.habilisdatalogger/files/app/_python_bundle/site-packages/kivy/graphics/instructions.so
06-06 21:10:54.185  5554  5866 D DigestGenerator:  /data/data/org.kffs.habilisdatalogger/files/app/_python_bundle/site-packages/kivy/graphics/instructions.so
06-06 21:10:54.185  5554  5866 D DigestGenerator:  /data/data/org.kffs.habilisdatalogger/files/app/_python_bundle/site-packages/kivy/graphics/instructions.so
06-06 21:10:54.185  5554  5866 D DigestGenerator:  /data/data/org.kffs.habilisdatalogger/files/app/_python_bundle/site-packages/kivy/graphics/compiler.so
06-06 21:10:54.185  5554  5866 D DigestGenerator:  /data/data/org.kffs.habilisdatalogger/files/app/_python_bundle/site-packages/kivy/graphics/instructions.so
06-06 21:10:54.185  5554  5866 D DigestGenerator:  /data/data/org.kffs.habilisdatalogger/files/app/_python_bundle/site-packages/kivy/graphics/instructions.so
06-06 21:10:54.185  5554  5866 D DigestGenerator:  /data/data/org.kffs.habilisdatalogger/files/app/_python_bundle/site-packages/kivy/graphics/compiler.so
06-06 21:10:54.185  5554  5866 D DigestGenerator:  /data/data/org.kffs.habilisdatalogger/files/app/_python_bundle/site-packages/kivy/graphics/instructions.so
06-06 21:10:54.185  5554  5866 D DigestGenerator:  /data/data/org.kffs.habilisdatalogger/files/app/_python_bundle/site-packages/kivy/graphics/instructions.so
06-06 21:10:54.185  5554  5866 D DigestGenerator:  /data/data/org.kffs.habilisdatalogger/files/app/_python_bundle/site-packages/kivy/graphics/instructions.so
06-06 21:10:54.185  5554  5866 D DigestGenerator:  /data/data/org.kffs.habilisdatalogger/files/app/_python_bundle/site-packages/kivy/graphics/compiler.so
06-06 21:10:54.185  5554  5866 D DigestGenerator:  /data/data/org.kffs.habilisdatalogger/files/app/_python_bundle/site-packages/kivy/graphics/instructions.so
06-06 21:10:54.185  5554  5866 D DigestGenerator:  /data/data/org.kffs.habilisdatalogger/files/app/_python_bundle/site-packages/kivy/graphics/instructions.so
06-06 21:10:54.185  5554  5866 D DigestGenerator:  /data/data/org.kffs.habilisdatalogger/files/app/_python_bundle/site-packages/kivy/graphics/instructions.so
06-06 21:10:54.185  5554  5866 D DigestGenerator:  /data/data/org.kffs.habilisdatalogger/files/app/_python_bundle/site-packages/kivy/graphics/compiler.so
06-06 21:10:54.185  5554  5866 D DigestGenerator:  /data/data/org.kffs.habilisdatalogger/files/app/_python_bundle/site-packages/kivy/graphics/instructions.so
06-06 21:10:54.185  5554  5866 D DigestGenerator:  /data/data/org.kffs.habilisdatalogger/files/app/_python_bundle/site-packages/kivy/graphics/instructions.so
06-06 21:10:54.185  5554  5866 D DigestGenerator:  /data/data/org.kffs.habilisdatalogger/files/app/_python_bundle/site-packages/kivy/graphics/instructions.so
06-06 21:10:54.185  5554  5866 D DigestGenerator:  /data/data/org.kffs.habilisdatalogger/files/app/_python_bundle/site-packages/kivy/graphics/compiler.so
06-06 21:10:54.185  5554  5866 D DigestGenerator:  /data/data/org.kffs.habilisdatalogger/files/app/_python_bundle/site-packages/kivy/graphics/instructions.so
06-06 21:10:54.185  5554  5866 D DigestGenerator:  /data/data/org.kffs.habilisdatalogger/files/app/_python_bundle/site-packages/kivy/graphics/instructions.so
06-06 21:10:54.185  5554  5866 D DigestGenerator:  /data/data/org.kffs.habilisdatalogger/files/app/_python_bundle/site-packages/kivy/graphics/instructions.so
06-06 21:10:54.185  5554  5866 D DigestGenerator:  /data/data/org.kffs.habilisdatalogger/files/app/_python_bundle/site-packages/kivy/graphics/compiler.so
06-06 21:10:54.185  5554  5866 D DigestGenerator:  /data/data/org.kffs.habilisdatalogger/files/app/_python_bundle/site-packages/kivy/graphics/instructions.so
06-06 21:10:54.185  5554  5866 D DigestGenerator:  /data/data/org.kffs.habilisdatalogger/files/app/_python_bundle/site-packages/kivy/graphics/instructions.so
06-06 21:10:54.185  5554  5866 D DigestGenerator:  /data/data/org.kffs.habilisdatalogger/files/app/_python_bundle/site-packages/kivy/graphics/instructions.so
06-06 21:10:54.185  5554  5866 D DigestGenerator:  /data/data/org.kffs.habilisdatalogger/files/app/_python_bundle/site-packages/kivy/graphics/compiler.so
06-06 21:10:54.185  5554  5866 D DigestGenerator:  /data/data/org.kffs.habilisdatalogger/files/app/_python_bundle/site-packages/kivy/graphics/instructions.so
06-06 21:10:54.185  5554  5866 D DigestGenerator:  /data/data/org.kffs.habilisdatalogger/files/app/_python_bundle/site-packages/kivy/graphics/instructions.so
06-06 21:10:54.185  5554  5866 D DigestGenerator:  /data/data/org.kffs.habilisdatalogger/files/app/_python_bundle/site-packages/kivy/graphics/instructions.so
06-06 21:10:54.185  5554  5866 D DigestGenerator:  /data/data/org.kffs.habilisdatalogger/files/app/_python_bundle/site-packages/kivy/graphics/instructions.so
06-06 21:10:54.185  5554  5866 D DigestGenerator:  /data/data/org.kffs.habilisdatalogger/files/app/_python_bundle/site-packages/kivy/graphics/instructions.so
06-06 21:10:54.185  5554  5866 D DigestGenerator:  XXlib/arm/libpython..so
06-06 21:10:54.185  5554  5866 D DigestGenerator:  XXlib/arm/libpython..so (_PyEval_EvalFrameDefault+)
06-06 21:10:54.185  5554  5866 D DigestGenerator:  XXlib/arm/libpython..so
06-06 21:10:54.185  5554  5866 D DigestGenerator:  XXlib/arm/libpython..so
06-06 21:10:54.185  5554  5866 D DigestGenerator:  /data/data/org.kffs.habilisdatalogger/files/app/_python_bundle/site-packages/kivy/_event.so
06-06 21:10:54.185  5554  5866 D DigestGenerator:  XXlib/arm/libpython..so
06-06 21:10:54.185  5554  5866 D DigestGenerator:  XXlib/arm/libpython..so (_PyEval_EvalFrameDefault+)
06-06 21:10:54.185  5554  5866 D DigestGenerator:  XXlib/arm/libpython..so
06-06 21:10:54.185  5554  5866 D DigestGenerator:  XXlib/arm/libpython..so
06-06 21:10:54.185  5554  5866 D DigestGenerator:  XXlib/arm/libpython..so (_PyEval_EvalFrameDefault+)
06-06 21:10:54.185  5554  5866 D DigestGenerator:  XXlib/arm/libpython..so
06-06 21:10:54.185  5554  5866 D DigestGenerator:  XXlib/arm/libpython..so
06-06 21:10:54.185  5554  5866 D DigestGenerator:  XXlib/arm/libpython..so (_PyEval_EvalFrameDefault+)
06-06 21:10:54.185  5554  5866 D DigestGenerator:  XXlib/arm/libpython..so
06-06 21:10:54.185  5554  5866 D DigestGenerator:  XXlib/arm/libpython..so
06-06 21:10:54.185  5554  5866 D DigestGenerator:  XXlib/arm/libpython..so (_PyEval_EvalFrameDefault+)
06-06 21:10:54.185  5554  5866 D DigestGenerator:  XXlib/arm/libpython..so
06-06 21:10:54.185  5554  5866 D DigestGenerator:  XXlib/arm/libpython..so
06-06 21:10:54.185  5554  5866 D DigestGenerator:  XXlib/arm/libpython..so (_PyEval_EvalFrameDefault+)
06-06 21:10:54.185  5554  5866 D DigestGenerator:  XXlib/arm/libpython..so
06-06 21:10:54.185  5554  5866 D DigestGenerator:  XXlib/arm/libpython..so (PyEval_EvalCode+)
06-06 21:10:54.185  5554  5866 D DigestGenerator:  XXlib/arm/libpython..so (_PyRun_SimpleFileObject+)
06-06 21:10:54.185  5554  5866 D DigestGenerator:  XXlib/arm/libpython..so (PyRun_SimpleFileExFlags+)
06-06 21:10:54.185  5554  5866 D DigestGenerator:  XXlib/arm/libmain.so (SDL_main+) ()
06-06 21:10:54.185  5554  5866 D DigestGenerator:  XXlib/arm/libSDL.so (Java_org_libsdl_app_SDLActivity_nativeRunMain+) ()
06-06 21:10:54.185  5554  5866 D DigestGenerator:  [anon:dalvik-classes.dex extracted in memory from XXbase.apk] (org.libsdl.app.SDLMain.run+)
06-06 21:10:54.193  5554  5866 D MiSightJni: MiSight: Java_com_miui_misight_MiSight_nativeSendEvent enter called. '{"CrashType":"100000000","Stacktrace":"versionName:0.1, versionCode:10211##Build fingerprint: 'Xiaomi\/taoyao_eea\/taoyao:14\/UKQ1.231003.002\/V816.0.38.0.ULIEUXM:user\/release-keys'##Revision: '0'##ABI: 'arm64'##Process uptime: 6s##Cmdline: org.kffs.habilisdatalogger##pid: 28944, tid: 28997, name: SDLThread  >>> org.kffs.habilisdatalogger <<<##uid: 10345##signal 11 (SIGSEGV), code 1 (SEGV_MAPERR), fault addr 0x0000000000000040##Cause: null pointer dereference##    x0  0000000000000001  x1  0000000000000000  x2  0000000000000003  x3  0f0514b5d8f65cf4##    x4  b4000073f6535ebc  x5  0000000000000003  x6  b4000073f653619c  x7  b4000073f2348350##    x8  0000000000000003  x9  0000000000000003  x10 000000740014b364  x11 b4000073f6535ec4##    x12 b4000073f62daeec  x13 000000740014b36c  x14 0000000000000000  x15 0000000000000000##    x16 0000000000000001  x17 0000000000000000  x18 0000000000000000  x19 0000000000000001##    x20 b4000073f6535e00  x
06-06 21:10:54.194  5554  5866 D MiEvent : flatten EventId 901001003 -t 1780794654 -paraList {"CrashType":"100000000","CurrentTime":1780794653000,"Digest":"25e377032619f8d4544ca057eae12e76","Keyword":"{\"vn\":\"0.1\",\"vc\":\"10211\",\"isRoot\":false,\"count\":1,\"preInstalled\":false,\"unfold\":false,\"ram\":8,\"rom\":128}","PackageName":"org.kffs.habilisdatalogger","Stacktrace":"versionName:0.1, versionCode:10211##Build fingerprint: 'Xiaomi/taoyao_eea/taoyao:14/UKQ1.231003.002/V816.0.38.0.ULIEUXM:user/release-keys'##Revision: '0'##ABI: 'arm64'##Process uptime: 6s##Cmdline: org.kffs.habilisdatalogger##pid: 28944, tid: 28997, name: SDLThread  >>> org.kffs.habilisdatalogger <<<##uid: 10345##signal 11 (SIGSEGV), code 1 (SEGV_MAPERR), fault addr 0x0000000000000040##Cause: null pointer dereference##    x0  0000000000000001  x1  0000000000000000  x2  0000000000000003  x3  0f0514b5d8f65cf4##    x4  b4000073f6535ebc  x5  0000000000000003  x6  b4000073f653619c  x7  b4000073f2348350##    x8  0000000000000003  x9  0000000000000003  x10 000000740014b364  x11 b4
06-06 21:10:54.194  5554  5866 D MiEvent : report:EventId 901001003 -t 1780794654 -paraList {"CrashType":"100000000","CurrentTime":1780794653000,"Digest":"25e377032619f8d4544ca057eae12e76","Keyword":"{\"vn\":\"0.1\",\"vc\":\"10211\",\"isRoot\":false,\"count\":1,\"preInstalled\":false,\"unfold\":false,\"ram\":8,\"rom\":128}","PackageName":"org.kffs.habilisdatalogger","Stacktrace":"versionName:0.1, versionCode:10211##Build fingerprint: 'Xiaomi/taoyao_eea/taoyao:14/UKQ1.231003.002/V816.0.38.0.ULIEUXM:user/release-keys'##Revision: '0'##ABI: 'arm64'##Process uptime: 6s##Cmdline: org.kffs.habilisdatalogger##pid: 28944, tid: 28997, name: SDLThread  >>> org.kffs.habilisdatalogger <<<##uid: 10345##signal 11 (SIGSEGV), code 1 (SEGV_MAPERR), fault addr 0x0000000000000040##Cause: null pointer dereference##    x0  0000000000000001  x1  0000000000000000  x2  0000000000000003  x3  0f0514b5d8f65cf4##    x4  b4000073f6535ebc  x5  0000000000000003  x6  b4000073f653619c  x7  b4000073f2348350##    x8  0000000000000003  x9  0000000000000003  x10 000000740014b364  x11 b40
06-06 21:10:54.199  1948  7680 I WindowManager: WIN DEATH: Window{79d21c9 u0 org.kffs.habilisdatalogger/org.kivy.android.PythonActivity}
06-06 21:10:54.199  1948  7680 W InputManager-JNI: Input channel object '79d21c9 org.kffs.habilisdatalogger/org.kivy.android.PythonActivity (client)' was disposed without first being removed with the input manager!
06-06 21:10:54.199  1948  4116 I ImeTracker: org.kffs.habilisdatalogger:75cf0d7: onRequestHide at ORIGIN_SERVER_HIDE_INPUT reason HIDE_REMOVE_CLIENT
06-06 21:10:54.199  1948  4116 I ImeTracker: org.kffs.habilisdatalogger:75cf0d7: onCancelled at PHASE_SERVER_SHOULD_HIDE
06-06 21:10:54.200  1948  5730 I ActivityManager: Process org.kffs.habilisdatalogger (pid 28944) has died: fg  TOP 
06-06 21:10:54.201  1363  2713 D MI-SF   : updateScene: module = 270 (Input), value = 0, pkg = org.kffs.habilisdatalogger, Vrr = 1
06-06 21:10:54.207  1948  5730 D WindowManager: Collecting in transition 3214: Task{4e7994b #259 type=standard A=10345:org.kffs.habilisdatalogger} init visibleRequested:false
06-06 21:10:54.208  1948  5730 D WindowManager: Collecting in transition 3214: ActivityRecord{6c1fa1a u0 org.kffs.habilisdatalogger/org.kivy.android.PythonActivity t259 f}} init visibleRequested:false
06-06 21:10:54.214  1840  2017 I misight : OnEvent event 901001003 param not json string, {"CrashType":"100000000","CurrentTime":1780794653000,"Digest":"25e377032619f8d4544ca057eae12e76","Keyword":"{\"vn\":\"0.1\",\"vc\":\"10211\",\"isRoot\":false,\"count\":1,\"preInstalled\":false,\"unfold\":false,\"ram\":8,\"rom\":128}","PackageName":"org.kffs.habilisdatalogger","Stacktrace":"versionName:0.1, versionCode:10211##Build fingerprint: 'Xiaomi/taoyao_eea/taoyao:14/UKQ1.231003.002/V816.0.38.0.ULIEUXM:user/release-keys'##Revision: '0'##ABI: 'arm64'##Process uptime: 6s##Cmdline: org.kffs.habilisdatalogger##pid: 28944, tid: 28997, name: SDLThread  >>> org.kffs.habilisdatalogger <<<##uid: 10345##signal 11 (SIGSEGV), code 1 (SEGV_MAPERR), fault addr 0x0000000000000040##Cause: null pointer dereference##    x0  0000000000000001  x1  0000000000000000  x2  0000000000000003  x3  0f0514b5d8f65cf4##    x4  b4000073f6535ebc  x5  0000000000000003  x6  b4000073f653619c  x7  b4000073f2348350##    x8  0000000000000003  x9  0000000000000003  x10 000000740014b364  x11 b4000
06-06 21:10:54.220  3838 19711 D AppObserver: ForegroundInfo{mForegroundPackageName='com.google.android.packageinstaller', mForegroundUid=10099, mForegroundPid=28633, mLastForegroundPackageName='org.kffs.habilisdatalogger', mLastForegroundUid=10345, mLastForegroundPid=28944, mMultiWindowForegroundPackageName='com.google.android.packageinstaller', mMultiWindowForegroundUid=10099, mFlags=0}
06-06 21:10:54.220  7953  7965 I GST     : forePkg: com.google.android.packageinstaller, preForePkg: org.kffs.habilisdatalogger
06-06 21:10:54.222  7590 30155 D PerfEngineController: ForegroundInfo{mForegroundPackageName='com.google.android.packageinstaller', mForegroundUid=10099, mForegroundPid=28633, mLastForegroundPackageName='org.kffs.habilisdatalogger', mLastForegroundUid=10345, mLastForegroundPid=28944, mMultiWindowForegroundPackageName='com.google.android.packageinstaller', mMultiWindowForegroundUid=10099, mFlags=0}
06-06 21:10:54.222 19295 19561 I ProcessMonitor: onForegroundInfoChanged: ForegroundInfo{mForegroundPackageName='com.google.android.packageinstaller', mForegroundUid=10099, mForegroundPid=28633, mLastForegroundPackageName='org.kffs.habilisdatalogger', mLastForegroundUid=10345, mLastForegroundPid=28944, mMultiWindowForegroundPackageName='com.google.android.packageinstaller', mMultiWindowForegroundUid=10099, mFlags=0}
06-06 21:10:54.223 19295 19561 I GameBoosterService: onForegroundInfoChanged: Cur=com.google.android.packageinstaller	 last=org.kffs.habilisdatalogger
06-06 21:10:54.227 19295 19561 D GameBoosterService: onGameStatusChange foreground:ForegroundInfo{mForegroundPackageName='com.google.android.packageinstaller', mForegroundUid=10099, mForegroundPid=28633, mLastForegroundPackageName='org.kffs.habilisdatalogger', mLastForegroundUid=10345, mLastForegroundPid=28944, mMultiWindowForegroundPackageName='com.google.android.packageinstaller', mMultiWindowForegroundUid=10099, mFlags=0}
06-06 21:10:54.228 19295 19561 I BeautyService: onForegroundInfoChanged: Cur=com.google.android.packageinstaller	 last=org.kffs.habilisdatalogger
06-06 21:10:54.263  1948  2054 W WindowManager: Failed to deliver inset control state change to w=Window{79d21c9 u0 org.kffs.habilisdatalogger/org.kivy.android.PythonActivity EXITING}
06-06 21:10:54.275  1948  2308 D WindowManager: Final targets: [Task{6b15902 #257 type=standard A=10190:com.mi.android.globalFileexplorer}, Task{4e7994b #259 type=standard A=10345:org.kffs.habilisdatalogger}]
06-06 21:10:54.275  1948  2972 D tsched_scene: handleWindowChanged: pkgName: com.mi.android.globalFileexplorer, mForegroundAppName: org.kffs.habilisdatalogger
06-06 21:10:54.288  1948  2308 D WindowManager: Calling onTransitionReady info={id=3214 t=CLOSE f=0x10 trk=0 r=[0@Point(0, 0)] c=[{WCT{RemoteToken{db52e26 Task{6b15902 #257 type=standard A=10190:com.mi.android.globalFileexplorer}}} m=TO_FRONT f=MOVE_TO_TOP leash=Surface(name=Task=257#51974)/@0xea9d568 sb=Rect(0, 0 - 1080, 2400) eb=Rect(0, 0 - 1080, 2400) d=0},{WCT{RemoteToken{698cdf6 Task{4e7994b #259 type=standard A=10345:org.kffs.habilisdatalogger}}} m=CLOSE f=NONE leash=Surface(name=Task=259#52285)/@0xf605cb8 sb=Rect(0, 0 - 1080, 2400) eb=Rect(0, 0 - 1080, 2400) d=0}] noAni=[false]}, mToken=Token{a1b82b3 TransitionRecord{551801 id=3214 type=CLOSE flags=0x10}}
06-06 21:10:54.312  1948  2308 W WindowManager: Failed to deliver inset control state change to w=Window{79d21c9 u0 org.kffs.habilisdatalogger/org.kivy.android.PythonActivity EXITING}
06-06 21:10:54.368  3838  4246 E ActivityManagerWrapper: getRecentTasks: mainTaskId=259   userId=0   windowMode=1   baseIntent=Intent { act=android.intent.action.MAIN flag=872415232 cmp=ComponentInfo{org.kffs.habilisdatalogger/org.kivy.android.PythonActivity} }
06-06 21:10:54.419  3838  4246 E ActivityManagerWrapper: getRecentTasks: mainTaskId=259   userId=0   windowMode=1   baseIntent=Intent { act=android.intent.action.MAIN flag=872415232 cmp=ComponentInfo{org.kffs.habilisdatalogger/org.kivy.android.PythonActivity} }
06-06 21:10:54.646  1948  2307 W ActivityTaskManager: Activity top resumed state loss timeout for ActivityRecord{6c1fa1a u0 org.kffs.habilisdatalogger/org.kivy.android.PythonActivity t259 f} isExiting}
06-06 21:10:55.117  1948  7680 W WindowManager: Exception thrown during dispatchAppVisibility Window{79d21c9 u0 org.kffs.habilisdatalogger/org.kivy.android.PythonActivity EXITING}
06-06 21:10:55.117  1948  7680 I Transition: finishTransition: updateLastSurfacePosition tf=Task{4e7994b #259 type=standard A=10345:org.kffs.habilisdatalogger}
06-06 21:10:55.191  3838  4246 E ActivityManagerWrapper: getRecentTasks: mainTaskId=259   userId=0   windowMode=1   baseIntent=Intent { act=android.intent.action.MAIN flag=872415232 cmp=ComponentInfo{org.kffs.habilisdatalogger/org.kivy.android.PythonActivity} }
06-06 21:10:55.192  3838  4246 D WorldCirculate: getWorldCirculateInfo, taskInfo.baseIntent=Intent { act=android.intent.action.MAIN cat=[android.intent.category.LAUNCHER] flg=0x34000000 pkg=org.kffs.habilisdatalogger cmp=org.kffs.habilisdatalogger/org.kivy.android.PythonActivity }, displayId=-1, but get Display failed
06-06 21:10:57.225  1948  8079 W DexoptOptions: DEXOPT_INSTALL_WITH_DEX_METADATA_FILE not set in request to optimise org.kffs.habilisdatalogger - ART Service will unconditionally use a DM file if present.
06-06 21:10:57.337  1948  8079 I ArtService: Adjusting the compiler filter for 'org.kffs.habilisdatalogger' from 'speed-profile' to 'verify' because the package is debuggable
06-06 21:10:57.450 29036 29036 I artd    : Dex parent of /data/app/~~zFN7iySnGN2Zbhih76t4og==/org.kffs.habilisdatalogger-t5wLkaCUzi_wBiOe9x0pYA==/base.apk is not writable: Permission denied
06-06 21:10:57.450 29036 29036 I artd    : GetBestInfo checking odex in dalvik-cache (/data/dalvik-cache/arm64/data@app@~~zFN7iySnGN2Zbhih76t4og==@org.kffs.habilisdatalogger-t5wLkaCUzi_wBiOe9x0pYA==@base.apk@classes.dex)
06-06 21:10:57.450 29036 29036 I artd    : Loading /data/dalvik-cache/arm64/data@app@~~zFN7iySnGN2Zbhih76t4og==@org.kffs.habilisdatalogger-t5wLkaCUzi_wBiOe9x0pYA==@base.apk@classes.dex with executable: 0
06-06 21:10:57.450 29036 29036 I artd    : OatFileAssistant test for existing oat file /data/dalvik-cache/arm64/data@app@~~zFN7iySnGN2Zbhih76t4og==@org.kffs.habilisdatalogger-t5wLkaCUzi_wBiOe9x0pYA==@base.apk@classes.dex: File /data/dalvik-cache/arm64/data@app@~~zFN7iySnGN2Zbhih76t4og==@org.kffs.habilisdatalogger-t5wLkaCUzi_wBiOe9x0pYA==@base.apk@classes.vdex does not exist.
06-06 21:10:57.450 29036 29036 I artd    : GetBestInfo checking odex next to the dex file (/data/app/~~zFN7iySnGN2Zbhih76t4og==/org.kffs.habilisdatalogger-t5wLkaCUzi_wBiOe9x0pYA==/oat/arm64/base.odex)
06-06 21:10:57.450 29036 29036 I artd    : Loading /data/app/~~zFN7iySnGN2Zbhih76t4og==/org.kffs.habilisdatalogger-t5wLkaCUzi_wBiOe9x0pYA==/oat/arm64/base.odex with executable: 0
06-06 21:10:57.450 29036 29036 I artd    : OatFileAssistant test for existing oat file /data/app/~~zFN7iySnGN2Zbhih76t4og==/org.kffs.habilisdatalogger-t5wLkaCUzi_wBiOe9x0pYA==/oat/arm64/base.odex: File /data/app/~~zFN7iySnGN2Zbhih76t4og==/org.kffs.habilisdatalogger-t5wLkaCUzi_wBiOe9x0pYA==/oat/arm64/base.vdex does not exist.
06-06 21:10:57.450 29036 29036 I artd    : GetBestInfo checking vdex in dalvik-cache (/data/dalvik-cache/arm64/data@app@~~zFN7iySnGN2Zbhih76t4og==@org.kffs.habilisdatalogger-t5wLkaCUzi_wBiOe9x0pYA==@base.apk@classes.vdex)
06-06 21:10:57.450 29036 29036 I artd    : unable to open vdex file /data/dalvik-cache/arm64/data@app@~~zFN7iySnGN2Zbhih76t4og==@org.kffs.habilisdatalogger-t5wLkaCUzi_wBiOe9x0pYA==@base.apk@classes.vdex: File /data/dalvik-cache/arm64/data@app@~~zFN7iySnGN2Zbhih76t4og==@org.kffs.habilisdatalogger-t5wLkaCUzi_wBiOe9x0pYA==@base.apk@classes.vdex does not exist.
06-06 21:10:57.451 29036 29036 I artd    : OatFileAssistant test for existing oat file /data/dalvik-cache/arm64/data@app@~~zFN7iySnGN2Zbhih76t4og==@org.kffs.habilisdatalogger-t5wLkaCUzi_wBiOe9x0pYA==@base.apk@classes.vdex: File /data/dalvik-cache/arm64/data@app@~~zFN7iySnGN2Zbhih76t4og==@org.kffs.habilisdatalogger-t5wLkaCUzi_wBiOe9x0pYA==@base.apk@classes.vdex does not exist.
06-06 21:10:57.451 29036 29036 I artd    : GetBestInfo checking vdex next to the dex file (/data/app/~~zFN7iySnGN2Zbhih76t4og==/org.kffs.habilisdatalogger-t5wLkaCUzi_wBiOe9x0pYA==/oat/arm64/base.vdex)
06-06 21:10:57.451 29036 29036 I artd    : unable to open vdex file /data/app/~~zFN7iySnGN2Zbhih76t4og==/org.kffs.habilisdatalogger-t5wLkaCUzi_wBiOe9x0pYA==/oat/arm64/base.vdex: File /data/app/~~zFN7iySnGN2Zbhih76t4og==/org.kffs.habilisdatalogger-t5wLkaCUzi_wBiOe9x0pYA==/oat/arm64/base.vdex does not exist.
06-06 21:10:57.451 29036 29036 I artd    : OatFileAssistant test for existing oat file /data/app/~~zFN7iySnGN2Zbhih76t4og==/org.kffs.habilisdatalogger-t5wLkaCUzi_wBiOe9x0pYA==/oat/arm64/base.vdex: File /data/app/~~zFN7iySnGN2Zbhih76t4og==/org.kffs.habilisdatalogger-t5wLkaCUzi_wBiOe9x0pYA==/oat/arm64/base.vdex does not exist.
06-06 21:10:57.451 29036 29036 I artd    : GetBestInfo checking dm (/data/app/~~zFN7iySnGN2Zbhih76t4og==/org.kffs.habilisdatalogger-t5wLkaCUzi_wBiOe9x0pYA==/base.dm)
06-06 21:10:57.451 29036 29036 W ziparchive: Unable to open '/data/app/~~zFN7iySnGN2Zbhih76t4og==/org.kffs.habilisdatalogger-t5wLkaCUzi_wBiOe9x0pYA==/base.dm': No such file or directory
06-06 21:10:57.451 29036 29036 I artd    : OatFileAssistant test for existing oat file /data/app/~~zFN7iySnGN2Zbhih76t4og==/org.kffs.habilisdatalogger-t5wLkaCUzi_wBiOe9x0pYA==/base.dm: I/O error
06-06 21:10:57.451 29036 29036 I artd    : GetBestInfo checking dm (/data/app/~~zFN7iySnGN2Zbhih76t4og==/org.kffs.habilisdatalogger-t5wLkaCUzi_wBiOe9x0pYA==/base.dm)
06-06 21:10:57.451 29036 29036 W ziparchive: Unable to open '/data/app/~~zFN7iySnGN2Zbhih76t4og==/org.kffs.habilisdatalogger-t5wLkaCUzi_wBiOe9x0pYA==/base.dm': No such file or directory
06-06 21:10:57.451 29036 29036 I artd    : OatFileAssistant test for existing oat file /data/app/~~zFN7iySnGN2Zbhih76t4og==/org.kffs.habilisdatalogger-t5wLkaCUzi_wBiOe9x0pYA==/base.dm: I/O error
06-06 21:10:57.501 29036 29036 I artd    : Running dex2oat: /apex/com.android.art/bin/art_exec --drop-capabilities --set-task-profile=Dex2OatBackground --set-priority=background --keep-fds=7:8:9:10 -- /apex/com.android.art/bin/dex2oat64 --zip-fd=7 --zip-location=/data/app/~~zFN7iySnGN2Zbhih76t4og==/org.kffs.habilisdatalogger-t5wLkaCUzi_wBiOe9x0pYA==/base.apk --oat-fd=8 --oat-location=/data/app/~~zFN7iySnGN2Zbhih76t4og==/org.kffs.habilisdatalogger-t5wLkaCUzi_wBiOe9x0pYA==/oat/arm64/base.odex --output-vdex-fd=9 --swap-fd=10 --class-loader-context=PCL[] --classpath-dir=/data/app/~~zFN7iySnGN2Zbhih76t4og==/org.kffs.habilisdatalogger-t5wLkaCUzi_wBiOe9x0pYA== --instruction-set=arm64 --instruction-set-features=default --instruction-set-variant=kryo300 --compiler-filter=verify --compilation-reason=first-use --max-image-block-size=524288 --resolve-startup-const-strings=true --debuggable --generate-mini-debug-info --runtime-arg -Xtarget-sdk-version:33 --runtime-arg -Xhidden-api-policy:enabled -j6 --runtime-arg -Xms64m --runtime-arg -Xmx512m --comments=app-name:org.kffs.habilisdatalogger,app-version-name:0.1,app-version-code:10211,art-version:351410020
06-06 21:10:57.501 29036 29036 I artd    : Opened FDs: 7:/data/app/~~zFN7iySnGN2Zbhih76t4og==/org.kffs.habilisdatalogger-t5wLkaCUzi_wBiOe9x0pYA==/base.apk 8:/data/app/~~zFN7iySnGN2Zbhih76t4og==/org.kffs.habilisdatalogger-t5wLkaCUzi_wBiOe9x0pYA==/oat/arm64/base.odex.Ogsjt1.tmp 9:/data/app/~~zFN7iySnGN2Zbhih76t4og==/org.kffs.habilisdatalogger-t5wLkaCUzi_wBiOe9x0pYA==/oat/arm64/base.vdex.k0Yr3p.tmp 10:/data/app/~~zFN7iySnGN2Zbhih76t4og==/org.kffs.habilisdatalogger-t5wLkaCUzi_wBiOe9x0pYA==/oat/arm64/base.odex.swap.fiTzTO.tmp 
06-06 21:10:57.605 29041 29041 I dex2oat64: /apex/com.android.art/bin/dex2oat64 --output-vdex-fd=9 --class-loader-context=PCL[] --classpath-dir=/data/app/~~zFN7iySnGN2Zbhih76t4og==/org.kffs.habilisdatalogger-t5wLkaCUzi_wBiOe9x0pYA== --compiler-filter=verify --compilation-reason=first-use --max-image-block-size=524288 --resolve-startup-const-strings=true --debuggable --generate-mini-debug-info -j6 --comments=app-name:org.kffs.habilisdatalogger,app-version-name:0.1,app-version-code:10211,art-version:351410020
06-06 21:10:57.809  1948  8079 I ArtService: Dexopt result: [packageName = org.kffs.habilisdatalogger] DexContainerFileDexoptResult{dexContainerFile=/data/app/~~zFN7iySnGN2Zbhih76t4og==/org.kffs.habilisdatalogger-t5wLkaCUzi_wBiOe9x0pYA==/base.apk, primaryAbi=true, abi=arm64-v8a, actualCompilerFilter=verify, status=PERFORMED, dex2oatWallTimeMillis=273, dex2oatCpuTimeMillis=250, sizeBytes=185368, sizeBeforeBytes=0, extendedStatusFlags=[]}
06-06 21:10:57.812  1948  8079 D PKMSImpl: FirstUseActivity packageName = org.kffs.habilisdatalogger success = true
06-06 21:10:57.812  1948  8079 I PKMSImpl: FirstUseActivity Pinning optimized code org.kffs.habilisdatalogger
06-06 21:11:19.710  3838  4246 E ActivityManagerWrapper: getRecentTasks: mainTaskId=259   userId=0   windowMode=1   baseIntent=Intent { act=android.intent.action.MAIN flag=872415232 cmp=ComponentInfo{org.kffs.habilisdatalogger/org.kivy.android.PythonActivity} }
06-06 21:11:19.720  3838  4246 D WorldCirculate: getWorldCirculateInfo, taskInfo.baseIntent=Intent { act=android.intent.action.MAIN cat=[android.intent.category.LAUNCHER] flg=0x34000000 pkg=org.kffs.habilisdatalogger cmp=org.kffs.habilisdatalogger/org.kivy.android.PythonActivity }, displayId=-1, but get Display failed
06-06 21:11:20.174  3838  4246 E ActivityManagerWrapper: getRecentTasks: mainTaskId=259   userId=0   windowMode=1   baseIntent=Intent { act=android.intent.action.MAIN flag=872415232 cmp=ComponentInfo{org.kffs.habilisdatalogger/org.kivy.android.PythonActivity} }
06-06 21:11:20.180  3838  4246 D WorldCirculate: getWorldCirculateInfo, taskInfo.baseIntent=Intent { act=android.intent.action.MAIN cat=[android.intent.category.LAUNCHER] flg=0x34000000 pkg=org.kffs.habilisdatalogger cmp=org.kffs.habilisdatalogger/org.kivy.android.PythonActivity }, displayId=-1, but get Display failed
