05-27 23:02:54.702 32205 32205 V pythonutil: Checking pattern libSDL3_ttf\.so against libpython3.10.so
05-27 23:02:54.702 32205 32205 V pythonutil: Checking pattern libSDL3_ttf\.so against libmain.so
05-27 23:02:54.702 32205 32205 V pythonutil: Checking pattern libSDL3_ttf\.so against libffi.so
05-27 23:02:54.702 32205 32205 V pythonutil: Checking pattern libSDL3_ttf\.so against libSDL2_image.so
05-27 23:02:54.702 32205 32205 V pythonutil: Checking pattern libSDL3_ttf\.so against libcrypto.so
05-27 23:02:54.702 32205 32205 V pythonutil: Checking pattern libSDL3_ttf\.so against libpythonbin.so
05-27 23:02:54.702 32205 32205 V pythonutil: Checking pattern libSDL3_ttf\.so against libSDL2_mixer.so
05-27 23:02:54.702 32205 32205 V pythonutil: Checking pattern libSDL3_ttf\.so against libssl.so
05-27 23:02:54.702 32205 32205 V pythonutil: Checking pattern libSDL3_ttf\.so against libpybundle.so
05-27 23:02:54.702 32205 32205 V pythonutil: Checking pattern libSDL3_ttf\.so against libsqlite3.so
05-27 23:02:54.702 32205 32205 V pythonutil: Loading library: sqlite3
05-27 23:02:54.708 32205 32205 D nativeloader: Load /data/app/~~uKPRSAtEtvZLqxQNRIn9Bg==/org.kffs.habilisdatalogger-izWw4Xw99yyY9ok1MJL5WA==/lib/arm64/libsqlite3.so using class loader ns clns-4 (caller=/data/app/~~uKPRSAtEtvZLqxQNRIn9Bg==/org.kffs.habilisdatalogger-izWw4Xw99yyY9ok1MJL5WA==/base.apk!classes6.dex): ok
05-27 23:02:54.709 32205 32205 V pythonutil: Loading library: ffi
05-27 23:02:54.710 32205 32205 D nativeloader: Load /data/app/~~uKPRSAtEtvZLqxQNRIn9Bg==/org.kffs.habilisdatalogger-izWw4Xw99yyY9ok1MJL5WA==/lib/arm64/libffi.so using class loader ns clns-4 (caller=/data/app/~~uKPRSAtEtvZLqxQNRIn9Bg==/org.kffs.habilisdatalogger-izWw4Xw99yyY9ok1MJL5WA==/base.apk!classes6.dex): ok
05-27 23:02:54.711 32205 32205 V pythonutil: Loading library: png16
05-27 23:02:54.717 32205 32205 D nativeloader: Load /data/app/~~uKPRSAtEtvZLqxQNRIn9Bg==/org.kffs.habilisdatalogger-izWw4Xw99yyY9ok1MJL5WA==/lib/arm64/libpng16.so using class loader ns clns-4 (caller=/data/app/~~uKPRSAtEtvZLqxQNRIn9Bg==/org.kffs.habilisdatalogger-izWw4Xw99yyY9ok1MJL5WA==/base.apk!classes6.dex): ok
05-27 23:02:54.717 32205 32205 V pythonutil: Loading library: ssl
05-27 23:02:54.737 32205 32205 D nativeloader: Load /data/app/~~uKPRSAtEtvZLqxQNRIn9Bg==/org.kffs.habilisdatalogger-izWw4Xw99yyY9ok1MJL5WA==/lib/arm64/libssl.so using class loader ns clns-4 (caller=/data/app/~~uKPRSAtEtvZLqxQNRIn9Bg==/org.kffs.habilisdatalogger-izWw4Xw99yyY9ok1MJL5WA==/base.apk!classes6.dex): ok
05-27 23:02:54.738 32205 32205 V pythonutil: Loading library: crypto
05-27 23:02:54.738 32205 32205 D nativeloader: Load /data/app/~~uKPRSAtEtvZLqxQNRIn9Bg==/org.kffs.habilisdatalogger-izWw4Xw99yyY9ok1MJL5WA==/lib/arm64/libcrypto.so using class loader ns clns-4 (caller=/data/app/~~uKPRSAtEtvZLqxQNRIn9Bg==/org.kffs.habilisdatalogger-izWw4Xw99yyY9ok1MJL5WA==/base.apk!classes6.dex): ok
05-27 23:02:54.738 32205 32205 V pythonutil: Loading library: SDL2
05-27 23:02:54.746 32205 32205 D nativeloader: Load /data/app/~~uKPRSAtEtvZLqxQNRIn9Bg==/org.kffs.habilisdatalogger-izWw4Xw99yyY9ok1MJL5WA==/lib/arm64/libSDL2.so using class loader ns clns-4 (caller=/data/app/~~uKPRSAtEtvZLqxQNRIn9Bg==/org.kffs.habilisdatalogger-izWw4Xw99yyY9ok1MJL5WA==/base.apk!classes6.dex): ok
05-27 23:02:54.746 32205 32205 V pythonutil: Loading library: SDL2_image
05-27 23:02:54.749 32205 32205 D nativeloader: Load /data/app/~~uKPRSAtEtvZLqxQNRIn9Bg==/org.kffs.habilisdatalogger-izWw4Xw99yyY9ok1MJL5WA==/lib/arm64/libSDL2_image.so using class loader ns clns-4 (caller=/data/app/~~uKPRSAtEtvZLqxQNRIn9Bg==/org.kffs.habilisdatalogger-izWw4Xw99yyY9ok1MJL5WA==/base.apk!classes6.dex): ok
05-27 23:02:54.749 32205 32205 V pythonutil: Loading library: SDL2_mixer
05-27 23:02:54.751 32205 32205 D nativeloader: Load /data/app/~~uKPRSAtEtvZLqxQNRIn9Bg==/org.kffs.habilisdatalogger-izWw4Xw99yyY9ok1MJL5WA==/lib/arm64/libSDL2_mixer.so using class loader ns clns-4 (caller=/data/app/~~uKPRSAtEtvZLqxQNRIn9Bg==/org.kffs.habilisdatalogger-izWw4Xw99yyY9ok1MJL5WA==/base.apk!classes6.dex): ok
05-27 23:02:54.751 32205 32205 V pythonutil: Loading library: SDL2_ttf
05-27 23:02:54.758 32205 32205 D nativeloader: Load /data/app/~~uKPRSAtEtvZLqxQNRIn9Bg==/org.kffs.habilisdatalogger-izWw4Xw99yyY9ok1MJL5WA==/lib/arm64/libSDL2_ttf.so using class loader ns clns-4 (caller=/data/app/~~uKPRSAtEtvZLqxQNRIn9Bg==/org.kffs.habilisdatalogger-izWw4Xw99yyY9ok1MJL5WA==/base.apk!classes6.dex): ok
05-27 23:02:54.758 32205 32205 V pythonutil: Loading library: python3.14
05-27 23:02:54.763 32205 32205 D nativeloader: Load libpython3.14.so using class loader ns clns-4 (caller=/data/app/~~uKPRSAtEtvZLqxQNRIn9Bg==/org.kffs.habilisdatalogger-izWw4Xw99yyY9ok1MJL5WA==/base.apk!classes6.dex): dlopen failed: library "libpython3.14.so" not found
05-27 23:02:54.763 32205 32205 V pythonutil: Library loading error: dlopen failed: library "libpython3.14.so" not found
05-27 23:02:54.763 32205 32205 V pythonutil: Loading library: python3.13
05-27 23:02:54.764 32205 32205 D nativeloader: Load libpython3.13.so using class loader ns clns-4 (caller=/data/app/~~uKPRSAtEtvZLqxQNRIn9Bg==/org.kffs.habilisdatalogger-izWw4Xw99yyY9ok1MJL5WA==/base.apk!classes6.dex): dlopen failed: library "libpython3.13.so" not found
05-27 23:02:54.764 32205 32205 V pythonutil: Library loading error: dlopen failed: library "libpython3.13.so" not found
05-27 23:02:54.764 32205 32205 V pythonutil: Loading library: python3.12
05-27 23:02:54.764 32205 32205 D nativeloader: Load libpython3.12.so using class loader ns clns-4 (caller=/data/app/~~uKPRSAtEtvZLqxQNRIn9Bg==/org.kffs.habilisdatalogger-izWw4Xw99yyY9ok1MJL5WA==/base.apk!classes6.dex): dlopen failed: library "libpython3.12.so" not found
05-27 23:02:54.764 32205 32205 V pythonutil: Library loading error: dlopen failed: library "libpython3.12.so" not found
05-27 23:02:54.765 32205 32205 V pythonutil: Loading library: python3.11
05-27 23:02:54.765 32205 32205 D nativeloader: Load libpython3.11.so using class loader ns clns-4 (caller=/data/app/~~uKPRSAtEtvZLqxQNRIn9Bg==/org.kffs.habilisdatalogger-izWw4Xw99yyY9ok1MJL5WA==/base.apk!classes6.dex): dlopen failed: library "libpython3.11.so" not found
05-27 23:02:54.765 32205 32205 V pythonutil: Library loading error: dlopen failed: library "libpython3.11.so" not found
05-27 23:02:54.765 32205 32205 V pythonutil: Loading library: python3.10
05-27 23:02:54.768 32205 32205 D nativeloader: Load /data/app/~~uKPRSAtEtvZLqxQNRIn9Bg==/org.kffs.habilisdatalogger-izWw4Xw99yyY9ok1MJL5WA==/lib/arm64/libpython3.10.so using class loader ns clns-4 (caller=/data/app/~~uKPRSAtEtvZLqxQNRIn9Bg==/org.kffs.habilisdatalogger-izWw4Xw99yyY9ok1MJL5WA==/base.apk!classes6.dex): ok
05-27 23:02:54.768 32205 32205 V pythonutil: Loading library: main
05-27 23:02:54.769 32205 32205 D nativeloader: Load /data/app/~~uKPRSAtEtvZLqxQNRIn9Bg==/org.kffs.habilisdatalogger-izWw4Xw99yyY9ok1MJL5WA==/lib/arm64/libmain.so using class loader ns clns-4 (caller=/data/app/~~uKPRSAtEtvZLqxQNRIn9Bg==/org.kffs.habilisdatalogger-izWw4Xw99yyY9ok1MJL5WA==/base.apk!classes6.dex): ok
05-27 23:02:54.770 32205 32205 V pythonutil: Loaded everything!
05-27 23:02:54.771 32205 32205 V SDL     : nativeSetupJNI()
05-27 23:02:54.772 32205 32205 V SDL     : AUDIO nativeSetupJNI()
05-27 23:02:54.772 32205 32205 V SDL     : CONTROLLER nativeSetupJNI()
05-27 23:02:54.814 32205 32205 V SDL     : surfaceCreated()
05-27 23:02:54.814 32205 32205 V SDL     : surfaceChanged()
05-27 23:02:54.814 32205 32205 V SDL     : Window size: 1080x2172
05-27 23:02:54.814 32205 32205 V SDL     : Device size: 1080x2400
05-27 23:02:54.828 32205 32354 V SDL     : Running main function SDL_main from library /data/app/~~uKPRSAtEtvZLqxQNRIn9Bg==/org.kffs.habilisdatalogger-izWw4Xw99yyY9ok1MJL5WA==/lib/arm64/libmain.so
05-27 23:02:54.829 32205 32354 V SDL     : nativeRunMain()
05-27 23:02:54.831 32205 32354 I python  : Initializing Python for Android
05-27 23:02:54.831 32205 32354 I python  : Setting additional env vars from p4a_env_vars.txt
05-27 23:02:54.832 32205 32205 D SurfaceView: UPDATE Surface(name=SurfaceView[org.kffs.habilisdatalogger/org.kivy.android.PythonActivity]#29241)/@0x950bda8, mIsProjectionMode = false
05-27 23:02:54.834 32205 32354 I python  : Changing directory to '/data/user/0/org.kffs.habilisdatalogger/files/app'
05-27 23:02:54.834 32205 32354 I python  : symlink: libpythonbin.so -> python
05-27 23:02:54.836 28949 28949 I GoogleInputMethodService: GoogleInputMethodService.onStartInput():1446 onStartInput(EditorInfo{EditorInfo{packageName=org.kffs.habilisdatalogger, inputType=0, inputTypeString=NULL, enableLearning=false, autoCorrection=false, autoComplete=false, imeOptions=0, privateImeOptions=null, actionName=UNSPECIFIED, actionLabel=null, initialSelStart=-1, initialSelEnd=-1, initialCapsMode=0, label=null, fieldId=0, fieldName=null, extras=Bundle[mParcelledData.dataSize=72], hintText=null, hintLocales=[]}}, false)
05-27 23:02:54.837  2054  6579 W PackageConfigPersister: App-specific configuration not found for packageName: org.kffs.habilisdatalogger and userId: 0
05-27 23:02:54.837 32205 32354 I python  : Preparing to initialize python
05-27 23:02:54.837 32205 32354 I python  : _python_bundle dir exists
05-27 23:02:54.837 32205 32354 I python  : set wchar paths...
05-27 23:02:54.848 32205 32205 W SDLThread: type=1400 audit(0.0:120175): avc:  granted  { execute } for  path="/data/data/org.kffs.habilisdatalogger/files/app/_python_bundle/modules/zlib.cpython-310.so" dev="dm-53" ino=2111424 scontext=u:r:untrusted_app_32:s0:c22,c257,c512,c768 tcontext=u:object_r:app_data_file:s0:c22,c257,c512,c768 tclass=file app=org.kffs.habilisdatalogger
05-27 23:02:54.865 32205 32354 I python  : Python initialized using legacy Py_Initialize().
05-27 23:02:54.865 32205 32354 I python  : Initialized python
05-27 23:02:54.865 32205 32354 I python  : testing python print redirection
05-27 23:02:54.866 32205 32354 I python  : Android kivy bootstrap done. __name__ is __main__
05-27 23:02:54.884 32205 32205 W SDLThread: type=1400 audit(0.0:120176): avc:  granted  { execute } for  path="/data/data/org.kffs.habilisdatalogger/files/app/_python_bundle/modules/_json.cpython-310.so" dev="dm-53" ino=2157178 scontext=u:r:untrusted_app_32:s0:c22,c257,c512,c768 tcontext=u:object_r:app_data_file:s0:c22,c257,c512,c768 tclass=file app=org.kffs.habilisdatalogger
05-27 23:02:54.908 32205 32205 W SDLThread: type=1400 audit(0.0:120177): avc:  granted  { execute } for  path="/data/data/org.kffs.habilisdatalogger/files/app/_python_bundle/modules/math.cpython-310.so" dev="dm-53" ino=2091255 scontext=u:r:untrusted_app_32:s0:c22,c257,c512,c768 tcontext=u:object_r:app_data_file:s0:c22,c257,c512,c768 tclass=file app=org.kffs.habilisdatalogger
05-27 23:02:54.908 32205 32205 W SDLThread: type=1400 audit(0.0:120178): avc:  granted  { execute } for  path="/data/data/org.kffs.habilisdatalogger/files/app/_python_bundle/modules/_heapq.cpython-310.so" dev="dm-53" ino=1790943 scontext=u:r:untrusted_app_32:s0:c22,c257,c512,c768 tcontext=u:object_r:app_data_file:s0:c22,c257,c512,c768 tclass=file app=org.kffs.habilisdatalogger
05-27 23:02:54.908 32205 32205 W SDLThread: type=1400 audit(0.0:120179): avc:  granted  { execute } for  path="/data/data/org.kffs.habilisdatalogger/files/app/_python_bundle/modules/_queue.cpython-310.so" dev="dm-53" ino=2137123 scontext=u:r:untrusted_app_32:s0:c22,c257,c512,c768 tcontext=u:object_r:app_data_file:s0:c22,c257,c512,c768 tclass=file app=org.kffs.habilisdatalogger
05-27 23:02:54.920 32205 32205 W SDLThread: type=1400 audit(0.0:120180): avc:  granted  { execute } for  path="/data/data/org.kffs.habilisdatalogger/files/app/_python_bundle/modules/_opcode.cpython-310.so" dev="dm-53" ino=2123892 scontext=u:r:untrusted_app_32:s0:c22,c257,c512,c768 tcontext=u:object_r:app_data_file:s0:c22,c257,c512,c768 tclass=file app=org.kffs.habilisdatalogger
05-27 23:02:54.934 32205 32354 I python  : [WARNING] [Config      ] Older configuration version detected (0 instead of 27)
05-27 23:02:54.934 32205 32354 I python  : [WARNING] [Config      ] Upgrading configuration in progress.
05-27 23:02:54.934 32205 32354 I python  : [DEBUG  ] [Config      ] Upgrading from 0 to 1
05-27 23:02:54.938 32205 32354 I python  : [INFO   ] [Logger      ] Record log in /data/user/0/org.kffs.habilisdatalogger/files/app/.kivy/logs/kivy_26-05-27_0.txt
05-27 23:02:54.938 32205 32354 I python  : [INFO   ] [Kivy        ] v2.3.0
05-27 23:02:54.938 32205 32354 I python  : [INFO   ] [Kivy        ] Installed at "/data/user/0/org.kffs.habilisdatalogger/files/app/_python_bundle/site-packages/kivy/__init__.pyc"
05-27 23:02:54.939 32205 32354 I python  : [INFO   ] [Python      ] v3.10.11 (main, May 27 2026, 00:26:06) [Clang 14.0.7 (https://android.googlesource.com/toolchain/llvm-project 4c603efb0
05-27 23:02:54.939 32205 32354 I python  : [INFO   ] [Python      ] Interpreter at "/data/user/0/org.kffs.habilisdatalogger/files/app/.bin/python"
05-27 23:02:54.939 32205 32354 I python  : [INFO   ] [Logger      ] Purge log fired. Processing...
05-27 23:02:54.939 32205 32354 I python  : [INFO   ] [Logger      ] Purge finished!
05-27 23:02:54.940 32205 32354 I python  : [INFO   ] [KivyMD      ] 1.1.1, git-Unknown, 2026-05-27 (installed at "/data/user/0/org.kffs.habilisdatalogger/files/app/_python_bundle/site-packages/kivymd/__init__.pyc")
05-27 23:02:54.943 32205 32354 I python  : [INFO   ] [Factory     ] 195 symbols loaded
05-27 23:02:55.040 32205 32354 I python  : [INFO   ] [Image       ] Providers: img_tex, img_dds, img_sdl2 (img_pil, img_ffpyplayer ignored)
05-27 23:02:55.051 32205 32354 I python  : [INFO   ] [Text        ] Provider: sdl2
05-27 23:02:55.177 32205 32354 I python  : [INFO   ] [Window      ] Provider: sdl2
05-27 23:02:55.197 32205 32354 V SDL     : setOrientation() requestedOrientation=1 width=800 height=600 resizable=true hint=Portrait
05-27 23:02:55.198 32205 32354 I SDL/APP : pixel format wanted SDL_PIXELFORMAT_RGBA8888 (1), got SDL_PIXELFORMAT_RGBA8888 (1)
05-27 23:02:55.199 32205 32354 I python  : [INFO   ] [GL          ] Using the "OpenGL ES 2" graphics system
05-27 23:02:55.202 32205 32354 I python  : [INFO   ] [GL          ] Backend used <sdl2>
05-27 23:02:55.202 32205 32354 I python  : [INFO   ] [GL          ] OpenGL version <b'OpenGL ES 3.2 V@0530.57 (GIT@4bbe300fc3, Ie69fc1c69b, 1747652194) (Date:05/19/25)'>
05-27 23:02:55.202 32205 32354 I python  : [INFO   ] [GL          ] OpenGL vendor <b'Qualcomm'>
05-27 23:02:55.203 32205 32354 I python  : [INFO   ] [GL          ] OpenGL renderer <b'Adreno (TM) 642L'>
05-27 23:02:55.203 32205 32354 I python  : [INFO   ] [GL          ] OpenGL parsed version: 3, 2
05-27 23:02:55.203 32205 32354 I python  : [INFO   ] [GL          ] Texture max size <16384>
05-27 23:02:55.203 32205 32354 I python  : [INFO   ] [GL          ] Texture max units <16>
05-27 23:02:55.211  2054  6579 I PowerManagerServiceImpl: Acquire wakelock: SCREEN_BRIGHT_WAKE_LOCK        'WindowManager/displayId:0' ON_AFTER_RELEASE (uid=1000 pid=2054 pkg=android ws=WorkSource{10278 org.kffs.habilisdatalogger})
05-27 23:02:55.223 32205 32354 I python  : [INFO   ] [Window      ] auto add sdl2 input provider
05-27 23:02:55.223 32205 32354 I python  : [INFO   ] [Window      ] virtual keyboard not allowed, single mode, not docked
05-27 23:02:55.229  2054  2910 I PowerManagerServiceImpl: Release wakelock: SCREEN_BRIGHT_WAKE_LOCK        'WindowManager/displayId:0' ON_AFTER_RELEASE DISABLED ACQ=-15ms (uid=1000 pid=2054 pkg=android ws=WorkSource{10278 org.kffs.habilisdatalogger})
05-27 23:02:55.233 32205 32354 I python  :  Traceback (most recent call last):
05-27 23:02:55.234 32205 32354 I python  :    File "/home/vboxuser/habilis-datalogger/.buildozer/android/app/main.py", line 4, in <module>
05-27 23:02:55.234 32205 32354 I python  :    File "/home/vboxuser/habilis-datalogger/.buildozer/android/app/admin.py", line 1, in <module>
05-27 23:02:55.234 32205 32354 I python  :    File "/home/vboxuser/habilis-datalogger/.buildozer/android/platform/build-arm64-v8a_armeabi-v7a/build/python-installs/habilisdatalogger/arm64-v8a/kivymd/uix/__init__.py", line 8, in <module>
05-27 23:02:55.234 32205 32354 I python  :    File "/home/vboxuser/habilis-datalogger/.buildozer/android/platform/build-arm64-v8a_armeabi-v7a/build/python-installs/habilisdatalogger/arm64-v8a/kivymd/uix/behaviors/__init__.py", line 8, in <module>
05-27 23:02:55.234 32205 32354 I python  :    File "/home/vboxuser/habilis-datalogger/.buildozer/android/platform/build-arm64-v8a_armeabi-v7a/build/python-installs/habilisdatalogger/arm64-v8a/kivymd/uix/behaviors/backgroundcolor_behavior.py", line 26, in <module>
05-27 23:02:55.235 32205 32354 I python  :    File "/home/vboxuser/habilis-datalogger/.buildozer/android/platform/build-arm64-v8a_armeabi-v7a/build/python-installs/habilisdatalogger/arm64-v8a/kivymd/theming.py", line 235, in <module>
05-27 23:02:55.235 32205 32354 I python  :    File "/home/vboxuser/habilis-datalogger/.buildozer/android/platform/build-arm64-v8a_armeabi-v7a/build/python-installs/habilisdatalogger/arm64-v8a/kivymd/material_resources.py", line 20, in <module>
05-27 23:02:55.235 32205 32354 I python  :    File "/home/vboxuser/habilis-datalogger/.buildozer/android/platform/build-arm64-v8a_armeabi-v7a/build/python-installs/habilisdatalogger/arm64-v8a/kivy/metrics.py", line 162, in dp
05-27 23:02:55.235 32205 32354 I python  :    File "kivy/_metrics.pyx", line 55, in kivy._metrics.dpi2px
05-27 23:02:55.235 32205 32354 I python  :    File "kivy/_metrics.pyx", line 59, in kivy._metrics.dpi2px
05-27 23:02:55.236 32205 32354 I python  :    File "kivy/_metrics.pyx", line 35, in kivy._metrics.dispatch_pixel_scale
05-27 23:02:55.236 32205 32354 I python  :    File "/home/vboxuser/habilis-datalogger/.buildozer/android/platform/build-arm64-v8a_armeabi-v7a/build/python-installs/habilisdatalogger/arm64-v8a/kivy/context.py", line 36, in __getattribute__
05-27 23:02:55.236 32205 32354 I python  :    File "kivy/properties.pyx", line 531, in kivy.properties.Property.__get__
05-27 23:02:55.236 32205 32354 I python  :    File "kivy/properties.pyx", line 1656, in kivy.properties.AliasProperty.get
05-27 23:02:55.236 32205 32354 I python  :    File "/home/vboxuser/habilis-datalogger/.buildozer/android/platform/build-arm64-v8a_armeabi-v7a/build/python-installs/habilisdatalogger/arm64-v8a/kivy/metrics.py", line 194, in get_dpi
05-27 23:02:55.236 32205 32354 I python  :    File "/home/vboxuser/habilis-datalogger/.buildozer/android/platform/build-arm64-v8a_armeabi-v7a/build/python-installs/habilisdatalogger/arm64-v8a/jnius/__init__.py", line 44, in <module>
05-27 23:02:55.237 32205 32354 I python  :  ImportError: dlopen failed: library "libpython3.14.so" not found: needed by /data/data/org.kffs.habilisdatalogger/files/app/_python_bundle/site-packages/jnius/jnius.so in namespace clns-4
05-27 23:02:55.237 32205 32354 I python  : Python for android ended.
05-27 23:02:55.553  2054  8743 I ImeTracker: org.kffs.habilisdatalogger:707d4f1a: onRequestHide at ORIGIN_SERVER_HIDE_INPUT reason HIDE_REMOVE_CLIENT
05-27 23:02:55.553  2054  8743 I ImeTracker: org.kffs.habilisdatalogger:707d4f1a: onCancelled at PHASE_SERVER_SHOULD_HIDE
05-27 23:02:55.554  2054  2910 I WindowManager: WIN DEATH: Window{9114b25 u0 org.kffs.habilisdatalogger/org.kivy.android.PythonActivity}
05-27 23:02:55.554  2054  2910 W InputManager-JNI: Input channel object '9114b25 org.kffs.habilisdatalogger/org.kivy.android.PythonActivity (client)' was disposed without first being removed with the input manager!
05-27 23:02:55.555  1417  2774 D MI-SF   : updateScene: module = 270 (Input), value = 0, pkg = org.kffs.habilisdatalogger, Vrr = 1
05-27 23:02:55.556  2054  4248 I ActivityManager: Process org.kffs.habilisdatalogger (pid 32205) has died: fg  TOP 
05-27 23:02:55.582  2054  4248 W ActivityTaskManager: Force removing ActivityRecord{a0163b1 u0 org.kffs.habilisdatalogger/org.kivy.android.PythonActivity t53601}: app died, no saved state
05-27 23:02:55.583  2054  4248 D WindowManager: Collecting in transition 1772: Task{add9096 #53601 type=standard A=10278:org.kffs.habilisdatalogger} init visibleRequested:true
05-27 23:02:55.584  2054  4248 D WindowManager: Collecting in transition 1772: ActivityRecord{a0163b1 u0 org.kffs.habilisdatalogger/org.kivy.android.PythonActivity t53601 f}} init visibleRequested:false
05-27 23:02:55.585  2054  4248 W WindowManager: onSyncReparent mSyncState =2, mSyncGroup = com.android.server.wm.BLASTSyncEngine$SyncGroup@f2d87d0 this: ActivityRecord{a0163b1 u0 org.kffs.habilisdatalogger/org.kivy.android.PythonActivity t53601 f}}
05-27 23:02:55.585  2054  4248 I ActivityTaskManager: Do not migrate a removing Task! Task{add9096 #53601 type=standard A=10278:org.kffs.habilisdatalogger}
05-27 23:02:55.585  2054  4248 W WindowManager: onSyncReparent mSyncState =2, mSyncGroup = com.android.server.wm.BLASTSyncEngine$SyncGroup@f2d87d0 this: Task{add9096 #53601 type=standard A=10278:org.kffs.habilisdatalogger}
05-27 23:02:55.596  3876  3884 D BluetoothLatencyMode: ForegroundInfo{mForegroundPackageName='com.mi.android.globalFileexplorer', mForegroundUid=10117, mForegroundPid=30422, mLastForegroundPackageName='org.kffs.habilisdatalogger', mLastForegroundUid=10278, mLastForegroundPid=32205, mMultiWindowForegroundPackageName='com.mi.android.globalFileexplorer', mMultiWindowForegroundUid=10117, mFlags=0}
05-27 23:02:55.597  9307 21369 D PerfEngineController: ForegroundInfo{mForegroundPackageName='com.mi.android.globalFileexplorer', mForegroundUid=10117, mForegroundPid=30422, mLastForegroundPackageName='org.kffs.habilisdatalogger', mLastForegroundUid=10278, mLastForegroundPid=32205, mMultiWindowForegroundPackageName='com.mi.android.globalFileexplorer', mMultiWindowForegroundUid=10117, mFlags=0}
05-27 23:02:55.597  8252 24943 I ProcessMonitor: onForegroundInfoChanged: ForegroundInfo{mForegroundPackageName='com.mi.android.globalFileexplorer', mForegroundUid=10117, mForegroundPid=30422, mLastForegroundPackageName='org.kffs.habilisdatalogger', mLastForegroundUid=10278, mLastForegroundPid=32205, mMultiWindowForegroundPackageName='com.mi.android.globalFileexplorer', mMultiWindowForegroundUid=10117, mFlags=0}
05-27 23:02:55.597 10068 20610 I GST     : forePkg: com.mi.android.globalFileexplorer, preForePkg: org.kffs.habilisdatalogger
05-27 23:02:55.597  4050 21653 D AppObserver: ForegroundInfo{mForegroundPackageName='com.mi.android.globalFileexplorer', mForegroundUid=10117, mForegroundPid=30422, mLastForegroundPackageName='org.kffs.habilisdatalogger', mLastForegroundUid=10278, mLastForegroundPid=32205, mMultiWindowForegroundPackageName='com.mi.android.globalFileexplorer', mMultiWindowForegroundUid=10117, mFlags=0}
05-27 23:02:55.597  8252 24943 I GameBoosterService: onForegroundInfoChanged: Cur=com.mi.android.globalFileexplorer	 last=org.kffs.habilisdatalogger
05-27 23:02:55.599  8252 24943 D GameBoosterService: onGameStatusChange foreground:ForegroundInfo{mForegroundPackageName='com.mi.android.globalFileexplorer', mForegroundUid=10117, mForegroundPid=30422, mLastForegroundPackageName='org.kffs.habilisdatalogger', mLastForegroundUid=10278, mLastForegroundPid=32205, mMultiWindowForegroundPackageName='com.mi.android.globalFileexplorer', mMultiWindowForegroundUid=10117, mFlags=0}
05-27 23:02:55.610  4050  4516 E ActivityManagerWrapper: getRecentTasks: mainTaskId=53601   userId=0   windowMode=1   baseIntent=Intent { act=android.intent.action.MAIN flag=268435456 cmp=ComponentInfo{org.kffs.habilisdatalogger/org.kivy.android.PythonActivity} }
05-27 23:02:55.611  8252 24943 I BeautyService: onForegroundInfoChanged: Cur=com.mi.android.globalFileexplorer	 last=org.kffs.habilisdatalogger
05-27 23:02:55.618  4050  4516 D WorldCirculate: getWorldCirculateInfo, taskInfo.baseIntent=Intent { act=android.intent.action.MAIN cat=[android.intent.category.LAUNCHER] flg=0x10000000 pkg=org.kffs.habilisdatalogger cmp=org.kffs.habilisdatalogger/org.kivy.android.PythonActivity }, displayId=-1, but get Display failed
05-27 23:02:55.661  2054  3094 D tsched_scene: handleWindowChanged: pkgName: com.mi.android.globalFileexplorer, mForegroundAppName: org.kffs.habilisdatalogger
05-27 23:02:56.495  2054  4248 I Transition: finishTransition: updateLastSurfacePosition tf=Task{add9096 #53601 type=standard A=10278:org.kffs.habilisdatalogger}
05-27 23:03:02.357  2054  3645 W DexoptOptions: DEXOPT_INSTALL_WITH_DEX_METADATA_FILE not set in request to optimise org.kffs.habilisdatalogger - ART Service will unconditionally use a DM file if present.
05-27 23:03:02.534  2054  3645 I ArtService: Adjusting the compiler filter for 'org.kffs.habilisdatalogger' from 'speed-profile' to 'verify' because the package is debuggable
05-27 23:03:02.692 32391 32391 I artd    : GetBestInfo: /data/app/~~uKPRSAtEtvZLqxQNRIn9Bg==/org.kffs.habilisdatalogger-izWw4Xw99yyY9ok1MJL5WA==/base.apk has no usable artifacts
05-27 23:03:02.746 32391 32391 I artd    : Running dex2oat: /apex/com.android.art/bin/art_exec --drop-capabilities --set-task-profile=Dex2OatBackground --set-priority=background --keep-fds=7:8:9:10 -- /apex/com.android.art/bin/dex2oat64 --zip-fd=7 --zip-location=/data/app/~~uKPRSAtEtvZLqxQNRIn9Bg==/org.kffs.habilisdatalogger-izWw4Xw99yyY9ok1MJL5WA==/base.apk --oat-fd=8 --oat-location=/data/app/~~uKPRSAtEtvZLqxQNRIn9Bg==/org.kffs.habilisdatalogger-izWw4Xw99yyY9ok1MJL5WA==/oat/arm64/base.odex --output-vdex-fd=9 --swap-fd=10 --class-loader-context=PCL[] --classpath-dir=/data/app/~~uKPRSAtEtvZLqxQNRIn9Bg==/org.kffs.habilisdatalogger-izWw4Xw99yyY9ok1MJL5WA== --instruction-set=arm64 --instruction-set-features=default --instruction-set-variant=kryo300 --compiler-filter=verify --compilation-reason=first-use --max-image-block-size=524288 --resolve-startup-const-strings=true --debuggable --generate-mini-debug-info --runtime-arg -Xtarget-sdk-version:33 --runtime-arg -Xhidden-api-policy:enabled --assume-value=Landroid/os/Build$VERSION;->SDK_INT:34 --no-allow-profile-code -j6 --runtime-arg -Xms64m --runtime-arg -Xmx512m --comments=app-name:org.kffs.habilisdatalogger,app-version-name:0.1,app-version-code:10211,art-version:361501120
05-27 23:03:02.746 32391 32391 I artd    : Opened FDs: 7:/data/app/~~uKPRSAtEtvZLqxQNRIn9Bg==/org.kffs.habilisdatalogger-izWw4Xw99yyY9ok1MJL5WA==/base.apk 8:/data/app/~~uKPRSAtEtvZLqxQNRIn9Bg==/org.kffs.habilisdatalogger-izWw4Xw99yyY9ok1MJL5WA==/oat/arm64/base.odex.0mp3Mu.tmp 9:/data/app/~~uKPRSAtEtvZLqxQNRIn9Bg==/org.kffs.habilisdatalogger-izWw4Xw99yyY9ok1MJL5WA==/oat/arm64/base.vdex.UIKGNc.tmp 10:/data/app/~~uKPRSAtEtvZLqxQNRIn9Bg==/org.kffs.habilisdatalogger-izWw4Xw99yyY9ok1MJL5WA==/oat/arm64/base.odex.swap.JETMCs.tmp 
05-27 23:03:02.828 32394 32394 I dex2oat64: /apex/com.android.art/bin/dex2oat64 --output-vdex-fd=9 --class-loader-context=PCL[] --classpath-dir=/data/app/~~uKPRSAtEtvZLqxQNRIn9Bg==/org.kffs.habilisdatalogger-izWw4Xw99yyY9ok1MJL5WA== --compiler-filter=verify --compilation-reason=first-use --max-image-block-size=524288 --resolve-startup-const-strings=true --debuggable --generate-mini-debug-info --assume-value=Landroid/os/Build$VERSION;->SDK_INT:34 --no-allow-profile-code -j6 --comments=app-name:org.kffs.habilisdatalogger,app-version-name:0.1,app-version-code:10211,art-version:361501120
05-27 23:03:03.249  2054  3645 I ArtService: Dexopt result: [packageName = org.kffs.habilisdatalogger] DexContainerFileDexoptResult{dexContainerFile=/data/app/~~uKPRSAtEtvZLqxQNRIn9Bg==/org.kffs.habilisdatalogger-izWw4Xw99yyY9ok1MJL5WA==/base.apk, primaryAbi=true, abi=arm64-v8a, actualCompilerFilter=verify, status=PERFORMED, dex2oatWallTimeMillis=463, dex2oatCpuTimeMillis=440, sizeBytes=3606456, sizeBeforeBytes=0, extendedStatusFlags=[]}
05-27 23:03:03.251  2054  3645 D PKMSImpl: FirstUseActivity packageName = org.kffs.habilisdatalogger success = true
05-27 23:03:03.252  2054  3645 I PKMSImpl: FirstUseActivity Pinning optimized code org.kffs.habilisdatalogger
05-27 23:03:09.400 32636 32642 W .gms.persistent: ApkAssets: Deleting an ApkAssets object '<empty> and /data/app/~~uKPRSAtEtvZLqxQNRIn9Bg==/org.kffs.habilisdatalogger-izWw4Xw99yyY9ok1MJL5WA==/base.apk' with 1 weak references
05-27 23:03:24.793  4050  4516 E ActivityManagerWrapper: getRecentTasks: mainTaskId=53601   userId=0   windowMode=1   baseIntent=Intent { act=android.intent.action.MAIN flag=268435456 cmp=ComponentInfo{org.kffs.habilisdatalogger/org.kivy.android.PythonActivity} }
05-27 23:03:24.844  4050  4516 D WorldCirculate: getWorldCirculateInfo, taskInfo.baseIntent=Intent { act=android.intent.action.MAIN cat=[android.intent.category.LAUNCHER] flg=0x10000000 pkg=org.kffs.habilisdatalogger cmp=org.kffs.habilisdatalogger/org.kivy.android.PythonActivity }, displayId=-1, but get Display failed
05-27 23:03:25.002  4050  4050 D Launcher.ShortcutInfo: onAddToDatabase, this=ShortcutInfo, id=1197, itemType=0, user=UserHandle{0}, mIconType=0, pkgName=org.kffs.habilisdatalogger, className=org.kivy.android.PythonActivity, screenId=2, container=-100, cellX=1, cellY=5, spanX=1, spanY=1
05-27 23:03:25.002  4050  4050 D Launcher.Model: updateItemInDatabase, item=ShortcutInfo, id=1197, itemType=0, user=UserHandle{0}, mIconType=0, pkgName=org.kffs.habilisdatalogger, className=org.kivy.android.PythonActivity, screenId=2, container=-100, cellX=1, cellY=5, spanX=1, spanY=1
05-27 23:03:25.006  4050  4050 D Launcher: org.kffs.habilisdatalogger, has been opened, remove its new installed indicator
05-27 23:03:27.163  4050  4050 D Launcher.CellLayout: touch item:ShortcutInfo, id=1197, itemType=0, user=UserHandle{0}, mIconType=0, pkgName=org.kffs.habilisdatalogger, className=org.kivy.android.PythonActivity, screenId=2, container=-100, cellX=1, cellY=5, spanX=1, spanY=1
05-27 23:03:27.265  4050  4050 D Launcher: launch, launchIntent=Intent { act=android.intent.action.MAIN cat=[android.intent.category.LAUNCHER] flg=0x10200000 cmp=org.kffs.habilisdatalogger/org.kivy.android.PythonActivity (has extras) }
05-27 23:03:27.278  2054  8749 D WindowManager: Collecting in transition 1775: ActivityRecord{abfbf33 u0 org.kffs.habilisdatalogger/org.kivy.android.PythonActivity init visibleRequested:false
05-27 23:03:27.281  2054  8749 D MiGgameTypeIdentificationImpl: checkIfGameBeSupported app:org.kffs.habilisdatalogger
05-27 23:03:27.282  2054  8749 I WindowManager: When perf version lower than 2.3, MiGTStub result: false, gameType: 1, packageName: org.kffs.habilisdatalogger
05-27 23:03:27.286  2054  8749 D WindowManager: setLockTaskAuth: task=Task{45822f0 #53602 type=standard A=10278:org.kffs.habilisdatalogger} mLockTaskAuth=LOCK_TASK_AUTH_PINNABLE
05-27 23:03:27.286  2054  8749 D WindowManager: Collecting in transition 1775: Task{45822f0 #53602 type=standard A=10278:org.kffs.habilisdatalogger} init visibleRequested:false
05-27 23:03:27.289  2054  8749 D WindowManager: setLockTaskAuth: task=Task{45822f0 #53602 type=standard A=10278:org.kffs.habilisdatalogger} mLockTaskAuth=LOCK_TASK_AUTH_PINNABLE
05-27 23:03:27.290  2054  8749 D MiuiFreeFormManagerService: onStartActivityInner as = Task{45822f0 #53602 type=standard A=10278:org.kffs.habilisdatalogger} op = ActivityOptions(216451822), mPackageName=null, mAnimationType=13, mStartX=0, mStartY=0, mWidth=0, mHeight=0, mLaunchDisplayId=-1, activityOptionsInjector=ActivityOptionsInjector={freeformScale: -1.0, miniFreeformMode: false, needAnimation: true, useCustomLaunchBounds:false}
05-27 23:03:27.292  2054  8749 I ActivityTaskManager: resumeTopActivityInnerLocked topActivity:ActivityRecord{abfbf33 u0 org.kffs.habilisdatalogger/org.kivy.android.PythonActivity t53602} isFocusable:true this:Task{45822f0 #53602 type=standard A=10278:org.kffs.habilisdatalogger}
05-27 23:03:27.293  2054  8749 D WindowManager: Collecting in transition 1775: ActivityRecord{abfbf33 u0 org.kffs.habilisdatalogger/org.kivy.android.PythonActivity t53602} init visibleRequested:false
05-27 23:03:27.293  2054  8749 I ActivityRecordImpl: setReadyForStartingWindow activityRecord = ActivityRecord{abfbf33 u0 org.kffs.habilisdatalogger/org.kivy.android.PythonActivity t53602}
05-27 23:03:27.295  2054  8749 D WindowManager: Collecting in transition 1775: ActivityRecord{abfbf33 u0 org.kffs.habilisdatalogger/org.kivy.android.PythonActivity t53602} init visibleRequested:true
05-27 23:03:27.297  4004  4239 D WindowManagerShell: wct=WindowContainerTransaction { changes = {} hops = [] errorCallbackToken=null taskFragmentOrganizer=null }, hander=com.android.wm.shell.transition.SoScMixedHandler@d0e2f4e, transitionToken=android.os.BinderProxy@e88d7d7, request=TransitionRequestInfo { type = OPEN, triggerTask = TaskInfo{userId=0 taskId=53602 displayId=0 isRunning=true baseIntent=Intent { act=android.intent.action.MAIN cat=[android.intent.category.LAUNCHER] flg=0x10200000 cmp=org.kffs.habilisdatalogger/org.kivy.android.PythonActivity } baseActivity=ComponentInfo{org.kffs.habilisdatalogger/org.kivy.android.PythonActivity} topActivity=ComponentInfo{org.kffs.habilisdatalogger/org.kivy.android.PythonActivity} origActivity=null realActivity=ComponentInfo{org.kffs.habilisdatalogger/org.kivy.android.PythonActivity} numActivities=1 lastActiveTime=268080852 supportsSplitScreenMultiWindow=true supportsMultiWindow=true resizeMode=1 isResizeable=true minWidth=-1 minHeight=-1 defaultMinSize=200 token=WCT{android.window.IWindowContainerToken$Stub$Proxy@95198c4} topActivityType=1 pictureInPictureParams=null shouldDockBigOverlays=false launchIntoPipHostTaskId=-1 lastParentTaskIdBeforePip=-1 displayCutoutSafeInsets=Rect(0, 98 - 0, 0) topActivityInfo=ActivityInfo{fe1f3ad org.kivy.android.PythonActivity} launchCookies=[] positionInParent=Point(0, 0) parentTaskId=-1 isFocused=false isVisible=false isVisibleRequested=true isSleeping=false topActivityInSizeCompat=false topActivityInMiuiSizeCompat=false topActivityEligibleForLetterboxEducation= false topActivityLetterboxed= false isFromDoubleTap= false topActivityLetterboxVerticalPosition= -1 topActivityLetterboxHorizontalPosition= -1 topActivityLetterboxWidth=-1 topActivityLetterboxHeight=-1 locusId=null displayAreaFeatureId=1 cameraCompatControlState=hidden mIsCastMode=false mTopActivityMediaSize=null mTopActivityRecordName=ActivityRecord{abfbf33 u0 org.kffs.habilisdatalogger/org.kivy.android.PythonActivity t53602} mTopActivityOrientation=1 mTopActivityWindowIsNowVisible=false isTranslucent=false isEmbedded=false shouldBeVisible=true mBehindAppLockPkg=null mOriginatingUid=0}, remoteTransition = RemoteTransition { remoteTransition = android.window.IRemoteTransition$Stub$Proxy@41a6e2, appThread = null, debugName = null }, displayChange = null }
05-27 23:03:27.299  2054  8749 I ActivityTaskManager: START u0 {act=android.intent.action.MAIN cat=[android.intent.category.LAUNCHER] flg=0x10200000 cmp=org.kffs.habilisdatalogger/org.kivy.android.PythonActivity bnds=[328,1737][508,1917] (has extras)} with LAUNCH_SINGLE_TASK from uid 10080 from pid 4050 callingPackage com.miui.home (BAL_ALLOW_ALLOWLISTED_COMPONENT) result code=0
05-27 23:03:27.305  4004  4004 I FocusedNotifPromptContr: onTopActivityMayChanged: topActivity=org.kffs.habilisdatalogger
05-27 23:03:27.305  4004  4004 I FocusedNotifPromptContr: topActivityMayChanged: topActivity=org.kffs.habilisdatalogger
05-27 23:03:27.305  4004  4004 D KeyguardEditorHelper: onTopActivityMayChanged, topActivity=ComponentInfo{org.kffs.habilisdatalogger/org.kivy.android.PythonActivity}; mState=IDEL
05-27 23:03:27.315  2054  2363 I BLASTSyncEngine: SyncGroup 1775:  Unfinished container:ActivityRecord{abfbf33 u0 org.kffs.habilisdatalogger/org.kivy.android.PythonActivity t53602}
05-27 23:03:27.315  2054  2363 I ActivityRecordImpl: isReadyForStartingWindow topActivity = ActivityRecord{abfbf33 u0 org.kffs.habilisdatalogger/org.kivy.android.PythonActivity t53602} isLaunchSourceTypeHome = true topActivity.mStartingWindow = Window{96e6a25 u0 Splash Screen org.kffs.habilisdatalogger}
05-27 23:03:27.315  2054  2363 I BLASTSyncEngine: SyncGroup 1775:  Unfinished container:Task{45822f0 #53602 type=standard A=10278:org.kffs.habilisdatalogger}
05-27 23:03:27.315  2054  2363 I ActivityRecordImpl: isReadyForStartingWindow topActivity = ActivityRecord{abfbf33 u0 org.kffs.habilisdatalogger/org.kivy.android.PythonActivity t53602} isLaunchSourceTypeHome = true topActivity.mStartingWindow = Window{96e6a25 u0 Splash Screen org.kffs.habilisdatalogger}
05-27 23:03:27.315  2054  2363 I SmartPower: org.kffs.habilisdatalogger/10278(32205): died->visible(31760ms) R(become visible) adj=0.
05-27 23:03:27.315  2054  2363 D WindowManager: Final targets: [Task{45822f0 #53602 type=standard A=10278:org.kffs.habilisdatalogger}, Task{8b7be85 #1 type=home}]
05-27 23:03:27.317  2054  2363 D WindowManager: Calling onTransitionReady info={id=1775 t=OPEN f=0x0 trk=0 r=[0@Point(0, 0)] c=[{WCT{RemoteToken{31949c6 Task{45822f0 #53602 type=standard A=10278:org.kffs.habilisdatalogger}}} m=OPEN f=NONE leash=Surface(name=Task=53602#29263)/@0xc196008 sb=Rect(0, 0 - 1080, 2400) eb=Rect(0, 0 - 1080, 2400) d=0},{WCT{RemoteToken{c90cabe Task{8b7be85 #1 type=home}}} m=TO_BACK f=SHOW_WALLPAPER leash=Surface(name=Task=1#45)/@0x9160a40 sb=Rect(0, 0 - 1080, 2400) eb=Rect(0, 0 - 1080, 2400) d=0}] noAni=[false]}, mToken=Token{b62ed87 TransitionRecord{22d1b8f id=1775 type=OPEN flags=0x0}}
05-27 23:03:27.323  4050  4050 D RemoteAnimationAdapterCompat: printLeash::taskInfo = TaskInfo{userId=0 taskId=53602 displayId=0 isRunning=true baseIntent=Intent { act=android.intent.action.MAIN cat=[android.intent.category.LAUNCHER] flg=0x10200000 cmp=org.kffs.habilisdatalogger/org.kivy.android.PythonActivity } baseActivity=ComponentInfo{org.kffs.habilisdatalogger/org.kivy.android.PythonActivity} topActivity=ComponentInfo{org.kffs.habilisdatalogger/org.kivy.android.PythonActivity} origActivity=null realActivity=ComponentInfo{org.kffs.habilisdatalogger/org.kivy.android.PythonActivity} numActivities=1 lastActiveTime=268080852 supportsSplitScreenMultiWindow=true supportsMultiWindow=true resizeMode=1 isResizeable=true minWidth=-1 minHeight=-1 defaultMinSize=200 token=WCT{android.window.IWindowContainerToken$Stub$Proxy@ba12989} topActivityType=1 pictureInPictureParams=null shouldDockBigOverlays=false launchIntoPipHostTaskId=-1 lastParentTaskIdBeforePip=-1 displayCutoutSafeInsets=Rect(0, 98 - 0, 0) topActivityInfo=ActivityInfo{73c9d8e org.kivy.android.PythonActivity} launchCookies=[] positionInParent=Point(0, 0) parentTaskId=-1 isFocused=false isVisible=true isVisibleRequested=true isSleeping=false topActivityInSizeCompat=false topActivityInMiuiSizeCompat=false topActivityEligibleForLetterboxEducation= false topActivityLetterboxed= false isFromDoubleTap= false topActivityLetterboxVerticalPosition= -1 topActivityLetterboxHorizontalPosition= -1 topActivityLetterboxWidth=-1 topActivityLetterboxHeight=-1 locusId=null displayAreaFeatureId=1 cameraCompatControlState=hidden mIsCastMode=false mTopActivityMediaSize=null mTopActivityRecordName=ActivityRecord{abfbf33 u0 org.kffs.habilisdatalogger/org.kivy.android.PythonActivity t53602} mTopActivityOrientation=1 mTopActivityWindowIsNowVisible=false isTranslucent=false isEmbedded=false shouldBeVisible=true mBehindAppLockPkg=null mOriginatingUid=0}
05-27 23:03:27.328  4050  4050 E LauncherAnimationRunner: onAnimationStart:   target=RemoteAnimationTargetCompat{taskId=53602, mode=0, isTranslucent=false, clipRect=Rect(0, 0 - 0, 0), position=Point(0, 0), sourceContainerBounds=Rect(0, 0 - 1080, 2400), prefixOrderIndex=2, isNotInRecents=false, contentInsets=Rect(0, 0 - 0, 0), activityType=1, packageName=org.kffs.habilisdatalogger, startBounds=Rect(0, 0 - 1080, 2400), windowType=-1}
05-27 23:03:27.342  2054  3741 D CoreBackPreview: Window{96e6a25 u0 Splash Screen org.kffs.habilisdatalogger}: Setting back callback OnBackInvokedCallbackInfo{mCallback=android.window.IOnBackInvokedCallback$Stub$Proxy@1cb03aa, mPriority=0, mIsAnimationCallback=false}
05-27 23:03:27.368  2054  2385 I ActivityManager: Start proc 344:org.kffs.habilisdatalogger/u0a278 for top-activity {org.kffs.habilisdatalogger/org.kivy.android.PythonActivity} caller=com.miui.home
05-27 23:03:27.372  2054  2363 I WindowManager: wms.showSurfaceRobustly mWin:Window{96e6a25 u0 Splash Screen org.kffs.habilisdatalogger}
05-27 23:03:27.373  4050  4516 E ActivityManagerWrapper: getRecentTasks: mainTaskId=53602   userId=0   windowMode=1   baseIntent=Intent { act=android.intent.action.MAIN flag=270532608 cmp=ComponentInfo{org.kffs.habilisdatalogger/org.kivy.android.PythonActivity} }
05-27 23:03:27.375  4004  4239 D MiuiFullScreenTaskRepository: addOrUpdateFullScreenTaskInfo taskId=53602, topActivity=ComponentInfo{org.kffs.habilisdatalogger/org.kivy.android.PythonActivity}
05-27 23:03:27.396   344   344 E Zygote  : process_name_ptr:344 org.kffs.habilisdatalogger
05-27 23:03:27.407  4050  4516 E ActivityManagerWrapper: getRecentTasks: mainTaskId=53602   userId=0   windowMode=1   baseIntent=Intent { act=android.intent.action.MAIN flag=270532608 cmp=ComponentInfo{org.kffs.habilisdatalogger/org.kivy.android.PythonActivity} }
05-27 23:03:27.437  4050  4516 E ActivityManagerWrapper: getRecentTasks: mainTaskId=53602   userId=0   windowMode=1   baseIntent=Intent { act=android.intent.action.MAIN flag=270532608 cmp=ComponentInfo{org.kffs.habilisdatalogger/org.kivy.android.PythonActivity} }
05-27 23:03:27.470  4004  4239 D MiuiFullScreenTaskRepository: addOrUpdateFullScreenTaskInfo taskId=53602, topActivity=ComponentInfo{org.kffs.habilisdatalogger/org.kivy.android.PythonActivity}
05-27 23:03:27.473  3876  3884 D BluetoothLatencyMode: ForegroundInfo{mForegroundPackageName='org.kffs.habilisdatalogger', mForegroundUid=10278, mForegroundPid=344, mLastForegroundPackageName='com.miui.home', mLastForegroundUid=10080, mLastForegroundPid=4050, mMultiWindowForegroundPackageName='org.kffs.habilisdatalogger', mMultiWindowForegroundUid=10278, mFlags=1}
05-27 23:03:27.473  8252  8272 I ProcessMonitor: onForegroundInfoChanged: ForegroundInfo{mForegroundPackageName='org.kffs.habilisdatalogger', mForegroundUid=10278, mForegroundPid=344, mLastForegroundPackageName='com.miui.home', mLastForegroundUid=10080, mLastForegroundPid=4050, mMultiWindowForegroundPackageName='org.kffs.habilisdatalogger', mMultiWindowForegroundUid=10278, mFlags=1}
05-27 23:03:27.473  4050 30560 D AppObserver: ForegroundInfo{mForegroundPackageName='org.kffs.habilisdatalogger', mForegroundUid=10278, mForegroundPid=344, mLastForegroundPackageName='com.miui.home', mLastForegroundUid=10080, mLastForegroundPid=4050, mMultiWindowForegroundPackageName='org.kffs.habilisdatalogger', mMultiWindowForegroundUid=10278, mFlags=1}
05-27 23:03:27.473 10068 20610 I GST     : forePkg: org.kffs.habilisdatalogger, preForePkg: com.miui.home
05-27 23:03:27.474  9307 21369 D PerfEngineController: ForegroundInfo{mForegroundPackageName='org.kffs.habilisdatalogger', mForegroundUid=10278, mForegroundPid=344, mLastForegroundPackageName='com.miui.home', mLastForegroundUid=10080, mLastForegroundPid=4050, mMultiWindowForegroundPackageName='org.kffs.habilisdatalogger', mMultiWindowForegroundUid=10278, mFlags=1}
05-27 23:03:27.480  8252  8272 I GameBoosterService: onForegroundInfoChanged: Cur=org.kffs.habilisdatalogger	 last=com.miui.home
05-27 23:03:27.480  4004  4239 D MiuiFullScreenTaskRepository: setFocusedTask taskId=53602, displayId=0, topActivity=ComponentInfo{org.kffs.habilisdatalogger/org.kivy.android.PythonActivity}
05-27 23:03:27.480  4004  4239 D MiuiFullScreenTaskRepository: addOrUpdateFullScreenTaskInfo taskId=53602, topActivity=ComponentInfo{org.kffs.habilisdatalogger/org.kivy.android.PythonActivity}
05-27 23:03:27.480  4004  4239 D MiuiFreeformModeController: onFocusTaskChanged taskInfo: TaskInfo{userId=0 taskId=53602 displayId=0 isRunning=true baseIntent=Intent { act=android.intent.action.MAIN cat=[android.intent.category.LAUNCHER] flg=0x10200000 cmp=org.kffs.habilisdatalogger/org.kivy.android.PythonActivity } baseActivity=ComponentInfo{org.kffs.habilisdatalogger/org.kivy.android.PythonActivity} topActivity=ComponentInfo{org.kffs.habilisdatalogger/org.kivy.android.PythonActivity} origActivity=null realActivity=ComponentInfo{org.kffs.habilisdatalogger/org.kivy.android.PythonActivity} numActivities=1 lastActiveTime=268081027 supportsSplitScreenMultiWindow=true supportsMultiWindow=true resizeMode=1 isResizeable=true minWidth=-1 minHeight=-1 defaultMinSize=200 token=WCT{android.window.IWindowContainerToken$Stub$Proxy@9b825bf} topActivityType=1 pictureInPictureParams=null shouldDockBigOverlays=false launchIntoPipHostTaskId=-1 lastParentTaskIdBeforePip=-1 displayCutoutSafeInsets=Rect(0, 98 - 0, 0) topActivityInfo=ActivityInfo{fa2748c org.kivy.android.PythonActivity} launchCookies=[] positionInParent=Point(0, 0) parentTaskId=-1 isFocused=true isVisible=true isVisibleRequested=true isSleeping=false topActivityInSizeCompat=false topActivityInMiuiSizeCompat=false topActivityEligibleForLetterboxEducation= false topActivityLetterboxed= false isFromDoubleTap= false topActivityLetterboxVerticalPosition= -1 topActivityLetterboxHorizontalPosition= -1 topActivityLetterboxWidth=-1 topActivityLetterboxHeight=-1 locusId=null displayAreaFeatureId=1 cameraCompatControlState=hidden mIsCastMode=false mTopActivityMediaSize=null mTopActivityRecordName=ActivityRecord{abfbf33 u0 org.kffs.habilisdatalogger/org.kivy.android.PythonActivity t53602} mTopActivityOrientation=1 mTopActivityWindowIsNowVisible=false isTranslucent=false isEmbedded=false shouldBeVisible=true mBehindAppLockPkg=null mOriginatingUid=0}
05-27 23:03:27.481  8252  8272 D GameBoosterService: onGameStatusChange foreground:ForegroundInfo{mForegroundPackageName='org.kffs.habilisdatalogger', mForegroundUid=10278, mForegroundPid=344, mLastForegroundPackageName='com.miui.home', mLastForegroundUid=10080, mLastForegroundPid=4050, mMultiWindowForegroundPackageName='org.kffs.habilisdatalogger', mMultiWindowForegroundUid=10278, mFlags=1}
05-27 23:03:27.491  8252  8272 I BeautyService: onForegroundInfoChanged: Cur=org.kffs.habilisdatalogger	 last=com.miui.home
05-27 23:03:27.520   344   344 D nativeloader: Configuring clns-4 for other apk /data/app/~~uKPRSAtEtvZLqxQNRIn9Bg==/org.kffs.habilisdatalogger-izWw4Xw99yyY9ok1MJL5WA==/base.apk. target_sdk_version=33, uses_libraries=, library_path=/data/app/~~uKPRSAtEtvZLqxQNRIn9Bg==/org.kffs.habilisdatalogger-izWw4Xw99yyY9ok1MJL5WA==/lib/arm64:/data/app/~~uKPRSAtEtvZLqxQNRIn9Bg==/org.kffs.habilisdatalogger-izWw4Xw99yyY9ok1MJL5WA==/base.apk!/lib/arm64-v8a, permitted_path=/data:/mnt/expand:/data/user/0/org.kffs.habilisdatalogger
05-27 23:03:27.538   344   344 V GraphicsEnvironment: ANGLE GameManagerService for org.kffs.habilisdatalogger: false
05-27 23:03:27.539   344   344 V GraphicsEnvironment: org.kffs.habilisdatalogger is not listed in per-application setting
05-27 23:03:27.546  2054  4248 I UiModeManager: systemserver package:org.kffs.habilisdatalogger null
05-27 23:03:27.546   344   344 I ForceDarkHelperStubImpl: initialize for org.kffs.habilisdatalogger , ForceDarkAppConfig: null
05-27 23:03:27.572  2054  7682 I ClipboardServiceI: checkProviderWakePathForClipboard: org.kffs.habilisdataloggeris not a activePermissionOwner
05-27 23:03:27.581   344   344 V SDL     : Device: taoyao
05-27 23:03:27.581   344   344 V SDL     : Model: 2203129G
05-27 23:03:27.581   344   344 V SDL     : onCreate()
05-27 23:03:27.580   344   344 W bilisdatalogger: type=1400 audit(0.0:120244): avc:  denied  { read } for  name="u:object_r:vendor_displayfeature_prop:s0" dev="tmpfs" ino=12214 scontext=u:r:untrusted_app_32:s0:c22,c257,c512,c768 tcontext=u:object_r:vendor_displayfeature_prop:s0 tclass=file permissive=0 app=org.kffs.habilisdatalogger
05-27 23:03:27.584   344   344 V SDL     : kind is layout and name lottie
05-27 23:03:27.584   344   344 V SDL     : result is 0
05-27 23:03:27.585   344   344 V SDL     : couldn't find lottie layout or animation, trying static splash
05-27 23:03:27.585   344   344 V SDL     : getting identifier
05-27 23:03:27.585   344   344 V SDL     : kind is drawable and name presplash
05-27 23:03:27.585   344   344 V SDL     : result is 2130968589
05-27 23:03:27.589   344   344 V SDL     : asked to get string presplash_color
05-27 23:03:27.589   344   344 V SDL     : getting identifier
05-27 23:03:27.589   344   344 V SDL     : kind is string and name presplash_color
05-27 23:03:27.589   344   344 V SDL     : result is 2131296257
05-27 23:03:27.594  4004  4239 D MiuiFullScreenTaskRepository: setFocusedTask taskId=53602, displayId=0, topActivity=ComponentInfo{org.kffs.habilisdatalogger/org.kivy.android.PythonActivity}
05-27 23:03:27.594  4004  4239 D MiuiFullScreenTaskRepository: addOrUpdateFullScreenTaskInfo taskId=53602, topActivity=ComponentInfo{org.kffs.habilisdatalogger/org.kivy.android.PythonActivity}
05-27 23:03:27.606   344   485 V pythonutil: Unpacking private app
05-27 23:03:27.607   344   344 V SDL     : onStart()
05-27 23:03:27.608   344   485 V pythonutil: Data version is 15de382e774b797d27081827f9b1ea149dd4db31
05-27 23:03:27.609   344   344 V SDL     : onResume()
05-27 23:03:27.612   344   485 V pythonutil: Unpacking /data/app/~~uKPRSAtEtvZLqxQNRIn9Bg==/org.kffs.habilisdatalogger-izWw4Xw99yyY9ok1MJL5WA==/lib/arm64/libpybundle app
05-27 23:03:27.612   344   485 V pythonutil: Data version is 15de382e774b797d27081827f9b1ea149dd4db31
05-27 23:03:27.644   344   344 I ForceDarkHelperStubImpl: setViewRootImplForceDark: false for org.kivy.android.PythonActivity@ea0080b, reason: AppDarkModeEnable
05-27 23:03:27.661   344   344 V pythonutil: Checking pattern libsqlite3\.so against libSDL2.so
05-27 23:03:27.661   344   344 V pythonutil: Checking pattern libsqlite3\.so against libSDL2_ttf.so
05-27 23:03:27.661  4050  4050 D RecentsImpl: mActivityStateObserver org.kivy.android.PythonActivity
05-27 23:03:27.661   344   344 V pythonutil: Checking pattern libsqlite3\.so against libpng16.so
05-27 23:03:27.661   344   344 V pythonutil: Checking pattern libsqlite3\.so against libfreetype.so
