06-06 20:41:17.136 16961 16961 F DEBUG   :       #56 pc 000000000023298c  /data/app/~~xohNL_sjW5EWglXuXdI8uw==/org.kffs.habilisdatalogger-hVmvN0HK_u9cJkG3-e_C8A==/lib/arm64/libpython3.10.so
06-06 20:41:17.136 16961 16961 F DEBUG   :       #57 pc 00000000002390d4  /data/app/~~xohNL_sjW5EWglXuXdI8uw==/org.kffs.habilisdatalogger-hVmvN0HK_u9cJkG3-e_C8A==/lib/arm64/libpython3.10.so
06-06 20:41:17.136 16961 16961 F DEBUG   :       #58 pc 0000000000234ee4  /data/app/~~xohNL_sjW5EWglXuXdI8uw==/org.kffs.habilisdatalogger-hVmvN0HK_u9cJkG3-e_C8A==/lib/arm64/libpython3.10.so (_PyEval_EvalFrameDefault+9272)
06-06 20:41:17.136 16961 16961 F DEBUG   :       #59 pc 000000000023298c  /data/app/~~xohNL_sjW5EWglXuXdI8uw==/org.kffs.habilisdatalogger-hVmvN0HK_u9cJkG3-e_C8A==/lib/arm64/libpython3.10.so
06-06 20:41:17.136 16961 16961 F DEBUG   :       #60 pc 00000000002390d4  /data/app/~~xohNL_sjW5EWglXuXdI8uw==/org.kffs.habilisdatalogger-hVmvN0HK_u9cJkG3-e_C8A==/lib/arm64/libpython3.10.so
06-06 20:41:17.136 16961 16961 F DEBUG   :       #61 pc 00000000002349c8  /data/app/~~xohNL_sjW5EWglXuXdI8uw==/org.kffs.habilisdatalogger-hVmvN0HK_u9cJkG3-e_C8A==/lib/arm64/libpython3.10.so (_PyEval_EvalFrameDefault+7964)
06-06 20:41:17.136 16961 16961 F DEBUG   :       #62 pc 000000000023298c  /data/app/~~xohNL_sjW5EWglXuXdI8uw==/org.kffs.habilisdatalogger-hVmvN0HK_u9cJkG3-e_C8A==/lib/arm64/libpython3.10.so
06-06 20:41:17.136 16961 16961 F DEBUG   :       #63 pc 00000000002390d4  /data/app/~~xohNL_sjW5EWglXuXdI8uw==/org.kffs.habilisdatalogger-hVmvN0HK_u9cJkG3-e_C8A==/lib/arm64/libpython3.10.so
06-06 20:41:17.136 16961 16961 F DEBUG   :       #64 pc 0000000000234ee4  /data/app/~~xohNL_sjW5EWglXuXdI8uw==/org.kffs.habilisdatalogger-hVmvN0HK_u9cJkG3-e_C8A==/lib/arm64/libpython3.10.so (_PyEval_EvalFrameDefault+9272)
06-06 20:41:17.136 16961 16961 F DEBUG   :       #65 pc 000000000023298c  /data/app/~~xohNL_sjW5EWglXuXdI8uw==/org.kffs.habilisdatalogger-hVmvN0HK_u9cJkG3-e_C8A==/lib/arm64/libpython3.10.so
06-06 20:41:17.136 16961 16961 F DEBUG   :       #66 pc 00000000002328d4  /data/app/~~xohNL_sjW5EWglXuXdI8uw==/org.kffs.habilisdatalogger-hVmvN0HK_u9cJkG3-e_C8A==/lib/arm64/libpython3.10.so (PyEval_EvalCode+104)
06-06 20:41:17.136 16961 16961 F DEBUG   :       #67 pc 0000000000278fec  /data/app/~~xohNL_sjW5EWglXuXdI8uw==/org.kffs.habilisdatalogger-hVmvN0HK_u9cJkG3-e_C8A==/lib/arm64/libpython3.10.so (_PyRun_SimpleFileObject+1188)
06-06 20:41:17.136 16961 16961 F DEBUG   :       #68 pc 0000000000279894  /data/app/~~xohNL_sjW5EWglXuXdI8uw==/org.kffs.habilisdatalogger-hVmvN0HK_u9cJkG3-e_C8A==/lib/arm64/libpython3.10.so (PyRun_SimpleFileExFlags+60)
06-06 20:41:17.136 16961 16961 F DEBUG   :       #69 pc 00000000000034c0  /data/app/~~xohNL_sjW5EWglXuXdI8uw==/org.kffs.habilisdatalogger-hVmvN0HK_u9cJkG3-e_C8A==/lib/arm64/libmain.so (SDL_main+2452) (BuildId: 31dee9799880258433bef3824135a0d2bfdc25f8)
06-06 20:41:17.136 16961 16961 F DEBUG   :       #70 pc 00000000000b1244  /data/app/~~xohNL_sjW5EWglXuXdI8uw==/org.kffs.habilisdatalogger-hVmvN0HK_u9cJkG3-e_C8A==/lib/arm64/libSDL2.so (Java_org_libsdl_app_SDLActivity_nativeRunMain+772) (BuildId: 73c88ee39fa96ded81b7bddb4f770f956d0af587)
06-06 20:41:17.137 16961 16961 F DEBUG   :       #76 pc 000000000000ceb8  [anon:dalvik-classes3.dex extracted in memory from /data/app/~~xohNL_sjW5EWglXuXdI8uw==/org.kffs.habilisdatalogger-hVmvN0HK_u9cJkG3-e_C8A==/base.apk] (org.libsdl.app.SDLMain.run+0)
06-06 20:41:17.222  1948 16964 W ActivityTaskManager:   Force finishing activity org.kffs.habilisdatalogger/org.kivy.android.PythonActivity
06-06 20:41:17.225  1948 16964 D WindowManager: Collecting in transition 3141: Task{81d8c35 #253 type=standard A=10344:org.kffs.habilisdatalogger} init visibleRequested:true
06-06 20:41:17.226  1948 16964 D WindowManager: Collecting in transition 3141: ActivityRecord{1953d72 u0 org.kffs.habilisdatalogger/org.kivy.android.PythonActivity t253 f}} init visibleRequested:true
06-06 20:41:17.237  1948  2308 D WindowManager: wms.Focus not requested for window=Window{5eb29f0 u0 org.kffs.habilisdatalogger/org.kivy.android.PythonActivity} because it has no surface or is not focusable.
06-06 20:41:17.282  1948  2054 I ActivityManager: Process org.kffs.habilisdatalogger (pid 16598) has died: fg  TOP 
06-06 20:41:17.283  1948  7850 I WindowManager: WIN DEATH: Window{5eb29f0 u0 org.kffs.habilisdatalogger/org.kivy.android.PythonActivity}
06-06 20:41:17.295  1948  2054 D WindowManager: Collecting in transition 3141: Task{81d8c35 #253 type=standard A=10344:org.kffs.habilisdatalogger} init visibleRequested:false
06-06 20:41:17.296  1948  2054 D WindowManager: Collecting in transition 3141: ActivityRecord{1953d72 u0 org.kffs.habilisdatalogger/org.kivy.android.PythonActivity t253 f}} init visibleRequested:false
06-06 20:41:17.721  1948  2308 W WindowManager: Failed to deliver inset control state change to w=Window{5eb29f0 u0 org.kffs.habilisdatalogger/org.kivy.android.PythonActivity EXITING}
06-06 20:41:17.726  1948  2307 W ActivityTaskManager: Activity top resumed state loss timeout for ActivityRecord{1953d72 u0 org.kffs.habilisdatalogger/org.kivy.android.PythonActivity t253 f} isExiting}
06-06 20:41:17.859  1948  2972 D tsched_scene: handleWindowChanged: pkgName: com.android.chrome, mForegroundAppName: org.kffs.habilisdatalogger
06-06 20:41:17.859  1948  2308 D WindowManager: Final targets: [Task{818398e #207 type=standard A=10183:com.android.chrome}, Task{81d8c35 #253 type=standard A=10344:org.kffs.habilisdatalogger}]
06-06 20:41:17.872  1948  2308 D WindowManager: Calling onTransitionReady info={id=3141 t=CLOSE f=0x10 trk=0 r=[0@Point(0, 0)] c=[{WCT{RemoteToken{13e12f9 Task{818398e #207 type=standard A=10183:com.android.chrome}}} m=TO_FRONT f=MOVE_TO_TOP leash=Surface(name=Task=207#38959)/@0x7e69b43 sb=Rect(0, 0 - 1080, 2400) eb=Rect(0, 0 - 1080, 2400) d=0},{WCT{RemoteToken{d96f737 Task{81d8c35 #253 type=standard A=10344:org.kffs.habilisdatalogger}}} m=CLOSE f=NONE leash=Surface(name=Task=253#51042)/@0xe4029d1 sb=Rect(0, 0 - 1080, 2400) eb=Rect(0, 0 - 1080, 2400) d=0}] noAni=[false]}, mToken=Token{68e7481 TransitionRecord{b06a38e id=3141 type=CLOSE flags=0x10}}
06-06 20:41:17.923  1948  2308 W WindowManager: Failed to deliver inset control state change to w=Window{5eb29f0 u0 org.kffs.habilisdatalogger/org.kivy.android.PythonActivity EXITING}
06-06 20:41:18.716  1948  5730 W WindowManager: Exception thrown during dispatchAppVisibility Window{5eb29f0 u0 org.kffs.habilisdatalogger/org.kivy.android.PythonActivity EXITING}
06-06 20:41:18.722  1948  5730 I Transition: finishTransition: updateLastSurfacePosition tf=Task{81d8c35 #253 type=standard A=10344:org.kffs.habilisdatalogger}
06-06 20:41:19.478  1948  8079 D PKMSImpl: FirstUseActivity packageName = org.kffs.habilisdatalogger success = true
06-06 20:44:24.152  1948  3590 D WindowManager: Collecting in transition 3159: ActivityRecord{390c372 u0 org.kffs.habilisdatalogger/org.kivy.android.PythonActivity init visibleRequested:false
06-06 20:44:24.159  1948  3590 I WindowManager: When perf version lower than 2.3, MiGTStub result: false, gameType: 1, packageName: org.kffs.habilisdatalogger
06-06 20:44:24.163  1948  3590 D WindowManager: setLockTaskAuth: task=Task{c5c23c3 #255 type=standard A=10344:org.kffs.habilisdatalogger} mLockTaskAuth=LOCK_TASK_AUTH_PINNABLE
06-06 20:44:24.163  1948  3590 D WindowManager: Collecting in transition 3159: Task{c5c23c3 #255 type=standard A=10344:org.kffs.habilisdatalogger} init visibleRequested:false
06-06 20:44:24.168  1948  3590 D WindowManager: setLockTaskAuth: task=Task{c5c23c3 #255 type=standard A=10344:org.kffs.habilisdatalogger} mLockTaskAuth=LOCK_TASK_AUTH_PINNABLE
06-06 20:44:24.168  1948  3590 D MiuiFreeFormManagerService: onStartActivityInner as = Task{c5c23c3 #255 type=standard A=10344:org.kffs.habilisdatalogger} op = ActivityOptions(139523180), mPackageName=null, mAnimationType=13, mStartX=0, mStartY=0, mWidth=0, mHeight=0, mLaunchDisplayId=-1, activityOptionsInjector=ActivityOptionsInjector={freeformScale: -1.0, miniFreeformMode: false, needAnimation: true, useCustomLaunchBounds:false}
06-06 20:44:24.172  1948  3590 I ActivityTaskManager: resumeTopActivityInnerLocked topActivity:ActivityRecord{390c372 u0 org.kffs.habilisdatalogger/org.kivy.android.PythonActivity t255} isFocusable:true this:Task{c5c23c3 #255 type=standard A=10344:org.kffs.habilisdatalogger}
06-06 20:44:24.173  1948  3590 D WindowManager: Collecting in transition 3159: ActivityRecord{390c372 u0 org.kffs.habilisdatalogger/org.kivy.android.PythonActivity t255} init visibleRequested:false
06-06 20:44:24.173  1948  3590 I ActivityRecordImpl: setReadyForStartingWindow activityRecord = ActivityRecord{390c372 u0 org.kffs.habilisdatalogger/org.kivy.android.PythonActivity t255}
06-06 20:44:24.174  1948  3590 D WindowManager: Collecting in transition 3159: ActivityRecord{390c372 u0 org.kffs.habilisdatalogger/org.kivy.android.PythonActivity t255} init visibleRequested:true
06-06 20:44:24.178  1948  3590 I ActivityTaskManager: START u0 {act=android.intent.action.MAIN cat=[android.intent.category.LAUNCHER] flg=0x10200000 cmp=org.kffs.habilisdatalogger/org.kivy.android.PythonActivity bnds=[78,796][251,969] (has extras)} with LAUNCH_SINGLE_TASK from uid 10158 from pid 3838 callingPackage com.miui.home (BAL_ALLOW_ALLOWLISTED_COMPONENT) result code=0
06-06 20:44:24.198  1948  2308 I BLASTSyncEngine: SyncGroup 3159:  Unfinished container:Task{c5c23c3 #255 type=standard A=10344:org.kffs.habilisdatalogger}
06-06 20:44:24.198  1948  2308 I ActivityRecordImpl: isReadyForStartingWindow topActivity = ActivityRecord{390c372 u0 org.kffs.habilisdatalogger/org.kivy.android.PythonActivity t255} isLaunchSourceTypeHome = true topActivity.mStartingWindow = null
06-06 20:44:24.198  1948  2308 I BLASTSyncEngine: isActivitySyncFinished isSyncFinished false Task{c5c23c3 #255 type=standard A=10344:org.kffs.habilisdatalogger}
06-06 20:44:24.232  1948  4119 I BLASTSyncEngine: SyncGroup 3159:  Unfinished container:Task{c5c23c3 #255 type=standard A=10344:org.kffs.habilisdatalogger}
06-06 20:44:24.232  1948  4119 I ActivityRecordImpl: isReadyForStartingWindow topActivity = ActivityRecord{390c372 u0 org.kffs.habilisdatalogger/org.kivy.android.PythonActivity t255} isLaunchSourceTypeHome = true topActivity.mStartingWindow = Window{99f34b1 u0 Splash Screen org.kffs.habilisdatalogger}
06-06 20:44:24.232  1948  4119 I BLASTSyncEngine: SyncGroup 3159:  Unfinished container:ActivityRecord{390c372 u0 org.kffs.habilisdatalogger/org.kivy.android.PythonActivity t255}
06-06 20:44:24.232  1948  4119 I ActivityRecordImpl: isReadyForStartingWindow topActivity = ActivityRecord{390c372 u0 org.kffs.habilisdatalogger/org.kivy.android.PythonActivity t255} isLaunchSourceTypeHome = true topActivity.mStartingWindow = Window{99f34b1 u0 Splash Screen org.kffs.habilisdatalogger}
06-06 20:44:24.234  1948  4119 I SmartPower: org.kffs.habilisdatalogger/10344(16598): died->visible(181931ms) R(become visible) adj=0.
06-06 20:44:24.234  1948  4119 D WindowManager: Final targets: [Task{c5c23c3 #255 type=standard A=10344:org.kffs.habilisdatalogger}, Task{fc1ced5 #1 type=home}]
06-06 20:44:24.238  1948  4119 D WindowManager: Calling onTransitionReady info={id=3159 t=OPEN f=0x0 trk=0 r=[0@Point(0, 0)] c=[{WCT{RemoteToken{50bb62b Task{c5c23c3 #255 type=standard A=10344:org.kffs.habilisdatalogger}}} m=OPEN f=NONE leash=Surface(name=Task=255#51282)/@0x24a0aa5 sb=Rect(0, 0 - 1080, 2400) eb=Rect(0, 0 - 1080, 2400) d=0},{WCT{RemoteToken{e07270c Task{fc1ced5 #1 type=home}}} m=TO_BACK f=SHOW_WALLPAPER leash=Surface(name=Task=1#16716)/@0xdd7d3e6 sb=Rect(0, 0 - 1080, 2400) eb=Rect(0, 0 - 1080, 2400) d=0}] noAni=[false]}, mToken=Token{7bfda88 TransitionRecord{4714eca id=3159 type=OPEN flags=0x0}}
06-06 20:44:24.241  1948  2054 D CoreBackPreview: Window{99f34b1 u0 Splash Screen org.kffs.habilisdatalogger}: Setting back callback OnBackInvokedCallbackInfo{mCallback=android.window.IOnBackInvokedCallback$Stub$Proxy@a8d8a07, mPriority=0, mIsAnimationCallback=false}
06-06 20:44:24.264  1948  2308 I WindowManager: wms.showSurfaceRobustly mWin:Window{99f34b1 u0 Splash Screen org.kffs.habilisdatalogger}
06-06 20:44:24.274 13186 13275 D MiuiFullScreenTaskRepository: addOrUpdateFullScreenTaskInfo taskId=255, topActivity=ComponentInfo{org.kffs.habilisdatalogger/org.kivy.android.PythonActivity}
06-06 20:44:24.286  1948  2335 I ActivityManager: Start proc 18175:org.kffs.habilisdatalogger/u0a344 for top-activity {org.kffs.habilisdatalogger/org.kivy.android.PythonActivity} caller=com.miui.home
06-06 20:44:24.476 13186 13275 D MiuiFullScreenTaskRepository: addOrUpdateFullScreenTaskInfo taskId=255, topActivity=ComponentInfo{org.kffs.habilisdatalogger/org.kivy.android.PythonActivity}
06-06 20:44:24.482 13186 13275 D MiuiFullScreenTaskRepository: setFocusedTask taskId=255, displayId=0, topActivity=ComponentInfo{org.kffs.habilisdatalogger/org.kivy.android.PythonActivity}
06-06 20:44:24.483 13186 13275 D MiuiFullScreenTaskRepository: addOrUpdateFullScreenTaskInfo taskId=255, topActivity=ComponentInfo{org.kffs.habilisdatalogger/org.kivy.android.PythonActivity}
06-06 20:44:24.483 13186 13275 D MiuiFreeformModeController: onFocusTaskChanged taskInfo: TaskInfo{userId=0 taskId=255 displayId=0 isRunning=true baseIntent=Intent { act=android.intent.action.MAIN cat=[android.intent.category.LAUNCHER] flg=0x10200000 cmp=org.kffs.habilisdatalogger/org.kivy.android.PythonActivity } baseActivity=ComponentInfo{org.kffs.habilisdatalogger/org.kivy.android.PythonActivity} topActivity=ComponentInfo{org.kffs.habilisdatalogger/org.kivy.android.PythonActivity} origActivity=null realActivity=ComponentInfo{org.kffs.habilisdatalogger/org.kivy.android.PythonActivity} numActivities=1 lastActiveTime=213878949 supportsSplitScreenMultiWindow=true supportsMultiWindow=true resizeMode=1 isResizeable=true minWidth=-1 minHeight=-1 defaultMinSize=200 token=WCT{android.window.IWindowContainerToken$Stub$Proxy@9a0306f} topActivityType=1 pictureInPictureParams=null shouldDockBigOverlays=false launchIntoPipHostTaskId=-1 lastParentTaskIdBeforePip=-1 displayCutoutSafeInsets=Rect(0, 98 - 0, 0) topActivityInfo=ActivityInfo{cd0a17c org.kivy.android.PythonActivity} launchCookies=[] positionInParent=Point(0, 0) parentTaskId=-1 isFocused=true isVisible=true isVisibleRequested=true isSleeping=false topActivityInSizeCompat=false topActivityInMiuiSizeCompat=false topActivityEligibleForLetterboxEducation= false topActivityLetterboxed= false isFromDoubleTap= false topActivityLetterboxVerticalPosition= -1 topActivityLetterboxHorizontalPosition= -1 topActivityLetterboxWidth=-1 topActivityLetterboxHeight=-1 locusId=null displayAreaFeatureId=1 cameraCompatControlState=hidden mIsCastMode=false mTopActivityMediaSize=null mTopActivityRecordName=ActivityRecord{390c372 u0 org.kffs.habilisdatalogger/org.kivy.android.PythonActivity t255} mTopActivityOrientation=1 mTopActivityWindowIsNowVisible=false isTranslucent=false isEmbedded=false shouldBeVisible=true mBehindAppLockPkg=null mOriginatingUid=0}
06-06 20:44:24.666 13186 13275 D MiuiFullScreenTaskRepository: setFocusedTask taskId=255, displayId=0, topActivity=ComponentInfo{org.kffs.habilisdatalogger/org.kivy.android.PythonActivity}
06-06 20:44:24.666 13186 13275 D MiuiFullScreenTaskRepository: addOrUpdateFullScreenTaskInfo taskId=255, topActivity=ComponentInfo{org.kffs.habilisdatalogger/org.kivy.android.PythonActivity}
06-06 20:44:24.844  1948  5734 I AppsFilter: interaction: PackageSetting{21b3f94 org.kffs.habilisdatalogger/10344} -> PackageSetting{8da54b com.google.android.apps.subscriptions.red/10228} BLOCKED
06-06 20:44:24.844  1948  5734 I AppsFilter: interaction: PackageSetting{21b3f94 org.kffs.habilisdatalogger/10344} -> PackageSetting{7ae6b28 com.android.cts.priv.ctsshim/10278} BLOCKED
06-06 20:44:24.844  1948  5734 I AppsFilter: interaction: PackageSetting{21b3f94 org.kffs.habilisdatalogger/10344} -> PackageSetting{2da0041 com.google.android.youtube/10225} BLOCKED
06-06 20:44:24.844  1948  5734 I AppsFilter: interaction: PackageSetting{21b3f94 org.kffs.habilisdatalogger/10344} -> PackageSetting{62c19e6 com.android.uwb.resources/10272} BLOCKED
06-06 20:44:24.844  1948  5734 I AppsFilter: interaction: PackageSetting{21b3f94 org.kffs.habilisdatalogger/10344} -> PackageSetting{e8f4b27 com.android.internal.display.cutout.emulation.corner/10009} BLOCKED
06-06 20:44:24.844  1948  5734 I AppsFilter: interaction: PackageSetting{21b3f94 org.kffs.habilisdatalogger/10344} -> PackageSetting{31311d4 com.android.internal.display.cutout.emulation.double/10010} BLOCKED
06-06 20:44:24.844  1948  5734 I AppsFilter: interaction: PackageSetting{21b3f94 org.kffs.habilisdatalogger/10344} -> PackageSetting{c855f7d com.google.android.googlequicksearchbox/10176} BLOCKED
06-06 20:44:24.844  1948  5734 I AppsFilter: interaction: PackageSetting{21b3f94 org.kffs.habilisdatalogger/10344} -> PackageSetting{f8fee72 cn.wps.xiaomi.abroad.lite/10297} BLOCKED
06-06 20:44:24.844  1948  5734 I AppsFilter: interaction: PackageSetting{21b3f94 org.kffs.habilisdatalogger/10344} -> PackageSetting{91b72c3 com.google.android.apps.googleassistant/10169} BLOCKED
06-06 20:44:24.844  1948  5734 I AppsFilter: interaction: PackageSetting{21b3f94 org.kffs.habilisdatalogger/10344} -> PackageSetting{3797740 com.google.android.apps.docs.editors.docs/10339} BLOCKED
06-06 20:44:24.844  1948  5734 I AppsFilter: interaction: PackageSetting{21b3f94 org.kffs.habilisdatalogger/10344} -> PackageSetting{88d7679 com.google.android.onetimeinitializer/10143} BLOCKED
06-06 20:44:24.844  1948  5734 I AppsFilter: interaction: PackageSetting{21b3f94 org.kffs.habilisdatalogger/10344} -> PackageSetting{8ea7fbe com.google.android.ext.shared/10120} BLOCKED
06-06 20:44:24.845  1948  5734 I AppsFilter: interaction: PackageSetting{21b3f94 org.kffs.habilisdatalogger/10344} -> PackageSetting{9b8781f com.android.internal.systemui.navbar.gestural_wide_back/10063} BLOCKED
06-06 20:44:24.845  1948  5734 I AppsFilter: interaction: PackageSetting{21b3f94 org.kffs.habilisdatalogger/10344} -> PackageSetting{f1ec76c com.android.virtualmachine.res/10269} BLOCKED
06-06 20:44:24.845  1948  5734 I AppsFilter: interaction: PackageSetting{21b3f94 org.kffs.habilisdatalogger/10344} -> PackageSetting{a660135 com.uvnv.mintsim/10326} BLOCKED
06-06 20:44:24.845  1948  5734 I AppsFilter: interaction: PackageSetting{21b3f94 org.kffs.habilisdatalogger/10344} -> PackageSetting{5cad9ca com.google.android.server.deviceconfig.resources/10266} BLOCKED
06-06 20:44:24.845  1948  5734 I AppsFilter: interaction: PackageSetting{21b3f94 org.kffs.habilisdatalogger/10344} -> PackageSetting{1f6773b com.google.android.apps.podcasts/10289} BLOCKED
06-06 20:44:24.845  1948  5734 I AppsFilter: interaction: PackageSetting{21b3f94 org.kffs.habilisdatalogger/10344} -> PackageSetting{e6ee58 com.android.htmlviewer/10101} BLOCKED
06-06 20:44:24.845  1948  5734 I AppsFilter: interaction: PackageSetting{21b3f94 org.kffs.habilisdatalogger/10344} -> PackageSetting{f027bb1 com.whatsapp/10318} BLOCKED
06-06 20:44:24.845  1948  5734 I AppsFilter: interaction: PackageSetting{21b3f94 org.kffs.habilisdatalogger/10344} -> PackageSetting{1a4c896 com.google.android.health.connect.backuprestore/10276} BLOCKED
06-06 20:44:24.845  1948  5734 I AppsFilter: interaction: PackageSetting{21b3f94 org.kffs.habilisdatalogger/10344} -> PackageSetting{24b4c17 com.google.android.apps.messaging/10175} BLOCKED
06-06 20:44:24.845  1948  5734 I AppsFilter: interaction: PackageSetting{21b3f94 org.kffs.habilisdatalogger/10344} -> PackageSetting{c089804 com.sfr.android.sfrjeux/10166} BLOCKED
06-06 20:44:24.846  1948  5734 I AppsFilter: interaction: PackageSetting{21b3f94 org.kffs.habilisdatalogger/10344} -> PackageSetting{51221ed com.quicinc.voice.activation/10244} BLOCKED
06-06 20:44:24.846  1948  5734 I AppsFilter: interaction: PackageSetting{21b3f94 org.kffs.habilisdatalogger/10344} -> PackageSetting{95cd822 us.mitene/10334} BLOCKED
06-06 20:44:24.846  1948  5734 I AppsFilter: interaction: PackageSetting{21b3f94 org.kffs.habilisdatalogger/10344} -> PackageSetting{2ae92b3 com.ironsource.appcloud.oobe.hutchison/10139} BLOCKED
06-06 20:44:24.846  1948  5734 I AppsFilter: interaction: PackageSetting{21b3f94 org.kffs.habilisdatalogger/10344} -> PackageSetting{e793070 com.duolingo/10321} BLOCKED
06-06 20:44:24.846  1948  5734 I AppsFilter: interaction: PackageSetting{21b3f94 org.kffs.habilisdatalogger/10344} -> PackageSetting{cfbefe9 com.google.android.configupdater/10138} BLOCKED
06-06 20:44:24.846  1948  5734 I AppsFilter: interaction: PackageSetting{21b3f94 org.kffs.habilisdatalogger/10344} -> PackageSetting{194546e com.google.android.overlay.modules.permissioncontroller/10031} BLOCKED
06-06 20:44:24.846  1948  5734 I AppsFilter: interaction: PackageSetting{21b3f94 org.kffs.habilisdatalogger/10344} -> PackageSetting{8f5a70f com.android.soundrecorder/10310} BLOCKED
06-06 20:44:24.846  1948  5734 I AppsFilter: interaction: PackageSetting{21b3f94 org.kffs.habilisdatalogger/10344} -> PackageSetting{e18e39c com.altice.android.myapps/10165} BLOCKED
06-06 20:44:24.846  1948  5734 I AppsFilter: interaction: PackageSetting{21b3f94 org.kffs.habilisdatalogger/10344} -> PackageSetting{c9aa1a5 com.google.android.apps.safetyhub/10162} BLOCKED
06-06 20:44:24.846  1948  5734 I AppsFilter: interaction: PackageSetting{21b3f94 org.kffs.habilisdatalogger/10344} -> PackageSetting{5b5497a com.mi.globalbrowser/10298} BLOCKED
06-06 20:44:24.846  1948  5734 I AppsFilter: interaction: PackageSetting{21b3f94 org.kffs.habilisdatalogger/10344} -> PackageSetting{8efa52b com.google.ar.core/10320} BLOCKED
06-06 20:44:24.846  1948  5734 I AppsFilter: interaction: PackageSetting{21b3f94 org.kffs.habilisdatalogger/10344} -> PackageSetting{c9e9d88 com.android.simappdialog/10126} BLOCKED
06-06 20:44:24.846  1948  5734 I AppsFilter: interaction: PackageSetting{21b3f94 org.kffs.habilisdatalogger/10344} -> PackageSetting{2b8b321 com.microsoft.skydrive/10311} BLOCKED
06-06 20:44:24.846  1948  5734 I AppsFilter: interaction: PackageSetting{21b3f94 org.kffs.habilisdatalogger/10344} -> PackageSetting{bbe8346 com.aura.oobe.vodafone/10140} BLOCKED
06-06 20:44:24.846  1948  5734 I AppsFilter: interaction: PackageSetting{21b3f94 org.kffs.habilisdatalogger/10344} -> PackageSetting{a416907 com.android.internal.display.cutout.emulation.hole/10011} BLOCKED
06-06 20:44:24.847  1948  5734 I AppsFilter: interaction: PackageSetting{21b3f94 org.kffs.habilisdatalogger/10344} -> PackageSetting{e440a34 com.android.internal.display.cutout.emulation.tall/10012} BLOCKED
06-06 20:44:24.847  1948  5734 I AppsFilter: interaction: PackageSetting{21b3f94 org.kffs.habilisdatalogger/10344} -> PackageSetting{64c605d com.android.internal.systemui.navbar.threebutton/10059} BLOCKED
06-06 20:44:24.847  1948  5734 I AppsFilter: interaction: PackageSetting{21b3f94 org.kffs.habilisdatalogger/10344} -> PackageSetting{8cf8dd2 us.zoom.videomeetings/10330} BLOCKED
06-06 20:44:24.847  1948  5734 I AppsFilter: interaction: PackageSetting{21b3f94 org.kffs.habilisdatalogger/10344} -> PackageSetting{18ea3 com.android.wifi.dialog/10242} BLOCKED
06-06 20:44:24.847  1948  5734 I AppsFilter: interaction: PackageSetting{21b3f94 org.kffs.habilisdatalogger/10344} -> PackageSetting{f3195a0 com.android.hotwordenrollment.xgoogle/10146} BLOCKED
06-06 20:44:24.847  1948  5734 I AppsFilter: interaction: PackageSetting{21b3f94 org.kffs.habilisdatalogger/10344} -> PackageSetting{d73a559 com.onedebit.chime/10328} BLOCKED
06-06 20:44:24.847  1948  5734 I AppsFilter: interaction: PackageSetting{21b3f94 org.kffs.habilisdatalogger/10344} -> PackageSetting{274b51e com.instagram.android/10335} BLOCKED
06-06 20:44:24.847  1948  5734 I AppsFilter: interaction: PackageSetting{21b3f94 org.kffs.habilisdatalogger/10344} -> PackageSetting{e1471ff com.google.android.as/10168} BLOCKED
06-06 20:44:24.847  1948  5734 I AppsFilter: interaction: PackageSetting{21b3f94 org.kffs.habilisdatalogger/10344} -> PackageSetting{3aa6bcc com.google.android.gm/10192} BLOCKED
06-06 20:44:24.847  1948  5734 I AppsFilter: interaction: PackageSetting{21b3f94 org.kffs.habilisdatalogger/10344} -> PackageSetting{8303e15 com.google.android.apps.tachyon/10292} BLOCKED
06-06 20:44:24.847  1948  5734 I AppsFilter: interaction: PackageSetting{21b3f94 org.kffs.habilisdatalogger/10344} -> PackageSetting{8b3052a com.google.android.overlay.gmsconfig.common/10019} BLOCKED
06-06 20:44:24.847  1948  5734 I AppsFilter: interaction: PackageSetting{21b3f94 org.kffs.habilisdatalogger/10344} -> PackageSetting{8482f1b com.android.settings.intelligence/10160} BLOCKED
06-06 20:44:24.847  1948  5734 I AppsFilter: interaction: PackageSetting{21b3f94 org.kffs.habilisdatalogger/10344} -> PackageSetting{ef878b8 com.android.internal.systemui.navbar.gestural_extra_wide_back/10061} BLOCKED
06-06 20:44:24.847  1948  5734 I AppsFilter: interaction: PackageSetting{21b3f94 org.kffs.habilisdatalogger/10344} -> PackageSetting{ae3a691 com.microsoft.office.outlook/10323} BLOCKED
06-06 20:44:24.847  1948  5734 I AppsFilter: interaction: PackageSetting{21b3f94 org.kffs.habilisdatalogger/10344} -> PackageSetting{4d449f6 com.miui.compass/10302} BLOCKED
06-06 20:44:24.848  1948  5734 I AppsFilter: interaction: PackageSetting{21b3f94 org.kffs.habilisdatalogger/10344} -> PackageSetting{730a1f7 com.google.android.setupwizard/10251} BLOCKED
06-06 20:44:24.848  1948  5734 I AppsFilter: interaction: PackageSetting{21b3f94 org.kffs.habilisdatalogger/10344} -> PackageSetting{d186864 com.miui.android.fashiongallery/10295} BLOCKED
06-06 20:44:24.848  1948  5734 I AppsFilter: interaction: PackageSetting{21b3f94 org.kffs.habilisdatalogger/10344} -> PackageSetting{48b1acd com.facebook.services/10111} BLOCKED
06-06 20:44:24.848  1948  5734 I AppsFilter: interaction: PackageSetting{21b3f94 org.kffs.habilisdatalogger/10344} -> PackageSetting{8f30f82 com.android.printspooler/10260} BLOCKED
06-06 20:44:24.848  1948  5734 I AppsFilter: interaction: PackageSetting{21b3f94 org.kffs.habilisdatalogger/10344} -> PackageSetting{ec36693 com.android.hotwordenrollment.okgoogle/10145} BLOCKED
06-06 20:44:24.848  1948  5734 I AppsFilter: interaction: PackageSetting{21b3f94 org.kffs.habilisdatalogger/10344} -> PackageSetting{b25a6d0 org.ifaa.aidl.manager/10129} BLOCKED
06-06 20:44:24.848  1948  5734 I AppsFilter: interaction: PackageSetting{21b3f94 org.kffs.habilisdatalogger/10344} -> PackageSetting{cbb96c9 com.android.dreams.basic/10115} BLOCKED
06-06 20:44:24.848  1948  5734 I AppsFilter: interaction: PackageSetting{21b3f94 org.kffs.habilisdatalogger/10344} -> PackageSetting{c46a1ce com.google.android.as.oss/10173} BLOCKED
06-06 20:44:24.848  1948  5734 I AppsFilter: interaction: PackageSetting{21b3f94 org.kffs.habilisdatalogger/10344} -> PackageSetting{2b3d8ef com.duokan.phone.remotecontroller/10306} BLOCKED
06-06 20:44:24.848  1948  5734 I AppsFilter: interaction: PackageSetting{21b3f94 org.kffs.habilisdatalogger/10344} -> PackageSetting{a865ffc de.telekom.tsc/10112} BLOCKED
06-06 20:44:24.848  1948  5734 I AppsFilter: interaction: PackageSetting{21b3f94 org.kffs.habilisdatalogger/10344} -> PackageSetting{55dd685 com.android.rkpdapp/10268} BLOCKED
06-06 20:44:24.848  1948  5734 I AppsFilter: interaction: PackageSetting{21b3f94 org.kffs.habilisdatalogger/10344} -> PackageSetting{2f0cda com.google.android.dialer/10172} BLOCKED
06-06 20:44:24.848  1948  5734 I AppsFilter: interaction: PackageSetting{21b3f94 org.kffs.habilisdatalogger/10344} -> PackageSetting{48f150b com.creditkarma.mobile/10340} BLOCKED
06-06 20:44:24.848  1948  5734 I AppsFilter: interaction: PackageSetting{21b3f94 org.kffs.habilisdatalogger/10344} -> PackageSetting{ad77fe8 com.timehop/10329} BLOCKED
06-06 20:44:24.848  1948  5734 I AppsFilter: interaction: PackageSetting{21b3f94 org.kffs.habilisdatalogger/10344} -> PackageSetting{c2a5601 com.google.android.captiveportallogin/10119} BLOCKED
06-06 20:44:24.848  1948  5734 I AppsFilter: interaction: PackageSetting{21b3f94 org.kffs.habilisdatalogger/10344} -> PackageSetting{a011ca6 com.dropbox.android/10337} BLOCKED
06-06 20:44:24.848  1948  5734 I AppsFilter: interaction: PackageSetting{21b3f94 org.kffs.habilisdatalogger/10344} -> PackageSetting{797f6e7 com.google.android.overlay.gmsconfig.comms/10079} BLOCKED
06-06 20:44:24.848  1948  5734 I AppsFilter: interaction: PackageSetting{21b3f94 org.kffs.habilisdatalogger/10344} -> PackageSetting{698b294 com.google.android.overlay.gmsconfig.geotz/10021} BLOCKED
06-06 20:44:24.849  1948  5734 I AppsFilter: interaction: PackageSetting{21b3f94 org.kffs.habilisdatalogger/10344} -> PackageSetting{7e5513d com.google.android.appsearch.apk/10267} BLOCKED
06-06 20:44:24.849  1948  5734 I AppsFilter: interaction: PackageSetting{21b3f94 org.kffs.habilisdatalogger/10344} -> PackageSetting{d925d32 com.android.musicfx/10104} BLOCKED
06-06 20:44:24.849  1948  5734 I AppsFilter: interaction: PackageSetting{21b3f94 org.kffs.habilisdatalogger/10344} -> PackageSetting{6631a83 com.google.android.apps.docs/10307} BLOCKED
06-06 20:44:24.849  1948  5734 I AppsFilter: interaction: PackageSetting{21b3f94 org.kffs.habilisdatalogger/10344} -> PackageSetting{e986400 com.google.android.apps.maps/10212} BLOCKED
06-06 20:44:24.849  1948  5734 I AppsFilter: interaction: PackageSetting{21b3f94 org.kffs.habilisdatalogger/10344} -> PackageSetting{d5ac439 com.orange.update/10137} BLOCKED
06-06 20:44:24.849  1948  5734 I AppsFilter: interaction: PackageSetting{21b3f94 org.kffs.habilisdatalogger/10344} -> PackageSetting{4851a7e com.google.android.webview/10208} BLOCKED
06-06 20:44:24.849  1948  5734 I AppsFilter: interaction: PackageSetting{21b3f94 org.kffs.habilisdatalogger/10344} -> PackageSetting{632dbdf com.google.android.overlay.modules.documentsui/10030} BLOCKED
06-06 20:44:24.849  1948  5734 I AppsFilter: interaction: PackageSetting{21b3f94 org.kffs.habilisdatalogger/10344} -> PackageSetting{1fc02c com.amazon.appmanager/10313} BLOCKED
06-06 20:44:24.849  1948  5734 I AppsFilter: interaction: PackageSetting{21b3f94 org.kffs.habilisdatalogger/10344} -> PackageSetting{81a6af5 com.google.android.contactkeys/10343} BLOCKED
06-06 20:44:24.849  1948  5734 I AppsFilter: interaction: PackageSetting{21b3f94 org.kffs.habilisdatalogger/10344} -> PackageSetting{e54608a com.google.android.contacts/10229} BLOCKED
06-06 20:44:24.849  1948  5734 I AppsFilter: interaction: PackageSetting{21b3f94 org.kffs.habilisdatalogger/10344} -> PackageSetting{41356fb com.android.chrome/10183} BLOCKED
06-06 20:44:24.849  1948  5734 I AppsFilter: interaction: PackageSetting{21b3f94 org.kffs.habilisdatalogger/10344} -> PackageSetting{1deb318 com.huami.watch.hmwatchmanager/10338} BLOCKED
06-06 20:44:24.849  1948  5734 I AppsFilter: interaction: PackageSetting{21b3f94 org.kffs.habilisdatalogger/10344} -> PackageSetting{2f3c171 com.android.wifi.resources/10283} BLOCKED
06-06 20:44:24.849  1948  5734 I AppsFilter: interaction: PackageSetting{21b3f94 org.kffs.habilisdatalogger/10344} -> PackageSetting{51ffb56 com.google.android.apps.walletnfcrel/10319} BLOCKED
06-06 20:44:24.849  1948  5734 I AppsFilter: interaction: PackageSetting{21b3f94 org.kffs.habilisdatalogger/10344} -> PackageSetting{7b667d7 com.google.android.partnersetup/10144} BLOCKED
06-06 20:44:24.849  1948  5734 I AppsFilter: interaction: PackageSetting{21b3f94 org.kffs.habilisdatalogger/10344} -> PackageSetting{397e8c4 com.google.android.videos/10303} BLOCKED
06-06 20:44:24.849  1948  5734 I AppsFilter: interaction: PackageSetting{21b3f94 org.kffs.habilisdatalogger/10344} -> PackageSetting{c3203ad com.google.android.overlay.gmsconfig.asi/10080} BLOCKED
06-06 20:44:24.849  1948  5734 I AppsFilter: interaction: PackageSetting{21b3f94 org.kffs.habilisdatalogger/10344} -> PackageSetting{33876e2 com.google.android.overlay.gmsconfig.gsa/10020} BLOCKED
06-06 20:44:24.849  1948  5734 I AppsFilter: interaction: PackageSetting{21b3f94 org.kffs.habilisdatalogger/10344} -> PackageSetting{80faa73 com.android.theme.font.notoserifsource/10015} BLOCKED
06-06 20:44:24.849  1948  5734 I AppsFilter: interaction: PackageSetting{21b3f94 org.kffs.habilisdatalogger/10344} -> PackageSetting{c8ccd30 com.google.android.safetycenter.resources/10270} BLOCKED
06-06 20:44:24.849  1948  5734 I AppsFilter: interaction: PackageSetting{21b3f94 org.kffs.habilisdatalogger/10344} -> PackageSetting{1982da9 com.android.internal.display.cutout.emulation.waterfall/10018} BLOCKED
06-06 20:44:24.849  1948  5734 I AppsFilter: interaction: PackageSetting{21b3f94 org.kffs.habilisdatalogger/10344} -> PackageSetting{56b1f2e com.netflix.mediaclient/10316} BLOCKED
06-06 20:44:24.849  1948  5734 I AppsFilter: interaction: PackageSetting{21b3f94 org.kffs.habilisdatalogger/10344} -> PackageSetting{db07acf com.android.internal.systemui.navbar.transparent/10078} BLOCKED
06-06 20:44:24.849  1948  5734 I AppsFilter: interaction: PackageSetting{21b3f94 org.kffs.habilisdatalogger/10344} -> PackageSetting{4a98c5c com.miui.notes/10299} BLOCKED
06-06 20:44:24.849  1948  5734 I AppsFilter: interaction: PackageSetting{21b3f94 org.kffs.habilisdatalogger/10344} -> PackageSetting{1cfb65 com.zhiliaoapp.musically/10324} BLOCKED
06-06 20:44:24.849  1948  5734 I AppsFilter: interaction: PackageSetting{21b3f94 org.kffs.habilisdatalogger/10344} -> PackageSetting{60e003a com.google.android.connectivity.resources/10282} BLOCKED
06-06 20:44:24.849  1948  5734 I AppsFilter: interaction: PackageSetting{21b3f94 org.kffs.habilisdatalogger/10344} -> PackageSetting{ee3f4eb com.google.android.feedback/10238} BLOCKED
06-06 20:44:24.850  1948  5734 I AppsFilter: interaction: PackageSetting{21b3f94 org.kffs.habilisdatalogger/10344} -> PackageSetting{4711248 com.google.android.printservice.recommendation/10124} BLOCKED
06-06 20:44:24.850  1948  5734 I AppsFilter: interaction: PackageSetting{21b3f94 org.kffs.habilisdatalogger/10344} -> PackageSetting{366e8e1 com.xiaomi.midrop/10291} BLOCKED
06-06 20:44:24.850  1948  5734 I AppsFilter: interaction: PackageSetting{21b3f94 org.kffs.habilisdatalogger/10344} -> PackageSetting{ccbe606 com.google.android.apps.photos/10300} BLOCKED
06-06 20:44:24.850  1948  5734 I AppsFilter: interaction: PackageSetting{21b3f94 org.kffs.habilisdatalogger/10344} -> PackageSetting{6c6edd4 com.google.android.calendar/10226} BLOCKED
06-06 20:44:24.850  1948  5734 I AppsFilter: interaction: PackageSetting{21b3f94 org.kffs.habilisdatalogger/10344} -> PackageSetting{18af4c7 com.spotify.music/10314} BLOCKED
06-06 20:44:24.850  1948  5734 I AppsFilter: interaction: PackageSetting{21b3f94 org.kffs.habilisdatalogger/10344} -> PackageSetting{7a90af4 com.google.android.apps.googlevoice/10315} BLOCKED
06-06 20:44:24.850  1948  5734 I AppsFilter: interaction: PackageSetting{21b3f94 org.kffs.habilisdatalogger/10344} -> PackageSetting{108321d com.tencent.soter.soterserver/10134} BLOCKED
06-06 20:44:24.850  1948  5734 I AppsFilter: interaction: PackageSetting{21b3f94 org.kffs.habilisdatalogger/10344} -> PackageSetting{f305c92 com.google.android.documentsui/10100} BLOCKED
06-06 20:44:24.850  1948  5734 I AppsFilter: interaction: PackageSetting{21b3f94 org.kffs.habilisdatalogger/10344} -> PackageSetting{eb81663 com.miui.permissioncontroller.overlay/10047} BLOCKED
06-06 20:44:24.850  1948  5734 I AppsFilter: interaction: PackageSetting{21b3f94 org.kffs.habilisdatalogger/10344} -> PackageSetting{ec5e260 com.android.dreams.phototable/10200} BLOCKED
06-06 20:44:24.850  1948  5734 I AppsFilter: interaction: PackageSetting{21b3f94 org.kffs.habilisdatalogger/10344} -> PackageSetting{b7ad319 com.google.android.accessibility.switchaccess/10206} BLOCKED
06-06 20:44:24.850  1948  5734 I AppsFilter: interaction: PackageSetting{21b3f94 org.kffs.habilisdatalogger/10344} -> PackageSetting{df3afde com.facebook.katana/10317} BLOCKED
06-06 20:44:24.850  1948  5734 I AppsFilter: interaction: PackageSetting{21b3f94 org.kffs.habilisdatalogger/10344} -> PackageSetting{40bb5bf com.android.providers.partnerbookmarks/10125} BLOCKED
06-06 20:44:24.850  1948  5734 I AppsFilter: interaction: PackageSetting{21b3f94 org.kffs.habilisdatalogger/10344} -> PackageSetting{b16c48c com.android.smspush/10261} BLOCKED
06-06 20:44:24.850  1948  5734 I AppsFilter: interaction: PackageSetting{21b3f94 org.kffs.habilisdatalogger/10344} -> PackageSetting{8dc87d5 com.miui.calculator/10309} BLOCKED
06-06 20:44:24.850  1948  5734 I AppsFilter: interaction: PackageSetting{21b3f94 org.kffs.habilisdatalogger/10344} -> PackageSetting{b06ebea com.android.wallpaper.livepicker/10103} BLOCKED
06-06 20:44:24.850  1948  5734 I AppsFilter: interaction: PackageSetting{21b3f94 org.kffs.habilisdatalogger/10344} -> PackageSetting{ecfeedb com.android.apps.tag/10109} BLOCKED
06-06 20:44:24.850  1948  5734 I AppsFilter: interaction: PackageSetting{21b3f94 org.kffs.habilisdatalogger/10344} -> PackageSetting{1b19d78 com.facebook.orca/10322} BLOCKED
06-06 20:44:24.850  1948  5734 I AppsFilter: interaction: PackageSetting{21b3f94 org.kffs.habilisdatalogger/10344} -> PackageSetting{96acc51 com.mercury.bank/10336} BLOCKED
06-06 20:44:24.850  1948  5734 I AppsFilter: interaction: PackageSetting{21b3f94 org.kffs.habilisdatalogger/10344} -> PackageSetting{45fdcb6 com.android.imsserviceentitlement/10148} BLOCKED
06-06 20:44:24.850  1948  5734 I AppsFilter: interaction: PackageSetting{21b3f94 org.kffs.habilisdatalogger/10344} -> PackageSetting{cd49db7 com.facebook.system/10110} BLOCKED
06-06 20:44:24.850  1948  5734 I AppsFilter: interaction: PackageSetting{21b3f94 org.kffs.habilisdatalogger/10344} -> PackageSetting{11f1924 com.google.android.healthconnect.controller/10275} BLOCKED
06-06 20:44:24.850  1948  5734 I AppsFilter: interaction: PackageSetting{21b3f94 org.kffs.habilisdatalogger/10344} -> PackageSetting{9bedc8d com.venmo/10332} BLOCKED
06-06 20:44:24.850  1948  5734 I AppsFilter: interaction: PackageSetting{21b3f94 org.kffs.habilisdatalogger/10344} -> PackageSetting{f850e42 com.android.bookmarkprovider/10113} BLOCKED
06-06 20:44:24.850  1948  5734 I AppsFilter: interaction: PackageSetting{21b3f94 org.kffs.habilisdatalogger/10344} -> PackageSetting{f0b5e53 com.miui.weather2/10294} BLOCKED
06-06 20:44:24.850  1948  5734 I AppsFilter: interaction: PackageSetting{21b3f94 org.kffs.habilisdatalogger/10344} -> PackageSetting{5c6a390 com.ascendo.android.dictionary.de.free/10331} BLOCKED
06-06 20:44:24.850  1948  5734 I AppsFilter: interaction: PackageSetting{21b3f94 org.kffs.habilisdatalogger/10344} -> PackageSetting{cc9b489 org.mipay.android.manager/10132} BLOCKED
06-06 20:44:24.850  1948  5734 I AppsFilter: interaction: PackageSetting{21b3f94 org.kffs.habilisdatalogger/10344} -> PackageSetting{1d9cc8e com.strava/10325} BLOCKED
06-06 20:44:24.850  1948  5734 I AppsFilter: interaction: PackageSetting{21b3f94 org.kffs.habilisdatalogger/10344} -> PackageSetting{7f13673 com.google.android.projection.gearhead/10136} BLOCKED
06-06 20:44:24.850  1948  5734 I AppsFilter: interaction: PackageSetting{21b3f94 org.kffs.habilisdatalogger/10344} -> PackageSetting{9e38caf com.xiaomi.scanner/10290} BLOCKED
06-06 20:44:24.850  1948  5734 I AppsFilter: interaction: PackageSetting{21b3f94 org.kffs.habilisdatalogger/10344} -> PackageSetting{91a68bc com.google.android.apps.turbo/10161} BLOCKED
06-06 20:44:24.850  1948  5734 I AppsFilter: interaction: PackageSetting{21b3f94 org.kffs.habilisdatalogger/10344} -> PackageSetting{9901045 com.google.android.safetycore/10342} BLOCKED
06-06 20:44:24.850  1948  5734 I AppsFilter: interaction: PackageSetting{21b3f94 org.kffs.habilisdatalogger/10344} -> PackageSetting{1aa239a com.google.android.apps.chromecast.app/10341} BLOCKED
06-06 20:44:24.850  1948  5734 I AppsFilter: interaction: PackageSetting{21b3f94 org.kffs.habilisdatalogger/10344} -> PackageSetting{3d6930 com.android.cts.ctsshim/10279} BLOCKED
06-06 20:44:24.850  1948  5734 I AppsFilter: interaction: PackageSetting{21b3f94 org.kffs.habilisdatalogger/10344} -> PackageSetting{f6644cb com.miui.mediaeditor/10301} BLOCKED
06-06 20:44:24.850  1948  5734 I AppsFilter: interaction: PackageSetting{21b3f94 org.kffs.habilisdatalogger/10344} -> PackageSetting{78354a8 com.miui.yellowpage/10171} BLOCKED
06-06 20:44:24.850  1948  5734 I AppsFilter: interaction: PackageSetting{21b3f94 org.kffs.habilisdatalogger/10344} -> PackageSetting{8a66bc1 com.mi.global.shop/10296} BLOCKED
06-06 20:44:24.850  1948  5734 I AppsFilter: interaction: PackageSetting{21b3f94 org.kffs.habilisdatalogger/10344} -> PackageSetting{bf6df66 com.google.android.apps.setupwizard.searchselector/10174} BLOCKED
06-06 20:44:24.850  1948  5734 I AppsFilter: interaction: PackageSetting{21b3f94 org.kffs.habilisdatalogger/10344} -> PackageSetting{f1262a7 com.android.hotspot2.osulogin/10284} BLOCKED
06-06 20:44:24.850  1948  5734 I AppsFilter: interaction: PackageSetting{21b3f94 org.kffs.habilisdatalogger/10344} -> PackageSetting{90d1354 com.azure.authenticator/10327} BLOCKED
06-06 20:44:24.850  1948  5734 I AppsFilter: interaction: PackageSetting{21b3f94 org.kffs.habilisdatalogger/10344} -> PackageSetting{d6d02fd com.google.android.gms.location.history/10181} BLOCKED
06-06 20:44:24.850  1948  5734 I AppsFilter: interaction: PackageSetting{21b3f94 org.kffs.habilisdatalogger/10344} -> PackageSetting{b018bf2 com.android.internal.systemui.navbar.gestural/10060} BLOCKED
06-06 20:44:24.850  1948  5734 I AppsFilter: interaction: PackageSetting{21b3f94 org.kffs.habilisdatalogger/10344} -> PackageSetting{7788243 com.google.android.overlay.gmsconfig.personalsafety/10025} BLOCKED
06-06 20:44:24.850  1948  5734 I AppsFilter: interaction: PackageSetting{21b3f94 org.kffs.habilisdatalogger/10344} -> PackageSetting{8d210c0 com.dti.bouyguestelecom/10163} BLOCKED
06-06 20:44:24.850  1948  5734 I AppsFilter: interaction: PackageSetting{21b3f94 org.kffs.habilisdatalogger/10344} -> PackageSetting{70bd1f9 com.google.android.apps.youtube.music/10293} BLOCKED
06-06 20:44:24.850  1948  5734 I AppsFilter: interaction: PackageSetting{21b3f94 org.kffs.habilisdatalogger/10344} -> PackageSetting{998753e com.android.bluetoothmidiservice/10114} BLOCKED
06-06 20:44:24.850  1948  5734 I AppsFilter: interaction: PackageSetting{21b3f94 org.kffs.habilisdatalogger/10344} -> PackageSetting{596ff9f com.facebook.appmanager/10128} BLOCKED
06-06 20:44:24.850  1948  5734 I AppsFilter: interaction: PackageSetting{21b3f94 org.kffs.habilisdatalogger/10344} -> PackageSetting{72778ec com.google.android.cellbroadcastreceiver/10285} BLOCKED
06-06 20:44:24.850  1948  5734 I AppsFilter: interaction: PackageSetting{21b3f94 org.kffs.habilisdatalogger/10344} -> PackageSetting{52e94b5 com.orange.aura.oobe/10159} BLOCKED
06-06 20:44:24.851  1948  5734 I AppsFilter: interaction: PackageSetting{21b3f94 org.kffs.habilisdatalogger/10344} -> PackageSetting{f22a74a com.android.internal.systemui.navbar.gestural_narrow_back/10062} BLOCKED
06-06 20:44:24.851  1948  5734 I AppsFilter: interaction: PackageSetting{21b3f94 org.kffs.habilisdatalogger/10344} -> PackageSetting{df5f6bb com.google.android.photopicker/10286} BLOCKED
06-06 20:44:24.851  1948  5734 I AppsFilter: interaction: PackageSetting{21b3f94 org.kffs.habilisdatalogger/10344} -> PackageSetting{28937d8 cn.wps.moffice_eng/10312} BLOCKED
06-06 20:44:24.851  1948  5734 I AppsFilter: interaction: PackageSetting{21b3f94 org.kffs.habilisdatalogger/10344} -> PackageSetting{c80c731 com.miui.core/10215} BLOCKED
06-06 20:44:24.851  1948  5734 I AppsFilter: interaction: PackageSetting{21b3f94 org.kffs.habilisdatalogger/10344} -> PackageSetting{6bee16 com.google.android.inputmethod.latin/10186} BLOCKED
06-06 20:44:24.851  1948  5734 I AppsFilter: interaction: PackageSetting{21b3f94 org.kffs.habilisdatalogger/10344} -> PackageSetting{b834397 com.amazon.kindle/10333} BLOCKED
06-06 20:44:24.851  1948  5734 I AppsFilter: interaction: PackageSetting{21b3f94 org.kffs.habilisdatalogger/10344} -> PackageSetting{345f984 com.google.android.apps.restore/10147} BLOCKED
06-06 20:44:24.854 13186 20627 D MiuiFreeformModeObserver: activityResumed() intent： Intent { cmp=org.kffs.habilisdatalogger/org.kivy.android.PythonActivity (has extras) }
06-06 20:44:24.898  1948  5734 I Transition: finishTransition: updateLastSurfacePosition tf=Task{c5c23c3 #255 type=standard A=10344:org.kffs.habilisdatalogger}
06-06 20:44:25.002  1948  4119 D CoreBackPreview: Window{8f03232 u0 org.kffs.habilisdatalogger/org.kivy.android.PythonActivity}: Setting back callback OnBackInvokedCallbackInfo{mCallback=android.window.IOnBackInvokedCallback$Stub$Proxy@5fe93f5, mPriority=0, mIsAnimationCallback=false}
06-06 20:44:25.013  1948  4119 D WindowManager: wms.Input focus has changed to Window{8f03232 u0 org.kffs.habilisdatalogger/org.kivy.android.PythonActivity} display=0 updateInputWindows = true
06-06 20:44:25.095  1948  4119 D WindowManager: wms.finishDrawingLocked: mDrawState=COMMIT_DRAW_PENDING Window{8f03232 u0 org.kffs.habilisdatalogger/org.kivy.android.PythonActivity} in Surface(name=org.kffs.habilisdatalogger/org.kivy.android.PythonActivity#51295)/@0x9148d7
06-06 20:44:25.104  1948  2308 I WindowManager: wms.showSurfaceRobustly mWin:Window{8f03232 u0 org.kffs.habilisdatalogger/org.kivy.android.PythonActivity}
06-06 20:44:25.128  1948  5734 D CoreBackPreview: Window{99f34b1 u0 Splash Screen org.kffs.habilisdatalogger}: Setting back callback null
06-06 20:44:25.129  1948  2972 D tsched_scene: handleWindowChanged: pkgName: org.kffs.habilisdatalogger, mForegroundAppName: com.miui.home
06-06 20:44:25.151  1948  4109 W PackageConfigPersister: App-specific configuration not found for packageName: org.kffs.habilisdatalogger and userId: 0
06-06 20:44:26.313  1948  3590 I PowerManagerServiceImpl: Acquire wakelock: SCREEN_BRIGHT_WAKE_LOCK        'WindowManager/displayId:0' ON_AFTER_RELEASE (uid=1000 pid=1948 pkg=android ws=WorkSource{10344 org.kffs.habilisdatalogger})
06-06 20:44:26.345  1948  5734 I PowerManagerServiceImpl: Release wakelock: SCREEN_BRIGHT_WAKE_LOCK        'WindowManager/displayId:0' ON_AFTER_RELEASE DISABLED ACQ=-30ms (uid=1000 pid=1948 pkg=android ws=WorkSource{10344 org.kffs.habilisdatalogger})
06-06 20:44:29.046 18175 18214 F libc    : Fatal signal 11 (SIGSEGV), code 1 (SEGV_MAPERR), fault addr 0x40 in tid 18214 (SDLThread), pid 18175 (SDLActivity)
06-06 20:44:29.572 18244 18244 F DEBUG   : Cmdline: org.kffs.habilisdatalogger
06-06 20:44:29.572 18244 18244 F DEBUG   : pid: 18175, tid: 18214, name: SDLThread  >>> org.kffs.habilisdatalogger <<<
06-06 20:44:29.572 18244 18244 F DEBUG   :   NOTE:   /data/data/org.kffs.habilisdatalogger/files/app/_python_bundle/site-packages/kivy/_event.so
06-06 20:44:29.572 18244 18244 F DEBUG   :   NOTE:   /data/data/org.kffs.habilisdatalogger/files/app/_python_bundle/site-packages/kivy/graphics/compiler.so
06-06 20:44:29.572 18244 18244 F DEBUG   :   NOTE:   /data/data/org.kffs.habilisdatalogger/files/app/_python_bundle/site-packages/kivy/graphics/instructions.so
06-06 20:44:29.572 18244 18244 F DEBUG   :   NOTE:   /data/data/org.kffs.habilisdatalogger/files/app/_python_bundle/site-packages/kivy/graphics/vbo.so
06-06 20:44:29.573 18244 18244 F DEBUG   :       #04 pc 000000000000eee0  /data/data/org.kffs.habilisdatalogger/files/app/_python_bundle/site-packages/kivy/graphics/vbo.so
06-06 20:44:29.573 18244 18244 F DEBUG   :       #05 pc 000000000001a87c  /data/data/org.kffs.habilisdatalogger/files/app/_python_bundle/site-packages/kivy/graphics/instructions.so
06-06 20:44:29.573 18244 18244 F DEBUG   :       #06 pc 000000000000b010  /data/data/org.kffs.habilisdatalogger/files/app/_python_bundle/site-packages/kivy/graphics/compiler.so
06-06 20:44:29.573 18244 18244 F DEBUG   :       #07 pc 0000000000017e04  /data/data/org.kffs.habilisdatalogger/files/app/_python_bundle/site-packages/kivy/graphics/instructions.so
06-06 20:44:29.573 18244 18244 F DEBUG   :       #08 pc 0000000000017544  /data/data/org.kffs.habilisdatalogger/files/app/_python_bundle/site-packages/kivy/graphics/instructions.so
06-06 20:44:29.573 18244 18244 F DEBUG   :       #09 pc 000000000001b35c  /data/data/org.kffs.habilisdatalogger/files/app/_python_bundle/site-packages/kivy/graphics/instructions.so
06-06 20:44:29.573 18244 18244 F DEBUG   :       #10 pc 000000000001ce50  /data/data/org.kffs.habilisdatalogger/files/app/_python_bundle/site-packages/kivy/graphics/instructions.so
06-06 20:44:29.573 18244 18244 F DEBUG   :       #11 pc 000000000000b010  /data/data/org.kffs.habilisdatalogger/files/app/_python_bundle/site-packages/kivy/graphics/compiler.so
06-06 20:44:29.573 18244 18244 F DEBUG   :       #12 pc 0000000000017e04  /data/data/org.kffs.habilisdatalogger/files/app/_python_bundle/site-packages/kivy/graphics/instructions.so
06-06 20:44:29.573 18244 18244 F DEBUG   :       #13 pc 0000000000017544  /data/data/org.kffs.habilisdatalogger/files/app/_python_bundle/site-packages/kivy/graphics/instructions.so
06-06 20:44:29.573 18244 18244 F DEBUG   :       #14 pc 000000000000b010  /data/data/org.kffs.habilisdatalogger/files/app/_python_bundle/site-packages/kivy/graphics/compiler.so
06-06 20:44:29.573 18244 18244 F DEBUG   :       #15 pc 0000000000017e04  /data/data/org.kffs.habilisdatalogger/files/app/_python_bundle/site-packages/kivy/graphics/instructions.so
06-06 20:44:29.573 18244 18244 F DEBUG   :       #16 pc 0000000000017544  /data/data/org.kffs.habilisdatalogger/files/app/_python_bundle/site-packages/kivy/graphics/instructions.so
06-06 20:44:29.573 18244 18244 F DEBUG   :       #17 pc 000000000001b35c  /data/data/org.kffs.habilisdatalogger/files/app/_python_bundle/site-packages/kivy/graphics/instructions.so
06-06 20:44:29.573 18244 18244 F DEBUG   :       #18 pc 000000000000b010  /data/data/org.kffs.habilisdatalogger/files/app/_python_bundle/site-packages/kivy/graphics/compiler.so
06-06 20:44:29.573 18244 18244 F DEBUG   :       #19 pc 0000000000017e04  /data/data/org.kffs.habilisdatalogger/files/app/_python_bundle/site-packages/kivy/graphics/instructions.so
