06-12 22:15:00.163  1948  4119 I AppsFilter: interaction: PackageSetting{ac22e92 org.kffs.habilisdatalogger/10362} -> PackageSetting{b9542ca com.google.android.apps.restore/10147} BLOCKED
06-12 22:15:00.170 27343 27343 I ForceDarkHelperStubImpl: setViewRootImplForceDark: false for org.kivy.android.PythonActivity@ad15687, reason: AppDarkModeEnable
06-12 22:15:00.180 13186 20627 D MiuiFreeformModeObserver: activityResumed() intent： Intent { cmp=org.kffs.habilisdatalogger/org.kivy.android.PythonActivity (has extras) }
06-12 22:15:00.180  3838  3838 D RecentsImpl: mActivityStateObserver org.kivy.android.PythonActivity
06-12 22:15:00.180  3838  3838 W RecentsImpl: onResumed className=org.kivy.android.PythonActivity   mIsInAnotherPro=false   isKeyguardLocked=false   mSecuritySpaceGuideShown=false
06-12 22:15:00.185 27343 27343 V pythonutil: Checking pattern libsqlite3\.so against libSDL2.so
06-12 22:15:00.185 27343 27343 V pythonutil: Checking pattern libsqlite3\.so against libSDL2_ttf.so
06-12 22:15:00.185 27343 27343 V pythonutil: Checking pattern libsqlite3\.so against libpng16.so
06-12 22:15:00.185 27343 27343 V pythonutil: Checking pattern libsqlite3\.so against libfreetype.so
06-12 22:15:00.185 27343 27343 V pythonutil: Checking pattern libsqlite3\.so against libpython3.10.so
06-12 22:15:00.185 27343 27343 V pythonutil: Checking pattern libsqlite3\.so against libmain.so
06-12 22:15:00.185 27343 27343 V pythonutil: Checking pattern libsqlite3\.so against libffi.so
06-12 22:15:00.185 27343 27343 V pythonutil: Checking pattern libsqlite3\.so against libSDL2_image.so
06-12 22:15:00.185 27343 27343 V pythonutil: Checking pattern libsqlite3\.so against libcrypto.so
06-12 22:15:00.186 27343 27343 V pythonutil: Checking pattern libsqlite3\.so against libpythonbin.so
06-12 22:15:00.186 27343 27343 V pythonutil: Checking pattern libsqlite3\.so against libSDL2_mixer.so
06-12 22:15:00.186 27343 27343 V pythonutil: Checking pattern libsqlite3\.so against libssl.so
06-12 22:15:00.186 27343 27343 V pythonutil: Checking pattern libsqlite3\.so against libpybundle.so
06-12 22:15:00.186 27343 27343 V pythonutil: Checking pattern libsqlite3\.so against libsqlite3.so
06-12 22:15:00.186 27343 27343 V pythonutil: Pattern libsqlite3\.so matched file libsqlite3.so
06-12 22:15:00.186 27343 27343 V pythonutil: Checking pattern libffi\.so against libSDL2.so
06-12 22:15:00.187 27343 27343 V pythonutil: Checking pattern libffi\.so against libSDL2_ttf.so
06-12 22:15:00.187 27343 27343 V pythonutil: Checking pattern libffi\.so against libpng16.so
06-12 22:15:00.187 27343 27343 V pythonutil: Checking pattern libffi\.so against libfreetype.so
06-12 22:15:00.187 27343 27343 V pythonutil: Checking pattern libffi\.so against libpython3.10.so
06-12 22:15:00.188 27343 27343 V pythonutil: Checking pattern libffi\.so against libmain.so
06-12 22:15:00.188 27343 27343 V pythonutil: Checking pattern libffi\.so against libffi.so
06-12 22:15:00.188 27343 27343 V pythonutil: Pattern libffi\.so matched file libffi.so
06-12 22:15:00.188 27343 27343 V pythonutil: Checking pattern libffi\.so against libSDL2_image.so
06-12 22:15:00.188 27343 27343 V pythonutil: Checking pattern libffi\.so against libcrypto.so
06-12 22:15:00.188 27343 27343 V pythonutil: Checking pattern libffi\.so against libpythonbin.so
06-12 22:15:00.188 27343 27343 V pythonutil: Checking pattern libffi\.so against libSDL2_mixer.so
06-12 22:15:00.188 27343 27343 V pythonutil: Checking pattern libffi\.so against libssl.so
06-12 22:15:00.188 27343 27343 V pythonutil: Checking pattern libffi\.so against libpybundle.so
06-12 22:15:00.188 27343 27343 V pythonutil: Checking pattern libffi\.so against libsqlite3.so
06-12 22:15:00.188 27343 27343 V pythonutil: Checking pattern libpng16\.so against libSDL2.so
06-12 22:15:00.189 27343 27343 V pythonutil: Checking pattern libpng16\.so against libSDL2_ttf.so
06-12 22:15:00.189 27343 27343 V pythonutil: Checking pattern libpng16\.so against libpng16.so
06-12 22:15:00.189 27343 27343 V pythonutil: Pattern libpng16\.so matched file libpng16.so
06-12 22:15:00.189 27343 27343 V pythonutil: Checking pattern libpng16\.so against libfreetype.so
06-12 22:15:00.189 27343 27343 V pythonutil: Checking pattern libpng16\.so against libpython3.10.so
06-12 22:15:00.189 27343 27343 V pythonutil: Checking pattern libpng16\.so against libmain.so
06-12 22:15:00.189 27343 27343 V pythonutil: Checking pattern libpng16\.so against libffi.so
06-12 22:15:00.189 27343 27343 V pythonutil: Checking pattern libpng16\.so against libSDL2_image.so
06-12 22:15:00.189 27343 27343 V pythonutil: Checking pattern libpng16\.so against libcrypto.so
06-12 22:15:00.189 27343 27343 V pythonutil: Checking pattern libpng16\.so against libpythonbin.so
06-12 22:15:00.189 27343 27343 V pythonutil: Checking pattern libpng16\.so against libSDL2_mixer.so
06-12 22:15:00.189 27343 27343 V pythonutil: Checking pattern libpng16\.so against libssl.so
06-12 22:15:00.189 27343 27343 V pythonutil: Checking pattern libpng16\.so against libpybundle.so
06-12 22:15:00.189 27343 27343 V pythonutil: Checking pattern libpng16\.so against libsqlite3.so
06-12 22:15:00.190 27343 27343 V pythonutil: Checking pattern libssl.*\.so against libSDL2.so
06-12 22:15:00.190 27343 27343 V pythonutil: Checking pattern libssl.*\.so against libSDL2_ttf.so
06-12 22:15:00.190 27343 27343 V pythonutil: Checking pattern libssl.*\.so against libpng16.so
06-12 22:15:00.190 27343 27343 V pythonutil: Checking pattern libssl.*\.so against libfreetype.so
06-12 22:15:00.190 27343 27343 V pythonutil: Checking pattern libssl.*\.so against libpython3.10.so
06-12 22:15:00.190 27343 27343 V pythonutil: Checking pattern libssl.*\.so against libmain.so
06-12 22:15:00.190 27343 27343 V pythonutil: Checking pattern libssl.*\.so against libffi.so
06-12 22:15:00.190 27343 27343 V pythonutil: Checking pattern libssl.*\.so against libSDL2_image.so
06-12 22:15:00.190 27343 27343 V pythonutil: Checking pattern libssl.*\.so against libcrypto.so
06-12 22:15:00.190 27343 27343 V pythonutil: Checking pattern libssl.*\.so against libpythonbin.so
06-12 22:15:00.190 27343 27343 V pythonutil: Checking pattern libssl.*\.so against libSDL2_mixer.so
06-12 22:15:00.190 27343 27343 V pythonutil: Checking pattern libssl.*\.so against libssl.so
06-12 22:15:00.190 27343 27343 V pythonutil: Pattern libssl.*\.so matched file libssl.so
06-12 22:15:00.190 27343 27343 V pythonutil: Checking pattern libssl.*\.so against libpybundle.so
06-12 22:15:00.191 27343 27343 V pythonutil: Checking pattern libssl.*\.so against libsqlite3.so
06-12 22:15:00.191 27343 27343 V pythonutil: Checking pattern libcrypto.*\.so against libSDL2.so
06-12 22:15:00.191 27343 27343 V pythonutil: Checking pattern libcrypto.*\.so against libSDL2_ttf.so
06-12 22:15:00.191 27343 27343 V pythonutil: Checking pattern libcrypto.*\.so against libpng16.so
06-12 22:15:00.191 27343 27343 V pythonutil: Checking pattern libcrypto.*\.so against libfreetype.so
06-12 22:15:00.191 27343 27343 V pythonutil: Checking pattern libcrypto.*\.so against libpython3.10.so
06-12 22:15:00.191 27343 27343 V pythonutil: Checking pattern libcrypto.*\.so against libmain.so
06-12 22:15:00.191 27343 27343 V pythonutil: Checking pattern libcrypto.*\.so against libffi.so
06-12 22:15:00.191 27343 27343 V pythonutil: Checking pattern libcrypto.*\.so against libSDL2_image.so
06-12 22:15:00.191 27343 27343 V pythonutil: Checking pattern libcrypto.*\.so against libcrypto.so
06-12 22:15:00.191 27343 27343 V pythonutil: Pattern libcrypto.*\.so matched file libcrypto.so
06-12 22:15:00.191 27343 27343 V pythonutil: Checking pattern libcrypto.*\.so against libpythonbin.so
06-12 22:15:00.191 27343 27343 V pythonutil: Checking pattern libcrypto.*\.so against libSDL2_mixer.so
06-12 22:15:00.192 27343 27343 V pythonutil: Checking pattern libcrypto.*\.so against libssl.so
06-12 22:15:00.192 27343 27343 V pythonutil: Checking pattern libcrypto.*\.so against libpybundle.so
06-12 22:15:00.192 27343 27343 V pythonutil: Checking pattern libcrypto.*\.so against libsqlite3.so
06-12 22:15:00.192 27343 27343 V pythonutil: Checking pattern libSDL2\.so against libSDL2.so
06-12 22:15:00.192 27343 27343 V pythonutil: Pattern libSDL2\.so matched file libSDL2.so
06-12 22:15:00.192 27343 27343 V pythonutil: Checking pattern libSDL2\.so against libSDL2_ttf.so
06-12 22:15:00.192 27343 27343 V pythonutil: Checking pattern libSDL2\.so against libpng16.so
06-12 22:15:00.192 27343 27343 V pythonutil: Checking pattern libSDL2\.so against libfreetype.so
06-12 22:15:00.192 27343 27343 V pythonutil: Checking pattern libSDL2\.so against libpython3.10.so
06-12 22:15:00.192 27343 27343 V pythonutil: Checking pattern libSDL2\.so against libmain.so
06-12 22:15:00.192 27343 27343 V pythonutil: Checking pattern libSDL2\.so against libffi.so
06-12 22:15:00.192 27343 27343 V pythonutil: Checking pattern libSDL2\.so against libSDL2_image.so
06-12 22:15:00.193 27343 27343 V pythonutil: Checking pattern libSDL2\.so against libcrypto.so
06-12 22:15:00.193 27343 27343 V pythonutil: Checking pattern libSDL2\.so against libpythonbin.so
06-12 22:15:00.193 27343 27343 V pythonutil: Checking pattern libSDL2\.so against libSDL2_mixer.so
06-12 22:15:00.193 27343 27343 V pythonutil: Checking pattern libSDL2\.so against libssl.so
06-12 22:15:00.193 27343 27343 V pythonutil: Checking pattern libSDL2\.so against libpybundle.so
06-12 22:15:00.193 27343 27343 V pythonutil: Checking pattern libSDL2\.so against libsqlite3.so
06-12 22:15:00.193 27343 27343 V pythonutil: Checking pattern libSDL2_image\.so against libSDL2.so
06-12 22:15:00.193 27343 27343 V pythonutil: Checking pattern libSDL2_image\.so against libSDL2_ttf.so
06-12 22:15:00.193 27343 27343 V pythonutil: Checking pattern libSDL2_image\.so against libpng16.so
06-12 22:15:00.193 27343 27343 V pythonutil: Checking pattern libSDL2_image\.so against libfreetype.so
06-12 22:15:00.193 27343 27343 V pythonutil: Checking pattern libSDL2_image\.so against libpython3.10.so
06-12 22:15:00.194 27343 27343 V pythonutil: Checking pattern libSDL2_image\.so against libmain.so
06-12 22:15:00.194 27343 27343 V pythonutil: Checking pattern libSDL2_image\.so against libffi.so
06-12 22:15:00.194 27343 27343 V pythonutil: Checking pattern libSDL2_image\.so against libSDL2_image.so
06-12 22:15:00.194 27343 27343 V pythonutil: Pattern libSDL2_image\.so matched file libSDL2_image.so
06-12 22:15:00.194 27343 27343 V pythonutil: Checking pattern libSDL2_image\.so against libcrypto.so
06-12 22:15:00.194 27343 27343 V pythonutil: Checking pattern libSDL2_image\.so against libpythonbin.so
06-12 22:15:00.194 27343 27343 V pythonutil: Checking pattern libSDL2_image\.so against libSDL2_mixer.so
06-12 22:15:00.194 27343 27343 V pythonutil: Checking pattern libSDL2_image\.so against libssl.so
06-12 22:15:00.194 27343 27343 V pythonutil: Checking pattern libSDL2_image\.so against libpybundle.so
06-12 22:15:00.194 27343 27343 V pythonutil: Checking pattern libSDL2_image\.so against libsqlite3.so
06-12 22:15:00.194 27343 27343 V pythonutil: Checking pattern libSDL2_mixer\.so against libSDL2.so
06-12 22:15:00.194 27343 27343 V pythonutil: Checking pattern libSDL2_mixer\.so against libSDL2_ttf.so
06-12 22:15:00.194 27343 27343 V pythonutil: Checking pattern libSDL2_mixer\.so against libpng16.so
06-12 22:15:00.194 27343 27343 V pythonutil: Checking pattern libSDL2_mixer\.so against libfreetype.so
06-12 22:15:00.195 27343 27343 V pythonutil: Checking pattern libSDL2_mixer\.so against libpython3.10.so
06-12 22:15:00.195 27343 27343 V pythonutil: Checking pattern libSDL2_mixer\.so against libmain.so
06-12 22:15:00.195 27343 27343 V pythonutil: Checking pattern libSDL2_mixer\.so against libffi.so
06-12 22:15:00.195 27343 27343 V pythonutil: Checking pattern libSDL2_mixer\.so against libSDL2_image.so
06-12 22:15:00.195 27343 27343 V pythonutil: Checking pattern libSDL2_mixer\.so against libcrypto.so
06-12 22:15:00.195 27343 27343 V pythonutil: Checking pattern libSDL2_mixer\.so against libpythonbin.so
06-12 22:15:00.195 27343 27343 V pythonutil: Checking pattern libSDL2_mixer\.so against libSDL2_mixer.so
06-12 22:15:00.195 27343 27343 V pythonutil: Pattern libSDL2_mixer\.so matched file libSDL2_mixer.so
06-12 22:15:00.195 27343 27343 V pythonutil: Checking pattern libSDL2_mixer\.so against libssl.so
06-12 22:15:00.195 27343 27343 V pythonutil: Checking pattern libSDL2_mixer\.so against libpybundle.so
06-12 22:15:00.195 27343 27343 V pythonutil: Checking pattern libSDL2_mixer\.so against libsqlite3.so
06-12 22:15:00.195 27343 27343 V pythonutil: Checking pattern libSDL2_ttf\.so against libSDL2.so
06-12 22:15:00.195 27343 27343 V pythonutil: Checking pattern libSDL2_ttf\.so against libSDL2_ttf.so
06-12 22:15:00.196 27343 27343 V pythonutil: Pattern libSDL2_ttf\.so matched file libSDL2_ttf.so
06-12 22:15:00.196 27343 27343 V pythonutil: Checking pattern libSDL2_ttf\.so against libpng16.so
06-12 22:15:00.196 27343 27343 V pythonutil: Checking pattern libSDL2_ttf\.so against libfreetype.so
06-12 22:15:00.196 27343 27343 V pythonutil: Checking pattern libSDL2_ttf\.so against libpython3.10.so
06-12 22:15:00.196 27343 27343 V pythonutil: Checking pattern libSDL2_ttf\.so against libmain.so
06-12 22:15:00.196 27343 27343 V pythonutil: Checking pattern libSDL2_ttf\.so against libffi.so
06-12 22:15:00.196 27343 27343 V pythonutil: Checking pattern libSDL2_ttf\.so against libSDL2_image.so
06-12 22:15:00.196 27343 27343 V pythonutil: Checking pattern libSDL2_ttf\.so against libcrypto.so
06-12 22:15:00.196 27343 27343 V pythonutil: Checking pattern libSDL2_ttf\.so against libpythonbin.so
06-12 22:15:00.196 27343 27343 V pythonutil: Checking pattern libSDL2_ttf\.so against libSDL2_mixer.so
06-12 22:15:00.196 27343 27343 V pythonutil: Checking pattern libSDL2_ttf\.so against libssl.so
06-12 22:15:00.196 27343 27343 V pythonutil: Checking pattern libSDL2_ttf\.so against libpybundle.so
06-12 22:15:00.196 27343 27343 V pythonutil: Checking pattern libSDL2_ttf\.so against libsqlite3.so
06-12 22:15:00.197 27343 27343 V pythonutil: Checking pattern libSDL3\.so against libSDL2.so
06-12 22:15:00.197 27343 27343 V pythonutil: Checking pattern libSDL3\.so against libSDL2_ttf.so
06-12 22:15:00.197 27343 27343 V pythonutil: Checking pattern libSDL3\.so against libpng16.so
06-12 22:15:00.197 27343 27343 V pythonutil: Checking pattern libSDL3\.so against libfreetype.so
06-12 22:15:00.197 27343 27343 V pythonutil: Checking pattern libSDL3\.so against libpython3.10.so
06-12 22:15:00.197 27343 27343 V pythonutil: Checking pattern libSDL3\.so against libmain.so
06-12 22:15:00.197 27343 27343 V pythonutil: Checking pattern libSDL3\.so against libffi.so
06-12 22:15:00.197 27343 27343 V pythonutil: Checking pattern libSDL3\.so against libSDL2_image.so
06-12 22:15:00.197 27343 27343 V pythonutil: Checking pattern libSDL3\.so against libcrypto.so
06-12 22:15:00.197 27343 27343 V pythonutil: Checking pattern libSDL3\.so against libpythonbin.so
06-12 22:15:00.197 27343 27343 V pythonutil: Checking pattern libSDL3\.so against libSDL2_mixer.so
06-12 22:15:00.197 27343 27343 V pythonutil: Checking pattern libSDL3\.so against libssl.so
06-12 22:15:00.197 27343 27343 V pythonutil: Checking pattern libSDL3\.so against libpybundle.so
06-12 22:15:00.197 27343 27343 V pythonutil: Checking pattern libSDL3\.so against libsqlite3.so
06-12 22:15:00.198 27343 27343 V pythonutil: Checking pattern libSDL3_image\.so against libSDL2.so
06-12 22:15:00.198 27343 27343 V pythonutil: Checking pattern libSDL3_image\.so against libSDL2_ttf.so
06-12 22:15:00.198 27343 27343 V pythonutil: Checking pattern libSDL3_image\.so against libpng16.so
06-12 22:15:00.198 27343 27343 V pythonutil: Checking pattern libSDL3_image\.so against libfreetype.so
06-12 22:15:00.198 27343 27343 V pythonutil: Checking pattern libSDL3_image\.so against libpython3.10.so
06-12 22:15:00.198 27343 27343 V pythonutil: Checking pattern libSDL3_image\.so against libmain.so
06-12 22:15:00.198 27343 27343 V pythonutil: Checking pattern libSDL3_image\.so against libffi.so
06-12 22:15:00.198 27343 27343 V pythonutil: Checking pattern libSDL3_image\.so against libSDL2_image.so
06-12 22:15:00.198 27343 27343 V pythonutil: Checking pattern libSDL3_image\.so against libcrypto.so
06-12 22:15:00.198 27343 27343 V pythonutil: Checking pattern libSDL3_image\.so against libpythonbin.so
06-12 22:15:00.198 27343 27343 V pythonutil: Checking pattern libSDL3_image\.so against libSDL2_mixer.so
06-12 22:15:00.198 27343 27343 V pythonutil: Checking pattern libSDL3_image\.so against libssl.so
06-12 22:15:00.198 27343 27343 V pythonutil: Checking pattern libSDL3_image\.so against libpybundle.so
06-12 22:15:00.198 27343 27343 V pythonutil: Checking pattern libSDL3_image\.so against libsqlite3.so
06-12 22:15:00.199 27343 27343 V pythonutil: Checking pattern libSDL3_mixer\.so against libSDL2.so
06-12 22:15:00.199 27343 27343 V pythonutil: Checking pattern libSDL3_mixer\.so against libSDL2_ttf.so
06-12 22:15:00.199 27343 27343 V pythonutil: Checking pattern libSDL3_mixer\.so against libpng16.so
06-12 22:15:00.199 27343 27343 V pythonutil: Checking pattern libSDL3_mixer\.so against libfreetype.so
06-12 22:15:00.200 27343 27343 V pythonutil: Checking pattern libSDL3_mixer\.so against libpython3.10.so
06-12 22:15:00.200 27343 27343 V pythonutil: Checking pattern libSDL3_mixer\.so against libmain.so
06-12 22:15:00.200 27343 27343 V pythonutil: Checking pattern libSDL3_mixer\.so against libffi.so
06-12 22:15:00.200 27343 27343 V pythonutil: Checking pattern libSDL3_mixer\.so against libSDL2_image.so
06-12 22:15:00.200 27343 27343 V pythonutil: Checking pattern libSDL3_mixer\.so against libcrypto.so
06-12 22:15:00.200 27343 27343 V pythonutil: Checking pattern libSDL3_mixer\.so against libpythonbin.so
06-12 22:15:00.200 27343 27343 V pythonutil: Checking pattern libSDL3_mixer\.so against libSDL2_mixer.so
06-12 22:15:00.200 27343 27343 V pythonutil: Checking pattern libSDL3_mixer\.so against libssl.so
06-12 22:15:00.200 27343 27343 V pythonutil: Checking pattern libSDL3_mixer\.so against libpybundle.so
06-12 22:15:00.200 27343 27343 V pythonutil: Checking pattern libSDL3_mixer\.so against libsqlite3.so
06-12 22:15:00.201 27343 27343 V pythonutil: Checking pattern libSDL3_ttf\.so against libSDL2.so
06-12 22:15:00.201 27343 27343 V pythonutil: Checking pattern libSDL3_ttf\.so against libSDL2_ttf.so
06-12 22:15:00.201 27343 27343 V pythonutil: Checking pattern libSDL3_ttf\.so against libpng16.so
06-12 22:15:00.201 27343 27343 V pythonutil: Checking pattern libSDL3_ttf\.so against libfreetype.so
06-12 22:15:00.201 27343 27343 V pythonutil: Checking pattern libSDL3_ttf\.so against libpython3.10.so
06-12 22:15:00.201 27343 27343 V pythonutil: Checking pattern libSDL3_ttf\.so against libmain.so
06-12 22:15:00.201 27343 27343 V pythonutil: Checking pattern libSDL3_ttf\.so against libffi.so
06-12 22:15:00.201 27343 27343 V pythonutil: Checking pattern libSDL3_ttf\.so against libSDL2_image.so
06-12 22:15:00.201 27343 27343 V pythonutil: Checking pattern libSDL3_ttf\.so against libcrypto.so
06-12 22:15:00.201 27343 27343 V pythonutil: Checking pattern libSDL3_ttf\.so against libpythonbin.so
06-12 22:15:00.201 27343 27343 V pythonutil: Checking pattern libSDL3_ttf\.so against libSDL2_mixer.so
06-12 22:15:00.201 27343 27343 V pythonutil: Checking pattern libSDL3_ttf\.so against libssl.so
06-12 22:15:00.202 27343 27343 V pythonutil: Checking pattern libSDL3_ttf\.so against libpybundle.so
06-12 22:15:00.202 27343 27343 V pythonutil: Checking pattern libSDL3_ttf\.so against libsqlite3.so
06-12 22:15:00.202 27343 27343 V pythonutil: Loading library: sqlite3
06-12 22:15:00.206 27343 27343 D nativeloader: Load /data/app/~~RbYtQA5_QD4_PwU3W-BErg==/org.kffs.habilisdatalogger-oRBy3Y2soySzARK6rLBbgA==/lib/arm64/libsqlite3.so using ns clns-4 from class loader (caller=/data/app/~~RbYtQA5_QD4_PwU3W-BErg==/org.kffs.habilisdatalogger-oRBy3Y2soySzARK6rLBbgA==/base.apk!classes5.dex): ok
06-12 22:15:00.206 27343 27343 V pythonutil: Loading library: ffi
06-12 22:15:00.207 27343 27343 D nativeloader: Load /data/app/~~RbYtQA5_QD4_PwU3W-BErg==/org.kffs.habilisdatalogger-oRBy3Y2soySzARK6rLBbgA==/lib/arm64/libffi.so using ns clns-4 from class loader (caller=/data/app/~~RbYtQA5_QD4_PwU3W-BErg==/org.kffs.habilisdatalogger-oRBy3Y2soySzARK6rLBbgA==/base.apk!classes5.dex): ok
06-12 22:15:00.207 27343 27343 V pythonutil: Loading library: png16
06-12 22:15:00.210 27343 27343 D nativeloader: Load /data/app/~~RbYtQA5_QD4_PwU3W-BErg==/org.kffs.habilisdatalogger-oRBy3Y2soySzARK6rLBbgA==/lib/arm64/libpng16.so using ns clns-4 from class loader (caller=/data/app/~~RbYtQA5_QD4_PwU3W-BErg==/org.kffs.habilisdatalogger-oRBy3Y2soySzARK6rLBbgA==/base.apk!classes5.dex): ok
06-12 22:15:00.210 27343 27343 V pythonutil: Loading library: ssl
06-12 22:15:00.219 27343 27343 D nativeloader: Load /data/app/~~RbYtQA5_QD4_PwU3W-BErg==/org.kffs.habilisdatalogger-oRBy3Y2soySzARK6rLBbgA==/lib/arm64/libssl.so using ns clns-4 from class loader (caller=/data/app/~~RbYtQA5_QD4_PwU3W-BErg==/org.kffs.habilisdatalogger-oRBy3Y2soySzARK6rLBbgA==/base.apk!classes5.dex): ok
06-12 22:15:00.220 27343 27343 V pythonutil: Loading library: crypto
06-12 22:15:00.220 27343 27343 D nativeloader: Load /data/app/~~RbYtQA5_QD4_PwU3W-BErg==/org.kffs.habilisdatalogger-oRBy3Y2soySzARK6rLBbgA==/lib/arm64/libcrypto.so using ns clns-4 from class loader (caller=/data/app/~~RbYtQA5_QD4_PwU3W-BErg==/org.kffs.habilisdatalogger-oRBy3Y2soySzARK6rLBbgA==/base.apk!classes5.dex): ok
06-12 22:15:00.220 27343 27343 V pythonutil: Loading library: SDL2
06-12 22:15:00.226 27343 27343 D nativeloader: Load /data/app/~~RbYtQA5_QD4_PwU3W-BErg==/org.kffs.habilisdatalogger-oRBy3Y2soySzARK6rLBbgA==/lib/arm64/libSDL2.so using ns clns-4 from class loader (caller=/data/app/~~RbYtQA5_QD4_PwU3W-BErg==/org.kffs.habilisdatalogger-oRBy3Y2soySzARK6rLBbgA==/base.apk!classes5.dex): ok
06-12 22:15:00.226 27343 27343 V pythonutil: Loading library: SDL2_image
06-12 22:15:00.229 27343 27343 D nativeloader: Load /data/app/~~RbYtQA5_QD4_PwU3W-BErg==/org.kffs.habilisdatalogger-oRBy3Y2soySzARK6rLBbgA==/lib/arm64/libSDL2_image.so using ns clns-4 from class loader (caller=/data/app/~~RbYtQA5_QD4_PwU3W-BErg==/org.kffs.habilisdatalogger-oRBy3Y2soySzARK6rLBbgA==/base.apk!classes5.dex): ok
06-12 22:15:00.229 27343 27343 V pythonutil: Loading library: SDL2_mixer
06-12 22:15:00.232 27343 27343 D nativeloader: Load /data/app/~~RbYtQA5_QD4_PwU3W-BErg==/org.kffs.habilisdatalogger-oRBy3Y2soySzARK6rLBbgA==/lib/arm64/libSDL2_mixer.so using ns clns-4 from class loader (caller=/data/app/~~RbYtQA5_QD4_PwU3W-BErg==/org.kffs.habilisdatalogger-oRBy3Y2soySzARK6rLBbgA==/base.apk!classes5.dex): ok
06-12 22:15:00.233 27343 27343 V pythonutil: Loading library: SDL2_ttf
06-12 22:15:00.241 27343 27343 D nativeloader: Load /data/app/~~RbYtQA5_QD4_PwU3W-BErg==/org.kffs.habilisdatalogger-oRBy3Y2soySzARK6rLBbgA==/lib/arm64/libSDL2_ttf.so using ns clns-4 from class loader (caller=/data/app/~~RbYtQA5_QD4_PwU3W-BErg==/org.kffs.habilisdatalogger-oRBy3Y2soySzARK6rLBbgA==/base.apk!classes5.dex): ok
06-12 22:15:00.241 27343 27343 V pythonutil: Loading library: python3.14
06-12 22:15:00.245 27343 27343 D nativeloader: Load libpython3.14.so using ns clns-4 from class loader (caller=/data/app/~~RbYtQA5_QD4_PwU3W-BErg==/org.kffs.habilisdatalogger-oRBy3Y2soySzARK6rLBbgA==/base.apk!classes5.dex): dlopen failed: library "libpython3.14.so" not found
06-12 22:15:00.245 27343 27343 V pythonutil: Library loading error: dlopen failed: library "libpython3.14.so" not found
06-12 22:15:00.245 27343 27343 V pythonutil: Loading library: python3.13
06-12 22:15:00.246 27343 27343 D nativeloader: Load libpython3.13.so using ns clns-4 from class loader (caller=/data/app/~~RbYtQA5_QD4_PwU3W-BErg==/org.kffs.habilisdatalogger-oRBy3Y2soySzARK6rLBbgA==/base.apk!classes5.dex): dlopen failed: library "libpython3.13.so" not found
06-12 22:15:00.246 27343 27343 V pythonutil: Library loading error: dlopen failed: library "libpython3.13.so" not found
06-12 22:15:00.246 27343 27343 V pythonutil: Loading library: python3.12
06-12 22:15:00.246 27343 27343 D nativeloader: Load libpython3.12.so using ns clns-4 from class loader (caller=/data/app/~~RbYtQA5_QD4_PwU3W-BErg==/org.kffs.habilisdatalogger-oRBy3Y2soySzARK6rLBbgA==/base.apk!classes5.dex): dlopen failed: library "libpython3.12.so" not found
06-12 22:15:00.246 27343 27343 V pythonutil: Library loading error: dlopen failed: library "libpython3.12.so" not found
06-12 22:15:00.247 27343 27343 V pythonutil: Loading library: python3.11
06-12 22:15:00.247 27343 27343 D nativeloader: Load libpython3.11.so using ns clns-4 from class loader (caller=/data/app/~~RbYtQA5_QD4_PwU3W-BErg==/org.kffs.habilisdatalogger-oRBy3Y2soySzARK6rLBbgA==/base.apk!classes5.dex): dlopen failed: library "libpython3.11.so" not found
06-12 22:15:00.247 27343 27343 V pythonutil: Library loading error: dlopen failed: library "libpython3.11.so" not found
06-12 22:15:00.247 27343 27343 V pythonutil: Loading library: python3.10
06-12 22:15:00.252 27343 27343 D nativeloader: Load /data/app/~~RbYtQA5_QD4_PwU3W-BErg==/org.kffs.habilisdatalogger-oRBy3Y2soySzARK6rLBbgA==/lib/arm64/libpython3.10.so using ns clns-4 from class loader (caller=/data/app/~~RbYtQA5_QD4_PwU3W-BErg==/org.kffs.habilisdatalogger-oRBy3Y2soySzARK6rLBbgA==/base.apk!classes5.dex): ok
06-12 22:15:00.252 27343 27343 V pythonutil: Loading library: main
06-12 22:15:00.254 27343 27343 D nativeloader: Load /data/app/~~RbYtQA5_QD4_PwU3W-BErg==/org.kffs.habilisdatalogger-oRBy3Y2soySzARK6rLBbgA==/lib/arm64/libmain.so using ns clns-4 from class loader (caller=/data/app/~~RbYtQA5_QD4_PwU3W-BErg==/org.kffs.habilisdatalogger-oRBy3Y2soySzARK6rLBbgA==/base.apk!classes5.dex): ok
06-12 22:15:00.254 27343 27343 V pythonutil: Loaded everything!
06-12 22:15:00.256 27343 27343 V SDL     : nativeSetupJNI()
06-12 22:15:00.256 27343 27343 V SDL     : AUDIO nativeSetupJNI()
06-12 22:15:00.256 27343 27343 V SDL     : CONTROLLER nativeSetupJNI()
06-12 22:15:00.308  1948  7880 D CoreBackPreview: Window{9cc4d19 u0 org.kffs.habilisdatalogger/org.kivy.android.PythonActivity}: Setting back callback OnBackInvokedCallbackInfo{mCallback=android.window.IOnBackInvokedCallback$Stub$Proxy@3cba1d5, mPriority=0, mIsAnimationCallback=false}
06-12 22:15:00.323  1948  7880 D WindowManager: wms.Input focus has changed to Window{9cc4d19 u0 org.kffs.habilisdatalogger/org.kivy.android.PythonActivity} display=0 updateInputWindows = true
06-12 22:15:00.334  1363  1441 I SurfaceFlinger: sf.setTransactionState focusRequest transactionId:8366597771460 frontWin:9cc4d19 org.kffs.habilisdatalogger/org.kivy.android.PythonActivity
06-12 22:15:00.343 27343 27343 V SDL     : surfaceCreated()
06-12 22:15:00.343 27343 27343 V SDL     : surfaceChanged()
06-12 22:15:00.343 27343 27343 V SDL     : Window size: 1080x2172
06-12 22:15:00.343 27343 27343 V SDL     : Device size: 1080x2400
06-12 22:15:00.356 27343 27379 V SDL     : Running main function SDL_main from library /data/app/~~RbYtQA5_QD4_PwU3W-BErg==/org.kffs.habilisdatalogger-oRBy3Y2soySzARK6rLBbgA==/lib/arm64/libmain.so
06-12 22:15:00.356 27343 27379 V SDL     : nativeRunMain()
06-12 22:15:00.360 27343 27379 I python  : Initializing Python for Android
06-12 22:15:00.360 27343 27379 I python  : Setting additional env vars from p4a_env_vars.txt
06-12 22:15:00.362 27343 27379 I python  : Changing directory to '/data/user/0/org.kffs.habilisdatalogger/files/app'
06-12 22:15:00.369 27343 27379 I python  : Preparing to initialize python
06-12 22:15:00.369 27343 27379 I python  : _python_bundle dir exists
06-12 22:15:00.369 27343 27379 I python  : set wchar paths...
06-12 22:15:00.386 27343 27343 W SDLThread: type=1400 audit(0.0:448949): avc:  granted  { execute } for  path="/data/data/org.kffs.habilisdatalogger/files/app/_python_bundle/modules/zlib.cpython-310.so" dev="dm-53" ino=131876 scontext=u:r:untrusted_app_30:s0:c106,c257,c512,c768 tcontext=u:object_r:app_data_file:s0:c106,c257,c512,c768 tclass=file app=org.kffs.habilisdatalogger
06-12 22:15:00.394  1948  4119 D WindowManager: wms.finishDrawingLocked: mDrawState=COMMIT_DRAW_PENDING Window{9cc4d19 u0 org.kffs.habilisdatalogger/org.kivy.android.PythonActivity} in Surface(name=org.kffs.habilisdatalogger/org.kivy.android.PythonActivity#153531)/@0x8a90eb6
06-12 22:15:00.403 27343 27343 D SurfaceView: UPDATE Surface(name=SurfaceView[org.kffs.habilisdatalogger/org.kivy.android.PythonActivity]#153535)/@0x976d811, mIsProjectionMode = false
06-12 22:15:00.404 27343 27379 I python  : Python initialized using legacy Py_Initialize().
06-12 22:15:00.404 27343 27379 I python  : Initialized python
06-12 22:15:00.404 27343 27379 I python  : testing python print redirection
06-12 22:15:00.405 27343 27379 I python  : Android kivy bootstrap done. __name__ is __main__
06-12 22:15:00.405  1948  2308 I WindowManager: wms.showSurfaceRobustly mWin:Window{9cc4d19 u0 org.kffs.habilisdatalogger/org.kivy.android.PythonActivity}
06-12 22:15:00.412  1948  2074 I ActivityTaskManager: Displayed org.kffs.habilisdatalogger/org.kivy.android.PythonActivity for user 0: +637ms
06-12 22:15:00.421 27343 27343 V SDL     : onWindowFocusChanged(): true
06-12 22:15:00.425  1948  7880 D CoreBackPreview: Window{4c93f0b u0 Splash Screen org.kffs.habilisdatalogger}: Setting back callback null
06-12 22:15:00.428  1948  4109 W InputManager-JNI: Input channel object '4c93f0b Splash Screen org.kffs.habilisdatalogger (client)' was disposed without first being removed with the input manager!
06-12 22:15:00.428  1948  2972 D tsched_scene: handleWindowChanged: pkgName: org.kffs.habilisdatalogger, mForegroundAppName: com.miui.home
06-12 22:15:00.438  1948  3868 I ImeTracker: org.kffs.habilisdatalogger:5034bf9d: onRequestHide at ORIGIN_SERVER_HIDE_INPUT reason HIDE_UNSPECIFIED_WINDOW
06-12 22:15:00.438  1948  3868 I ImeTracker: org.kffs.habilisdatalogger:5034bf9d: onCancelled at PHASE_SERVER_SHOULD_HIDE
06-12 22:15:00.442  1363  1442 D MI-SF   : updateScene: module = 270 (Input), value = 0, pkg = org.kffs.habilisdatalogger, Vrr = 1
06-12 22:15:00.453 22864 22864 I GoogleInputMethodService: GoogleInputMethodService.onStartInput():1446 onStartInput(EditorInfo{EditorInfo{packageName=org.kffs.habilisdatalogger, inputType=0, inputTypeString=NULL, enableLearning=false, autoCorrection=false, autoComplete=false, imeOptions=0, privateImeOptions=null, actionName=UNSPECIFIED, actionLabel=null, initialSelStart=-1, initialSelEnd=-1, initialCapsMode=0, label=null, fieldId=0, fieldName=null, extras=Bundle[mParcelledData.dataSize=72], hintText=null, hintLocales=[]}}, false)
06-12 22:15:00.455  1948  4109 W PackageConfigPersister: App-specific configuration not found for packageName: org.kffs.habilisdatalogger and userId: 0
06-12 22:15:00.469  1948  7882 I Transition: finishTransition: updateLastSurfacePosition tf=Task{48213ce #627 type=standard A=10362:org.kffs.habilisdatalogger}
06-12 22:15:00.470 27343 27343 W SDLThread: type=1400 audit(0.0:448950): avc:  granted  { execute } for  path="/data/data/org.kffs.habilisdatalogger/files/app/_python_bundle/modules/math.cpython-310.so" dev="dm-53" ino=131831 scontext=u:r:untrusted_app_30:s0:c106,c257,c512,c768 tcontext=u:object_r:app_data_file:s0:c106,c257,c512,c768 tclass=file app=org.kffs.habilisdatalogger
06-12 22:15:00.478 27343 27343 W SDLThread: type=1400 audit(0.0:448951): avc:  granted  { execute } for  path="/data/data/org.kffs.habilisdatalogger/files/app/_python_bundle/modules/_bisect.cpython-310.so" dev="dm-53" ino=130274 scontext=u:r:untrusted_app_30:s0:c106,c257,c512,c768 tcontext=u:object_r:app_data_file:s0:c106,c257,c512,c768 tclass=file app=org.kffs.habilisdatalogger
06-12 22:15:00.536 27343 27379 I python  : [INFO   ] [Logger      ] Record log in /data/user/0/org.kffs.habilisdatalogger/files/app/.kivy/logs/kivy_26-06-12_1.txt
06-12 22:15:00.536 27343 27379 I python  : [INFO   ] [Kivy        ] v2.1.0
06-12 22:15:00.537 27343 27379 I python  : [INFO   ] [Kivy        ] Installed at "/data/user/0/org.kffs.habilisdatalogger/files/app/_python_bundle/site-packages/kivy/__init__.pyc"
06-12 22:15:00.537 27343 27379 I python  : [INFO   ] [Python      ] v3.10.11 (main, May 27 2026, 00:26:06) [Clang 14.0.7 (https://android.googlesource.com/toolchain/llvm-project 4c603efb0
06-12 22:15:00.537 27343 27379 I python  : [INFO   ] [Python      ] Interpreter at "/data/user/0/org.kffs.habilisdatalogger/files/app/.bin/python"
06-12 22:15:00.537 27343 27379 I python  : [INFO   ] [Logger      ] Purge log fired. Processing...
06-12 22:15:00.538 27343 27379 I python  : [INFO   ] [Logger      ] Purge finished!
06-12 22:15:00.550 27343 27379 I python  : [INFO   ] [KivyMD      ] 1.0.2, git-38fe356, 2022-08-11 (installed at "/data/user/0/org.kffs.habilisdatalogger/files/app/_python_bundle/site-packages/kivymd/__init__.pyc")
06-12 22:15:00.554 27343 27379 I python  : [INFO   ] [Factory     ] 189 symbols loaded
06-12 22:15:01.222 27343 27343 W SDLThread: type=1400 audit(0.0:448970): avc:  granted  { execute } for  path="/data/data/org.kffs.habilisdatalogger/files/app/_python_bundle/modules/_socket.cpython-310.so" dev="dm-53" ino=44792 scontext=u:r:untrusted_app_30:s0:c106,c257,c512,c768 tcontext=u:object_r:app_data_file:s0:c106,c257,c512,c768 tclass=file app=org.kffs.habilisdatalogger
06-12 22:15:01.226 27343 27343 W SDLThread: type=1400 audit(0.0:448971): avc:  granted  { execute } for  path="/data/data/org.kffs.habilisdatalogger/files/app/_python_bundle/modules/array.cpython-310.so" dev="dm-53" ino=131900 scontext=u:r:untrusted_app_30:s0:c106,c257,c512,c768 tcontext=u:object_r:app_data_file:s0:c106,c257,c512,c768 tclass=file app=org.kffs.habilisdatalogger
06-12 22:15:01.230 27343 27343 W SDLThread: type=1400 audit(0.0:448972): avc:  granted  { execute } for  path="/data/data/org.kffs.habilisdatalogger/files/app/_python_bundle/modules/_ssl.cpython-310.so" dev="dm-53" ino=44839 scontext=u:r:untrusted_app_30:s0:c106,c257,c512,c768 tcontext=u:object_r:app_data_file:s0:c106,c257,c512,c768 tclass=file app=org.kffs.habilisdatalogger
06-12 22:15:01.238 27343 27343 W SDLThread: type=1400 audit(0.0:448973): avc:  granted  { execute } for  path="/data/data/org.kffs.habilisdatalogger/files/app/_python_bundle/modules/binascii.cpython-310.so" dev="dm-53" ino=131946 scontext=u:r:untrusted_app_30:s0:c106,c257,c512,c768 tcontext=u:object_r:app_data_file:s0:c106,c257,c512,c768 tclass=file app=org.kffs.habilisdatalogger
06-12 22:15:01.246 27343 27343 W SDLThread: type=1400 audit(0.0:448974): avc:  granted  { execute } for  path="/data/data/org.kffs.habilisdatalogger/files/app/_python_bundle/modules/_contextvars.cpython-310.so" dev="dm-53" ino=44715 scontext=u:r:untrusted_app_30:s0:c106,c257,c512,c768 tcontext=u:object_r:app_data_file:s0:c106,c257,c512,c768 tclass=file app=org.kffs.habilisdatalogger
06-12 22:15:01.331 27343 27379 I python  : [INFO   ] [Image       ] Providers: img_tex, img_dds, img_sdl2, img_pil (img_ffpyplayer ignored)
06-12 22:15:01.355 27343 27379 I python  : [INFO   ] [Text        ] Provider: sdl2
06-12 22:15:01.504 27343 27379 I python  : [INFO   ] [Window      ] Provider: sdl2
06-12 22:15:01.518  1948  4109 I PowerManagerServiceImpl: Acquire wakelock: SCREEN_BRIGHT_WAKE_LOCK        'WindowManager/displayId:0' ON_AFTER_RELEASE (uid=1000 pid=1948 pkg=android ws=WorkSource{10362 org.kffs.habilisdatalogger})
06-12 22:15:01.521 27343 27379 V SDL     : setOrientation() requestedOrientation=1 width=800 height=600 resizable=true hint=Portrait
06-12 22:15:01.524 27343 27379 I SDL/APP : pixel format wanted SDL_PIXELFORMAT_RGBA8888 (1), got SDL_PIXELFORMAT_RGBA8888 (1)
06-12 22:15:01.525 27343 27379 I python  : [INFO   ] [GL          ] Using the "OpenGL ES 2" graphics system
06-12 22:15:01.531 27343 27379 I python  : [INFO   ] [GL          ] Backend used <sdl2>
06-12 22:15:01.531 27343 27379 I python  : [INFO   ] [GL          ] OpenGL version <b'OpenGL ES 3.2 V@0530.57 (GIT@4bbe300fc3, Ie69fc1c69b, 1747652194) (Date:05/19/25)'>
06-12 22:15:01.531 27343 27379 I python  : [INFO   ] [GL          ] OpenGL vendor <b'Qualcomm'>
06-12 22:15:01.532 27343 27379 I python  : [INFO   ] [GL          ] OpenGL renderer <b'Adreno (TM) 642L'>
06-12 22:15:01.532 27343 27379 I python  : [INFO   ] [GL          ] OpenGL parsed version: 3, 2
06-12 22:15:01.532 27343 27379 I python  : [INFO   ] [GL          ] Texture max size <16384>
06-12 22:15:01.532 27343 27379 I python  : [INFO   ] [GL          ] Texture max units <16>
06-12 22:15:01.549 27343 27379 I python  : [INFO   ] [Window      ] auto add sdl2 input provider
06-12 22:15:01.551  1948  7882 I PowerManagerServiceImpl: Release wakelock: SCREEN_BRIGHT_WAKE_LOCK        'WindowManager/displayId:0' ON_AFTER_RELEASE DISABLED ACQ=-30ms (uid=1000 pid=1948 pkg=android ws=WorkSource{10362 org.kffs.habilisdatalogger})
06-12 22:15:01.552 27343 27379 I python  : [INFO   ] [Window      ] virtual keyboard not allowed, single mode, not docked
06-12 22:15:01.750 27343 27379 I python  : Could not set FileProvider: No module named 'plyer.camera'
06-12 22:15:01.777 27343 27379 I python  : [INFO   ] [GL          ] NPOT texture support is available
06-12 22:15:03.834 27343 27379 I python  :  Traceback (most recent call last):
06-12 22:15:03.834 27343 27379 I python  :    File "/home/vboxuser/habilis-datalogger/.buildozer/android/platform/build-arm64-v8a_armeabi-v7a/build/python-installs/habilisdatalogger/arm64-v8a/kivy/lang/builder.py", line 704, in _apply_rule
06-12 22:15:03.835 27343 27379 I python  :    File "kivy/weakproxy.pyx", line 35, in kivy.weakproxy.WeakProxy.__setattr__
06-12 22:15:03.835 27343 27379 I python  :    File "kivy/properties.pyx", line 520, in kivy.properties.Property.__set__
06-12 22:15:03.835 27343 27379 I python  :    File "kivy/properties.pyx", line 1463, in kivy.properties.ReferenceListProperty.set
06-12 22:15:03.835 27343 27379 I python  :    File "kivy/properties.pyx", line 1452, in kivy.properties.ReferenceListProperty.check
06-12 22:15:03.835 27343 27379 I python  :  ValueError: MDLabel.padding value length is immutable
06-12 22:15:03.835 27343 27379 I python  :  
06-12 22:15:03.836 27343 27379 I python  :  During handling of the above exception, another exception occurred:
06-12 22:15:03.836 27343 27379 I python  :  
06-12 22:15:03.836 27343 27379 I python  :  Traceback (most recent call last):
06-12 22:15:03.836 27343 27379 I python  :    File "/home/vboxuser/habilis-datalogger/.buildozer/android/app/main.py", line 190, in <module>
06-12 22:15:03.836 27343 27379 I python  :    File "/home/vboxuser/habilis-datalogger/.buildozer/android/platform/build-arm64-v8a_armeabi-v7a/build/python-installs/habilisdatalogger/arm64-v8a/kivy/app.py", line 954, in run
06-12 22:15:03.836 27343 27379 I python  :    File "/home/vboxuser/habilis-datalogger/.buildozer/android/platform/build-arm64-v8a_armeabi-v7a/build/python-installs/habilisdatalogger/arm64-v8a/kivy/app.py", line 924, in _run_prepare
06-12 22:15:03.836 27343 27379 I python  :    File "/home/vboxuser/habilis-datalogger/.buildozer/android/app/main.py", line 170, in build
06-12 22:15:03.837 27343 27379 I python  :    File "/home/vboxuser/habilis-datalogger/.buildozer/android/app/admin.py", line 1232, in __init__
06-12 22:15:03.837 27343 27379 I python  :    File "/home/vboxuser/habilis-datalogger/.buildozer/android/platform/build-arm64-v8a_armeabi-v7a/build/python-installs/habilisdatalogger/arm64-v8a/kivymd/uix/behaviors/declarative_bahavior.py", line 311, in __init__
06-12 22:15:03.837 27343 27379 I python  :    File "/home/vboxuser/habilis-datalogger/.buildozer/android/platform/build-arm64-v8a_armeabi-v7a/build/python-installs/habilisdatalogger/arm64-v8a/kivy/uix/relativelayout.py", line 274, in __init__
06-12 22:15:03.837 27343 27379 I python  :    File "/home/vboxuser/habilis-datalogger/.buildozer/android/platform/build-arm64-v8a_armeabi-v7a/build/python-installs/habilisdatalogger/arm64-v8a/kivy/uix/floatlayout.py", line 65, in __init__
06-12 22:15:03.837 27343 27379 I python  :    File "/home/vboxuser/habilis-datalogger/.buildozer/android/platform/build-arm64-v8a_armeabi-v7a/build/python-installs/habilisdatalogger/arm64-v8a/kivy/uix/layout.py", line 76, in __init__
06-12 22:15:03.838 27343 27379 I python  :    File "/home/vboxuser/habilis-datalogger/.buildozer/android/platform/build-arm64-v8a_armeabi-v7a/build/python-installs/habilisdatalogger/arm64-v8a/kivymd/uix/behaviors/backgroundcolor_behavior.py", line 206, in __init__
06-12 22:15:03.838 27343 27379 I python  :    File "/home/vboxuser/habilis-datalogger/.buildozer/android/platform/build-arm64-v8a_armeabi-v7a/build/python-installs/habilisdatalogger/arm64-v8a/kivymd/uix/behaviors/backgroundcolor_behavior.py", line 162, in __init__
06-12 22:15:03.838 27343 27379 I python  :    File "/home/vboxuser/habilis-datalogger/.buildozer/android/platform/build-arm64-v8a_armeabi-v7a/build/python-installs/habilisdatalogger/arm64-v8a/kivymd/uix/behaviors/elevation.py", line 851, in __init__
06-12 22:15:03.838 27343 27379 I python  :    File "/home/vboxuser/habilis-datalogger/.buildozer/android/platform/build-arm64-v8a_armeabi-v7a/build/python-installs/habilisdatalogger/arm64-v8a/kivy/uix/widget.py", line 366, in __init__
06-12 22:15:03.838 27343 27379 I python  :    File "/home/vboxuser/habilis-datalogger/.buildozer/android/platform/build-arm64-v8a_armeabi-v7a/build/python-installs/habilisdatalogger/arm64-v8a/kivy/uix/widget.py", line 470, in apply_class_lang_rules
06-12 22:15:03.839 27343 27379 I python  :    File "/home/vboxuser/habilis-datalogger/.buildozer/android/platform/build-arm64-v8a_armeabi-v7a/build/python-installs/habilisdatalogger/arm64-v8a/kivy/lang/builder.py", line 540, in apply
06-12 22:15:03.839 27343 27379 I python  :    File "/home/vboxuser/habilis-datalogger/.buildozer/android/platform/build-arm64-v8a_armeabi-v7a/build/python-installs/habilisdatalogger/arm64-v8a/kivy/lang/builder.py", line 709, in _apply_rule
06-12 22:15:03.839 27343 27379 I python  :  kivy.lang.builder.BuilderException: Parser: File "<inline>", line 161:
06-12 22:15:03.839 27343 27379 I python  :  ...
06-12 22:15:03.839 27343 27379 I python  :      159:            size_hint_y: None
06-12 22:15:03.839 27343 27379 I python  :      160:            height: "45dp"
06-12 22:15:03.839 27343 27379 I python  :  >>  161:            padding: ["10dp", "10dp", "10dp", "10dp"]
06-12 22:15:03.839 27343 27379 I python  :      162:            theme_text_color: "Secondary"
06-12 22:15:03.840 27343 27379 I python  :      163:
06-12 22:15:03.840 27343 27379 I python  :  ...
06-12 22:15:03.840 27343 27379 I python  :  ValueError: MDLabel.padding value length is immutable
06-12 22:15:03.840 27343 27379 I python  :    File "/home/vboxuser/habilis-datalogger/.buildozer/android/platform/build-arm64-v8a_armeabi-v7a/build/python-installs/habilisdatalogger/arm64-v8a/kivy/lang/builder.py", line 704, in _apply_rule
06-12 22:15:03.840 27343 27379 I python  :    File "kivy/weakproxy.pyx", line 35, in kivy.weakproxy.WeakProxy.__setattr__
06-12 22:15:03.840 27343 27379 I python  :    File "kivy/properties.pyx", line 520, in kivy.properties.Property.__set__
06-12 22:15:03.840 27343 27379 I python  :    File "kivy/properties.pyx", line 1463, in kivy.properties.ReferenceListProperty.set
06-12 22:15:03.840 27343 27379 I python  :    File "kivy/properties.pyx", line 1452, in kivy.properties.ReferenceListProperty.check
06-12 22:15:03.840 27343 27379 I python  :  
06-12 22:15:03.840 27343 27379 I python  : Python for android ended.
06-12 22:15:05.211  1948  4119 I WindowManager: WIN DEATH: Window{9cc4d19 u0 org.kffs.habilisdatalogger/org.kivy.android.PythonActivity}
06-12 22:15:05.212  1948  6126 I ImeTracker: org.kffs.habilisdatalogger:d5664e6d: onRequestHide at ORIGIN_SERVER_HIDE_INPUT reason HIDE_REMOVE_CLIENT
06-12 22:15:05.212  1948  7264 I ActivityManager: Process org.kffs.habilisdatalogger (pid 27343) has died: fg  TOP 
06-12 22:15:05.212  1948  6126 I ImeTracker: org.kffs.habilisdatalogger:d5664e6d: onCancelled at PHASE_SERVER_SHOULD_HIDE
06-12 22:15:05.212  1948  4119 W InputManager-JNI: Input channel object '9cc4d19 org.kffs.habilisdatalogger/org.kivy.android.PythonActivity (client)' was disposed without first being removed with the input manager!
06-12 22:15:05.218  1363  1442 D MI-SF   : updateScene: module = 270 (Input), value = 0, pkg = org.kffs.habilisdatalogger, Vrr = 1
06-12 22:15:05.250  1948  7264 W ActivityTaskManager: Force removing ActivityRecord{fd590c9 u0 org.kffs.habilisdatalogger/org.kivy.android.PythonActivity t627}: app died, no saved state
06-12 22:15:05.251  1948  7264 D WindowManager: Collecting in transition 9516: Task{48213ce #627 type=standard A=10362:org.kffs.habilisdatalogger} init visibleRequested:true
06-12 22:15:05.252  1948  7264 D WindowManager: Collecting in transition 9516: ActivityRecord{fd590c9 u0 org.kffs.habilisdatalogger/org.kivy.android.PythonActivity t627 f}} init visibleRequested:false
06-12 22:15:05.252  1948  7264 W WindowManager: onSyncReparent mSyncState =2, mSyncGroup = com.android.server.wm.BLASTSyncEngine$SyncGroup@4091bee this: ActivityRecord{fd590c9 u0 org.kffs.habilisdatalogger/org.kivy.android.PythonActivity t627 f}}
06-12 22:15:05.253  1948  7264 I ActivityTaskManager: Do not migrate a removing Task! Task{48213ce #627 type=standard A=10362:org.kffs.habilisdatalogger}
06-12 22:15:05.253  1948  7264 W WindowManager: onSyncReparent mSyncState =2, mSyncGroup = com.android.server.wm.BLASTSyncEngine$SyncGroup@4091bee this: Task{48213ce #627 type=standard A=10362:org.kffs.habilisdatalogger}
06-12 22:15:05.268 22923 12674 D BluetoothLatencyMode: ForegroundInfo{mForegroundPackageName='com.miui.home', mForegroundUid=10158, mForegroundPid=3838, mLastForegroundPackageName='org.kffs.habilisdatalogger', mLastForegroundUid=10362, mLastForegroundPid=27343, mMultiWindowForegroundPackageName='com.miui.home', mMultiWindowForegroundUid=10158, mFlags=0}
06-12 22:15:05.268  7590 11082 D PerfEngineController: ForegroundInfo{mForegroundPackageName='com.miui.home', mForegroundUid=10158, mForegroundPid=3838, mLastForegroundPackageName='org.kffs.habilisdatalogger', mLastForegroundUid=10362, mLastForegroundPid=27343, mMultiWindowForegroundPackageName='com.miui.home', mMultiWindowForegroundUid=10158, mFlags=0}
06-12 22:15:05.268 19295 22245 I ProcessMonitor: onForegroundInfoChanged: ForegroundInfo{mForegroundPackageName='com.miui.home', mForegroundUid=10158, mForegroundPid=3838, mLastForegroundPackageName='org.kffs.habilisdatalogger', mLastForegroundUid=10362, mLastForegroundPid=27343, mMultiWindowForegroundPackageName='com.miui.home', mMultiWindowForegroundUid=10158, mFlags=0}
06-12 22:15:05.268  7953  7963 I GST     : forePkg: com.miui.home, preForePkg: org.kffs.habilisdatalogger
06-12 22:15:05.269  3838  4206 D AppObserver: ForegroundInfo{mForegroundPackageName='com.miui.home', mForegroundUid=10158, mForegroundPid=3838, mLastForegroundPackageName='org.kffs.habilisdatalogger', mLastForegroundUid=10362, mLastForegroundPid=27343, mMultiWindowForegroundPackageName='com.miui.home', mMultiWindowForegroundUid=10158, mFlags=0}
06-12 22:15:05.271 19295 22245 I GameBoosterService: onForegroundInfoChanged: Cur=com.miui.home	 last=org.kffs.habilisdatalogger
06-12 22:15:05.272 19295 22245 D GameBoosterService: onGameStatusChange foreground:ForegroundInfo{mForegroundPackageName='com.miui.home', mForegroundUid=10158, mForegroundPid=3838, mLastForegroundPackageName='org.kffs.habilisdatalogger', mLastForegroundUid=10362, mLastForegroundPid=27343, mMultiWindowForegroundPackageName='com.miui.home', mMultiWindowForegroundUid=10158, mFlags=0}
06-12 22:15:05.273 19295 22245 I BeautyService: onForegroundInfoChanged: Cur=com.miui.home	 last=org.kffs.habilisdatalogger
06-12 22:15:05.281  3838  4246 E ActivityManagerWrapper: getRecentTasks: mainTaskId=627   userId=0   windowMode=1   baseIntent=Intent { act=android.intent.action.MAIN flag=270532608 cmp=ComponentInfo{org.kffs.habilisdatalogger/org.kivy.android.PythonActivity} }
06-12 22:15:05.282  3838  4246 D WorldCirculate: getWorldCirculateInfo, taskInfo.baseIntent=Intent { act=android.intent.action.MAIN cat=[android.intent.category.LAUNCHER] flg=0x10200000 cmp=org.kffs.habilisdatal